<html>
<body>
<pre>
<h1>µVision Build Log</h1>
<h2>Tool Versions:</h2>
IDE-Version: ¦ÌVision V5.14.0.0
Copyright (C) 2015 ARM Ltd and ARM Germany GmbH. All rights reserved.
License Information: Hannah ZHANG, Crazy Scientist, LIC=PE701-CKVUK-YVX1Y-I723H-SL42Z-CNCWI
 
Tool Versions:
Toolchain:       MDK-ARM Standard  Version: 5.14.0.0
Toolchain Path:  C:\Keil_v5\ARM\ARMCC\Bin
C Compiler:      Armcc.exe V5.05 update 1 (build 106)
Assembler:       Armasm.exe V5.05 update 1 (build 106)
Linker/Locator:  ArmLink.exe V5.05 update 1 (build 106)
Library Manager: ArmAr.exe V5.05 update 1 (build 106)
Hex Converter:   FromElf.exe V5.05 update 1 (build 106)
CPU DLL:         SARMCM3.DLL V5.14.0.0
Dialog DLL:      DCM.DLL V1.13.1.0
Target DLL:      STLink\ST-LINKIII-KEIL_SWO.dll V2.0.14.0_KEIL
Dialog DLL:      TCM.DLL V1.14.4.0
 
<h2>Project:</h2>
C:\Users\Vlion\Desktop\haldak_temp\Challenge\Codes\[F4]CLA\Project-d\project.uvproj
Project File Date:  05/16/2016

<h2>Output:</h2>
Build target 'Target 1'
compiling ranging_interface.c...
..\Dwm1000\ranging_interface.c(214): warning:  #550-D: variable "RecieveIDLowerBound" was set but never used
        u8 RecieveIDLowerBound;
..\Dwm1000\ranging_interface.c(215): warning:  #550-D: variable "RecieveIDUpperBound" was set but never used
        u8 RecieveIDUpperBound;
..\Dwm1000\ranging_interface.c: 2 warnings, 0 errors
linking...
Program Size: Code=30268 RO-data=600 RW-data=232 ZI-data=2224  
".\OutPuts\project.axf" - 0 Error(s), 2 Warning(s).
</pre>
</body>
</html>
