<html>
<body>
<pre>
<h1>µVision Build Log</h1>
<h2>Tool Versions:</h2>
IDE-Version: ¦ÌVision V5.14.0.0
Copyright (C) 2015 ARM Ltd and ARM Germany GmbH. All rights reserved.
License Information: Hannah ZHANG, Crazy Scientist, LIC=PE701-CKVUK-YVX1Y-I723H-SL42Z-CNCWI
 
Tool Versions:
Toolchain:       MDK-ARM Standard  Version: 5.14.0.0
Toolchain Path:  C:\Keil_v5\ARM\ARMCC\Bin
C Compiler:      Armcc.exe V5.05 update 1 (build 106)
Assembler:       Armasm.exe V5.05 update 1 (build 106)
Linker/Locator:  ArmLink.exe V5.05 update 1 (build 106)
Library Manager: ArmAr.exe V5.05 update 1 (build 106)
Hex Converter:   FromElf.exe V5.05 update 1 (build 106)
CPU DLL:         SARMCM3.DLL V5.14.0.0
Dialog DLL:      DCM.DLL V1.13.1.0
Target DLL:      STLink\ST-LINKIII-KEIL_SWO.dll V2.0.14.0_KEIL
Dialog DLL:      TCM.DLL V1.14.4.0
 
<h2>Project:</h2>
C:\Users\Vlion\Desktop\haldak_temp\Challenge\Codes\[F4]CLA\Project-d\project.uvproj
Project File Date:  05/16/2016

<h2>Output:</h2>
Build target 'Target 1'
compiling stm32f4xx_gpio.c...
compiling stm32f4xx_rcc.c...
compiling stm32f4xx_tim.c...
compiling stm32f4xx_flash.c...
compiling misc.c...
compiling stm32f4xx_spi.c...
compiling stm32f4xx_exti.c...
compiling stm32f4xx_rtc.c...
compiling stm32f4xx_syscfg.c...
compiling stm32f4xx_usart.c...
compiling main.c...
..\Strategy\Commtest.h(54): warning:  #1295-D: Deprecated declaration SGY_P1 - give arg types
  void SGY_P1();
..\Strategy\Commtest.h(55): warning:  #1295-D: Deprecated declaration SGY_P2 - give arg types
  void SGY_P2();
..\Strategy\Commtest.h(56): warning:  #1295-D: Deprecated declaration SGY_P3 - give arg types
  void SGY_P3();
..\Strategy\Commtest.h(57): warning:  #1295-D: Deprecated declaration SGY_P4 - give arg types
  void SGY_P4();
..\User-a\main.c: 4 warnings, 0 errors
compiling port.c...
compiling stm32f4xx_it.c...
compiling system_stm32f4xx.c...
compiling deca_mutex.c...
compiling deca_sleep.c...
compiling deca_spi.c...
compiling deca_device.c...
compiling deca_params_init.c...
compiling deca_range_tables.c...
compiling dwm1000_port.c...
compiling ranging_interface.c...
compiling ranging_template_1to1.c...
compiling ccommtest.c...
..\Strategy\Commtest.h(54): warning:  #1295-D: Deprecated declaration SGY_P1 - give arg types
  void SGY_P1();
..\Strategy\Commtest.h(55): warning:  #1295-D: Deprecated declaration SGY_P2 - give arg types
  void SGY_P2();
..\Strategy\Commtest.h(56): warning:  #1295-D: Deprecated declaration SGY_P3 - give arg types
  void SGY_P3();
..\Strategy\Commtest.h(57): warning:  #1295-D: Deprecated declaration SGY_P4 - give arg types
  void SGY_P4();
..\Strategy\ccommtest.c(46): warning:  #1166-D: returning pointer to local variable
          return data;
..\Strategy\ccommtest.c(58): warning:  #1166-D: returning pointer to local variable
          return data;
..\Strategy\ccommtest.c(352): warning:  #177-D: variable "tx1" was declared but never referenced
                                double x2,x3,x4,y3,y4,tx1,tx2,tx3,tx4,ty1,ty2,ty3,ty4,dist_12,dist_13,dist_14,dist_23,dist_24,dist_34;
..\Strategy\ccommtest.c(352): warning:  #177-D: variable "ty1" was declared but never referenced
                                double x2,x3,x4,y3,y4,tx1,tx2,tx3,tx4,ty1,ty2,ty3,ty4,dist_12,dist_13,dist_14,dist_23,dist_24,dist_34;
..\Strategy\ccommtest.c(352): warning:  #177-D: variable "ty2" was declared but never referenced
                                double x2,x3,x4,y3,y4,tx1,tx2,tx3,tx4,ty1,ty2,ty3,ty4,dist_12,dist_13,dist_14,dist_23,dist_24,dist_34;
..\Strategy\ccommtest.c: 9 warnings, 0 errors
linking...
Program Size: Code=33700 RO-data=612 RW-data=240 ZI-data=2296  
".\OutPuts\project.axf" - 0 Error(s), 13 Warning(s).
</pre>
</body>
</html>
