Component: ARM Compiler 5.05 update 1 (build 106) Tool: armlink [4d0efa]

==============================================================================

Section Cross References

    startup_stm32f10x_md.o(RESET) refers to startup_stm32f10x_md.o(STACK) for __initial_sp
    startup_stm32f10x_md.o(RESET) refers to startup_stm32f10x_md.o(.text) for Reset_Handler
    startup_stm32f10x_md.o(RESET) refers to stm32f10x_it.o(i.NMI_Handler) for NMI_Handler
    startup_stm32f10x_md.o(RESET) refers to stm32f10x_it.o(i.HardFault_Handler) for HardFault_Handler
    startup_stm32f10x_md.o(RESET) refers to stm32f10x_it.o(i.MemManage_Handler) for MemManage_Handler
    startup_stm32f10x_md.o(RESET) refers to stm32f10x_it.o(i.BusFault_Handler) for BusFault_Handler
    startup_stm32f10x_md.o(RESET) refers to stm32f10x_it.o(i.UsageFault_Handler) for UsageFault_Handler
    startup_stm32f10x_md.o(RESET) refers to stm32f10x_it.o(i.SVC_Handler) for SVC_Handler
    startup_stm32f10x_md.o(RESET) refers to stm32f10x_it.o(i.DebugMon_Handler) for DebugMon_Handler
    startup_stm32f10x_md.o(RESET) refers to stm32f10x_it.o(i.PendSV_Handler) for PendSV_Handler
    startup_stm32f10x_md.o(RESET) refers to stm32f10x_it.o(i.SysTick_Handler) for SysTick_Handler
    startup_stm32f10x_md.o(.text) refers to system_stm32f10x.o(i.SystemInit) for SystemInit
    startup_stm32f10x_md.o(.text) refers to entry.o(.ARM.Collect$$$$00000000) for __main
    stm32f10x_flash.o(i.FLASH_EnableWriteProtection) refers to stm32f10x_flash.o(i.FLASH_WaitForLastOperation) for FLASH_WaitForLastOperation
    stm32f10x_flash.o(i.FLASH_EraseAllBank1Pages) refers to stm32f10x_flash.o(i.FLASH_WaitForLastBank1Operation) for FLASH_WaitForLastBank1Operation
    stm32f10x_flash.o(i.FLASH_EraseAllPages) refers to stm32f10x_flash.o(i.FLASH_WaitForLastOperation) for FLASH_WaitForLastOperation
    stm32f10x_flash.o(i.FLASH_EraseOptionBytes) refers to stm32f10x_flash.o(i.FLASH_GetReadOutProtectionStatus) for FLASH_GetReadOutProtectionStatus
    stm32f10x_flash.o(i.FLASH_EraseOptionBytes) refers to stm32f10x_flash.o(i.FLASH_WaitForLastOperation) for FLASH_WaitForLastOperation
    stm32f10x_flash.o(i.FLASH_ErasePage) refers to stm32f10x_flash.o(i.FLASH_WaitForLastOperation) for FLASH_WaitForLastOperation
    stm32f10x_flash.o(i.FLASH_ProgramHalfWord) refers to stm32f10x_flash.o(i.FLASH_WaitForLastOperation) for FLASH_WaitForLastOperation
    stm32f10x_flash.o(i.FLASH_ProgramOptionByteData) refers to stm32f10x_flash.o(i.FLASH_WaitForLastOperation) for FLASH_WaitForLastOperation
    stm32f10x_flash.o(i.FLASH_ProgramWord) refers to stm32f10x_flash.o(i.FLASH_WaitForLastOperation) for FLASH_WaitForLastOperation
    stm32f10x_flash.o(i.FLASH_ReadOutProtection) refers to stm32f10x_flash.o(i.FLASH_WaitForLastOperation) for FLASH_WaitForLastOperation
    stm32f10x_flash.o(i.FLASH_UserOptionByteConfig) refers to stm32f10x_flash.o(i.FLASH_WaitForLastOperation) for FLASH_WaitForLastOperation
    stm32f10x_flash.o(i.FLASH_WaitForLastBank1Operation) refers to stm32f10x_flash.o(i.FLASH_GetBank1Status) for FLASH_GetBank1Status
    stm32f10x_flash.o(i.FLASH_WaitForLastOperation) refers to stm32f10x_flash.o(i.FLASH_GetBank1Status) for FLASH_GetBank1Status
    stm32f10x_gpio.o(i.GPIO_AFIODeInit) refers to stm32f10x_rcc.o(i.RCC_APB2PeriphResetCmd) for RCC_APB2PeriphResetCmd
    stm32f10x_gpio.o(i.GPIO_DeInit) refers to stm32f10x_rcc.o(i.RCC_APB2PeriphResetCmd) for RCC_APB2PeriphResetCmd
    stm32f10x_rcc.o(i.RCC_GetClocksFreq) refers to stm32f10x_rcc.o(.data) for APBAHBPrescTable
    stm32f10x_rcc.o(i.RCC_WaitForHSEStartUp) refers to stm32f10x_rcc.o(i.RCC_GetFlagStatus) for RCC_GetFlagStatus
    stm32f10x_spi.o(i.I2S_Init) refers to stm32f10x_rcc.o(i.RCC_GetClocksFreq) for RCC_GetClocksFreq
    stm32f10x_spi.o(i.SPI_I2S_DeInit) refers to stm32f10x_rcc.o(i.RCC_APB2PeriphResetCmd) for RCC_APB2PeriphResetCmd
    stm32f10x_spi.o(i.SPI_I2S_DeInit) refers to stm32f10x_rcc.o(i.RCC_APB1PeriphResetCmd) for RCC_APB1PeriphResetCmd
    stm32f10x_tim.o(i.TIM_DeInit) refers to stm32f10x_rcc.o(i.RCC_APB2PeriphResetCmd) for RCC_APB2PeriphResetCmd
    stm32f10x_tim.o(i.TIM_DeInit) refers to stm32f10x_rcc.o(i.RCC_APB1PeriphResetCmd) for RCC_APB1PeriphResetCmd
    stm32f10x_tim.o(i.TIM_ETRClockMode1Config) refers to stm32f10x_tim.o(i.TIM_ETRConfig) for TIM_ETRConfig
    stm32f10x_tim.o(i.TIM_ETRClockMode2Config) refers to stm32f10x_tim.o(i.TIM_ETRConfig) for TIM_ETRConfig
    stm32f10x_tim.o(i.TIM_ICInit) refers to stm32f10x_tim.o(i.TI1_Config) for TI1_Config
    stm32f10x_tim.o(i.TIM_ICInit) refers to stm32f10x_tim.o(i.TIM_SetIC1Prescaler) for TIM_SetIC1Prescaler
    stm32f10x_tim.o(i.TIM_ICInit) refers to stm32f10x_tim.o(i.TI2_Config) for TI2_Config
    stm32f10x_tim.o(i.TIM_ICInit) refers to stm32f10x_tim.o(i.TIM_SetIC2Prescaler) for TIM_SetIC2Prescaler
    stm32f10x_tim.o(i.TIM_ICInit) refers to stm32f10x_tim.o(i.TI3_Config) for TI3_Config
[...]
    Removing stm32f10x_exti.o(i.EXTI_GenerateSWInterrupt), (16 bytes).
    Removing stm32f10x_exti.o(i.EXTI_GetFlagStatus), (24 bytes).
    Removing stm32f10x_exti.o(i.EXTI_GetITStatus), (40 bytes).
    Removing stm32f10x_exti.o(i.EXTI_StructInit), (16 bytes).
    Removing stm32f10x_flash.o(.rev16_text), (4 bytes).
    Removing stm32f10x_flash.o(.revsh_text), (4 bytes).
    Removing stm32f10x_flash.o(i.FLASH_ClearFlag), (12 bytes).
    Removing stm32f10x_flash.o(i.FLASH_EnableWriteProtection), (196 bytes).
    Removing stm32f10x_flash.o(i.FLASH_EraseAllBank1Pages), (72 bytes).
    Removing stm32f10x_flash.o(i.FLASH_EraseAllPages), (72 bytes).
    Removing stm32f10x_flash.o(i.FLASH_EraseOptionBytes), (168 bytes).
    Removing stm32f10x_flash.o(i.FLASH_ErasePage), (76 bytes).
    Removing stm32f10x_flash.o(i.FLASH_GetBank1Status), (52 bytes).
    Removing stm32f10x_flash.o(i.FLASH_GetFlagStatus), (48 bytes).
    Removing stm32f10x_flash.o(i.FLASH_GetPrefetchBufferStatus), (24 bytes).
    Removing stm32f10x_flash.o(i.FLASH_GetReadOutProtectionStatus), (24 bytes).
    Removing stm32f10x_flash.o(i.FLASH_GetStatus), (52 bytes).
    Removing stm32f10x_flash.o(i.FLASH_GetUserOptionByte), (12 bytes).
    Removing stm32f10x_flash.o(i.FLASH_GetWriteProtectionOptionByte), (12 bytes).
    Removing stm32f10x_flash.o(i.FLASH_HalfCycleAccessCmd), (28 bytes).
    Removing stm32f10x_flash.o(i.FLASH_ITConfig), (32 bytes).
    Removing stm32f10x_flash.o(i.FLASH_Lock), (20 bytes).
    Removing stm32f10x_flash.o(i.FLASH_LockBank1), (20 bytes).
    Removing stm32f10x_flash.o(i.FLASH_ProgramHalfWord), (64 bytes).
    Removing stm32f10x_flash.o(i.FLASH_ProgramOptionByteData), (84 bytes).
    Removing stm32f10x_flash.o(i.FLASH_ProgramWord), (108 bytes).
    Removing stm32f10x_flash.o(i.FLASH_ReadOutProtection), (172 bytes).
    Removing stm32f10x_flash.o(i.FLASH_Unlock), (24 bytes).
    Removing stm32f10x_flash.o(i.FLASH_UnlockBank1), (24 bytes).
    Removing stm32f10x_flash.o(i.FLASH_UserOptionByteConfig), (104 bytes).
    Removing stm32f10x_flash.o(i.FLASH_WaitForLastBank1Operation), (38 bytes).
    Removing stm32f10x_flash.o(i.FLASH_WaitForLastOperation), (38 bytes).
    Removing stm32f10x_gpio.o(.rev16_text), (4 bytes).
    Removing stm32f10x_gpio.o(.revsh_text), (4 bytes).
    Removing stm32f10x_gpio.o(i.GPIO_AFIODeInit), (20 bytes).
    Removing stm32f10x_gpio.o(i.GPIO_DeInit), (200 bytes).
    Removing stm32f10x_gpio.o(i.GPIO_ETH_MediaInterfaceConfig), (12 bytes).
    Removing stm32f10x_gpio.o(i.GPIO_EventOutputCmd), (12 bytes).
    Removing stm32f10x_gpio.o(i.GPIO_EventOutputConfig), (32 bytes).
    Removing stm32f10x_gpio.o(i.GPIO_PinLockConfig), (18 bytes).
    Removing stm32f10x_gpio.o(i.GPIO_PinRemapConfig), (144 bytes).
    Removing stm32f10x_gpio.o(i.GPIO_ReadInputData), (8 bytes).
    Removing stm32f10x_gpio.o(i.GPIO_ReadInputDataBit), (18 bytes).
    Removing stm32f10x_gpio.o(i.GPIO_ReadOutputData), (8 bytes).
    Removing stm32f10x_gpio.o(i.GPIO_ReadOutputDataBit), (18 bytes).
    Removing stm32f10x_gpio.o(i.GPIO_StructInit), (16 bytes).
    Removing stm32f10x_gpio.o(i.GPIO_Write), (4 bytes).
    Removing stm32f10x_gpio.o(i.GPIO_WriteBit), (10 bytes).
    Removing stm32f10x_rcc.o(.rev16_text), (4 bytes).
    Removing stm32f10x_rcc.o(.revsh_text), (4 bytes).
    Removing stm32f10x_rcc.o(i.RCC_AHBPeriphClockCmd), (32 bytes).
    Removing stm32f10x_rcc.o(i.RCC_AdjustHSICalibrationValue), (24 bytes).
    Removing stm32f10x_rcc.o(i.RCC_BackupResetCmd), (12 bytes).
    Removing stm32f10x_rcc.o(i.RCC_ClearFlag), (20 bytes).
    Removing stm32f10x_rcc.o(i.RCC_ClearITPendingBit), (12 bytes).
    Removing stm32f10x_rcc.o(i.RCC_ClockSecuritySystemCmd), (12 bytes).
    Removing stm32f10x_rcc.o(i.RCC_GetITStatus), (24 bytes).
    Removing stm32f10x_rcc.o(i.RCC_HSICmd), (12 bytes).
    Removing stm32f10x_rcc.o(i.RCC_ITConfig), (32 bytes).
    Removing stm32f10x_rcc.o(i.RCC_LSEConfig), (52 bytes).
    Removing stm32f10x_rcc.o(i.RCC_LSICmd), (12 bytes).
    Removing stm32f10x_rcc.o(i.RCC_MCOConfig), (12 bytes).
    Removing stm32f10x_rcc.o(i.RCC_RTCCLKCmd), (12 bytes).
    Removing stm32f10x_rcc.o(i.RCC_RTCCLKConfig), (16 bytes).
    Removing stm32f10x_rcc.o(i.RCC_USBCLKConfig), (12 bytes).
    Removing stm32f10x_spi.o(.rev16_text), (4 bytes).
    Removing stm32f10x_spi.o(.revsh_text), (4 bytes).
    Removing stm32f10x_spi.o(i.I2S_Cmd), (24 bytes).
    Removing stm32f10x_spi.o(i.I2S_Init), (232 bytes).
    Removing stm32f10x_spi.o(i.I2S_StructInit), (20 bytes).
    Removing stm32f10x_spi.o(i.SPI_BiDirectionalLineConfig), (28 bytes).
    Removing stm32f10x_spi.o(i.SPI_CalculateCRC), (24 bytes).
    Removing stm32f10x_spi.o(i.SPI_DataSizeConfig), (18 bytes).
    Removing stm32f10x_spi.o(i.SPI_GetCRC), (16 bytes).
    Removing stm32f10x_spi.o(i.SPI_GetCRCPolynomial), (6 bytes).
    Removing stm32f10x_spi.o(i.SPI_I2S_ClearFlag), (6 bytes).
    Removing stm32f10x_spi.o(i.SPI_I2S_ClearITPendingBit), (20 bytes).
    Removing stm32f10x_spi.o(i.SPI_I2S_DMACmd), (18 bytes).
    Removing stm32f10x_spi.o(i.SPI_I2S_GetFlagStatus), (18 bytes).
    Removing stm32f10x_spi.o(i.SPI_I2S_GetITStatus), (52 bytes).
    Removing stm32f10x_spi.o(i.SPI_I2S_ITConfig), (32 bytes).
    Removing stm32f10x_spi.o(i.SPI_I2S_ReceiveData), (6 bytes).
    Removing stm32f10x_spi.o(i.SPI_I2S_SendData), (4 bytes).
    Removing stm32f10x_spi.o(i.SPI_NSSInternalSoftwareConfig), (30 bytes).
    Removing stm32f10x_spi.o(i.SPI_StructInit), (24 bytes).
    Removing stm32f10x_spi.o(i.SPI_TransmitCRC), (10 bytes).
    Removing stm32f10x_tim.o(.rev16_text), (4 bytes).
    Removing stm32f10x_tim.o(.revsh_text), (4 bytes).
    Removing stm32f10x_tim.o(i.TI1_Config), (128 bytes).
    Removing stm32f10x_tim.o(i.TI2_Config), (152 bytes).
    Removing stm32f10x_tim.o(i.TI3_Config), (144 bytes).
    Removing stm32f10x_tim.o(i.TI4_Config), (152 bytes).
    Removing stm32f10x_tim.o(i.TIM_ARRPreloadConfig), (24 bytes).
    Removing stm32f10x_tim.o(i.TIM_BDTRConfig), (32 bytes).
    Removing stm32f10x_tim.o(i.TIM_BDTRStructInit), (18 bytes).
    Removing stm32f10x_tim.o(i.TIM_CCPreloadControl), (24 bytes).
    Removing stm32f10x_tim.o(i.TIM_CCxCmd), (30 bytes).
    Removing stm32f10x_tim.o(i.TIM_CCxNCmd), (30 bytes).
    Removing stm32f10x_tim.o(i.TIM_ClearFlag), (6 bytes).
    Removing stm32f10x_tim.o(i.TIM_ClearITPendingBit), (6 bytes).
    Removing stm32f10x_tim.o(i.TIM_ClearOC1Ref), (18 bytes).
    Removing stm32f10x_tim.o(i.TIM_ClearOC2Ref), (24 bytes).
    Removing stm32f10x_tim.o(i.TIM_ClearOC3Ref), (18 bytes).
    Removing stm32f10x_tim.o(i.TIM_ClearOC4Ref), (24 bytes).
    Removing stm32f10x_tim.o(i.TIM_Cmd), (24 bytes).
    Removing stm32f10x_tim.o(i.TIM_CounterModeConfig), (18 bytes).
    Removing stm32f10x_tim.o(i.TIM_CtrlPWMOutputs), (30 bytes).
    Removing stm32f10x_tim.o(i.TIM_DMACmd), (18 bytes).
    Removing stm32f10x_tim.o(i.TIM_DMAConfig), (10 bytes).
    Removing stm32f10x_tim.o(i.TIM_DeInit), (488 bytes).
    Removing stm32f10x_tim.o(i.TIM_ETRClockMode1Config), (54 bytes).
    Removing stm32f10x_tim.o(i.TIM_ETRClockMode2Config), (32 bytes).
    Removing stm32f10x_tim.o(i.TIM_ETRConfig), (28 bytes).
    Removing stm32f10x_tim.o(i.TIM_EncoderInterfaceConfig), (66 bytes).
    Removing stm32f10x_tim.o(i.TIM_ForcedOC1Config), (18 bytes).
    Removing stm32f10x_tim.o(i.TIM_ForcedOC2Config), (26 bytes).
    Removing stm32f10x_tim.o(i.TIM_ForcedOC3Config), (18 bytes).
    Removing stm32f10x_tim.o(i.TIM_ForcedOC4Config), (26 bytes).
    Removing stm32f10x_tim.o(i.TIM_GenerateEvent), (4 bytes).
    Removing stm32f10x_tim.o(i.TIM_GetCapture1), (6 bytes).
    Removing stm32f10x_tim.o(i.TIM_GetCapture2), (6 bytes).
    Removing stm32f10x_tim.o(i.TIM_GetCapture3), (6 bytes).
    Removing stm32f10x_tim.o(i.TIM_GetCapture4), (8 bytes).
    Removing stm32f10x_tim.o(i.TIM_GetCounter), (6 bytes).
    Removing stm32f10x_tim.o(i.TIM_GetFlagStatus), (18 bytes).
    Removing stm32f10x_tim.o(i.TIM_GetITStatus), (34 bytes).
    Removing stm32f10x_tim.o(i.TIM_GetPrescaler), (6 bytes).
    Removing stm32f10x_tim.o(i.TIM_ICInit), (172 bytes).
    Removing stm32f10x_tim.o(i.TIM_ICStructInit), (18 bytes).
    Removing stm32f10x_tim.o(i.TIM_ITConfig), (18 bytes).
    Removing stm32f10x_tim.o(i.TIM_ITRxExternalClockConfig), (24 bytes).
    Removing stm32f10x_tim.o(i.TIM_InternalClockConfig), (12 bytes).
    Removing stm32f10x_tim.o(i.TIM_OC1FastConfig), (18 bytes).
    Removing stm32f10x_tim.o(i.TIM_OC1Init), (152 bytes).
    Removing stm32f10x_tim.o(i.TIM_OC1NPolarityConfig), (18 bytes).
    Removing stm32f10x_tim.o(i.TIM_OC1PolarityConfig), (18 bytes).
    Removing stm32f10x_tim.o(i.TIM_OC1PreloadConfig), (18 bytes).
    Removing stm32f10x_tim.o(i.TIM_OC2FastConfig), (26 bytes).
    Removing stm32f10x_tim.o(i.TIM_OC2Init), (164 bytes).
    Removing stm32f10x_tim.o(i.TIM_OC2NPolarityConfig), (26 bytes).
    Removing stm32f10x_tim.o(i.TIM_OC2PolarityConfig), (26 bytes).
    Removing stm32f10x_tim.o(i.TIM_OC2PreloadConfig), (26 bytes).
    Removing stm32f10x_tim.o(i.TIM_OC3FastConfig), (18 bytes).
    Removing stm32f10x_tim.o(i.TIM_OC3Init), (160 bytes).
    Removing stm32f10x_tim.o(i.TIM_OC3NPolarityConfig), (26 bytes).
    Removing stm32f10x_tim.o(i.TIM_OC3PolarityConfig), (26 bytes).
    Removing stm32f10x_tim.o(i.TIM_OC3PreloadConfig), (18 bytes).
    Removing stm32f10x_tim.o(i.TIM_OC4FastConfig), (26 bytes).
    Removing stm32f10x_tim.o(i.TIM_OC4Init), (124 bytes).
    Removing stm32f10x_tim.o(i.TIM_OC4PolarityConfig), (26 bytes).
    Removing stm32f10x_tim.o(i.TIM_OC4PreloadConfig), (26 bytes).
    Removing stm32f10x_tim.o(i.TIM_OCStructInit), (20 bytes).
    Removing stm32f10x_tim.o(i.TIM_PWMIConfig), (124 bytes).
    Removing stm32f10x_tim.o(i.TIM_PrescalerConfig), (6 bytes).
    Removing stm32f10x_tim.o(i.TIM_SelectCCDMA), (24 bytes).
    Removing stm32f10x_tim.o(i.TIM_SelectCOM), (24 bytes).
    Removing stm32f10x_tim.o(i.TIM_SelectHallSensor), (24 bytes).
    Removing stm32f10x_tim.o(i.TIM_SelectInputTrigger), (18 bytes).
    Removing stm32f10x_tim.o(i.TIM_SelectMasterSlaveMode), (18 bytes).
    Removing stm32f10x_tim.o(i.TIM_SelectOCxM), (82 bytes).
    Removing stm32f10x_tim.o(i.TIM_SelectOnePulseMode), (18 bytes).
    Removing stm32f10x_tim.o(i.TIM_SelectOutputTrigger), (18 bytes).
    Removing stm32f10x_tim.o(i.TIM_SelectSlaveMode), (18 bytes).
    Removing stm32f10x_tim.o(i.TIM_SetAutoreload), (4 bytes).
    Removing stm32f10x_tim.o(i.TIM_SetClockDivision), (18 bytes).
    Removing stm32f10x_tim.o(i.TIM_SetCompare1), (4 bytes).
    Removing stm32f10x_tim.o(i.TIM_SetCompare2), (4 bytes).
    Removing stm32f10x_tim.o(i.TIM_SetCompare3), (4 bytes).
    Removing stm32f10x_tim.o(i.TIM_SetCompare4), (6 bytes).
    Removing stm32f10x_tim.o(i.TIM_SetCounter), (4 bytes).
    Removing stm32f10x_tim.o(i.TIM_SetIC1Prescaler), (18 bytes).
    Removing stm32f10x_tim.o(i.TIM_SetIC2Prescaler), (26 bytes).
    Removing stm32f10x_tim.o(i.TIM_SetIC3Prescaler), (18 bytes).
    Removing stm32f10x_tim.o(i.TIM_SetIC4Prescaler), (26 bytes).
    Removing stm32f10x_tim.o(i.TIM_TIxExternalClockConfig), (62 bytes).
    Removing stm32f10x_tim.o(i.TIM_TimeBaseInit), (164 bytes).
    Removing stm32f10x_tim.o(i.TIM_TimeBaseStructInit), (18 bytes).
    Removing stm32f10x_tim.o(i.TIM_UpdateDisableConfig), (24 bytes).
    Removing stm32f10x_tim.o(i.TIM_UpdateRequestConfig), (24 bytes).
    Removing stm32f10x_usart.o(.rev16_text), (4 bytes).
    Removing stm32f10x_usart.o(.revsh_text), (4 bytes).
    Removing stm32f10x_usart.o(i.USART_ClearFlag), (18 bytes).
    Removing stm32f10x_usart.o(i.USART_ClearITPendingBit), (30 bytes).
    Removing stm32f10x_usart.o(i.USART_ClockInit), (34 bytes).
    Removing stm32f10x_usart.o(i.USART_ClockStructInit), (12 bytes).
    Removing stm32f10x_usart.o(i.USART_DMACmd), (18 bytes).
    Removing stm32f10x_usart.o(i.USART_DeInit), (156 bytes).
    Removing stm32f10x_usart.o(i.USART_GetFlagStatus), (26 bytes).
    Removing stm32f10x_usart.o(i.USART_GetITStatus), (84 bytes).
    Removing stm32f10x_usart.o(i.USART_HalfDuplexCmd), (24 bytes).
    Removing stm32f10x_usart.o(i.USART_ITConfig), (74 bytes).
    Removing stm32f10x_usart.o(i.USART_IrDACmd), (24 bytes).
    Removing stm32f10x_usart.o(i.USART_IrDAConfig), (18 bytes).
    Removing stm32f10x_usart.o(i.USART_LINBreakDetectLengthConfig), (18 bytes).
    Removing stm32f10x_usart.o(i.USART_LINCmd), (24 bytes).
    Removing stm32f10x_usart.o(i.USART_OneBitMethodCmd), (24 bytes).
    Removing stm32f10x_usart.o(i.USART_OverSampling8Cmd), (22 bytes).
    Removing stm32f10x_usart.o(i.USART_ReceiveData), (10 bytes).
    Removing stm32f10x_usart.o(i.USART_ReceiverWakeUpCmd), (24 bytes).
    Removing stm32f10x_usart.o(i.USART_SendBreak), (10 bytes).
    Removing stm32f10x_usart.o(i.USART_SendData), (8 bytes).
    Removing stm32f10x_usart.o(i.USART_SetAddress), (18 bytes).
    Removing stm32f10x_usart.o(i.USART_SetGuardTime), (16 bytes).
    Removing stm32f10x_usart.o(i.USART_SetPrescaler), (16 bytes).
    Removing stm32f10x_usart.o(i.USART_SmartCardCmd), (24 bytes).
    Removing stm32f10x_usart.o(i.USART_SmartCardNACKCmd), (24 bytes).
    Removing stm32f10x_usart.o(i.USART_StructInit), (24 bytes).
    Removing stm32f10x_usart.o(i.USART_WakeUpConfig), (18 bytes).
    Removing main.o(.rev16_text), (4 bytes).
    Removing main.o(.revsh_text), (4 bytes).
    Removing deca_mutex.o(.rev16_text), (4 bytes).
    Removing deca_mutex.o(.revsh_text), (4 bytes).
    Removing deca_sleep.o(.rev16_text), (4 bytes).
    Removing deca_sleep.o(.revsh_text), (4 bytes).
    Removing deca_spi.o(.rev16_text), (4 bytes).
    Removing deca_spi.o(.revsh_text), (4 bytes).
    Removing deca_spi.o(i.closespi), (32 bytes).
    Removing deca_spi.o(i.openspi), (4 bytes).
    Removing port.o(.rev16_text), (4 bytes).
    Removing port.o(.revsh_text), (4 bytes).
    Removing port.o(i.GetTick), (12 bytes).
    Removing port.o(i.SetTick), (12 bytes).
    Removing stm32f10x_it.o(.rev16_text), (4 bytes).
    Removing stm32f10x_it.o(.revsh_text), (4 bytes).
    Removing system_stm32f10x.o(.rev16_text), (4 bytes).
    Removing system_stm32f10x.o(.revsh_text), (4 bytes).
    Removing system_stm32f10x.o(i.SystemCoreClockUpdate), (172 bytes).
    Removing system_stm32f10x.o(.data), (20 bytes).
    Removing deca_device.o(.rev16_text), (4 bytes).
    Removing deca_device.o(.revsh_text), (4 bytes).
    Removing deca_device.o(i._dwt_aonarrayupload), (36 bytes).
    Removing deca_device.o(i._dwt_aonconfigupload), (36 bytes).
    Removing deca_device.o(i._dwt_disablesequencing), (20 bytes).
    Removing deca_device.o(i._dwt_otpprogword32), (176 bytes).
    Removing deca_device.o(i._dwt_otpsetmrregs), (582 bytes).
    Removing deca_device.o(i.dwt_calibratesleepcnt), (260 bytes).
    Removing deca_device.o(i.dwt_checkIRQ), (24 bytes).
    Removing deca_device.o(i.dwt_checkoverrun), (16 bytes).
    Removing deca_device.o(i.dwt_configcontinuousframemode), (84 bytes).
    Removing deca_device.o(i.dwt_configcwmode), (148 bytes).
    Removing deca_device.o(i.dwt_configeventcounters), (44 bytes).
    Removing deca_device.o(i.dwt_configuresleep), (44 bytes).
    Removing deca_device.o(i.dwt_configuresleepcnt), (132 bytes).
    Removing deca_device.o(i.dwt_configuretxrf), (28 bytes).
    Removing deca_device.o(i.dwt_enableautoack), (44 bytes).
    Removing deca_device.o(i.dwt_entersleep), (8 bytes).
    Removing deca_device.o(i.dwt_geteui), (18 bytes).
    Removing deca_device.o(i.dwt_getlotid), (12 bytes).
    Removing deca_device.o(i.dwt_getpartid), (12 bytes).
    Removing deca_device.o(i.dwt_isr), (836 bytes).
    Removing deca_device.o(i.dwt_loadopsettabfromotp), (56 bytes).
    Removing deca_device.o(i.dwt_otpread), (46 bytes).
    Removing deca_device.o(i.dwt_otprevision), (12 bytes).
    Removing deca_device.o(i.dwt_otpwriteandverify), (90 bytes).
    Removing deca_device.o(i.dwt_readaccdata), (34 bytes).
    Removing deca_device.o(i.dwt_readdiagnostics), (60 bytes).
    Removing deca_device.o(i.dwt_readeventcounters), (138 bytes).
    Removing deca_device.o(i.dwt_readrxtimestamphi32), (12 bytes).
    Removing deca_device.o(i.dwt_readrxtimestamplo32), (12 bytes).
    Removing deca_device.o(i.dwt_readsystime), (18 bytes).
    Removing deca_device.o(i.dwt_readsystimestamphi32), (12 bytes).
    Removing deca_device.o(i.dwt_readtempvbat), (174 bytes).
    Removing deca_device.o(i.dwt_readtxtimestamphi32), (12 bytes).
    Removing deca_device.o(i.dwt_readtxtimestamplo32), (12 bytes).
    Removing deca_device.o(i.dwt_readwakeuptemp), (20 bytes).
    Removing deca_device.o(i.dwt_readwakeupvbat), (20 bytes).
    Removing deca_device.o(i.dwt_rxreset), (36 bytes).
    Removing deca_device.o(i.dwt_setGPIOforEXTTRX), (40 bytes).
    Removing deca_device.o(i.dwt_setaddress16), (16 bytes).
    Removing deca_device.o(i.dwt_setautorxreenable), (64 bytes).
    Removing deca_device.o(i.dwt_setcallbacks), (12 bytes).
    Removing deca_device.o(i.dwt_setdblrxbuffmode), (60 bytes).
    Removing deca_device.o(i.dwt_seteui), (18 bytes).
    Removing deca_device.o(i.dwt_setinterrupt), (52 bytes).
    Removing deca_device.o(i.dwt_setleds), (210 bytes).
    Removing deca_device.o(i.dwt_setpanid), (16 bytes).
    Removing deca_device.o(i.dwt_setpreambledetecttimeout), (16 bytes).
    Removing deca_device.o(i.dwt_setrxmode), (54 bytes).
    Removing deca_device.o(i.dwt_setsmarttxpower), (60 bytes).
    Removing deca_device.o(i.dwt_softreset), (112 bytes).
    Removing deca_device.o(i.dwt_spicswakeup), (64 bytes).
    Removing deca_range_tables.o(i.dwt_getrangebias), (292 bytes).
    Removing deca_range_tables.o(.constdata), (522 bytes).
    Removing dwm1000_port.o(.rev16_text), (4 bytes).
    Removing dwm1000_port.o(.revsh_text), (4 bytes).
    Removing dwm1000_port.o(i.SPI_DW1000_ConfigFastRate), (88 bytes).
    Removing initiator.o(.rev16_text), (4 bytes).
    Removing initiator.o(.revsh_text), (4 bytes).
    Removing initiator.o(i.Initiator_Ranging), (464 bytes).
    Removing initiator.o(i.final_msg_set_ts), (26 bytes).
    Removing initiator.o(i.get_rx_timestamp_u64), (44 bytes).
    Removing initiator.o(i.get_tx_timestamp_u64), (44 bytes).
    Removing receptor.o(.rev16_text), (4 bytes).
    Removing receptor.o(.revsh_text), (4 bytes).
    Removing usart2.o(.rev16_text), (4 bytes).
    Removing usart2.o(.revsh_text), (4 bytes).
    Removing fourcarsonetoone.o(.rev16_text), (4 bytes).
    Removing fourcarsonetoone.o(.revsh_text), (4 bytes).
    Removing fflti.o(.text), (18 bytes).
    Removing f2d.o(.text), (38 bytes).
    Removing fepilogue.o(.text), (110 bytes).

312 unused section(s) (total 14506 bytes) removed from the image.

==============================================================================

Image Symbol Table

    Local Symbols

    Symbol Name                              Value     Ov Type        Size  Object(Section)

    ../clib/microlib/errno.c                 0x00000000   Number         0  errno.o ABSOLUTE
    ../clib/microlib/init/entry.s            0x00000000   Number         0  entry9a.o ABSOLUTE
    ../clib/microlib/init/entry.s            0x00000000   Number         0  entry5.o ABSOLUTE
    ../clib/microlib/init/entry.s            0x00000000   Number         0  entry.o ABSOLUTE
    ../clib/microlib/init/entry.s            0x00000000   Number         0  entry7a.o ABSOLUTE
    ../clib/microlib/init/entry.s            0x00000000   Number         0  entry8b.o ABSOLUTE
    ../clib/microlib/init/entry.s            0x00000000   Number         0  entry8a.o ABSOLUTE
    ../clib/microlib/init/entry.s            0x00000000   Number         0  entry11a.o ABSOLUTE
    ../clib/microlib/init/entry.s            0x00000000   Number         0  entry2.o ABSOLUTE
    ../clib/microlib/init/entry.s            0x00000000   Number         0  entry11b.o ABSOLUTE
    ../clib/microlib/init/entry.s            0x00000000   Number         0  entry7b.o ABSOLUTE
    ../clib/microlib/init/entry.s            0x00000000   Number         0  entry10b.o ABSOLUTE
    ../clib/microlib/init/entry.s            0x00000000   Number         0  entry10a.o ABSOLUTE
    ../clib/microlib/init/entry.s            0x00000000   Number         0  entry9b.o ABSOLUTE
    ../clib/microlib/longlong.c              0x00000000   Number         0  llsshr.o ABSOLUTE
    ../clib/microlib/longlong.c              0x00000000   Number         0  llushr.o ABSOLUTE
    ../clib/microlib/longlong.c              0x00000000   Number         0  llshl.o ABSOLUTE
    ../clib/microlib/string/memcmp.c         0x00000000   Number         0  memcmp.o ABSOLUTE
    ../clib/microlib/stubs.s                 0x00000000   Number         0  iusefp.o ABSOLUTE
    ../fplib/microlib/f2d.c                  0x00000000   Number         0  f2d.o ABSOLUTE
    ../fplib/microlib/fpadd.c                0x00000000   Number         0  dadd.o ABSOLUTE
    ../fplib/microlib/fpdiv.c                0x00000000   Number         0  ddiv.o ABSOLUTE
    ../fplib/microlib/fpepilogue.c           0x00000000   Number         0  depilogue.o ABSOLUTE
    ../fplib/microlib/fpepilogue.c           0x00000000   Number         0  fepilogue.o ABSOLUTE
    ../fplib/microlib/fpfix.c                0x00000000   Number         0  dfixl.o ABSOLUTE
    ../fplib/microlib/fpfix.c                0x00000000   Number         0  dfixui.o ABSOLUTE
    ../fplib/microlib/fpfix.c                0x00000000   Number         0  dfixi.o ABSOLUTE
    ../fplib/microlib/fpflt.c                0x00000000   Number         0  dfltui.o ABSOLUTE
    ../fplib/microlib/fpflt.c                0x00000000   Number         0  dfltl.o ABSOLUTE
    ../fplib/microlib/fpflt.c                0x00000000   Number         0  dflti.o ABSOLUTE
    ../fplib/microlib/fpflt.c                0x00000000   Number         0  fflti.o ABSOLUTE
    ../fplib/microlib/fpmul.c                0x00000000   Number         0  dmul.o ABSOLUTE
    ../fplib/microlib/fpsqrt.c               0x00000000   Number         0  dsqrt.o ABSOLUTE
    ../mathlib/sqrt.c                        0x00000000   Number         0  sqrt_x.o ABSOLUTE
    ../mathlib/sqrt.c                        0x00000000   Number         0  sqrt.o ABSOLUTE
    ..\Decadriver\deca_device.c              0x00000000   Number         0  deca_device.o ABSOLUTE
    ..\Decadriver\deca_params_init.c         0x00000000   Number         0  deca_params_init.o ABSOLUTE
    ..\Decadriver\deca_range_tables.c        0x00000000   Number         0  deca_range_tables.o ABSOLUTE
    ..\Dwm1000\dwm1000_port.c                0x00000000   Number         0  dwm1000_port.o ABSOLUTE
    ..\Dwm1000\initiator.c                   0x00000000   Number         0  initiator.o ABSOLUTE
    ..\Dwm1000\ranging_interface.c           0x00000000   Number         0  ranging_interface.o ABSOLUTE
    ..\Dwm1000\receptor.c                    0x00000000   Number         0  receptor.o ABSOLUTE
    ..\Dwm1000\usart2.c                      0x00000000   Number         0  usart2.o ABSOLUTE
    ..\Platform\deca_mutex.c                 0x00000000   Number         0  deca_mutex.o ABSOLUTE
    ..\Platform\deca_sleep.c                 0x00000000   Number         0  deca_sleep.o ABSOLUTE
    ..\Platform\deca_spi.c                   0x00000000   Number         0  deca_spi.o ABSOLUTE
    ..\Platform\port.c                       0x00000000   Number         0  port.o ABSOLUTE
    ..\Platform\stm32f10x_it.c               0x00000000   Number         0  stm32f10x_it.o ABSOLUTE
    ..\Platform\system_stm32f10x.c           0x00000000   Number         0  system_stm32f10x.o ABSOLUTE
    ..\STM32F10x_StdPeriph_Driver\src\misc.c 0x00000000   Number         0  misc.o ABSOLUTE
    ..\STM32F10x_StdPeriph_Driver\src\stm32f10x_exti.c 0x00000000   Number         0  stm32f10x_exti.o ABSOLUTE
    ..\STM32F10x_StdPeriph_Driver\src\stm32f10x_flash.c 0x00000000   Number         0  stm32f10x_flash.o ABSOLUTE
    ..\STM32F10x_StdPeriph_Driver\src\stm32f10x_gpio.c 0x00000000   Number         0  stm32f10x_gpio.o ABSOLUTE
    ..\STM32F10x_StdPeriph_Driver\src\stm32f10x_rcc.c 0x00000000   Number         0  stm32f10x_rcc.o ABSOLUTE
    ..\STM32F10x_StdPeriph_Driver\src\stm32f10x_spi.c 0x00000000   Number         0  stm32f10x_spi.o ABSOLUTE
    ..\STM32F10x_StdPeriph_Driver\src\stm32f10x_tim.c 0x00000000   Number         0  stm32f10x_tim.o ABSOLUTE
    ..\STM32F10x_StdPeriph_Driver\src\stm32f10x_usart.c 0x00000000   Number         0  stm32f10x_usart.o ABSOLUTE
    ..\Strategy\FourCars.c                   0x00000000   Number         0  fourcars.o ABSOLUTE
    ..\Strategy\FourCarsOneToOne.c           0x00000000   Number         0  fourcarsonetoone.o ABSOLUTE
    ..\User\main.c                           0x00000000   Number         0  main.o ABSOLUTE
    ..\\Decadriver\\deca_device.c            0x00000000   Number         0  deca_device.o ABSOLUTE
    ..\\Dwm1000\\dwm1000_port.c              0x00000000   Number         0  dwm1000_port.o ABSOLUTE
    ..\\Dwm1000\\initiator.c                 0x00000000   Number         0  initiator.o ABSOLUTE
    ..\\Dwm1000\\receptor.c                  0x00000000   Number         0  receptor.o ABSOLUTE
    ..\\Dwm1000\\usart2.c                    0x00000000   Number         0  usart2.o ABSOLUTE
    ..\\Platform\\deca_mutex.c               0x00000000   Number         0  deca_mutex.o ABSOLUTE
    ..\\Platform\\deca_sleep.c               0x00000000   Number         0  deca_sleep.o ABSOLUTE
    ..\\Platform\\deca_spi.c                 0x00000000   Number         0  deca_spi.o ABSOLUTE
    ..\\Platform\\port.c                     0x00000000   Number         0  port.o ABSOLUTE
    ..\\Platform\\stm32f10x_it.c             0x00000000   Number         0  stm32f10x_it.o ABSOLUTE
    ..\\Platform\\system_stm32f10x.c         0x00000000   Number         0  system_stm32f10x.o ABSOLUTE
    ..\\STM32F10x_StdPeriph_Driver\\src\\misc.c 0x00000000   Number         0  misc.o ABSOLUTE
    ..\\STM32F10x_StdPeriph_Driver\\src\\stm32f10x_exti.c 0x00000000   Number         0  stm32f10x_exti.o ABSOLUTE
    ..\\STM32F10x_StdPeriph_Driver\\src\\stm32f10x_flash.c 0x00000000   Number         0  stm32f10x_flash.o ABSOLUTE
    ..\\STM32F10x_StdPeriph_Driver\\src\\stm32f10x_gpio.c 0x00000000   Number         0  stm32f10x_gpio.o ABSOLUTE
    ..\\STM32F10x_StdPeriph_Driver\\src\\stm32f10x_rcc.c 0x00000000   Number         0  stm32f10x_rcc.o ABSOLUTE
    ..\\STM32F10x_StdPeriph_Driver\\src\\stm32f10x_spi.c 0x00000000   Number         0  stm32f10x_spi.o ABSOLUTE
    ..\\STM32F10x_StdPeriph_Driver\\src\\stm32f10x_tim.c 0x00000000   Number         0  stm32f10x_tim.o ABSOLUTE
    ..\\STM32F10x_StdPeriph_Driver\\src\\stm32f10x_usart.c 0x00000000   Number         0  stm32f10x_usart.o ABSOLUTE
    ..\\Strategy\\FourCarsOneToOne.c         0x00000000   Number         0  fourcarsonetoone.o ABSOLUTE
    ..\\User\\main.c                         0x00000000   Number         0  main.o ABSOLUTE
    cdcmple.s                                0x00000000   Number         0  cdcmple.o ABSOLUTE
    cdrcmple.s                               0x00000000   Number         0  cdrcmple.o ABSOLUTE
    dc.s                                     0x00000000   Number         0  dc.o ABSOLUTE
    handlers.s                               0x00000000   Number         0  handlers.o ABSOLUTE
    init.s                                   0x00000000   Number         0  init.o ABSOLUTE
    startup_stm32f10x_md.s                   0x00000000   Number         0  startup_stm32f10x_md.o ABSOLUTE
    RESET                                    0x08000000   Section      236  startup_stm32f10x_md.o(RESET)
    .ARM.Collect$$$$00000000                 0x080000ec   Section        0  entry.o(.ARM.Collect$$$$00000000)
    .ARM.Collect$$$$00000001                 0x080000ec   Section        4  entry2.o(.ARM.Collect$$$$00000001)
    .ARM.Collect$$$$00000004                 0x080000f0   Section        4  entry5.o(.ARM.Collect$$$$00000004)
    .ARM.Collect$$$$00000008                 0x080000f4   Section        0  entry7b.o(.ARM.Collect$$$$00000008)
    .ARM.Collect$$$$0000000A                 0x080000f4   Section        0  entry8b.o(.ARM.Collect$$$$0000000A)
    .ARM.Collect$$$$0000000B                 0x080000f4   Section        8  entry9a.o(.ARM.Collect$$$$0000000B)
    .ARM.Collect$$$$0000000D                 0x080000fc   Section        0  entry10a.o(.ARM.Collect$$$$0000000D)
    .ARM.Collect$$$$0000000F                 0x080000fc   Section        0  entry11a.o(.ARM.Collect$$$$0000000F)
    .ARM.Collect$$$$00002712                 0x080000fc   Section        4  entry2.o(.ARM.Collect$$$$00002712)
    __lit__00000000                          0x080000fc   Data           4  entry2.o(.ARM.Collect$$$$00002712)
    .text                                    0x08000100   Section       36  startup_stm32f10x_md.o(.text)
    .text                                    0x08000124   Section        0  memcmp.o(.text)
    .text                                    0x0800013e   Section        0  dadd.o(.text)
    .text                                    0x0800028c   Section        0  dmul.o(.text)
    .text                                    0x08000370   Section        0  ddiv.o(.text)
    .text                                    0x0800044e   Section        0  dflti.o(.text)
    .text                                    0x08000470   Section        0  dfltui.o(.text)
    .text                                    0x0800048a   Section        0  dfltl.o(.text)
    .text                                    0x080004b2   Section        0  dfixi.o(.text)
    .text                                    0x080004f0   Section        0  dfixui.o(.text)
    .text                                    0x08000522   Section        0  dfixl.o(.text)
    .text                                    0x0800056c   Section       48  cdcmple.o(.text)
    .text                                    0x0800059c   Section       48  cdrcmple.o(.text)
    .text                                    0x080005cc   Section        0  llshl.o(.text)
    .text                                    0x080005ea   Section        0  llushr.o(.text)
    .text                                    0x0800060a   Section        0  llsshr.o(.text)
    .text                                    0x0800062e   Section        0  iusefp.o(.text)
    .text                                    0x0800062e   Section        0  depilogue.o(.text)
    .text                                    0x080006e8   Section        0  dsqrt.o(.text)
    .text                                    0x0800078c   Section       36  init.o(.text)
    i.Brd_Msg                                0x080007b0   Section        0  initiator.o(i.Brd_Msg)
    i.BusFault_Handler                       0x0800089c   Section        0  stm32f10x_it.o(i.BusFault_Handler)
    i.DebugMon_Handler                       0x080008a0   Section        0  stm32f10x_it.o(i.DebugMon_Handler)
    i.Delay                                  0x080008a4   Section        0  port.o(i.Delay)
    i.Dwm1000_Init                           0x080008bc   Section        0  dwm1000_port.o(i.Dwm1000_Init)
    i.EXTI_GetITEnStatus                     0x08000924   Section        0  dwm1000_port.o(i.EXTI_GetITEnStatus)
    i.EXTI_Init                              0x08000940   Section        0  stm32f10x_exti.o(i.EXTI_Init)
    i.EXTI_init                              0x080009d4   Section        0  port.o(i.EXTI_init)
    i.FLASH_PrefetchBufferCmd                0x080009d8   Section        0  stm32f10x_flash.o(i.FLASH_PrefetchBufferCmd)
    i.FLASH_SetLatency                       0x080009f4   Section        0  stm32f10x_flash.o(i.FLASH_SetLatency)
    i.FourCarsLocalization                   0x08000a0c   Section        0  fourcarsonetoone.o(i.FourCarsLocalization)
    i.GPIO_EXTILineConfig                    0x08000da8   Section        0  stm32f10x_gpio.o(i.GPIO_EXTILineConfig)
    i.GPIO_Init                              0x08000de8   Section        0  stm32f10x_gpio.o(i.GPIO_Init)
    i.GPIO_ResetBits                         0x08000efe   Section        0  stm32f10x_gpio.o(i.GPIO_ResetBits)
    i.GPIO_SetBits                           0x08000f02   Section        0  stm32f10x_gpio.o(i.GPIO_SetBits)
    i.GPIO_init                              0x08000f08   Section        0  port.o(i.GPIO_init)
    i.HardFault_Handler                      0x08000f2c   Section        0  stm32f10x_it.o(i.HardFault_Handler)
    i.MemManage_Handler                      0x08000f30   Section        0  stm32f10x_it.o(i.MemManage_Handler)
    i.NMI_Handler                            0x08000f34   Section        0  stm32f10x_it.o(i.NMI_Handler)
    i.NVIC_Init                              0x08000f38   Section        0  misc.o(i.NVIC_Init)
    i.NVIC_PriorityGroupConfig               0x08000fa8   Section        0  misc.o(i.NVIC_PriorityGroupConfig)
    i.NVIC_SetPriority                       0x08000fbc   Section        0  port.o(i.NVIC_SetPriority)
    NVIC_SetPriority                         0x08000fbd   Thumb Code    32  port.o(i.NVIC_SetPriority)
    i.NVIC_init                              0x08000fe4   Section        0  port.o(i.NVIC_init)
    i.Our_Sys_Init                           0x08000ff0   Section        0  port.o(i.Our_Sys_Init)
    i.PendSV_Handler                         0x08001008   Section        0  stm32f10x_it.o(i.PendSV_Handler)
    i.Periph_init                            0x0800100a   Section        0  port.o(i.Periph_init)
    i.RCC_ADCCLKConfig                       0x08001014   Section        0  stm32f10x_rcc.o(i.RCC_ADCCLKConfig)
    i.RCC_APB1PeriphClockCmd                 0x0800102c   Section        0  stm32f10x_rcc.o(i.RCC_APB1PeriphClockCmd)
    i.RCC_APB1PeriphResetCmd                 0x0800104c   Section        0  stm32f10x_rcc.o(i.RCC_APB1PeriphResetCmd)
    i.RCC_APB2PeriphClockCmd                 0x0800106c   Section        0  stm32f10x_rcc.o(i.RCC_APB2PeriphClockCmd)
    i.RCC_APB2PeriphResetCmd                 0x0800108c   Section        0  stm32f10x_rcc.o(i.RCC_APB2PeriphResetCmd)
    i.RCC_DeInit                             0x080010ac   Section        0  stm32f10x_rcc.o(i.RCC_DeInit)
    i.RCC_GetClocksFreq                      0x080010f8   Section        0  stm32f10x_rcc.o(i.RCC_GetClocksFreq)
    i.RCC_GetFlagStatus                      0x080011d4   Section        0  stm32f10x_rcc.o(i.RCC_GetFlagStatus)
    i.RCC_GetSYSCLKSource                    0x08001210   Section        0  stm32f10x_rcc.o(i.RCC_GetSYSCLKSource)
    i.RCC_HCLKConfig                         0x08001220   Section        0  stm32f10x_rcc.o(i.RCC_HCLKConfig)
    i.RCC_HSEConfig                          0x08001238   Section        0  stm32f10x_rcc.o(i.RCC_HSEConfig)
    i.RCC_PCLK1Config                        0x08001284   Section        0  stm32f10x_rcc.o(i.RCC_PCLK1Config)
    i.RCC_PCLK2Config                        0x0800129c   Section        0  stm32f10x_rcc.o(i.RCC_PCLK2Config)
    i.RCC_PLLCmd                             0x080012b4   Section        0  stm32f10x_rcc.o(i.RCC_PLLCmd)
    i.RCC_PLLConfig                          0x080012c0   Section        0  stm32f10x_rcc.o(i.RCC_PLLConfig)
    i.RCC_SYSCLKConfig                       0x080012dc   Section        0  stm32f10x_rcc.o(i.RCC_SYSCLKConfig)
    i.RCC_WaitForHSEStartUp                  0x080012f4   Section        0  stm32f10x_rcc.o(i.RCC_WaitForHSEStartUp)
    i.RCC_init                               0x0800132c   Section        0  port.o(i.RCC_init)
    i.RESET_DW1000                           0x080013b0   Section        0  dwm1000_port.o(i.RESET_DW1000)
    i.Receive_BrdMsg                         0x080013fc   Section        0  receptor.o(i.Receive_BrdMsg)
    i.Receptor_Ranging                       0x08001554   Section        0  receptor.o(i.Receptor_Ranging)
    i.SPI1_DW1000_Configuration              0x08001834   Section        0  dwm1000_port.o(i.SPI1_DW1000_Configuration)
    i.SPI_Cmd                                0x080018e8   Section        0  stm32f10x_spi.o(i.SPI_Cmd)
    i.SPI_DW1000_ChangeRate                  0x08001900   Section        0  dwm1000_port.o(i.SPI_DW1000_ChangeRate)
    i.SPI_DW1000_set_rate_high               0x0800191c   Section        0  dwm1000_port.o(i.SPI_DW1000_set_rate_high)
    i.SPI_DW1000_set_rate_low                0x08001926   Section        0  dwm1000_port.o(i.SPI_DW1000_set_rate_low)
    i.SPI_I2S_DeInit                         0x08001930   Section        0  stm32f10x_spi.o(i.SPI_I2S_DeInit)
    i.SPI_Init                               0x08001988   Section        0  stm32f10x_spi.o(i.SPI_Init)
    i.SPI_SSOutputCmd                        0x080019c4   Section        0  stm32f10x_spi.o(i.SPI_SSOutputCmd)
    i.SVC_Handler                            0x080019dc   Section        0  stm32f10x_it.o(i.SVC_Handler)
    i.SetSysClock                            0x080019de   Section        0  system_stm32f10x.o(i.SetSysClock)
    SetSysClock                              0x080019df   Thumb Code     8  system_stm32f10x.o(i.SetSysClock)
    i.SetSysClockTo72                        0x080019e8   Section        0  system_stm32f10x.o(i.SetSysClockTo72)
    SetSysClockTo72                          0x080019e9   Thumb Code   214  system_stm32f10x.o(i.SetSysClockTo72)
    i.SysTick_Handler                        0x08001ac8   Section        0  stm32f10x_it.o(i.SysTick_Handler)
    i.SystemInit                             0x08001ad4   Section        0  system_stm32f10x.o(i.SystemInit)
    i.Systick_init                           0x08001b34   Section        0  port.o(i.Systick_init)
    i.Time32_DW_Incr                         0x08001b84   Section        0  dwm1000_port.o(i.Time32_DW_Incr)
    i.TimingDelay_Decrement                  0x08001ba0   Section        0  port.o(i.TimingDelay_Decrement)
    i.USART2_INTERFACE_Configuration         0x08001bcc   Section        0  usart2.o(i.USART2_INTERFACE_Configuration)
    i.USART_Cmd                              0x08001c5c   Section        0  stm32f10x_usart.o(i.USART_Cmd)
    i.USART_Init                             0x08001c74   Section        0  stm32f10x_usart.o(i.USART_Init)
    i.UsageFault_Handler                     0x08001d4c   Section        0  stm32f10x_it.o(i.UsageFault_Handler)
    i.__scatterload_copy                     0x08001d50   Section       14  handlers.o(i.__scatterload_copy)
    i.__scatterload_null                     0x08001d5e   Section        2  handlers.o(i.__scatterload_null)
    i.__scatterload_zeroinit                 0x08001d60   Section       14  handlers.o(i.__scatterload_zeroinit)
    i.__set_errno                            0x08001d70   Section        0  errno.o(i.__set_errno)
    i._dwt_configlde                         0x08001d7c   Section        0  deca_device.o(i._dwt_configlde)
    i._dwt_enableclocks                      0x08001db4   Section        0  deca_device.o(i._dwt_enableclocks)
    i._dwt_loaducodefromrom                  0x08001e98   Section        0  deca_device.o(i._dwt_loaducodefromrom)
    i._dwt_otpread                           0x08001ecc   Section        0  deca_device.o(i._dwt_otpread)
    i.deca_sleep                             0x08001f1a   Section        0  deca_sleep.o(i.deca_sleep)
    i.decamutexoff                           0x08001f32   Section        0  deca_mutex.o(i.decamutexoff)
    i.decamutexon                            0x08001f50   Section        0  deca_mutex.o(i.decamutexon)
    i.dwt_configure                          0x08001f78   Section        0  deca_device.o(i.dwt_configure)
    i.dwt_enableframefilter                  0x080021c0   Section        0  deca_device.o(i.dwt_enableframefilter)
    i.dwt_entersleepaftertx                  0x08002200   Section        0  deca_device.o(i.dwt_entersleepaftertx)
    i.dwt_forcetrxoff                        0x08002228   Section        0  deca_device.o(i.dwt_forcetrxoff)
    i.dwt_initialise                         0x08002284   Section        0  deca_device.o(i.dwt_initialise)
    i.dwt_read16bitoffsetreg                 0x08002390   Section        0  deca_device.o(i.dwt_read16bitoffsetreg)
    i.dwt_read32bitoffsetreg                 0x080023bc   Section        0  deca_device.o(i.dwt_read32bitoffsetreg)
    i.dwt_readdevid                          0x080023f4   Section        0  deca_device.o(i.dwt_readdevid)
    i.dwt_readfromdevice                     0x08002400   Section        0  deca_device.o(i.dwt_readfromdevice)
    i.dwt_readrxdata                         0x08002464   Section        0  deca_device.o(i.dwt_readrxdata)
    i.dwt_readrxtimestamp                    0x0800247a   Section        0  deca_device.o(i.dwt_readrxtimestamp)
    i.dwt_readtxtimestamp                    0x0800248c   Section        0  deca_device.o(i.dwt_readtxtimestamp)
    i.dwt_rxenable                           0x0800249e   Section        0  deca_device.o(i.dwt_rxenable)
    i.dwt_setGPIOdirection                   0x080024f2   Section        0  deca_device.o(i.dwt_setGPIOdirection)
    i.dwt_setGPIOvalue                       0x0800251c   Section        0  deca_device.o(i.dwt_setGPIOvalue)
    i.dwt_setdelayedtrxtime                  0x08002546   Section        0  deca_device.o(i.dwt_setdelayedtrxtime)
    i.dwt_setrxaftertxdelay                  0x08002556   Section        0  deca_device.o(i.dwt_setrxaftertxdelay)
    i.dwt_setrxantennadelay                  0x0800257a   Section        0  deca_device.o(i.dwt_setrxantennadelay)
    i.dwt_setrxtimeout                       0x0800258c   Section        0  deca_device.o(i.dwt_setrxtimeout)
    i.dwt_settxantennadelay                  0x080025f8   Section        0  deca_device.o(i.dwt_settxantennadelay)
    i.dwt_starttx                            0x08002608   Section        0  deca_device.o(i.dwt_starttx)
    i.dwt_syncrxbufptrs                      0x080026a4   Section        0  deca_device.o(i.dwt_syncrxbufptrs)
    i.dwt_write16bitoffsetreg                0x080026dc   Section        0  deca_device.o(i.dwt_write16bitoffsetreg)
    i.dwt_write32bitoffsetreg                0x08002702   Section        0  deca_device.o(i.dwt_write32bitoffsetreg)
    i.dwt_writetodevice                      0x08002732   Section        0  deca_device.o(i.dwt_writetodevice)
    i.dwt_writetxdata                        0x0800279a   Section        0  deca_device.o(i.dwt_writetxdata)
    i.dwt_writetxfctrl                       0x080027c0   Section        0  deca_device.o(i.dwt_writetxfctrl)
    i.dwt_xtaltrim                           0x080027e4   Section        0  deca_device.o(i.dwt_xtaltrim)
    i.final_msg_get_ts                       0x08002818   Section        0  receptor.o(i.final_msg_get_ts)
    final_msg_get_ts                         0x08002819   Thumb Code    32  receptor.o(i.final_msg_get_ts)
    i.get_rx_timestamp_u64                   0x08002838   Section        0  receptor.o(i.get_rx_timestamp_u64)
    get_rx_timestamp_u64                     0x08002839   Thumb Code    44  receptor.o(i.get_rx_timestamp_u64)
    i.get_tx_timestamp_u64                   0x08002864   Section        0  receptor.o(i.get_tx_timestamp_u64)
    get_tx_timestamp_u64                     0x08002865   Thumb Code    44  receptor.o(i.get_tx_timestamp_u64)
    i.main                                   0x08002890   Section        0  main.o(i.main)
    i.portGetTickCnt                         0x080028f0   Section        0  dwm1000_port.o(i.portGetTickCnt)
    i.readfromspi_serial                     0x080028fc   Section        0  deca_spi.o(i.readfromspi_serial)
    i.sqrt                                   0x0800297c   Section        0  sqrt.o(i.sqrt)
    i.writetospi_serial                      0x080029c8   Section        0  deca_spi.o(i.writetospi_serial)
    .constdata                               0x08002a44   Section      174  deca_params_init.o(.constdata)
    .data                                    0x20000000   Section       20  stm32f10x_rcc.o(.data)
    APBAHBPrescTable                         0x20000000   Data          16  stm32f10x_rcc.o(.data)
    ADCPrescTable                            0x20000010   Data           4  stm32f10x_rcc.o(.data)
    .data                                    0x20000014   Section       11  main.o(.data)
    .data                                    0x20000020   Section        8  port.o(.data)
    uwTimingDelay                            0x20000020   Data           4  port.o(.data)
    tickCnt                                  0x20000024   Data           4  port.o(.data)
    .data                                    0x20000028   Section        4  dwm1000_port.o(.data)
    .data                                    0x20000030   Section       69  initiator.o(.data)
    tx_poll_msg                              0x20000030   Data           5  initiator.o(.data)
    tx_final_msg                             0x20000035   Data          13  initiator.o(.data)
    cmp_msg                                  0x20000042   Data           3  initiator.o(.data)
    upper_data                               0x20000045   Data           6  initiator.o(.data)
    status_reg                               0x2000004c   Data           4  initiator.o(.data)
    poll_tx_ts                               0x20000050   Data           8  initiator.o(.data)
    resp_rx_ts                               0x20000058   Data           8  initiator.o(.data)
    final_tx_ts                              0x20000060   Data           8  initiator.o(.data)
    dist_cm                                  0x20000068   Data           2  initiator.o(.data)
    brd_msg                                  0x2000006a   Data          11  initiator.o(.data)
    .data                                    0x20000078   Section       67  receptor.o(.data)
    tx_resp_msg                              0x20000078   Data           5  receptor.o(.data)
    cmp_msg                                  0x2000007d   Data           3  receptor.o(.data)
    rpy_msg                                  0x20000080   Data           5  receptor.o(.data)
    status_reg                               0x20000088   Data           4  receptor.o(.data)
    poll_rx_ts                               0x20000090   Data           8  receptor.o(.data)
    resp_tx_ts                               0x20000098   Data           8  receptor.o(.data)
    final_rx_ts                              0x200000a0   Data           8  receptor.o(.data)
    tof                                      0x200000a8   Data           8  receptor.o(.data)
    distance                                 0x200000b0   Data           8  receptor.o(.data)
    dist_cm                                  0x200000b8   Data           2  receptor.o(.data)
    TargetID                                 0x200000ba   Data           1  receptor.o(.data)
    .data                                    0x200000c0   Section       83  fourcarsonetoone.o(.data)
    d01                                      0x200000c0   Data           2  fourcarsonetoone.o(.data)
    d02                                      0x200000c2   Data           2  fourcarsonetoone.o(.data)
    d03                                      0x200000c4   Data           2  fourcarsonetoone.o(.data)
    d12                                      0x200000c6   Data           2  fourcarsonetoone.o(.data)
    d13                                      0x200000c8   Data           2  fourcarsonetoone.o(.data)
    d23                                      0x200000ca   Data           2  fourcarsonetoone.o(.data)
    n3Msg                                    0x200000cc   Data           6  fourcarsonetoone.o(.data)
    n2Msg                                    0x200000d2   Data           4  fourcarsonetoone.o(.data)
    n1Msg                                    0x200000d6   Data           2  fourcarsonetoone.o(.data)
    n1Axis                                   0x200000d8   Data           6  fourcarsonetoone.o(.data)
    n2Axis                                   0x200000de   Data           6  fourcarsonetoone.o(.data)
    n3Axis                                   0x200000e4   Data           6  fourcarsonetoone.o(.data)
    n4Axis                                   0x200000ea   Data           6  fourcarsonetoone.o(.data)
    temp_calc                                0x200000f0   Data           8  fourcarsonetoone.o(.data)
    comp1                                    0x200000f8   Data           8  fourcarsonetoone.o(.data)
    comp2                                    0x20000100   Data           8  fourcarsonetoone.o(.data)
    temp_trans                               0x20000108   Data           2  fourcarsonetoone.o(.data)
    x1                                       0x2000010a   Data           2  fourcarsonetoone.o(.data)
    y1                                       0x2000010c   Data           2  fourcarsonetoone.o(.data)
    x2                                       0x2000010e   Data           2  fourcarsonetoone.o(.data)
    y2                                       0x20000110   Data           2  fourcarsonetoone.o(.data)
    i                                        0x20000112   Data           1  fourcarsonetoone.o(.data)
    .data                                    0x20000114   Section        4  errno.o(.data)
    _errno                                   0x20000114   Data           4  errno.o(.data)
    .bss                                     0x20000118   Section       20  port.o(.bss)
    .bss                                     0x2000012c   Section       60  deca_device.o(.bss)
    dw1000local                              0x2000012c   Data          60  deca_device.o(.bss)
    .bss                                     0x20000168   Section       20  initiator.o(.bss)
    rx_buffer                                0x20000168   Data          20  initiator.o(.bss)
    .bss                                     0x2000017c   Section       24  receptor.o(.bss)
    rx_buffer                                0x2000017c   Data          24  receptor.o(.bss)
    STACK                                    0x20000198   Section     1024  startup_stm32f10x_md.o(STACK)

    Global Symbols

    Symbol Name                              Value     Ov Type        Size  Object(Section)

    BuildAttributes$$THM_ISAv4$P$D$K$B$S$PE$A:L22UL41UL21$X:L11$S22US41US21$IEEE1$IW$USESV6$~STKCKD$USESV7$~SHL$OTIME$ROPI$IEEEJ$EBA8$MICROLIB$REQ8$PRES8$EABIv2 0x00000000   Number         0  anon$$obj.o ABSOLUTE
    __ARM_use_no_argv                        0x00000000   Number         0  main.o ABSOLUTE
    __cpp_initialize__aeabi_                  - Undefined Weak Reference
    __cxa_finalize                            - Undefined Weak Reference
    __decompress                              - Undefined Weak Reference
    _clock_init                               - Undefined Weak Reference
    _microlib_exit                            - Undefined Weak Reference
    __Vectors_Size                           0x000000ec   Number         0  startup_stm32f10x_md.o ABSOLUTE
    __Vectors                                0x08000000   Data           4  startup_stm32f10x_md.o(RESET)
    __Vectors_End                            0x080000ec   Data           0  startup_stm32f10x_md.o(RESET)
    __main                                   0x080000ed   Thumb Code     0  entry.o(.ARM.Collect$$$$00000000)
    _main_stk                                0x080000ed   Thumb Code     0  entry2.o(.ARM.Collect$$$$00000001)
    _main_scatterload                        0x080000f1   Thumb Code     0  entry5.o(.ARM.Collect$$$$00000004)
    __main_after_scatterload                 0x080000f5   Thumb Code     0  entry5.o(.ARM.Collect$$$$00000004)
    _main_clock                              0x080000f5   Thumb Code     0  entry7b.o(.ARM.Collect$$$$00000008)
    _main_cpp_init                           0x080000f5   Thumb Code     0  entry8b.o(.ARM.Collect$$$$0000000A)
    _main_init                               0x080000f5   Thumb Code     0  entry9a.o(.ARM.Collect$$$$0000000B)
    __rt_final_cpp                           0x080000fd   Thumb Code     0  entry10a.o(.ARM.Collect$$$$0000000D)
    __rt_final_exit                          0x080000fd   Thumb Code     0  entry11a.o(.ARM.Collect$$$$0000000F)
    Reset_Handler                            0x08000101   Thumb Code     8  startup_stm32f10x_md.o(.text)
    ADC1_2_IRQHandler                        0x0800011b   Thumb Code     0  startup_stm32f10x_md.o(.text)
    CAN1_RX1_IRQHandler                      0x0800011b   Thumb Code     0  startup_stm32f10x_md.o(.text)
    CAN1_SCE_IRQHandler                      0x0800011b   Thumb Code     0  startup_stm32f10x_md.o(.text)
    DMA1_Channel1_IRQHandler                 0x0800011b   Thumb Code     0  startup_stm32f10x_md.o(.text)
    DMA1_Channel2_IRQHandler                 0x0800011b   Thumb Code     0  startup_stm32f10x_md.o(.text)
    DMA1_Channel3_IRQHandler                 0x0800011b   Thumb Code     0  startup_stm32f10x_md.o(.text)
    DMA1_Channel4_IRQHandler                 0x0800011b   Thumb Code     0  startup_stm32f10x_md.o(.text)
    DMA1_Channel5_IRQHandler                 0x0800011b   Thumb Code     0  startup_stm32f10x_md.o(.text)
    DMA1_Channel6_IRQHandler                 0x0800011b   Thumb Code     0  startup_stm32f10x_md.o(.text)
    DMA1_Channel7_IRQHandler                 0x0800011b   Thumb Code     0  startup_stm32f10x_md.o(.text)
    EXTI0_IRQHandler                         0x0800011b   Thumb Code     0  startup_stm32f10x_md.o(.text)
    EXTI15_10_IRQHandler                     0x0800011b   Thumb Code     0  startup_stm32f10x_md.o(.text)
    EXTI1_IRQHandler                         0x0800011b   Thumb Code     0  startup_stm32f10x_md.o(.text)
    EXTI2_IRQHandler                         0x0800011b   Thumb Code     0  startup_stm32f10x_md.o(.text)
    EXTI3_IRQHandler                         0x0800011b   Thumb Code     0  startup_stm32f10x_md.o(.text)
    EXTI4_IRQHandler                         0x0800011b   Thumb Code     0  startup_stm32f10x_md.o(.text)
    EXTI9_5_IRQHandler                       0x0800011b   Thumb Code     0  startup_stm32f10x_md.o(.text)
    FLASH_IRQHandler                         0x0800011b   Thumb Code     0  startup_stm32f10x_md.o(.text)
    I2C1_ER_IRQHandler                       0x0800011b   Thumb Code     0  startup_stm32f10x_md.o(.text)
    I2C1_EV_IRQHandler                       0x0800011b   Thumb Code     0  startup_stm32f10x_md.o(.text)
    I2C2_ER_IRQHandler                       0x0800011b   Thumb Code     0  startup_stm32f10x_md.o(.text)
    I2C2_EV_IRQHandler                       0x0800011b   Thumb Code     0  startup_stm32f10x_md.o(.text)
    PVD_IRQHandler                           0x0800011b   Thumb Code     0  startup_stm32f10x_md.o(.text)
    RCC_IRQHandler                           0x0800011b   Thumb Code     0  startup_stm32f10x_md.o(.text)
    RTCAlarm_IRQHandler                      0x0800011b   Thumb Code     0  startup_stm32f10x_md.o(.text)
    RTC_IRQHandler                           0x0800011b   Thumb Code     0  startup_stm32f10x_md.o(.text)
    SPI1_IRQHandler                          0x0800011b   Thumb Code     0  startup_stm32f10x_md.o(.text)
    SPI2_IRQHandler                          0x0800011b   Thumb Code     0  startup_stm32f10x_md.o(.text)
    TAMPER_IRQHandler                        0x0800011b   Thumb Code     0  startup_stm32f10x_md.o(.text)
    TIM1_BRK_IRQHandler                      0x0800011b   Thumb Code     0  startup_stm32f10x_md.o(.text)
    TIM1_CC_IRQHandler                       0x0800011b   Thumb Code     0  startup_stm32f10x_md.o(.text)
    TIM1_TRG_COM_IRQHandler                  0x0800011b   Thumb Code     0  startup_stm32f10x_md.o(.text)
    TIM1_UP_IRQHandler                       0x0800011b   Thumb Code     0  startup_stm32f10x_md.o(.text)
    TIM2_IRQHandler                          0x0800011b   Thumb Code     0  startup_stm32f10x_md.o(.text)
    TIM3_IRQHandler                          0x0800011b   Thumb Code     0  startup_stm32f10x_md.o(.text)
    TIM4_IRQHandler                          0x0800011b   Thumb Code     0  startup_stm32f10x_md.o(.text)
    USART1_IRQHandler                        0x0800011b   Thumb Code     0  startup_stm32f10x_md.o(.text)
    USART2_IRQHandler                        0x0800011b   Thumb Code     0  startup_stm32f10x_md.o(.text)
    USART3_IRQHandler                        0x0800011b   Thumb Code     0  startup_stm32f10x_md.o(.text)
    USBWakeUp_IRQHandler                     0x0800011b   Thumb Code     0  startup_stm32f10x_md.o(.text)
    USB_HP_CAN1_TX_IRQHandler                0x0800011b   Thumb Code     0  startup_stm32f10x_md.o(.text)
    USB_LP_CAN1_RX0_IRQHandler               0x0800011b   Thumb Code     0  startup_stm32f10x_md.o(.text)
    WWDG_IRQHandler                          0x0800011b   Thumb Code     0  startup_stm32f10x_md.o(.text)
    memcmp                                   0x08000125   Thumb Code    26  memcmp.o(.text)
    __aeabi_dadd                             0x0800013f   Thumb Code   322  dadd.o(.text)
    __aeabi_dsub                             0x08000281   Thumb Code     6  dadd.o(.text)
    __aeabi_drsub                            0x08000287   Thumb Code     6  dadd.o(.text)
    __aeabi_dmul                             0x0800028d   Thumb Code   228  dmul.o(.text)
    __aeabi_ddiv                             0x08000371   Thumb Code   222  ddiv.o(.text)
    __aeabi_i2d                              0x0800044f   Thumb Code    34  dflti.o(.text)
    __aeabi_ui2d                             0x08000471   Thumb Code    26  dfltui.o(.text)
    __aeabi_l2d                              0x0800048b   Thumb Code    40  dfltl.o(.text)
    __aeabi_d2iz                             0x080004b3   Thumb Code    62  dfixi.o(.text)
    __aeabi_d2uiz                            0x080004f1   Thumb Code    50  dfixui.o(.text)
    __aeabi_d2lz                             0x08000523   Thumb Code    74  dfixl.o(.text)
    __aeabi_cdcmpeq                          0x0800056d   Thumb Code     0  cdcmple.o(.text)
    __aeabi_cdcmple                          0x0800056d   Thumb Code    48  cdcmple.o(.text)
    __aeabi_cdrcmple                         0x0800059d   Thumb Code    48  cdrcmple.o(.text)
    __aeabi_llsl                             0x080005cd   Thumb Code    30  llshl.o(.text)
    _ll_shift_l                              0x080005cd   Thumb Code     0  llshl.o(.text)
    __aeabi_llsr                             0x080005eb   Thumb Code    32  llushr.o(.text)
    _ll_ushift_r                             0x080005eb   Thumb Code     0  llushr.o(.text)
    __aeabi_lasr                             0x0800060b   Thumb Code    36  llsshr.o(.text)
    _ll_sshift_r                             0x0800060b   Thumb Code     0  llsshr.o(.text)
    __I$use$fp                               0x0800062f   Thumb Code     0  iusefp.o(.text)
    _double_round                            0x0800062f   Thumb Code    30  depilogue.o(.text)
    _double_epilogue                         0x0800064d   Thumb Code   156  depilogue.o(.text)
    _dsqrt                                   0x080006e9   Thumb Code   162  dsqrt.o(.text)
    __scatterload                            0x0800078d   Thumb Code    28  init.o(.text)
    __scatterload_rt2                        0x0800078d   Thumb Code     0  init.o(.text)
    Brd_Msg                                  0x080007b1   Thumb Code   210  initiator.o(i.Brd_Msg)
    BusFault_Handler                         0x0800089d   Thumb Code     4  stm32f10x_it.o(i.BusFault_Handler)
    DebugMon_Handler                         0x080008a1   Thumb Code     2  stm32f10x_it.o(i.DebugMon_Handler)
    Delay                                    0x080008a5   Thumb Code    20  port.o(i.Delay)
    Dwm1000_Init                             0x080008bd   Thumb Code    98  dwm1000_port.o(i.Dwm1000_Init)
    EXTI_GetITEnStatus                       0x08000925   Thumb Code    24  dwm1000_port.o(i.EXTI_GetITEnStatus)
    EXTI_Init                                0x08000941   Thumb Code   142  stm32f10x_exti.o(i.EXTI_Init)
    EXTI_init                                0x080009d5   Thumb Code     2  port.o(i.EXTI_init)
    FLASH_PrefetchBufferCmd                  0x080009d9   Thumb Code    22  stm32f10x_flash.o(i.FLASH_PrefetchBufferCmd)
    FLASH_SetLatency                         0x080009f5   Thumb Code    18  stm32f10x_flash.o(i.FLASH_SetLatency)
    FourCarsLocalization                     0x08000a0d   Thumb Code   850  fourcarsonetoone.o(i.FourCarsLocalization)
    GPIO_EXTILineConfig                      0x08000da9   Thumb Code    60  stm32f10x_gpio.o(i.GPIO_EXTILineConfig)
    GPIO_Init                                0x08000de9   Thumb Code   278  stm32f10x_gpio.o(i.GPIO_Init)
    GPIO_ResetBits                           0x08000eff   Thumb Code     4  stm32f10x_gpio.o(i.GPIO_ResetBits)
    GPIO_SetBits                             0x08000f03   Thumb Code     4  stm32f10x_gpio.o(i.GPIO_SetBits)
    GPIO_init                                0x08000f09   Thumb Code    32  port.o(i.GPIO_init)
    HardFault_Handler                        0x08000f2d   Thumb Code     4  stm32f10x_it.o(i.HardFault_Handler)
    MemManage_Handler                        0x08000f31   Thumb Code     4  stm32f10x_it.o(i.MemManage_Handler)
    NMI_Handler                              0x08000f35   Thumb Code     2  stm32f10x_it.o(i.NMI_Handler)
    NVIC_Init                                0x08000f39   Thumb Code   100  misc.o(i.NVIC_Init)
    NVIC_PriorityGroupConfig                 0x08000fa9   Thumb Code    10  misc.o(i.NVIC_PriorityGroupConfig)
    NVIC_init                                0x08000fe5   Thumb Code    12  port.o(i.NVIC_init)
    Our_Sys_Init                             0x08000ff1   Thumb Code    24  port.o(i.Our_Sys_Init)
    PendSV_Handler                           0x08001009   Thumb Code     2  stm32f10x_it.o(i.PendSV_Handler)
    Periph_init                              0x0800100b   Thumb Code     8  port.o(i.Periph_init)
    RCC_ADCCLKConfig                         0x08001015   Thumb Code    18  stm32f10x_rcc.o(i.RCC_ADCCLKConfig)
    RCC_APB1PeriphClockCmd                   0x0800102d   Thumb Code    26  stm32f10x_rcc.o(i.RCC_APB1PeriphClockCmd)
    RCC_APB1PeriphResetCmd                   0x0800104d   Thumb Code    26  stm32f10x_rcc.o(i.RCC_APB1PeriphResetCmd)
    RCC_APB2PeriphClockCmd                   0x0800106d   Thumb Code    26  stm32f10x_rcc.o(i.RCC_APB2PeriphClockCmd)
    RCC_APB2PeriphResetCmd                   0x0800108d   Thumb Code    26  stm32f10x_rcc.o(i.RCC_APB2PeriphResetCmd)
    RCC_DeInit                               0x080010ad   Thumb Code    64  stm32f10x_rcc.o(i.RCC_DeInit)
    RCC_GetClocksFreq                        0x080010f9   Thumb Code   192  stm32f10x_rcc.o(i.RCC_GetClocksFreq)
    RCC_GetFlagStatus                        0x080011d5   Thumb Code    56  stm32f10x_rcc.o(i.RCC_GetFlagStatus)
    RCC_GetSYSCLKSource                      0x08001211   Thumb Code    10  stm32f10x_rcc.o(i.RCC_GetSYSCLKSource)
    RCC_HCLKConfig                           0x08001221   Thumb Code    18  stm32f10x_rcc.o(i.RCC_HCLKConfig)
    RCC_HSEConfig                            0x08001239   Thumb Code    70  stm32f10x_rcc.o(i.RCC_HSEConfig)
    RCC_PCLK1Config                          0x08001285   Thumb Code    18  stm32f10x_rcc.o(i.RCC_PCLK1Config)
    RCC_PCLK2Config                          0x0800129d   Thumb Code    20  stm32f10x_rcc.o(i.RCC_PCLK2Config)
    RCC_PLLCmd                               0x080012b5   Thumb Code     6  stm32f10x_rcc.o(i.RCC_PLLCmd)
    RCC_PLLConfig                            0x080012c1   Thumb Code    24  stm32f10x_rcc.o(i.RCC_PLLConfig)
    RCC_SYSCLKConfig                         0x080012dd   Thumb Code    18  stm32f10x_rcc.o(i.RCC_SYSCLKConfig)
    RCC_WaitForHSEStartUp                    0x080012f5   Thumb Code    56  stm32f10x_rcc.o(i.RCC_WaitForHSEStartUp)
    RCC_init                                 0x0800132d   Thumb Code   128  port.o(i.RCC_init)
    RESET_DW1000                             0x080013b1   Thumb Code    70  dwm1000_port.o(i.RESET_DW1000)
    Receive_BrdMsg                           0x080013fd   Thumb Code   322  receptor.o(i.Receive_BrdMsg)
    Receptor_Ranging                         0x08001555   Thumb Code   664  receptor.o(i.Receptor_Ranging)
    SPI1_DW1000_Configuration                0x08001835   Thumb Code   172  dwm1000_port.o(i.SPI1_DW1000_Configuration)
    SPI_Cmd                                  0x080018e9   Thumb Code    24  stm32f10x_spi.o(i.SPI_Cmd)
    SPI_DW1000_ChangeRate                    0x08001901   Thumb Code    22  dwm1000_port.o(i.SPI_DW1000_ChangeRate)
    SPI_DW1000_set_rate_high                 0x0800191d   Thumb Code    10  dwm1000_port.o(i.SPI_DW1000_set_rate_high)
    SPI_DW1000_set_rate_low                  0x08001927   Thumb Code    10  dwm1000_port.o(i.SPI_DW1000_set_rate_low)
    SPI_I2S_DeInit                           0x08001931   Thumb Code    76  stm32f10x_spi.o(i.SPI_I2S_DeInit)
    SPI_Init                                 0x08001989   Thumb Code    60  stm32f10x_spi.o(i.SPI_Init)
    SPI_SSOutputCmd                          0x080019c5   Thumb Code    24  stm32f10x_spi.o(i.SPI_SSOutputCmd)
    SVC_Handler                              0x080019dd   Thumb Code     2  stm32f10x_it.o(i.SVC_Handler)
    SysTick_Handler                          0x08001ac9   Thumb Code    12  stm32f10x_it.o(i.SysTick_Handler)
    SystemInit                               0x08001ad5   Thumb Code    78  system_stm32f10x.o(i.SystemInit)
    Systick_init                             0x08001b35   Thumb Code    74  port.o(i.Systick_init)
    Time32_DW_Incr                           0x08001b85   Thumb Code    24  dwm1000_port.o(i.Time32_DW_Incr)
    TimingDelay_Decrement                    0x08001ba1   Thumb Code    34  port.o(i.TimingDelay_Decrement)
    USART2_INTERFACE_Configuration           0x08001bcd   Thumb Code   136  usart2.o(i.USART2_INTERFACE_Configuration)
    USART_Cmd                                0x08001c5d   Thumb Code    24  stm32f10x_usart.o(i.USART_Cmd)
    USART_Init                               0x08001c75   Thumb Code   210  stm32f10x_usart.o(i.USART_Init)
    UsageFault_Handler                       0x08001d4d   Thumb Code     4  stm32f10x_it.o(i.UsageFault_Handler)
    __scatterload_copy                       0x08001d51   Thumb Code    14  handlers.o(i.__scatterload_copy)
    __scatterload_null                       0x08001d5f   Thumb Code     2  handlers.o(i.__scatterload_null)
    __scatterload_zeroinit                   0x08001d61   Thumb Code    14  handlers.o(i.__scatterload_zeroinit)
    __set_errno                              0x08001d71   Thumb Code     6  errno.o(i.__set_errno)
    _dwt_configlde                           0x08001d7d   Thumb Code    56  deca_device.o(i._dwt_configlde)
    _dwt_enableclocks                        0x08001db5   Thumb Code   228  deca_device.o(i._dwt_enableclocks)
    _dwt_loaducodefromrom                    0x08001e99   Thumb Code    52  deca_device.o(i._dwt_loaducodefromrom)
    _dwt_otpread                             0x08001ecd   Thumb Code    78  deca_device.o(i._dwt_otpread)
    deca_sleep                               0x08001f1b   Thumb Code    24  deca_sleep.o(i.deca_sleep)
    decamutexoff                             0x08001f33   Thumb Code    28  deca_mutex.o(i.decamutexoff)
    decamutexon                              0x08001f51   Thumb Code    34  deca_mutex.o(i.decamutexon)
    dwt_configure                            0x08001f79   Thumb Code   540  deca_device.o(i.dwt_configure)
    dwt_enableframefilter                    0x080021c1   Thumb Code    54  deca_device.o(i.dwt_enableframefilter)
    dwt_entersleepaftertx                    0x08002201   Thumb Code    38  deca_device.o(i.dwt_entersleepaftertx)
    dwt_forcetrxoff                          0x08002229   Thumb Code    84  deca_device.o(i.dwt_forcetrxoff)
    dwt_initialise                           0x08002285   Thumb Code   260  deca_device.o(i.dwt_initialise)
    dwt_read16bitoffsetreg                   0x08002391   Thumb Code    44  deca_device.o(i.dwt_read16bitoffsetreg)
    dwt_read32bitoffsetreg                   0x080023bd   Thumb Code    56  deca_device.o(i.dwt_read32bitoffsetreg)
    dwt_readdevid                            0x080023f5   Thumb Code    12  deca_device.o(i.dwt_readdevid)
    dwt_readfromdevice                       0x08002401   Thumb Code   100  deca_device.o(i.dwt_readfromdevice)
    dwt_readrxdata                           0x08002465   Thumb Code    22  deca_device.o(i.dwt_readrxdata)
    dwt_readrxtimestamp                      0x0800247b   Thumb Code    18  deca_device.o(i.dwt_readrxtimestamp)
    dwt_readtxtimestamp                      0x0800248d   Thumb Code    18  deca_device.o(i.dwt_readtxtimestamp)
    dwt_rxenable                             0x0800249f   Thumb Code    84  deca_device.o(i.dwt_rxenable)
    dwt_setGPIOdirection                     0x080024f3   Thumb Code    42  deca_device.o(i.dwt_setGPIOdirection)
    dwt_setGPIOvalue                         0x0800251d   Thumb Code    42  deca_device.o(i.dwt_setGPIOvalue)
    dwt_setdelayedtrxtime                    0x08002547   Thumb Code    16  deca_device.o(i.dwt_setdelayedtrxtime)
    dwt_setrxaftertxdelay                    0x08002557   Thumb Code    36  deca_device.o(i.dwt_setrxaftertxdelay)
    dwt_setrxantennadelay                    0x0800257b   Thumb Code    18  deca_device.o(i.dwt_setrxantennadelay)
    dwt_setrxtimeout                         0x0800258d   Thumb Code   102  deca_device.o(i.dwt_setrxtimeout)
    dwt_settxantennadelay                    0x080025f9   Thumb Code    16  deca_device.o(i.dwt_settxantennadelay)
    dwt_starttx                              0x08002609   Thumb Code   150  deca_device.o(i.dwt_starttx)
    dwt_syncrxbufptrs                        0x080026a5   Thumb Code    56  deca_device.o(i.dwt_syncrxbufptrs)
    dwt_write16bitoffsetreg                  0x080026dd   Thumb Code    38  deca_device.o(i.dwt_write16bitoffsetreg)
    dwt_write32bitoffsetreg                  0x08002703   Thumb Code    48  deca_device.o(i.dwt_write32bitoffsetreg)
    dwt_writetodevice                        0x08002733   Thumb Code   104  deca_device.o(i.dwt_writetodevice)
    dwt_writetxdata                          0x0800279b   Thumb Code    38  deca_device.o(i.dwt_writetxdata)
    dwt_writetxfctrl                         0x080027c1   Thumb Code    30  deca_device.o(i.dwt_writetxfctrl)
    dwt_xtaltrim                             0x080027e5   Thumb Code    52  deca_device.o(i.dwt_xtaltrim)
    main                                     0x08002891   Thumb Code    92  main.o(i.main)
    portGetTickCnt                           0x080028f1   Thumb Code     6  dwm1000_port.o(i.portGetTickCnt)
    readfromspi_serial                       0x080028fd   Thumb Code   118  deca_spi.o(i.readfromspi_serial)
    sqrt                                     0x0800297d   Thumb Code    76  sqrt.o(i.sqrt)
    writetospi_serial                        0x080029c9   Thumb Code   116  deca_spi.o(i.writetospi_serial)
    chan_idx                                 0x08002a44   Data           8  deca_params_init.o(.constdata)
    tx_config                                0x08002a4c   Data          24  deca_params_init.o(.constdata)
    pll2_config                              0x08002a64   Data          30  deca_params_init.o(.constdata)
    rx_config                                0x08002a82   Data           2  deca_params_init.o(.constdata)
    agc_config                               0x08002a84   Data           8  deca_params_init.o(.constdata)
    dwnsSFDlen                               0x08002a8c   Data           3  deca_params_init.o(.constdata)
    sftsh                                    0x08002a90   Data          12  deca_params_init.o(.constdata)
    dtune1                                   0x08002a9c   Data           4  deca_params_init.o(.constdata)
    digital_bb_config                        0x08002aa0   Data          32  deca_params_init.o(.constdata)
    lde_replicaCoeff                         0x08002ac0   Data          50  deca_params_init.o(.constdata)
    Region$$Table$$Base                      0x08002af4   Number         0  anon$$obj.o(Region$$Table)
    Region$$Table$$Limit                     0x08002b14   Number         0  anon$$obj.o(Region$$Table)
    config                                   0x20000014   Data          11  main.o(.data)
    time32_incr                              0x20000028   Data           4  dwm1000_port.o(.data)
    RCC_Clocks                               0x20000118   Data          20  port.o(.bss)
    __initial_sp                             0x20000598   Data           0  startup_stm32f10x_md.o(STACK)



==============================================================================

Memory Map of the image

  Image Entry point : 0x080000ed

  Load Region LR_IROM1 (Base: 0x08000000, Size: 0x00002c2c, Max: 0x00010000, ABSOLUTE)

    Execution Region ER_IROM1 (Base: 0x08000000, Size: 0x00002b14, Max: 0x00010000, ABSOLUTE)

    Base Addr    Size         Type   Attr      Idx    E Section Name        Object

    0x08000000   0x000000ec   Data   RO            3    RESET               startup_stm32f10x_md.o
    0x080000ec   0x00000000   Code   RO         2772  * .ARM.Collect$$$$00000000  mc_w.l(entry.o)
    0x080000ec   0x00000004   Code   RO         2803    .ARM.Collect$$$$00000001  mc_w.l(entry2.o)
    0x080000f0   0x00000004   Code   RO         2806    .ARM.Collect$$$$00000004  mc_w.l(entry5.o)
    0x080000f4   0x00000000   Code   RO         2808    .ARM.Collect$$$$00000008  mc_w.l(entry7b.o)
    0x080000f4   0x00000000   Code   RO         2810    .ARM.Collect$$$$0000000A  mc_w.l(entry8b.o)
    0x080000f4   0x00000008   Code   RO         2811    .ARM.Collect$$$$0000000B  mc_w.l(entry9a.o)
    0x080000fc   0x00000000   Code   RO         2813    .ARM.Collect$$$$0000000D  mc_w.l(entry10a.o)
    0x080000fc   0x00000000   Code   RO         2815    .ARM.Collect$$$$0000000F  mc_w.l(entry11a.o)
    0x080000fc   0x00000004   Code   RO         2804    .ARM.Collect$$$$00002712  mc_w.l(entry2.o)
    0x08000100   0x00000024   Code   RO            4    .text               startup_stm32f10x_md.o
    0x08000124   0x0000001a   Code   RO         2775    .text               mc_w.l(memcmp.o)
    0x0800013e   0x0000014e   Code   RO         2777    .text               mf_w.l(dadd.o)
    0x0800028c   0x000000e4   Code   RO         2779    .text               mf_w.l(dmul.o)
    0x08000370   0x000000de   Code   RO         2781    .text               mf_w.l(ddiv.o)
    0x0800044e   0x00000022   Code   RO         2785    .text               mf_w.l(dflti.o)
    0x08000470   0x0000001a   Code   RO         2787    .text               mf_w.l(dfltui.o)
    0x0800048a   0x00000028   Code   RO         2789    .text               mf_w.l(dfltl.o)
    0x080004b2   0x0000003e   Code   RO         2791    .text               mf_w.l(dfixi.o)
    0x080004f0   0x00000032   Code   RO         2793    .text               mf_w.l(dfixui.o)
    0x08000522   0x0000004a   Code   RO         2795    .text               mf_w.l(dfixl.o)
    0x0800056c   0x00000030   Code   RO         2799    .text               mf_w.l(cdcmple.o)
    0x0800059c   0x00000030   Code   RO         2801    .text               mf_w.l(cdrcmple.o)
    0x080005cc   0x0000001e   Code   RO         2817    .text               mc_w.l(llshl.o)
    0x080005ea   0x00000020   Code   RO         2819    .text               mc_w.l(llushr.o)
    0x0800060a   0x00000024   Code   RO         2821    .text               mc_w.l(llsshr.o)
    0x0800062e   0x00000000   Code   RO         2830    .text               mc_w.l(iusefp.o)
    0x0800062e   0x000000ba   Code   RO         2833    .text               mf_w.l(depilogue.o)
    0x080006e8   0x000000a2   Code   RO         2835    .text               mf_w.l(dsqrt.o)
    0x0800078a   0x00000002   PAD
    0x0800078c   0x00000024   Code   RO         2837    .text               mc_w.l(init.o)
    0x080007b0   0x000000ec   Code   RO         2626    i.Brd_Msg           initiator.o
    0x0800089c   0x00000004   Code   RO         1868    i.BusFault_Handler  stm32f10x_it.o
    0x080008a0   0x00000002   Code   RO         1869    i.DebugMon_Handler  stm32f10x_it.o
    0x080008a2   0x00000002   PAD
    0x080008a4   0x00000018   Code   RO         1775    i.Delay             port.o
    0x080008bc   0x00000068   Code   RO         2546    i.Dwm1000_Init      dwm1000_port.o
    0x08000924   0x0000001c   Code   RO         2547    i.EXTI_GetITEnStatus  dwm1000_port.o
    0x08000940   0x00000094   Code   RO          155    i.EXTI_Init         stm32f10x_exti.o
    0x080009d4   0x00000002   Code   RO         1776    i.EXTI_init         port.o
    0x080009d6   0x00000002   PAD
    0x080009d8   0x0000001c   Code   RO          228    i.FLASH_PrefetchBufferCmd  stm32f10x_flash.o
    0x080009f4   0x00000018   Code   RO          233    i.FLASH_SetLatency  stm32f10x_flash.o
    0x08000a0c   0x0000039c   Code   RO         2740    i.FourCarsLocalization  fourcarsonetoone.o
    0x08000da8   0x00000040   Code   RO          396    i.GPIO_EXTILineConfig  stm32f10x_gpio.o
    0x08000de8   0x00000116   Code   RO          399    i.GPIO_Init         stm32f10x_gpio.o
    0x08000efe   0x00000004   Code   RO          406    i.GPIO_ResetBits    stm32f10x_gpio.o
    0x08000f02   0x00000004   Code   RO          407    i.GPIO_SetBits      stm32f10x_gpio.o
    0x08000f06   0x00000002   PAD
    0x08000f08   0x00000024   Code   RO         1777    i.GPIO_init         port.o
    0x08000f2c   0x00000004   Code   RO         1870    i.HardFault_Handler  stm32f10x_it.o
    0x08000f30   0x00000004   Code   RO         1871    i.MemManage_Handler  stm32f10x_it.o
    0x08000f34   0x00000002   Code   RO         1872    i.NMI_Handler       stm32f10x_it.o
    0x08000f36   0x00000002   PAD
    0x08000f38   0x00000070   Code   RO           12    i.NVIC_Init         misc.o
    0x08000fa8   0x00000014   Code   RO           13    i.NVIC_PriorityGroupConfig  misc.o
    0x08000fbc   0x00000028   Code   RO         1779    i.NVIC_SetPriority  port.o
    0x08000fe4   0x0000000c   Code   RO         1780    i.NVIC_init         port.o
    0x08000ff0   0x00000018   Code   RO         1781    i.Our_Sys_Init      port.o
    0x08001008   0x00000002   Code   RO         1873    i.PendSV_Handler    stm32f10x_it.o
    0x0800100a   0x00000008   Code   RO         1782    i.Periph_init       port.o
    0x08001012   0x00000002   PAD
    0x08001014   0x00000018   Code   RO          515    i.RCC_ADCCLKConfig  stm32f10x_rcc.o
    0x0800102c   0x00000020   Code   RO          517    i.RCC_APB1PeriphClockCmd  stm32f10x_rcc.o
    0x0800104c   0x00000020   Code   RO          518    i.RCC_APB1PeriphResetCmd  stm32f10x_rcc.o
    0x0800106c   0x00000020   Code   RO          519    i.RCC_APB2PeriphClockCmd  stm32f10x_rcc.o
    0x0800108c   0x00000020   Code   RO          520    i.RCC_APB2PeriphResetCmd  stm32f10x_rcc.o
    0x080010ac   0x0000004c   Code   RO          526    i.RCC_DeInit        stm32f10x_rcc.o
    0x080010f8   0x000000dc   Code   RO          527    i.RCC_GetClocksFreq  stm32f10x_rcc.o
    0x080011d4   0x0000003c   Code   RO          528    i.RCC_GetFlagStatus  stm32f10x_rcc.o
    0x08001210   0x00000010   Code   RO          530    i.RCC_GetSYSCLKSource  stm32f10x_rcc.o
    0x08001220   0x00000018   Code   RO          531    i.RCC_HCLKConfig    stm32f10x_rcc.o
    0x08001238   0x0000004c   Code   RO          532    i.RCC_HSEConfig     stm32f10x_rcc.o
    0x08001284   0x00000018   Code   RO          538    i.RCC_PCLK1Config   stm32f10x_rcc.o
    0x0800129c   0x00000018   Code   RO          539    i.RCC_PCLK2Config   stm32f10x_rcc.o
    0x080012b4   0x0000000c   Code   RO          540    i.RCC_PLLCmd        stm32f10x_rcc.o
    0x080012c0   0x0000001c   Code   RO          541    i.RCC_PLLConfig     stm32f10x_rcc.o
    0x080012dc   0x00000018   Code   RO          544    i.RCC_SYSCLKConfig  stm32f10x_rcc.o
    0x080012f4   0x00000038   Code   RO          546    i.RCC_WaitForHSEStartUp  stm32f10x_rcc.o
    0x0800132c   0x00000084   Code   RO         1783    i.RCC_init          port.o
    0x080013b0   0x0000004c   Code   RO         2548    i.RESET_DW1000      dwm1000_port.o
    0x080013fc   0x00000158   Code   RO         2670    i.Receive_BrdMsg    receptor.o
    0x08001554   0x000002e0   Code   RO         2671    i.Receptor_Ranging  receptor.o
    0x08001834   0x000000b4   Code   RO         2549    i.SPI1_DW1000_Configuration  dwm1000_port.o
    0x080018e8   0x00000018   Code   RO          728    i.SPI_Cmd           stm32f10x_spi.o
    0x08001900   0x0000001c   Code   RO         2550    i.SPI_DW1000_ChangeRate  dwm1000_port.o
    0x0800191c   0x0000000a   Code   RO         2552    i.SPI_DW1000_set_rate_high  dwm1000_port.o
    0x08001926   0x0000000a   Code   RO         2553    i.SPI_DW1000_set_rate_low  dwm1000_port.o
    0x08001930   0x00000058   Code   RO          735    i.SPI_I2S_DeInit    stm32f10x_spi.o
    0x08001988   0x0000003c   Code   RO          741    i.SPI_Init          stm32f10x_spi.o
    0x080019c4   0x00000018   Code   RO          743    i.SPI_SSOutputCmd   stm32f10x_spi.o
    0x080019dc   0x00000002   Code   RO         1874    i.SVC_Handler       stm32f10x_it.o
    0x080019de   0x00000008   Code   RO         1939    i.SetSysClock       system_stm32f10x.o
    0x080019e6   0x00000002   PAD
    0x080019e8   0x000000e0   Code   RO         1940    i.SetSysClockTo72   system_stm32f10x.o
    0x08001ac8   0x0000000c   Code   RO         1875    i.SysTick_Handler   stm32f10x_it.o
    0x08001ad4   0x00000060   Code   RO         1942    i.SystemInit        system_stm32f10x.o
    0x08001b34   0x00000050   Code   RO         1785    i.Systick_init      port.o
    0x08001b84   0x0000001c   Code   RO         2554    i.Time32_DW_Incr    dwm1000_port.o
    0x08001ba0   0x0000002c   Code   RO         1786    i.TimingDelay_Decrement  port.o
    0x08001bcc   0x00000090   Code   RO         2717    i.USART2_INTERFACE_Configuration  usart2.o
    0x08001c5c   0x00000018   Code   RO         1435    i.USART_Cmd         stm32f10x_usart.o
    0x08001c74   0x000000d8   Code   RO         1442    i.USART_Init        stm32f10x_usart.o
    0x08001d4c   0x00000004   Code   RO         1876    i.UsageFault_Handler  stm32f10x_it.o
    0x08001d50   0x0000000e   Code   RO         2841    i.__scatterload_copy  mc_w.l(handlers.o)
    0x08001d5e   0x00000002   Code   RO         2842    i.__scatterload_null  mc_w.l(handlers.o)
    0x08001d60   0x0000000e   Code   RO         2843    i.__scatterload_zeroinit  mc_w.l(handlers.o)
    0x08001d6e   0x00000002   PAD
    0x08001d70   0x0000000c   Code   RO         2825    i.__set_errno       mc_w.l(errno.o)
    0x08001d7c   0x00000038   Code   RO         1983    i._dwt_configlde    deca_device.o
    0x08001db4   0x000000e4   Code   RO         1985    i._dwt_enableclocks  deca_device.o
    0x08001e98   0x00000034   Code   RO         1986    i._dwt_loaducodefromrom  deca_device.o
    0x08001ecc   0x0000004e   Code   RO         1988    i._dwt_otpread      deca_device.o
    0x08001f1a   0x00000018   Code   RO         1702    i.deca_sleep        deca_sleep.o
    0x08001f32   0x0000001c   Code   RO         1669    i.decamutexoff      deca_mutex.o
    0x08001f4e   0x00000002   PAD
    0x08001f50   0x00000028   Code   RO         1670    i.decamutexon       deca_mutex.o
    0x08001f78   0x00000248   Code   RO         1996    i.dwt_configure     deca_device.o
    0x080021c0   0x00000040   Code   RO         2001    i.dwt_enableframefilter  deca_device.o
    0x08002200   0x00000026   Code   RO         2003    i.dwt_entersleepaftertx  deca_device.o
    0x08002226   0x00000002   PAD
    0x08002228   0x0000005c   Code   RO         2004    i.dwt_forcetrxoff   deca_device.o
    0x08002284   0x0000010c   Code   RO         2008    i.dwt_initialise    deca_device.o
    0x08002390   0x0000002c   Code   RO         2014    i.dwt_read16bitoffsetreg  deca_device.o
    0x080023bc   0x00000038   Code   RO         2015    i.dwt_read32bitoffsetreg  deca_device.o
    0x080023f4   0x0000000c   Code   RO         2017    i.dwt_readdevid     deca_device.o
    0x08002400   0x00000064   Code   RO         2020    i.dwt_readfromdevice  deca_device.o
    0x08002464   0x00000016   Code   RO         2021    i.dwt_readrxdata    deca_device.o
    0x0800247a   0x00000012   Code   RO         2022    i.dwt_readrxtimestamp  deca_device.o
    0x0800248c   0x00000012   Code   RO         2028    i.dwt_readtxtimestamp  deca_device.o
    0x0800249e   0x00000054   Code   RO         2033    i.dwt_rxenable      deca_device.o
    0x080024f2   0x0000002a   Code   RO         2035    i.dwt_setGPIOdirection  deca_device.o
    0x0800251c   0x0000002a   Code   RO         2037    i.dwt_setGPIOvalue  deca_device.o
    0x08002546   0x00000010   Code   RO         2042    i.dwt_setdelayedtrxtime  deca_device.o
    0x08002556   0x00000024   Code   RO         2048    i.dwt_setrxaftertxdelay  deca_device.o
    0x0800257a   0x00000012   Code   RO         2049    i.dwt_setrxantennadelay  deca_device.o
    0x0800258c   0x0000006c   Code   RO         2051    i.dwt_setrxtimeout  deca_device.o
    0x080025f8   0x00000010   Code   RO         2053    i.dwt_settxantennadelay  deca_device.o
    0x08002608   0x0000009c   Code   RO         2056    i.dwt_starttx       deca_device.o
    0x080026a4   0x00000038   Code   RO         2057    i.dwt_syncrxbufptrs  deca_device.o
    0x080026dc   0x00000026   Code   RO         2058    i.dwt_write16bitoffsetreg  deca_device.o
    0x08002702   0x00000030   Code   RO         2059    i.dwt_write32bitoffsetreg  deca_device.o
    0x08002732   0x00000068   Code   RO         2060    i.dwt_writetodevice  deca_device.o
    0x0800279a   0x00000026   Code   RO         2061    i.dwt_writetxdata   deca_device.o
    0x080027c0   0x00000024   Code   RO         2062    i.dwt_writetxfctrl  deca_device.o
    0x080027e4   0x00000034   Code   RO         2063    i.dwt_xtaltrim      deca_device.o
    0x08002818   0x00000020   Code   RO         2672    i.final_msg_get_ts  receptor.o
    0x08002838   0x0000002c   Code   RO         2673    i.get_rx_timestamp_u64  receptor.o
    0x08002864   0x0000002c   Code   RO         2674    i.get_tx_timestamp_u64  receptor.o
    0x08002890   0x00000060   Code   RO         1619    i.main              main.o
    0x080028f0   0x0000000c   Code   RO         2555    i.portGetTickCnt    dwm1000_port.o
    0x080028fc   0x00000080   Code   RO         1727    i.readfromspi_serial  deca_spi.o
    0x0800297c   0x0000004c   Code   RO         2765    i.sqrt              m_ws.l(sqrt.o)
    0x080029c8   0x0000007c   Code   RO         1728    i.writetospi_serial  deca_spi.o
    0x08002a44   0x000000ae   Data   RO         2503    .constdata          deca_params_init.o
    0x08002af2   0x00000002   PAD
    0x08002af4   0x00000020   Data   RO         2839    Region$$Table       anon$$obj.o


    Execution Region RW_IRAM1 (Base: 0x20000000, Size: 0x00000598, Max: 0x00005000, ABSOLUTE)

    Base Addr    Size         Type   Attr      Idx    E Section Name        Object

    0x20000000   0x00000014   Data   RW          547    .data               stm32f10x_rcc.o
    0x20000014   0x0000000b   Data   RW         1620    .data               main.o
    0x2000001f   0x00000001   PAD
    0x20000020   0x00000008   Data   RW         1788    .data               port.o
    0x20000028   0x00000004   Data   RW         2556    .data               dwm1000_port.o
    0x2000002c   0x00000004   PAD
    0x20000030   0x00000045   Data   RW         2632    .data               initiator.o
    0x20000075   0x00000003   PAD
    0x20000078   0x00000043   Data   RW         2676    .data               receptor.o
    0x200000bb   0x00000005   PAD
    0x200000c0   0x00000053   Data   RW         2741    .data               fourcarsonetoone.o
    0x20000113   0x00000001   PAD
    0x20000114   0x00000004   Data   RW         2826    .data               mc_w.l(errno.o)
    0x20000118   0x00000014   Zero   RW         1787    .bss                port.o
    0x2000012c   0x0000003c   Zero   RW         2064    .bss                deca_device.o
    0x20000168   0x00000014   Zero   RW         2631    .bss                initiator.o
    0x2000017c   0x00000018   Zero   RW         2675    .bss                receptor.o
    0x20000194   0x00000004   PAD
    0x20000198   0x00000400   Zero   RW            1    STACK               startup_stm32f10x_md.o


==============================================================================

Image component sizes


      Code (inc. data)   RO Data    RW Data    ZI Data      Debug   Object Name

      2620        102          0          0         60      23961   deca_device.o
        68          6          0          0          0      23092   deca_mutex.o
         0          0        174          0          0       1745   deca_params_init.o
        24          0          0          0          0        525   deca_sleep.o
       252         18          0          0          0       5473   deca_spi.o
       476         40          0          4          0       4812   dwm1000_port.o
       924         74          0         83          0       1799   fourcarsonetoone.o
       236         26          0         69         20       1902   initiator.o
        96          4          0         11          0       3852   main.o
       132         22          0          0          0     241703   misc.o
       402         36          0          8         20      27003   port.o
      1200         94          0         67         24       4916   receptor.o
        36          8        236          0       1024        792   startup_stm32f10x_md.o
       148          6          0          0          0        988   stm32f10x_exti.o
        52         12          0          0          0       1089   stm32f10x_flash.o
       350          4          0          0          0       3650   stm32f10x_gpio.o
        36          0          0          0          0       3770   stm32f10x_it.o
       792        118          0         20          0      12151   stm32f10x_rcc.o
       196         12          0          0          0       3252   stm32f10x_spi.o
       240          6          0          0          0       2837   stm32f10x_usart.o
       328         28          0          0          0       1821   system_stm32f10x.o
       144          8          0          0          0        701   usart2.o

    ----------------------------------------------------------------------
      8768        624        444        276       1152     371834   Object Totals
         0          0         32          0          0          0   (incl. Generated)
        16          0          2         14          4          0   (incl. Padding)

    ----------------------------------------------------------------------

      Code (inc. data)   RO Data    RW Data    ZI Data      Debug   Library Member Name

        76          0          0          0          0         84   sqrt.o
         0          0          0          0          0          0   entry.o
         0          0          0          0          0          0   entry10a.o
         0          0          0          0          0          0   entry11a.o
         8          4          0          0          0          0   entry2.o
         4          0          0          0          0          0   entry5.o
         0          0          0          0          0          0   entry7b.o
         0          0          0          0          0          0   entry8b.o
         8          4          0          0          0          0   entry9a.o
        12          6          0          4          0         68   errno.o
        30          0          0          0          0          0   handlers.o
        36          8          0          0          0         68   init.o
         0          0          0          0          0          0   iusefp.o
        30          0          0          0          0         68   llshl.o
        36          0          0          0          0         68   llsshr.o
        32          0          0          0          0         68   llushr.o
        26          0          0          0          0         80   memcmp.o
        48          0          0          0          0         68   cdcmple.o
        48          0          0          0          0         68   cdrcmple.o
       334          0          0          0          0        148   dadd.o
       222          0          0          0          0        100   ddiv.o
       186          0          0          0          0        176   depilogue.o
        62          0          0          0          0         80   dfixi.o
        74          0          0          0          0         80   dfixl.o
        50          0          0          0          0         76   dfixui.o
        34          0          0          0          0         76   dflti.o
        40          0          0          0          0         80   dfltl.o
        26          0          0          0          0         76   dfltui.o
       228          0          0          0          0         96   dmul.o
       162          0          0          0          0        100   dsqrt.o

    ----------------------------------------------------------------------
      1816         22          0          4          0       1728   Library Totals
         4          0          0          0          0          0   (incl. Padding)

    ----------------------------------------------------------------------

      Code (inc. data)   RO Data    RW Data    ZI Data      Debug   Library Name

        76          0          0          0          0         84   m_ws.l
       222         22          0          4          0        420   mc_w.l
      1514          0          0          0          0       1224   mf_w.l

    ----------------------------------------------------------------------
      1816         22          0          4          0       1728   Library Totals

    ----------------------------------------------------------------------

==============================================================================


      Code (inc. data)   RO Data    RW Data    ZI Data      Debug   

     10584        646        444        280       1152     367422   Grand Totals
     10584        646        444        280       1152     367422   ELF Image Totals
     10584        646        444        280          0          0   ROM Totals

==============================================================================

    Total RO  Size (Code + RO Data)                11028 (  10.77kB)
    Total RW  Size (RW Data + ZI Data)              1432 (   1.40kB)
    Total ROM Size (Code + RO Data + RW Data)      11308 (  11.04kB)

==============================================================================

