<!doctype html public "-//w3c//dtd html 4.0 transitional//en">
<html><head>
<title>Static Call Graph - [.\OutPuts\project.axf]</title></head>
<body><HR>
<H1>Static Call Graph for image .\OutPuts\project.axf</H1><HR>
<BR><P>#&#060CALLGRAPH&#062# ARM Linker, 5050106: Last Updated: Thu Jul 28 07:33:33 2016
<BR><P>
<H3>Maximum Stack Usage =        208 bytes + Unknown(Functions without stacksize, Cycles, Untraceable Function Pointers)</H3><H3>
Call chain for Maximum Stack Depth:</H3>
__rt_entry_main &rArr; main &rArr; Receptor_Communication_From_One &rArr; dwt_starttx &rArr; dwt_entersleepaftertx &rArr; dwt_write32bitoffsetreg &rArr; dwt_writetodevice &rArr; writetospi_serial &rArr; decamutexon
<P>
<H3>
Functions with no stack information
</H3><UL>
 <LI><a href="#[f3]">__user_initial_stackheap</a>
</UL>
</UL>
<P>
<H3>
Mutually Recursive functions
</H3> <LI><a href="#[1f]">ADC1_2_IRQHandler</a>&nbsp;&nbsp;&nbsp;&rArr;&nbsp;&nbsp;&nbsp;<a href="#[1f]">ADC1_2_IRQHandler</a><BR>
</UL>
<P>
<H3>
Function Pointers
</H3><UL>
 <LI><a href="#[1f]">ADC1_2_IRQHandler</a> from startup_stm32f10x_md.o(.text) referenced from startup_stm32f10x_md.o(RESET)
 <LI><a href="#[7]">BusFault_Handler</a> from stm32f10x_it.o(.text) referenced from startup_stm32f10x_md.o(RESET)
 <LI><a href="#[22]">CAN1_RX1_IRQHandler</a> from startup_stm32f10x_md.o(.text) referenced from startup_stm32f10x_md.o(RESET)
 <LI><a href="#[23]">CAN1_SCE_IRQHandler</a> from startup_stm32f10x_md.o(.text) referenced from startup_stm32f10x_md.o(RESET)
 <LI><a href="#[18]">DMA1_Channel1_IRQHandler</a> from startup_stm32f10x_md.o(.text) referenced from startup_stm32f10x_md.o(RESET)
 <LI><a href="#[19]">DMA1_Channel2_IRQHandler</a> from startup_stm32f10x_md.o(.text) referenced from startup_stm32f10x_md.o(RESET)
 <LI><a href="#[1a]">DMA1_Channel3_IRQHandler</a> from startup_stm32f10x_md.o(.text) referenced from startup_stm32f10x_md.o(RESET)
 <LI><a href="#[1b]">DMA1_Channel4_IRQHandler</a> from startup_stm32f10x_md.o(.text) referenced from startup_stm32f10x_md.o(RESET)
 <LI><a href="#[1c]">DMA1_Channel5_IRQHandler</a> from startup_stm32f10x_md.o(.text) referenced from startup_stm32f10x_md.o(RESET)
 <LI><a href="#[1d]">DMA1_Channel6_IRQHandler</a> from startup_stm32f10x_md.o(.text) referenced from startup_stm32f10x_md.o(RESET)
 <LI><a href="#[1e]">DMA1_Channel7_IRQHandler</a> from startup_stm32f10x_md.o(.text) referenced from startup_stm32f10x_md.o(RESET)
 <LI><a href="#[a]">DebugMon_Handler</a> from stm32f10x_it.o(.text) referenced from startup_stm32f10x_md.o(RESET)
 <LI><a href="#[13]">EXTI0_IRQHandler</a> from startup_stm32f10x_md.o(.text) referenced from startup_stm32f10x_md.o(RESET)
 <LI><a href="#[35]">EXTI15_10_IRQHandler</a> from startup_stm32f10x_md.o(.text) referenced from startup_stm32f10x_md.o(RESET)
 <LI><a href="#[14]">EXTI1_IRQHandler</a> from startup_stm32f10x_md.o(.text) referenced from startup_stm32f10x_md.o(RESET)
 <LI><a href="#[15]">EXTI2_IRQHandler</a> from startup_stm32f10x_md.o(.text) referenced from startup_stm32f10x_md.o(RESET)
 <LI><a href="#[16]">EXTI3_IRQHandler</a> from startup_stm32f10x_md.o(.text) referenced from startup_stm32f10x_md.o(RESET)
 <LI><a href="#[17]">EXTI4_IRQHandler</a> from startup_stm32f10x_md.o(.text) referenced from startup_stm32f10x_md.o(RESET)
 <LI><a href="#[24]">EXTI9_5_IRQHandler</a> from startup_stm32f10x_md.o(.text) referenced from startup_stm32f10x_md.o(RESET)
 <LI><a href="#[11]">FLASH_IRQHandler</a> from startup_stm32f10x_md.o(.text) referenced from startup_stm32f10x_md.o(RESET)
 <LI><a href="#[5]">HardFault_Handler</a> from stm32f10x_it.o(.text) referenced from startup_stm32f10x_md.o(RESET)
 <LI><a href="#[2d]">I2C1_ER_IRQHandler</a> from startup_stm32f10x_md.o(.text) referenced from startup_stm32f10x_md.o(RESET)
 <LI><a href="#[2c]">I2C1_EV_IRQHandler</a> from startup_stm32f10x_md.o(.text) referenced from startup_stm32f10x_md.o(RESET)
 <LI><a href="#[2f]">I2C2_ER_IRQHandler</a> from startup_stm32f10x_md.o(.text) referenced from startup_stm32f10x_md.o(RESET)
 <LI><a href="#[2e]">I2C2_EV_IRQHandler</a> from startup_stm32f10x_md.o(.text) referenced from startup_stm32f10x_md.o(RESET)
 <LI><a href="#[6]">MemManage_Handler</a> from stm32f10x_it.o(.text) referenced from startup_stm32f10x_md.o(RESET)
 <LI><a href="#[4]">NMI_Handler</a> from stm32f10x_it.o(.text) referenced from startup_stm32f10x_md.o(RESET)
 <LI><a href="#[e]">PVD_IRQHandler</a> from startup_stm32f10x_md.o(.text) referenced from startup_stm32f10x_md.o(RESET)
 <LI><a href="#[b]">PendSV_Handler</a> from stm32f10x_it.o(.text) referenced from startup_stm32f10x_md.o(RESET)
 <LI><a href="#[12]">RCC_IRQHandler</a> from startup_stm32f10x_md.o(.text) referenced from startup_stm32f10x_md.o(RESET)
 <LI><a href="#[36]">RTCAlarm_IRQHandler</a> from startup_stm32f10x_md.o(.text) referenced from startup_stm32f10x_md.o(RESET)
 <LI><a href="#[10]">RTC_IRQHandler</a> from startup_stm32f10x_md.o(.text) referenced from startup_stm32f10x_md.o(RESET)
 <LI><a href="#[3]">Reset_Handler</a> from startup_stm32f10x_md.o(.text) referenced from startup_stm32f10x_md.o(RESET)
 <LI><a href="#[30]">SPI1_IRQHandler</a> from startup_stm32f10x_md.o(.text) referenced from startup_stm32f10x_md.o(RESET)
 <LI><a href="#[31]">SPI2_IRQHandler</a> from startup_stm32f10x_md.o(.text) referenced from startup_stm32f10x_md.o(RESET)
 <LI><a href="#[9]">SVC_Handler</a> from stm32f10x_it.o(.text) referenced from startup_stm32f10x_md.o(RESET)
 <LI><a href="#[c]">SysTick_Handler</a> from stm32f10x_it.o(.text) referenced from startup_stm32f10x_md.o(RESET)
 <LI><a href="#[38]">SystemInit</a> from system_stm32f10x.o(.text) referenced from startup_stm32f10x_md.o(.text)
 <LI><a href="#[f]">TAMPER_IRQHandler</a> from startup_stm32f10x_md.o(.text) referenced from startup_stm32f10x_md.o(RESET)
 <LI><a href="#[25]">TIM1_BRK_IRQHandler</a> from startup_stm32f10x_md.o(.text) referenced from startup_stm32f10x_md.o(RESET)
 <LI><a href="#[28]">TIM1_CC_IRQHandler</a> from startup_stm32f10x_md.o(.text) referenced from startup_stm32f10x_md.o(RESET)
 <LI><a href="#[27]">TIM1_TRG_COM_IRQHandler</a> from startup_stm32f10x_md.o(.text) referenced from startup_stm32f10x_md.o(RESET)
 <LI><a href="#[26]">TIM1_UP_IRQHandler</a> from startup_stm32f10x_md.o(.text) referenced from startup_stm32f10x_md.o(RESET)
 <LI><a href="#[29]">TIM2_IRQHandler</a> from startup_stm32f10x_md.o(.text) referenced from startup_stm32f10x_md.o(RESET)
 <LI><a href="#[2a]">TIM3_IRQHandler</a> from startup_stm32f10x_md.o(.text) referenced from startup_stm32f10x_md.o(RESET)
 <LI><a href="#[2b]">TIM4_IRQHandler</a> from startup_stm32f10x_md.o(.text) referenced from startup_stm32f10x_md.o(RESET)
 <LI><a href="#[32]">USART1_IRQHandler</a> from startup_stm32f10x_md.o(.text) referenced from startup_stm32f10x_md.o(RESET)
 <LI><a href="#[33]">USART2_IRQHandler</a> from startup_stm32f10x_md.o(.text) referenced from startup_stm32f10x_md.o(RESET)
 <LI><a href="#[34]">USART3_IRQHandler</a> from startup_stm32f10x_md.o(.text) referenced from startup_stm32f10x_md.o(RESET)
 <LI><a href="#[37]">USBWakeUp_IRQHandler</a> from startup_stm32f10x_md.o(.text) referenced from startup_stm32f10x_md.o(RESET)
 <LI><a href="#[20]">USB_HP_CAN1_TX_IRQHandler</a> from startup_stm32f10x_md.o(.text) referenced from startup_stm32f10x_md.o(RESET)
 <LI><a href="#[21]">USB_LP_CAN1_RX0_IRQHandler</a> from startup_stm32f10x_md.o(.text) referenced from startup_stm32f10x_md.o(RESET)
 <LI><a href="#[8]">UsageFault_Handler</a> from stm32f10x_it.o(.text) referenced from startup_stm32f10x_md.o(RESET)
 <LI><a href="#[d]">WWDG_IRQHandler</a> from startup_stm32f10x_md.o(.text) referenced from startup_stm32f10x_md.o(RESET)
 <LI><a href="#[3a]">__main</a> from __main.o(!!!main) referenced from startup_stm32f10x_md.o(.text)
</UL>
<P>
<H3>
Global Symbols
</H3>
<P><STRONG><a name="[3a]"></a>__main</STRONG> (Thumb, 8 bytes, Stack size 0 bytes, __main.o(!!!main))
<BR><BR>[Calls]<UL><LI><a href="#[3c]">&gt;&gt;</a>&nbsp;&nbsp;&nbsp;__rt_entry
<LI><a href="#[3b]">&gt;&gt;</a>&nbsp;&nbsp;&nbsp;__scatterload
</UL>

<P><STRONG><a name="[3b]"></a>__scatterload</STRONG> (Thumb, 0 bytes, Stack size unknown bytes, __scatter.o(!!!scatter))
<BR><BR>[Called By]<UL><LI><a href="#[3a]">&gt;&gt;</a>&nbsp;&nbsp;&nbsp;__main
</UL>

<P><STRONG><a name="[3d]"></a>__scatterload_rt2</STRONG> (Thumb, 44 bytes, Stack size unknown bytes, __scatter.o(!!!scatter), UNUSED)
<BR><BR>[Calls]<UL><LI><a href="#[3c]">&gt;&gt;</a>&nbsp;&nbsp;&nbsp;__rt_entry
</UL>

<P><STRONG><a name="[103]"></a>__scatterload_rt2_thumb_only</STRONG> (Thumb, 0 bytes, Stack size unknown bytes, __scatter.o(!!!scatter), UNUSED)

<P><STRONG><a name="[104]"></a>__scatterload_null</STRONG> (Thumb, 0 bytes, Stack size unknown bytes, __scatter.o(!!!scatter), UNUSED)

<P><STRONG><a name="[3e]"></a>__scatterload_copy</STRONG> (Thumb, 26 bytes, Stack size unknown bytes, __scatter_copy.o(!!handler_copy), UNUSED)
<BR><BR>[Calls]<UL><LI><a href="#[3e]">&gt;&gt;</a>&nbsp;&nbsp;&nbsp;__scatterload_copy
</UL>
<BR>[Called By]<UL><LI><a href="#[3e]">&gt;&gt;</a>&nbsp;&nbsp;&nbsp;__scatterload_copy
</UL>

<P><STRONG><a name="[105]"></a>__scatterload_zeroinit</STRONG> (Thumb, 28 bytes, Stack size unknown bytes, __scatter_zi.o(!!handler_zi), UNUSED)

<P><STRONG><a name="[42]"></a>__rt_lib_init</STRONG> (Thumb, 0 bytes, Stack size unknown bytes, libinit.o(.ARM.Collect$$libinit$$00000000))
<BR><BR>[Called By]<UL><LI><a href="#[41]">&gt;&gt;</a>&nbsp;&nbsp;&nbsp;__rt_entry_li
</UL>

<P><STRONG><a name="[106]"></a>__rt_lib_init_alloca_1</STRONG> (Thumb, 0 bytes, Stack size unknown bytes, libinit2.o(.ARM.Collect$$libinit$$0000002E))

<P><STRONG><a name="[107]"></a>__rt_lib_init_argv_1</STRONG> (Thumb, 0 bytes, Stack size unknown bytes, libinit2.o(.ARM.Collect$$libinit$$0000002C))

<P><STRONG><a name="[108]"></a>__rt_lib_init_atexit_1</STRONG> (Thumb, 0 bytes, Stack size unknown bytes, libinit2.o(.ARM.Collect$$libinit$$0000001B))

<P><STRONG><a name="[109]"></a>__rt_lib_init_clock_1</STRONG> (Thumb, 0 bytes, Stack size unknown bytes, libinit2.o(.ARM.Collect$$libinit$$00000021))

<P><STRONG><a name="[10a]"></a>__rt_lib_init_cpp_1</STRONG> (Thumb, 0 bytes, Stack size unknown bytes, libinit2.o(.ARM.Collect$$libinit$$00000032))

<P><STRONG><a name="[10b]"></a>__rt_lib_init_exceptions_1</STRONG> (Thumb, 0 bytes, Stack size unknown bytes, libinit2.o(.ARM.Collect$$libinit$$00000030))

<P><STRONG><a name="[10c]"></a>__rt_lib_init_fp_1</STRONG> (Thumb, 0 bytes, Stack size unknown bytes, libinit2.o(.ARM.Collect$$libinit$$00000002))

<P><STRONG><a name="[10d]"></a>__rt_lib_init_fp_trap_1</STRONG> (Thumb, 0 bytes, Stack size unknown bytes, libinit2.o(.ARM.Collect$$libinit$$0000001F))

<P><STRONG><a name="[10e]"></a>__rt_lib_init_getenv_1</STRONG> (Thumb, 0 bytes, Stack size unknown bytes, libinit2.o(.ARM.Collect$$libinit$$00000023))

<P><STRONG><a name="[10f]"></a>__rt_lib_init_heap_1</STRONG> (Thumb, 0 bytes, Stack size unknown bytes, libinit2.o(.ARM.Collect$$libinit$$0000000A))

<P><STRONG><a name="[110]"></a>__rt_lib_init_lc_collate_1</STRONG> (Thumb, 0 bytes, Stack size unknown bytes, libinit2.o(.ARM.Collect$$libinit$$00000011))

<P><STRONG><a name="[111]"></a>__rt_lib_init_lc_ctype_1</STRONG> (Thumb, 0 bytes, Stack size unknown bytes, libinit2.o(.ARM.Collect$$libinit$$00000013))

<P><STRONG><a name="[112]"></a>__rt_lib_init_lc_monetary_1</STRONG> (Thumb, 0 bytes, Stack size unknown bytes, libinit2.o(.ARM.Collect$$libinit$$00000015))

<P><STRONG><a name="[113]"></a>__rt_lib_init_lc_numeric_1</STRONG> (Thumb, 0 bytes, Stack size unknown bytes, libinit2.o(.ARM.Collect$$libinit$$00000017))

<P><STRONG><a name="[114]"></a>__rt_lib_init_lc_time_1</STRONG> (Thumb, 0 bytes, Stack size unknown bytes, libinit2.o(.ARM.Collect$$libinit$$00000019))

<P><STRONG><a name="[115]"></a>__rt_lib_init_preinit_1</STRONG> (Thumb, 0 bytes, Stack size unknown bytes, libinit2.o(.ARM.Collect$$libinit$$00000004))

<P><STRONG><a name="[116]"></a>__rt_lib_init_rand_1</STRONG> (Thumb, 0 bytes, Stack size unknown bytes, libinit2.o(.ARM.Collect$$libinit$$0000000E))

<P><STRONG><a name="[117]"></a>__rt_lib_init_return</STRONG> (Thumb, 0 bytes, Stack size unknown bytes, libinit2.o(.ARM.Collect$$libinit$$00000033))

<P><STRONG><a name="[118]"></a>__rt_lib_init_signal_1</STRONG> (Thumb, 0 bytes, Stack size unknown bytes, libinit2.o(.ARM.Collect$$libinit$$0000001D))

<P><STRONG><a name="[119]"></a>__rt_lib_init_stdio_1</STRONG> (Thumb, 0 bytes, Stack size unknown bytes, libinit2.o(.ARM.Collect$$libinit$$00000025))

<P><STRONG><a name="[11a]"></a>__rt_lib_init_user_alloc_1</STRONG> (Thumb, 0 bytes, Stack size unknown bytes, libinit2.o(.ARM.Collect$$libinit$$0000000C))

<P><STRONG><a name="[47]"></a>__rt_lib_shutdown</STRONG> (Thumb, 0 bytes, Stack size unknown bytes, libshutdown.o(.ARM.Collect$$libshutdown$$00000000))
<BR><BR>[Called By]<UL><LI><a href="#[46]">&gt;&gt;</a>&nbsp;&nbsp;&nbsp;__rt_exit_ls
</UL>

<P><STRONG><a name="[11b]"></a>__rt_lib_shutdown_fp_trap_1</STRONG> (Thumb, 0 bytes, Stack size unknown bytes, libshutdown2.o(.ARM.Collect$$libshutdown$$00000006))

<P><STRONG><a name="[11c]"></a>__rt_lib_shutdown_heap_1</STRONG> (Thumb, 0 bytes, Stack size unknown bytes, libshutdown2.o(.ARM.Collect$$libshutdown$$0000000E))

<P><STRONG><a name="[11d]"></a>__rt_lib_shutdown_return</STRONG> (Thumb, 0 bytes, Stack size unknown bytes, libshutdown2.o(.ARM.Collect$$libshutdown$$0000000F))

<P><STRONG><a name="[11e]"></a>__rt_lib_shutdown_signal_1</STRONG> (Thumb, 0 bytes, Stack size unknown bytes, libshutdown2.o(.ARM.Collect$$libshutdown$$00000009))

<P><STRONG><a name="[11f]"></a>__rt_lib_shutdown_stdio_1</STRONG> (Thumb, 0 bytes, Stack size unknown bytes, libshutdown2.o(.ARM.Collect$$libshutdown$$00000003))

<P><STRONG><a name="[120]"></a>__rt_lib_shutdown_user_alloc_1</STRONG> (Thumb, 0 bytes, Stack size unknown bytes, libshutdown2.o(.ARM.Collect$$libshutdown$$0000000B))

<P><STRONG><a name="[3c]"></a>__rt_entry</STRONG> (Thumb, 0 bytes, Stack size unknown bytes, __rtentry.o(.ARM.Collect$$rtentry$$00000000))
<BR><BR>[Called By]<UL><LI><a href="#[3a]">&gt;&gt;</a>&nbsp;&nbsp;&nbsp;__main
<LI><a href="#[3d]">&gt;&gt;</a>&nbsp;&nbsp;&nbsp;__scatterload_rt2
</UL>

<P><STRONG><a name="[121]"></a>__rt_entry_presh_1</STRONG> (Thumb, 0 bytes, Stack size unknown bytes, __rtentry2.o(.ARM.Collect$$rtentry$$00000002))

<P><STRONG><a name="[3f]"></a>__rt_entry_sh</STRONG> (Thumb, 0 bytes, Stack size unknown bytes, __rtentry4.o(.ARM.Collect$$rtentry$$00000004))
<BR><BR>[Stack]<UL><LI>Max Depth = 8 + Unknown Stack Size
<LI>Call Chain = __rt_entry_sh &rArr; __user_setup_stackheap
</UL>
<BR>[Calls]<UL><LI><a href="#[40]">&gt;&gt;</a>&nbsp;&nbsp;&nbsp;__user_setup_stackheap
</UL>

<P><STRONG><a name="[41]"></a>__rt_entry_li</STRONG> (Thumb, 0 bytes, Stack size unknown bytes, __rtentry2.o(.ARM.Collect$$rtentry$$0000000A))
<BR><BR>[Calls]<UL><LI><a href="#[42]">&gt;&gt;</a>&nbsp;&nbsp;&nbsp;__rt_lib_init
</UL>

<P><STRONG><a name="[122]"></a>__rt_entry_postsh_1</STRONG> (Thumb, 0 bytes, Stack size unknown bytes, __rtentry2.o(.ARM.Collect$$rtentry$$00000009))

<P><STRONG><a name="[43]"></a>__rt_entry_main</STRONG> (Thumb, 0 bytes, Stack size unknown bytes, __rtentry2.o(.ARM.Collect$$rtentry$$0000000D))
<BR><BR>[Stack]<UL><LI>Max Depth = 208 + Unknown Stack Size
<LI>Call Chain = __rt_entry_main &rArr; main &rArr; Receptor_Communication_From_One &rArr; dwt_starttx &rArr; dwt_entersleepaftertx &rArr; dwt_write32bitoffsetreg &rArr; dwt_writetodevice &rArr; writetospi_serial &rArr; decamutexon
</UL>
<BR>[Calls]<UL><LI><a href="#[44]">&gt;&gt;</a>&nbsp;&nbsp;&nbsp;main
<LI><a href="#[45]">&gt;&gt;</a>&nbsp;&nbsp;&nbsp;exit
</UL>

<P><STRONG><a name="[123]"></a>__rt_entry_postli_1</STRONG> (Thumb, 0 bytes, Stack size unknown bytes, __rtentry2.o(.ARM.Collect$$rtentry$$0000000C))

<P><STRONG><a name="[f4]"></a>__rt_exit</STRONG> (Thumb, 0 bytes, Stack size unknown bytes, rtexit.o(.ARM.Collect$$rtexit$$00000000))
<BR><BR>[Called By]<UL><LI><a href="#[45]">&gt;&gt;</a>&nbsp;&nbsp;&nbsp;exit
</UL>

<P><STRONG><a name="[46]"></a>__rt_exit_ls</STRONG> (Thumb, 0 bytes, Stack size unknown bytes, rtexit2.o(.ARM.Collect$$rtexit$$00000003))
<BR><BR>[Calls]<UL><LI><a href="#[47]">&gt;&gt;</a>&nbsp;&nbsp;&nbsp;__rt_lib_shutdown
</UL>

<P><STRONG><a name="[124]"></a>__rt_exit_prels_1</STRONG> (Thumb, 0 bytes, Stack size unknown bytes, rtexit2.o(.ARM.Collect$$rtexit$$00000002))

<P><STRONG><a name="[48]"></a>__rt_exit_exit</STRONG> (Thumb, 0 bytes, Stack size unknown bytes, rtexit2.o(.ARM.Collect$$rtexit$$00000004))
<BR><BR>[Calls]<UL><LI><a href="#[49]">&gt;&gt;</a>&nbsp;&nbsp;&nbsp;_sys_exit
</UL>

<P><STRONG><a name="[3]"></a>Reset_Handler</STRONG> (Thumb, 8 bytes, Stack size 0 bytes, startup_stm32f10x_md.o(.text))
<BR>[Address Reference Count : 1]<UL><LI> startup_stm32f10x_md.o(RESET)
</UL>
<P><STRONG><a name="[1f]"></a>ADC1_2_IRQHandler</STRONG> (Thumb, 0 bytes, Stack size 0 bytes, startup_stm32f10x_md.o(.text))
<BR><BR>[Calls]<UL><LI><a href="#[1f]">&gt;&gt;</a>&nbsp;&nbsp;&nbsp;ADC1_2_IRQHandler
</UL>
<BR>[Called By]<UL><LI><a href="#[1f]">&gt;&gt;</a>&nbsp;&nbsp;&nbsp;ADC1_2_IRQHandler
</UL>
<BR>[Address Reference Count : 1]<UL><LI> startup_stm32f10x_md.o(RESET)
</UL>
<P><STRONG><a name="[22]"></a>CAN1_RX1_IRQHandler</STRONG> (Thumb, 0 bytes, Stack size 0 bytes, startup_stm32f10x_md.o(.text))
<BR>[Address Reference Count : 1]<UL><LI> startup_stm32f10x_md.o(RESET)
</UL>
<P><STRONG><a name="[23]"></a>CAN1_SCE_IRQHandler</STRONG> (Thumb, 0 bytes, Stack size 0 bytes, startup_stm32f10x_md.o(.text))
<BR>[Address Reference Count : 1]<UL><LI> startup_stm32f10x_md.o(RESET)
</UL>
<P><STRONG><a name="[18]"></a>DMA1_Channel1_IRQHandler</STRONG> (Thumb, 0 bytes, Stack size 0 bytes, startup_stm32f10x_md.o(.text))
<BR>[Address Reference Count : 1]<UL><LI> startup_stm32f10x_md.o(RESET)
</UL>
<P><STRONG><a name="[19]"></a>DMA1_Channel2_IRQHandler</STRONG> (Thumb, 0 bytes, Stack size 0 bytes, startup_stm32f10x_md.o(.text))
<BR>[Address Reference Count : 1]<UL><LI> startup_stm32f10x_md.o(RESET)
</UL>
<P><STRONG><a name="[1a]"></a>DMA1_Channel3_IRQHandler</STRONG> (Thumb, 0 bytes, Stack size 0 bytes, startup_stm32f10x_md.o(.text))
<BR>[Address Reference Count : 1]<UL><LI> startup_stm32f10x_md.o(RESET)
</UL>
<P><STRONG><a name="[1b]"></a>DMA1_Channel4_IRQHandler</STRONG> (Thumb, 0 bytes, Stack size 0 bytes, startup_stm32f10x_md.o(.text))
<BR>[Address Reference Count : 1]<UL><LI> startup_stm32f10x_md.o(RESET)
</UL>
<P><STRONG><a name="[1c]"></a>DMA1_Channel5_IRQHandler</STRONG> (Thumb, 0 bytes, Stack size 0 bytes, startup_stm32f10x_md.o(.text))
<BR>[Address Reference Count : 1]<UL><LI> startup_stm32f10x_md.o(RESET)
</UL>
<P><STRONG><a name="[1d]"></a>DMA1_Channel6_IRQHandler</STRONG> (Thumb, 0 bytes, Stack size 0 bytes, startup_stm32f10x_md.o(.text))
<BR>[Address Reference Count : 1]<UL><LI> startup_stm32f10x_md.o(RESET)
</UL>
<P><STRONG><a name="[1e]"></a>DMA1_Channel7_IRQHandler</STRONG> (Thumb, 0 bytes, Stack size 0 bytes, startup_stm32f10x_md.o(.text))
<BR>[Address Reference Count : 1]<UL><LI> startup_stm32f10x_md.o(RESET)
</UL>
<P><STRONG><a name="[13]"></a>EXTI0_IRQHandler</STRONG> (Thumb, 0 bytes, Stack size 0 bytes, startup_stm32f10x_md.o(.text))
<BR>[Address Reference Count : 1]<UL><LI> startup_stm32f10x_md.o(RESET)
</UL>
<P><STRONG><a name="[35]"></a>EXTI15_10_IRQHandler</STRONG> (Thumb, 0 bytes, Stack size 0 bytes, startup_stm32f10x_md.o(.text))
<BR>[Address Reference Count : 1]<UL><LI> startup_stm32f10x_md.o(RESET)
</UL>
<P><STRONG><a name="[14]"></a>EXTI1_IRQHandler</STRONG> (Thumb, 0 bytes, Stack size 0 bytes, startup_stm32f10x_md.o(.text))
<BR>[Address Reference Count : 1]<UL><LI> startup_stm32f10x_md.o(RESET)
</UL>
<P><STRONG><a name="[15]"></a>EXTI2_IRQHandler</STRONG> (Thumb, 0 bytes, Stack size 0 bytes, startup_stm32f10x_md.o(.text))
<BR>[Address Reference Count : 1]<UL><LI> startup_stm32f10x_md.o(RESET)
</UL>
<P><STRONG><a name="[16]"></a>EXTI3_IRQHandler</STRONG> (Thumb, 0 bytes, Stack size 0 bytes, startup_stm32f10x_md.o(.text))
<BR>[Address Reference Count : 1]<UL><LI> startup_stm32f10x_md.o(RESET)
</UL>
<P><STRONG><a name="[17]"></a>EXTI4_IRQHandler</STRONG> (Thumb, 0 bytes, Stack size 0 bytes, startup_stm32f10x_md.o(.text))
<BR>[Address Reference Count : 1]<UL><LI> startup_stm32f10x_md.o(RESET)
</UL>
<P><STRONG><a name="[24]"></a>EXTI9_5_IRQHandler</STRONG> (Thumb, 0 bytes, Stack size 0 bytes, startup_stm32f10x_md.o(.text))
<BR>[Address Reference Count : 1]<UL><LI> startup_stm32f10x_md.o(RESET)
</UL>
<P><STRONG><a name="[11]"></a>FLASH_IRQHandler</STRONG> (Thumb, 0 bytes, Stack size 0 bytes, startup_stm32f10x_md.o(.text))
<BR>[Address Reference Count : 1]<UL><LI> startup_stm32f10x_md.o(RESET)
</UL>
<P><STRONG><a name="[2d]"></a>I2C1_ER_IRQHandler</STRONG> (Thumb, 0 bytes, Stack size 0 bytes, startup_stm32f10x_md.o(.text))
<BR>[Address Reference Count : 1]<UL><LI> startup_stm32f10x_md.o(RESET)
</UL>
<P><STRONG><a name="[2c]"></a>I2C1_EV_IRQHandler</STRONG> (Thumb, 0 bytes, Stack size 0 bytes, startup_stm32f10x_md.o(.text))
<BR>[Address Reference Count : 1]<UL><LI> startup_stm32f10x_md.o(RESET)
</UL>
<P><STRONG><a name="[2f]"></a>I2C2_ER_IRQHandler</STRONG> (Thumb, 0 bytes, Stack size 0 bytes, startup_stm32f10x_md.o(.text))
<BR>[Address Reference Count : 1]<UL><LI> startup_stm32f10x_md.o(RESET)
</UL>
<P><STRONG><a name="[2e]"></a>I2C2_EV_IRQHandler</STRONG> (Thumb, 0 bytes, Stack size 0 bytes, startup_stm32f10x_md.o(.text))
<BR>[Address Reference Count : 1]<UL><LI> startup_stm32f10x_md.o(RESET)
</UL>
<P><STRONG><a name="[e]"></a>PVD_IRQHandler</STRONG> (Thumb, 0 bytes, Stack size 0 bytes, startup_stm32f10x_md.o(.text))
<BR>[Address Reference Count : 1]<UL><LI> startup_stm32f10x_md.o(RESET)
</UL>
<P><STRONG><a name="[12]"></a>RCC_IRQHandler</STRONG> (Thumb, 0 bytes, Stack size 0 bytes, startup_stm32f10x_md.o(.text))
<BR>[Address Reference Count : 1]<UL><LI> startup_stm32f10x_md.o(RESET)
</UL>
<P><STRONG><a name="[36]"></a>RTCAlarm_IRQHandler</STRONG> (Thumb, 0 bytes, Stack size 0 bytes, startup_stm32f10x_md.o(.text))
<BR>[Address Reference Count : 1]<UL><LI> startup_stm32f10x_md.o(RESET)
</UL>
<P><STRONG><a name="[10]"></a>RTC_IRQHandler</STRONG> (Thumb, 0 bytes, Stack size 0 bytes, startup_stm32f10x_md.o(.text))
<BR>[Address Reference Count : 1]<UL><LI> startup_stm32f10x_md.o(RESET)
</UL>
<P><STRONG><a name="[30]"></a>SPI1_IRQHandler</STRONG> (Thumb, 0 bytes, Stack size 0 bytes, startup_stm32f10x_md.o(.text))
<BR>[Address Reference Count : 1]<UL><LI> startup_stm32f10x_md.o(RESET)
</UL>
<P><STRONG><a name="[31]"></a>SPI2_IRQHandler</STRONG> (Thumb, 0 bytes, Stack size 0 bytes, startup_stm32f10x_md.o(.text))
<BR>[Address Reference Count : 1]<UL><LI> startup_stm32f10x_md.o(RESET)
</UL>
<P><STRONG><a name="[f]"></a>TAMPER_IRQHandler</STRONG> (Thumb, 0 bytes, Stack size 0 bytes, startup_stm32f10x_md.o(.text))
<BR>[Address Reference Count : 1]<UL><LI> startup_stm32f10x_md.o(RESET)
</UL>
<P><STRONG><a name="[25]"></a>TIM1_BRK_IRQHandler</STRONG> (Thumb, 0 bytes, Stack size 0 bytes, startup_stm32f10x_md.o(.text))
<BR>[Address Reference Count : 1]<UL><LI> startup_stm32f10x_md.o(RESET)
</UL>
<P><STRONG><a name="[28]"></a>TIM1_CC_IRQHandler</STRONG> (Thumb, 0 bytes, Stack size 0 bytes, startup_stm32f10x_md.o(.text))
<BR>[Address Reference Count : 1]<UL><LI> startup_stm32f10x_md.o(RESET)
</UL>
<P><STRONG><a name="[27]"></a>TIM1_TRG_COM_IRQHandler</STRONG> (Thumb, 0 bytes, Stack size 0 bytes, startup_stm32f10x_md.o(.text))
<BR>[Address Reference Count : 1]<UL><LI> startup_stm32f10x_md.o(RESET)
</UL>
<P><STRONG><a name="[26]"></a>TIM1_UP_IRQHandler</STRONG> (Thumb, 0 bytes, Stack size 0 bytes, startup_stm32f10x_md.o(.text))
<BR>[Address Reference Count : 1]<UL><LI> startup_stm32f10x_md.o(RESET)
</UL>
<P><STRONG><a name="[29]"></a>TIM2_IRQHandler</STRONG> (Thumb, 0 bytes, Stack size 0 bytes, startup_stm32f10x_md.o(.text))
<BR>[Address Reference Count : 1]<UL><LI> startup_stm32f10x_md.o(RESET)
</UL>
<P><STRONG><a name="[2a]"></a>TIM3_IRQHandler</STRONG> (Thumb, 0 bytes, Stack size 0 bytes, startup_stm32f10x_md.o(.text))
<BR>[Address Reference Count : 1]<UL><LI> startup_stm32f10x_md.o(RESET)
</UL>
<P><STRONG><a name="[2b]"></a>TIM4_IRQHandler</STRONG> (Thumb, 0 bytes, Stack size 0 bytes, startup_stm32f10x_md.o(.text))
<BR>[Address Reference Count : 1]<UL><LI> startup_stm32f10x_md.o(RESET)
</UL>
<P><STRONG><a name="[32]"></a>USART1_IRQHandler</STRONG> (Thumb, 0 bytes, Stack size 0 bytes, startup_stm32f10x_md.o(.text))
<BR>[Address Reference Count : 1]<UL><LI> startup_stm32f10x_md.o(RESET)
</UL>
<P><STRONG><a name="[33]"></a>USART2_IRQHandler</STRONG> (Thumb, 0 bytes, Stack size 0 bytes, startup_stm32f10x_md.o(.text))
<BR>[Address Reference Count : 1]<UL><LI> startup_stm32f10x_md.o(RESET)
</UL>
<P><STRONG><a name="[34]"></a>USART3_IRQHandler</STRONG> (Thumb, 0 bytes, Stack size 0 bytes, startup_stm32f10x_md.o(.text))
<BR>[Address Reference Count : 1]<UL><LI> startup_stm32f10x_md.o(RESET)
</UL>
<P><STRONG><a name="[37]"></a>USBWakeUp_IRQHandler</STRONG> (Thumb, 0 bytes, Stack size 0 bytes, startup_stm32f10x_md.o(.text))
<BR>[Address Reference Count : 1]<UL><LI> startup_stm32f10x_md.o(RESET)
</UL>
<P><STRONG><a name="[20]"></a>USB_HP_CAN1_TX_IRQHandler</STRONG> (Thumb, 0 bytes, Stack size 0 bytes, startup_stm32f10x_md.o(.text))
<BR>[Address Reference Count : 1]<UL><LI> startup_stm32f10x_md.o(RESET)
</UL>
<P><STRONG><a name="[21]"></a>USB_LP_CAN1_RX0_IRQHandler</STRONG> (Thumb, 0 bytes, Stack size 0 bytes, startup_stm32f10x_md.o(.text))
<BR>[Address Reference Count : 1]<UL><LI> startup_stm32f10x_md.o(RESET)
</UL>
<P><STRONG><a name="[d]"></a>WWDG_IRQHandler</STRONG> (Thumb, 0 bytes, Stack size 0 bytes, startup_stm32f10x_md.o(.text))
<BR>[Address Reference Count : 1]<UL><LI> startup_stm32f10x_md.o(RESET)
</UL>
<P><STRONG><a name="[f3]"></a>__user_initial_stackheap</STRONG> (Thumb, 0 bytes, Stack size unknown bytes, startup_stm32f10x_md.o(.text))
<BR><BR>[Called By]<UL><LI><a href="#[40]">&gt;&gt;</a>&nbsp;&nbsp;&nbsp;__user_setup_stackheap
</UL>

<P><STRONG><a name="[80]"></a>NVIC_PriorityGroupConfig</STRONG> (Thumb, 10 bytes, Stack size 0 bytes, misc.o(.text))
<BR><BR>[Called By]<UL><LI><a href="#[7f]">&gt;&gt;</a>&nbsp;&nbsp;&nbsp;NVIC_init
</UL>

<P><STRONG><a name="[e4]"></a>NVIC_Init</STRONG> (Thumb, 100 bytes, Stack size 16 bytes, misc.o(.text))
<BR><BR>[Stack]<UL><LI>Max Depth = 16<LI>Call Chain = NVIC_Init
</UL>
<BR>[Called By]<UL><LI><a href="#[63]">&gt;&gt;</a>&nbsp;&nbsp;&nbsp;Dwm1000_Init
</UL>

<P><STRONG><a name="[125]"></a>NVIC_SetVectorTable</STRONG> (Thumb, 14 bytes, Stack size 0 bytes, misc.o(.text), UNUSED)

<P><STRONG><a name="[126]"></a>NVIC_SystemLPConfig</STRONG> (Thumb, 34 bytes, Stack size 0 bytes, misc.o(.text), UNUSED)

<P><STRONG><a name="[127]"></a>SysTick_CLKSourceConfig</STRONG> (Thumb, 40 bytes, Stack size 0 bytes, misc.o(.text), UNUSED)

<P><STRONG><a name="[128]"></a>EXTI_DeInit</STRONG> (Thumb, 28 bytes, Stack size 0 bytes, stm32f10x_exti.o(.text), UNUSED)

<P><STRONG><a name="[e3]"></a>EXTI_Init</STRONG> (Thumb, 142 bytes, Stack size 0 bytes, stm32f10x_exti.o(.text))
<BR><BR>[Called By]<UL><LI><a href="#[63]">&gt;&gt;</a>&nbsp;&nbsp;&nbsp;Dwm1000_Init
</UL>

<P><STRONG><a name="[129]"></a>EXTI_StructInit</STRONG> (Thumb, 16 bytes, Stack size 0 bytes, stm32f10x_exti.o(.text), UNUSED)

<P><STRONG><a name="[12a]"></a>EXTI_GenerateSWInterrupt</STRONG> (Thumb, 16 bytes, Stack size 0 bytes, stm32f10x_exti.o(.text), UNUSED)

<P><STRONG><a name="[12b]"></a>EXTI_GetFlagStatus</STRONG> (Thumb, 22 bytes, Stack size 0 bytes, stm32f10x_exti.o(.text), UNUSED)

<P><STRONG><a name="[12c]"></a>EXTI_ClearFlag</STRONG> (Thumb, 8 bytes, Stack size 0 bytes, stm32f10x_exti.o(.text), UNUSED)

<P><STRONG><a name="[12d]"></a>EXTI_GetITStatus</STRONG> (Thumb, 34 bytes, Stack size 0 bytes, stm32f10x_exti.o(.text), UNUSED)

<P><STRONG><a name="[12e]"></a>EXTI_ClearITPendingBit</STRONG> (Thumb, 8 bytes, Stack size 0 bytes, stm32f10x_exti.o(.text), UNUSED)

<P><STRONG><a name="[74]"></a>FLASH_SetLatency</STRONG> (Thumb, 18 bytes, Stack size 0 bytes, stm32f10x_flash.o(.text))
<BR><BR>[Called By]<UL><LI><a href="#[70]">&gt;&gt;</a>&nbsp;&nbsp;&nbsp;RCC_init
</UL>

<P><STRONG><a name="[12f]"></a>FLASH_HalfCycleAccessCmd</STRONG> (Thumb, 22 bytes, Stack size 0 bytes, stm32f10x_flash.o(.text), UNUSED)

<P><STRONG><a name="[73]"></a>FLASH_PrefetchBufferCmd</STRONG> (Thumb, 22 bytes, Stack size 0 bytes, stm32f10x_flash.o(.text))
<BR><BR>[Called By]<UL><LI><a href="#[70]">&gt;&gt;</a>&nbsp;&nbsp;&nbsp;RCC_init
</UL>

<P><STRONG><a name="[130]"></a>FLASH_Unlock</STRONG> (Thumb, 12 bytes, Stack size 0 bytes, stm32f10x_flash.o(.text), UNUSED)

<P><STRONG><a name="[131]"></a>FLASH_UnlockBank1</STRONG> (Thumb, 12 bytes, Stack size 0 bytes, stm32f10x_flash.o(.text), UNUSED)

<P><STRONG><a name="[132]"></a>FLASH_Lock</STRONG> (Thumb, 14 bytes, Stack size 0 bytes, stm32f10x_flash.o(.text), UNUSED)

<P><STRONG><a name="[133]"></a>FLASH_LockBank1</STRONG> (Thumb, 14 bytes, Stack size 0 bytes, stm32f10x_flash.o(.text), UNUSED)

<P><STRONG><a name="[4b]"></a>FLASH_GetBank1Status</STRONG> (Thumb, 48 bytes, Stack size 0 bytes, stm32f10x_flash.o(.text), UNUSED)
<BR><BR>[Called By]<UL><LI><a href="#[4e]">&gt;&gt;</a>&nbsp;&nbsp;&nbsp;FLASH_WaitForLastBank1Operation
<LI><a href="#[4a]">&gt;&gt;</a>&nbsp;&nbsp;&nbsp;FLASH_WaitForLastOperation
</UL>

<P><STRONG><a name="[4a]"></a>FLASH_WaitForLastOperation</STRONG> (Thumb, 38 bytes, Stack size 4 bytes, stm32f10x_flash.o(.text), UNUSED)
<BR><BR>[Calls]<UL><LI><a href="#[4b]">&gt;&gt;</a>&nbsp;&nbsp;&nbsp;FLASH_GetBank1Status
</UL>
<BR>[Called By]<UL><LI><a href="#[57]">&gt;&gt;</a>&nbsp;&nbsp;&nbsp;FLASH_UserOptionByteConfig
<LI><a href="#[56]">&gt;&gt;</a>&nbsp;&nbsp;&nbsp;FLASH_ReadOutProtection
<LI><a href="#[55]">&gt;&gt;</a>&nbsp;&nbsp;&nbsp;FLASH_EnableWriteProtection
<LI><a href="#[54]">&gt;&gt;</a>&nbsp;&nbsp;&nbsp;FLASH_ProgramOptionByteData
<LI><a href="#[53]">&gt;&gt;</a>&nbsp;&nbsp;&nbsp;FLASH_ProgramHalfWord
<LI><a href="#[52]">&gt;&gt;</a>&nbsp;&nbsp;&nbsp;FLASH_ProgramWord
<LI><a href="#[50]">&gt;&gt;</a>&nbsp;&nbsp;&nbsp;FLASH_EraseOptionBytes
<LI><a href="#[4d]">&gt;&gt;</a>&nbsp;&nbsp;&nbsp;FLASH_EraseAllPages
<LI><a href="#[4c]">&gt;&gt;</a>&nbsp;&nbsp;&nbsp;FLASH_ErasePage
</UL>

<P><STRONG><a name="[4c]"></a>FLASH_ErasePage</STRONG> (Thumb, 72 bytes, Stack size 12 bytes, stm32f10x_flash.o(.text), UNUSED)
<BR><BR>[Calls]<UL><LI><a href="#[4a]">&gt;&gt;</a>&nbsp;&nbsp;&nbsp;FLASH_WaitForLastOperation
</UL>

<P><STRONG><a name="[4d]"></a>FLASH_EraseAllPages</STRONG> (Thumb, 68 bytes, Stack size 8 bytes, stm32f10x_flash.o(.text), UNUSED)
<BR><BR>[Calls]<UL><LI><a href="#[4a]">&gt;&gt;</a>&nbsp;&nbsp;&nbsp;FLASH_WaitForLastOperation
</UL>

<P><STRONG><a name="[4e]"></a>FLASH_WaitForLastBank1Operation</STRONG> (Thumb, 38 bytes, Stack size 4 bytes, stm32f10x_flash.o(.text), UNUSED)
<BR><BR>[Calls]<UL><LI><a href="#[4b]">&gt;&gt;</a>&nbsp;&nbsp;&nbsp;FLASH_GetBank1Status
</UL>
<BR>[Called By]<UL><LI><a href="#[4f]">&gt;&gt;</a>&nbsp;&nbsp;&nbsp;FLASH_EraseAllBank1Pages
</UL>

<P><STRONG><a name="[4f]"></a>FLASH_EraseAllBank1Pages</STRONG> (Thumb, 68 bytes, Stack size 8 bytes, stm32f10x_flash.o(.text), UNUSED)
<BR><BR>[Calls]<UL><LI><a href="#[4e]">&gt;&gt;</a>&nbsp;&nbsp;&nbsp;FLASH_WaitForLastBank1Operation
</UL>

<P><STRONG><a name="[51]"></a>FLASH_GetReadOutProtectionStatus</STRONG> (Thumb, 20 bytes, Stack size 0 bytes, stm32f10x_flash.o(.text), UNUSED)
<BR><BR>[Called By]<UL><LI><a href="#[50]">&gt;&gt;</a>&nbsp;&nbsp;&nbsp;FLASH_EraseOptionBytes
</UL>

<P><STRONG><a name="[50]"></a>FLASH_EraseOptionBytes</STRONG> (Thumb, 150 bytes, Stack size 12 bytes, stm32f10x_flash.o(.text), UNUSED)
<BR><BR>[Calls]<UL><LI><a href="#[51]">&gt;&gt;</a>&nbsp;&nbsp;&nbsp;FLASH_GetReadOutProtectionStatus
<LI><a href="#[4a]">&gt;&gt;</a>&nbsp;&nbsp;&nbsp;FLASH_WaitForLastOperation
</UL>

<P><STRONG><a name="[52]"></a>FLASH_ProgramWord</STRONG> (Thumb, 102 bytes, Stack size 20 bytes, stm32f10x_flash.o(.text), UNUSED)
<BR><BR>[Calls]<UL><LI><a href="#[4a]">&gt;&gt;</a>&nbsp;&nbsp;&nbsp;FLASH_WaitForLastOperation
</UL>

<P><STRONG><a name="[53]"></a>FLASH_ProgramHalfWord</STRONG> (Thumb, 60 bytes, Stack size 16 bytes, stm32f10x_flash.o(.text), UNUSED)
<BR><BR>[Calls]<UL><LI><a href="#[4a]">&gt;&gt;</a>&nbsp;&nbsp;&nbsp;FLASH_WaitForLastOperation
</UL>

<P><STRONG><a name="[54]"></a>FLASH_ProgramOptionByteData</STRONG> (Thumb, 72 bytes, Stack size 16 bytes, stm32f10x_flash.o(.text), UNUSED)
<BR><BR>[Calls]<UL><LI><a href="#[4a]">&gt;&gt;</a>&nbsp;&nbsp;&nbsp;FLASH_WaitForLastOperation
</UL>

<P><STRONG><a name="[55]"></a>FLASH_EnableWriteProtection</STRONG> (Thumb, 200 bytes, Stack size 28 bytes, stm32f10x_flash.o(.text), UNUSED)
<BR><BR>[Calls]<UL><LI><a href="#[4a]">&gt;&gt;</a>&nbsp;&nbsp;&nbsp;FLASH_WaitForLastOperation
</UL>

<P><STRONG><a name="[56]"></a>FLASH_ReadOutProtection</STRONG> (Thumb, 156 bytes, Stack size 12 bytes, stm32f10x_flash.o(.text), UNUSED)
<BR><BR>[Calls]<UL><LI><a href="#[4a]">&gt;&gt;</a>&nbsp;&nbsp;&nbsp;FLASH_WaitForLastOperation
</UL>

<P><STRONG><a name="[57]"></a>FLASH_UserOptionByteConfig</STRONG> (Thumb, 88 bytes, Stack size 20 bytes, stm32f10x_flash.o(.text), UNUSED)
<BR><BR>[Calls]<UL><LI><a href="#[4a]">&gt;&gt;</a>&nbsp;&nbsp;&nbsp;FLASH_WaitForLastOperation
</UL>

<P><STRONG><a name="[134]"></a>FLASH_GetUserOptionByte</STRONG> (Thumb, 8 bytes, Stack size 0 bytes, stm32f10x_flash.o(.text), UNUSED)

<P><STRONG><a name="[135]"></a>FLASH_GetWriteProtectionOptionByte</STRONG> (Thumb, 6 bytes, Stack size 0 bytes, stm32f10x_flash.o(.text), UNUSED)

<P><STRONG><a name="[136]"></a>FLASH_GetPrefetchBufferStatus</STRONG> (Thumb, 20 bytes, Stack size 0 bytes, stm32f10x_flash.o(.text), UNUSED)

<P><STRONG><a name="[137]"></a>FLASH_ITConfig</STRONG> (Thumb, 26 bytes, Stack size 0 bytes, stm32f10x_flash.o(.text), UNUSED)

<P><STRONG><a name="[138]"></a>FLASH_GetFlagStatus</STRONG> (Thumb, 42 bytes, Stack size 0 bytes, stm32f10x_flash.o(.text), UNUSED)

<P><STRONG><a name="[139]"></a>FLASH_ClearFlag</STRONG> (Thumb, 6 bytes, Stack size 0 bytes, stm32f10x_flash.o(.text), UNUSED)

<P><STRONG><a name="[13a]"></a>FLASH_GetStatus</STRONG> (Thumb, 48 bytes, Stack size 0 bytes, stm32f10x_flash.o(.text), UNUSED)

<P><STRONG><a name="[58]"></a>GPIO_DeInit</STRONG> (Thumb, 172 bytes, Stack size 8 bytes, stm32f10x_gpio.o(.text), UNUSED)
<BR><BR>[Calls]<UL><LI><a href="#[59]">&gt;&gt;</a>&nbsp;&nbsp;&nbsp;RCC_APB2PeriphResetCmd
</UL>

<P><STRONG><a name="[5a]"></a>GPIO_AFIODeInit</STRONG> (Thumb, 20 bytes, Stack size 8 bytes, stm32f10x_gpio.o(.text), UNUSED)
<BR><BR>[Calls]<UL><LI><a href="#[59]">&gt;&gt;</a>&nbsp;&nbsp;&nbsp;RCC_APB2PeriphResetCmd
</UL>

<P><STRONG><a name="[dd]"></a>GPIO_Init</STRONG> (Thumb, 278 bytes, Stack size 24 bytes, stm32f10x_gpio.o(.text))
<BR><BR>[Stack]<UL><LI>Max Depth = 24<LI>Call Chain = GPIO_Init
</UL>
<BR>[Called By]<UL><LI><a href="#[64]">&gt;&gt;</a>&nbsp;&nbsp;&nbsp;RESET_DW1000
<LI><a href="#[63]">&gt;&gt;</a>&nbsp;&nbsp;&nbsp;Dwm1000_Init
<LI><a href="#[df]">&gt;&gt;</a>&nbsp;&nbsp;&nbsp;SPI1_DW1000_Configuration
</UL>

<P><STRONG><a name="[13b]"></a>GPIO_StructInit</STRONG> (Thumb, 16 bytes, Stack size 0 bytes, stm32f10x_gpio.o(.text), UNUSED)

<P><STRONG><a name="[13c]"></a>GPIO_ReadInputDataBit</STRONG> (Thumb, 18 bytes, Stack size 0 bytes, stm32f10x_gpio.o(.text), UNUSED)

<P><STRONG><a name="[13d]"></a>GPIO_ReadInputData</STRONG> (Thumb, 8 bytes, Stack size 0 bytes, stm32f10x_gpio.o(.text), UNUSED)

<P><STRONG><a name="[13e]"></a>GPIO_ReadOutputDataBit</STRONG> (Thumb, 18 bytes, Stack size 0 bytes, stm32f10x_gpio.o(.text), UNUSED)

<P><STRONG><a name="[13f]"></a>GPIO_ReadOutputData</STRONG> (Thumb, 8 bytes, Stack size 0 bytes, stm32f10x_gpio.o(.text), UNUSED)

<P><STRONG><a name="[e1]"></a>GPIO_SetBits</STRONG> (Thumb, 4 bytes, Stack size 0 bytes, stm32f10x_gpio.o(.text))
<BR><BR>[Called By]<UL><LI><a href="#[df]">&gt;&gt;</a>&nbsp;&nbsp;&nbsp;SPI1_DW1000_Configuration
</UL>

<P><STRONG><a name="[de]"></a>GPIO_ResetBits</STRONG> (Thumb, 4 bytes, Stack size 0 bytes, stm32f10x_gpio.o(.text))
<BR><BR>[Called By]<UL><LI><a href="#[64]">&gt;&gt;</a>&nbsp;&nbsp;&nbsp;RESET_DW1000
</UL>

<P><STRONG><a name="[140]"></a>GPIO_WriteBit</STRONG> (Thumb, 10 bytes, Stack size 0 bytes, stm32f10x_gpio.o(.text), UNUSED)

<P><STRONG><a name="[141]"></a>GPIO_Write</STRONG> (Thumb, 4 bytes, Stack size 0 bytes, stm32f10x_gpio.o(.text), UNUSED)

<P><STRONG><a name="[142]"></a>GPIO_PinLockConfig</STRONG> (Thumb, 18 bytes, Stack size 0 bytes, stm32f10x_gpio.o(.text), UNUSED)

<P><STRONG><a name="[143]"></a>GPIO_EventOutputConfig</STRONG> (Thumb, 26 bytes, Stack size 0 bytes, stm32f10x_gpio.o(.text), UNUSED)

<P><STRONG><a name="[144]"></a>GPIO_EventOutputCmd</STRONG> (Thumb, 6 bytes, Stack size 0 bytes, stm32f10x_gpio.o(.text), UNUSED)

<P><STRONG><a name="[145]"></a>GPIO_PinRemapConfig</STRONG> (Thumb, 138 bytes, Stack size 20 bytes, stm32f10x_gpio.o(.text), UNUSED)

<P><STRONG><a name="[e2]"></a>GPIO_EXTILineConfig</STRONG> (Thumb, 66 bytes, Stack size 12 bytes, stm32f10x_gpio.o(.text))
<BR><BR>[Stack]<UL><LI>Max Depth = 12<LI>Call Chain = GPIO_EXTILineConfig
</UL>
<BR>[Called By]<UL><LI><a href="#[63]">&gt;&gt;</a>&nbsp;&nbsp;&nbsp;Dwm1000_Init
</UL>

<P><STRONG><a name="[146]"></a>GPIO_ETH_MediaInterfaceConfig</STRONG> (Thumb, 8 bytes, Stack size 0 bytes, stm32f10x_gpio.o(.text), UNUSED)

<P><STRONG><a name="[71]"></a>RCC_DeInit</STRONG> (Thumb, 64 bytes, Stack size 0 bytes, stm32f10x_rcc.o(.text))
<BR><BR>[Called By]<UL><LI><a href="#[70]">&gt;&gt;</a>&nbsp;&nbsp;&nbsp;RCC_init
</UL>

<P><STRONG><a name="[72]"></a>RCC_HSEConfig</STRONG> (Thumb, 70 bytes, Stack size 0 bytes, stm32f10x_rcc.o(.text))
<BR><BR>[Called By]<UL><LI><a href="#[70]">&gt;&gt;</a>&nbsp;&nbsp;&nbsp;RCC_init
</UL>

<P><STRONG><a name="[5c]"></a>RCC_GetFlagStatus</STRONG> (Thumb, 56 bytes, Stack size 8 bytes, stm32f10x_rcc.o(.text))
<BR><BR>[Stack]<UL><LI>Max Depth = 8<LI>Call Chain = RCC_GetFlagStatus
</UL>
<BR>[Called By]<UL><LI><a href="#[70]">&gt;&gt;</a>&nbsp;&nbsp;&nbsp;RCC_init
<LI><a href="#[5b]">&gt;&gt;</a>&nbsp;&nbsp;&nbsp;RCC_WaitForHSEStartUp
</UL>

<P><STRONG><a name="[5b]"></a>RCC_WaitForHSEStartUp</STRONG> (Thumb, 56 bytes, Stack size 16 bytes, stm32f10x_rcc.o(.text))
<BR><BR>[Stack]<UL><LI>Max Depth = 24<LI>Call Chain = RCC_WaitForHSEStartUp &rArr; RCC_GetFlagStatus
</UL>
<BR>[Calls]<UL><LI><a href="#[5c]">&gt;&gt;</a>&nbsp;&nbsp;&nbsp;RCC_GetFlagStatus
</UL>
<BR>[Called By]<UL><LI><a href="#[70]">&gt;&gt;</a>&nbsp;&nbsp;&nbsp;RCC_init
</UL>

<P><STRONG><a name="[147]"></a>RCC_AdjustHSICalibrationValue</STRONG> (Thumb, 20 bytes, Stack size 0 bytes, stm32f10x_rcc.o(.text), UNUSED)

<P><STRONG><a name="[148]"></a>RCC_HSICmd</STRONG> (Thumb, 6 bytes, Stack size 0 bytes, stm32f10x_rcc.o(.text), UNUSED)

<P><STRONG><a name="[79]"></a>RCC_PLLConfig</STRONG> (Thumb, 24 bytes, Stack size 0 bytes, stm32f10x_rcc.o(.text))
<BR><BR>[Called By]<UL><LI><a href="#[70]">&gt;&gt;</a>&nbsp;&nbsp;&nbsp;RCC_init
</UL>

<P><STRONG><a name="[7a]"></a>RCC_PLLCmd</STRONG> (Thumb, 6 bytes, Stack size 0 bytes, stm32f10x_rcc.o(.text))
<BR><BR>[Called By]<UL><LI><a href="#[70]">&gt;&gt;</a>&nbsp;&nbsp;&nbsp;RCC_init
</UL>

<P><STRONG><a name="[7b]"></a>RCC_SYSCLKConfig</STRONG> (Thumb, 18 bytes, Stack size 0 bytes, stm32f10x_rcc.o(.text))
<BR><BR>[Called By]<UL><LI><a href="#[70]">&gt;&gt;</a>&nbsp;&nbsp;&nbsp;RCC_init
</UL>

<P><STRONG><a name="[7c]"></a>RCC_GetSYSCLKSource</STRONG> (Thumb, 10 bytes, Stack size 0 bytes, stm32f10x_rcc.o(.text))
<BR><BR>[Called By]<UL><LI><a href="#[70]">&gt;&gt;</a>&nbsp;&nbsp;&nbsp;RCC_init
</UL>

<P><STRONG><a name="[75]"></a>RCC_HCLKConfig</STRONG> (Thumb, 18 bytes, Stack size 0 bytes, stm32f10x_rcc.o(.text))
<BR><BR>[Called By]<UL><LI><a href="#[70]">&gt;&gt;</a>&nbsp;&nbsp;&nbsp;RCC_init
</UL>

<P><STRONG><a name="[77]"></a>RCC_PCLK1Config</STRONG> (Thumb, 18 bytes, Stack size 0 bytes, stm32f10x_rcc.o(.text))
<BR><BR>[Called By]<UL><LI><a href="#[70]">&gt;&gt;</a>&nbsp;&nbsp;&nbsp;RCC_init
</UL>

<P><STRONG><a name="[76]"></a>RCC_PCLK2Config</STRONG> (Thumb, 20 bytes, Stack size 0 bytes, stm32f10x_rcc.o(.text))
<BR><BR>[Called By]<UL><LI><a href="#[70]">&gt;&gt;</a>&nbsp;&nbsp;&nbsp;RCC_init
</UL>

<P><STRONG><a name="[149]"></a>RCC_ITConfig</STRONG> (Thumb, 26 bytes, Stack size 0 bytes, stm32f10x_rcc.o(.text), UNUSED)

<P><STRONG><a name="[14a]"></a>RCC_USBCLKConfig</STRONG> (Thumb, 8 bytes, Stack size 0 bytes, stm32f10x_rcc.o(.text), UNUSED)

<P><STRONG><a name="[78]"></a>RCC_ADCCLKConfig</STRONG> (Thumb, 18 bytes, Stack size 0 bytes, stm32f10x_rcc.o(.text))
<BR><BR>[Called By]<UL><LI><a href="#[70]">&gt;&gt;</a>&nbsp;&nbsp;&nbsp;RCC_init
</UL>

<P><STRONG><a name="[14b]"></a>RCC_LSEConfig</STRONG> (Thumb, 50 bytes, Stack size 0 bytes, stm32f10x_rcc.o(.text), UNUSED)

<P><STRONG><a name="[14c]"></a>RCC_LSICmd</STRONG> (Thumb, 6 bytes, Stack size 0 bytes, stm32f10x_rcc.o(.text), UNUSED)

<P><STRONG><a name="[14d]"></a>RCC_RTCCLKConfig</STRONG> (Thumb, 12 bytes, Stack size 0 bytes, stm32f10x_rcc.o(.text), UNUSED)

<P><STRONG><a name="[14e]"></a>RCC_RTCCLKCmd</STRONG> (Thumb, 8 bytes, Stack size 0 bytes, stm32f10x_rcc.o(.text), UNUSED)

<P><STRONG><a name="[60]"></a>RCC_GetClocksFreq</STRONG> (Thumb, 192 bytes, Stack size 12 bytes, stm32f10x_rcc.o(.text))
<BR><BR>[Stack]<UL><LI>Max Depth = 12<LI>Call Chain = RCC_GetClocksFreq
</UL>
<BR>[Called By]<UL><LI><a href="#[70]">&gt;&gt;</a>&nbsp;&nbsp;&nbsp;RCC_init
<LI><a href="#[5f]">&gt;&gt;</a>&nbsp;&nbsp;&nbsp;I2S_Init
</UL>

<P><STRONG><a name="[14f]"></a>RCC_AHBPeriphClockCmd</STRONG> (Thumb, 26 bytes, Stack size 0 bytes, stm32f10x_rcc.o(.text), UNUSED)

<P><STRONG><a name="[7e]"></a>RCC_APB2PeriphClockCmd</STRONG> (Thumb, 26 bytes, Stack size 0 bytes, stm32f10x_rcc.o(.text))
<BR><BR>[Called By]<UL><LI><a href="#[70]">&gt;&gt;</a>&nbsp;&nbsp;&nbsp;RCC_init
<LI><a href="#[df]">&gt;&gt;</a>&nbsp;&nbsp;&nbsp;SPI1_DW1000_Configuration
</UL>

<P><STRONG><a name="[150]"></a>RCC_APB1PeriphClockCmd</STRONG> (Thumb, 26 bytes, Stack size 0 bytes, stm32f10x_rcc.o(.text), UNUSED)

<P><STRONG><a name="[59]"></a>RCC_APB2PeriphResetCmd</STRONG> (Thumb, 26 bytes, Stack size 0 bytes, stm32f10x_rcc.o(.text))
<BR><BR>[Called By]<UL><LI><a href="#[5d]">&gt;&gt;</a>&nbsp;&nbsp;&nbsp;SPI_I2S_DeInit
<LI><a href="#[5a]">&gt;&gt;</a>&nbsp;&nbsp;&nbsp;GPIO_AFIODeInit
<LI><a href="#[58]">&gt;&gt;</a>&nbsp;&nbsp;&nbsp;GPIO_DeInit
</UL>

<P><STRONG><a name="[5e]"></a>RCC_APB1PeriphResetCmd</STRONG> (Thumb, 26 bytes, Stack size 0 bytes, stm32f10x_rcc.o(.text))
<BR><BR>[Called By]<UL><LI><a href="#[5d]">&gt;&gt;</a>&nbsp;&nbsp;&nbsp;SPI_I2S_DeInit
</UL>

<P><STRONG><a name="[151]"></a>RCC_BackupResetCmd</STRONG> (Thumb, 8 bytes, Stack size 0 bytes, stm32f10x_rcc.o(.text), UNUSED)

<P><STRONG><a name="[7d]"></a>RCC_ClockSecuritySystemCmd</STRONG> (Thumb, 6 bytes, Stack size 0 bytes, stm32f10x_rcc.o(.text))
<BR><BR>[Called By]<UL><LI><a href="#[70]">&gt;&gt;</a>&nbsp;&nbsp;&nbsp;RCC_init
</UL>

<P><STRONG><a name="[152]"></a>RCC_MCOConfig</STRONG> (Thumb, 6 bytes, Stack size 0 bytes, stm32f10x_rcc.o(.text), UNUSED)

<P><STRONG><a name="[153]"></a>RCC_ClearFlag</STRONG> (Thumb, 14 bytes, Stack size 0 bytes, stm32f10x_rcc.o(.text), UNUSED)

<P><STRONG><a name="[154]"></a>RCC_GetITStatus</STRONG> (Thumb, 20 bytes, Stack size 0 bytes, stm32f10x_rcc.o(.text), UNUSED)

<P><STRONG><a name="[155]"></a>RCC_ClearITPendingBit</STRONG> (Thumb, 6 bytes, Stack size 0 bytes, stm32f10x_rcc.o(.text), UNUSED)

<P><STRONG><a name="[5d]"></a>SPI_I2S_DeInit</STRONG> (Thumb, 76 bytes, Stack size 8 bytes, stm32f10x_spi.o(.text))
<BR><BR>[Stack]<UL><LI>Max Depth = 8<LI>Call Chain = SPI_I2S_DeInit
</UL>
<BR>[Calls]<UL><LI><a href="#[5e]">&gt;&gt;</a>&nbsp;&nbsp;&nbsp;RCC_APB1PeriphResetCmd
<LI><a href="#[59]">&gt;&gt;</a>&nbsp;&nbsp;&nbsp;RCC_APB2PeriphResetCmd
</UL>
<BR>[Called By]<UL><LI><a href="#[df]">&gt;&gt;</a>&nbsp;&nbsp;&nbsp;SPI1_DW1000_Configuration
<LI><a href="#[da]">&gt;&gt;</a>&nbsp;&nbsp;&nbsp;SPI_DW1000_ConfigFastRate
</UL>

<P><STRONG><a name="[db]"></a>SPI_Init</STRONG> (Thumb, 60 bytes, Stack size 8 bytes, stm32f10x_spi.o(.text))
<BR><BR>[Stack]<UL><LI>Max Depth = 8<LI>Call Chain = SPI_Init
</UL>
<BR>[Called By]<UL><LI><a href="#[df]">&gt;&gt;</a>&nbsp;&nbsp;&nbsp;SPI1_DW1000_Configuration
<LI><a href="#[da]">&gt;&gt;</a>&nbsp;&nbsp;&nbsp;SPI_DW1000_ConfigFastRate
</UL>

<P><STRONG><a name="[5f]"></a>I2S_Init</STRONG> (Thumb, 226 bytes, Stack size 56 bytes, stm32f10x_spi.o(.text), UNUSED)
<BR><BR>[Calls]<UL><LI><a href="#[60]">&gt;&gt;</a>&nbsp;&nbsp;&nbsp;RCC_GetClocksFreq
</UL>

<P><STRONG><a name="[156]"></a>SPI_StructInit</STRONG> (Thumb, 24 bytes, Stack size 0 bytes, stm32f10x_spi.o(.text), UNUSED)

<P><STRONG><a name="[157]"></a>I2S_StructInit</STRONG> (Thumb, 20 bytes, Stack size 0 bytes, stm32f10x_spi.o(.text), UNUSED)

<P><STRONG><a name="[8c]"></a>SPI_Cmd</STRONG> (Thumb, 24 bytes, Stack size 0 bytes, stm32f10x_spi.o(.text))
<BR><BR>[Called By]<UL><LI><a href="#[df]">&gt;&gt;</a>&nbsp;&nbsp;&nbsp;SPI1_DW1000_Configuration
<LI><a href="#[da]">&gt;&gt;</a>&nbsp;&nbsp;&nbsp;SPI_DW1000_ConfigFastRate
<LI><a href="#[8a]">&gt;&gt;</a>&nbsp;&nbsp;&nbsp;closespi
</UL>

<P><STRONG><a name="[158]"></a>I2S_Cmd</STRONG> (Thumb, 24 bytes, Stack size 0 bytes, stm32f10x_spi.o(.text), UNUSED)

<P><STRONG><a name="[159]"></a>SPI_I2S_ITConfig</STRONG> (Thumb, 32 bytes, Stack size 12 bytes, stm32f10x_spi.o(.text), UNUSED)

<P><STRONG><a name="[15a]"></a>SPI_I2S_DMACmd</STRONG> (Thumb, 18 bytes, Stack size 0 bytes, stm32f10x_spi.o(.text), UNUSED)

<P><STRONG><a name="[15b]"></a>SPI_I2S_SendData</STRONG> (Thumb, 4 bytes, Stack size 0 bytes, stm32f10x_spi.o(.text), UNUSED)

<P><STRONG><a name="[15c]"></a>SPI_I2S_ReceiveData</STRONG> (Thumb, 6 bytes, Stack size 0 bytes, stm32f10x_spi.o(.text), UNUSED)

<P><STRONG><a name="[15d]"></a>SPI_NSSInternalSoftwareConfig</STRONG> (Thumb, 30 bytes, Stack size 0 bytes, stm32f10x_spi.o(.text), UNUSED)

<P><STRONG><a name="[e0]"></a>SPI_SSOutputCmd</STRONG> (Thumb, 24 bytes, Stack size 0 bytes, stm32f10x_spi.o(.text))
<BR><BR>[Called By]<UL><LI><a href="#[df]">&gt;&gt;</a>&nbsp;&nbsp;&nbsp;SPI1_DW1000_Configuration
</UL>

<P><STRONG><a name="[15e]"></a>SPI_DataSizeConfig</STRONG> (Thumb, 18 bytes, Stack size 0 bytes, stm32f10x_spi.o(.text), UNUSED)

<P><STRONG><a name="[15f]"></a>SPI_TransmitCRC</STRONG> (Thumb, 10 bytes, Stack size 0 bytes, stm32f10x_spi.o(.text), UNUSED)

<P><STRONG><a name="[160]"></a>SPI_CalculateCRC</STRONG> (Thumb, 24 bytes, Stack size 0 bytes, stm32f10x_spi.o(.text), UNUSED)

<P><STRONG><a name="[161]"></a>SPI_GetCRC</STRONG> (Thumb, 16 bytes, Stack size 0 bytes, stm32f10x_spi.o(.text), UNUSED)

<P><STRONG><a name="[162]"></a>SPI_GetCRCPolynomial</STRONG> (Thumb, 6 bytes, Stack size 0 bytes, stm32f10x_spi.o(.text), UNUSED)

<P><STRONG><a name="[163]"></a>SPI_BiDirectionalLineConfig</STRONG> (Thumb, 28 bytes, Stack size 0 bytes, stm32f10x_spi.o(.text), UNUSED)

<P><STRONG><a name="[8b]"></a>SPI_I2S_GetFlagStatus</STRONG> (Thumb, 18 bytes, Stack size 0 bytes, stm32f10x_spi.o(.text), UNUSED)
<BR><BR>[Called By]<UL><LI><a href="#[8a]">&gt;&gt;</a>&nbsp;&nbsp;&nbsp;closespi
</UL>

<P><STRONG><a name="[164]"></a>SPI_I2S_ClearFlag</STRONG> (Thumb, 6 bytes, Stack size 0 bytes, stm32f10x_spi.o(.text), UNUSED)

<P><STRONG><a name="[165]"></a>SPI_I2S_GetITStatus</STRONG> (Thumb, 52 bytes, Stack size 20 bytes, stm32f10x_spi.o(.text), UNUSED)

<P><STRONG><a name="[166]"></a>SPI_I2S_ClearITPendingBit</STRONG> (Thumb, 20 bytes, Stack size 8 bytes, stm32f10x_spi.o(.text), UNUSED)

<P><STRONG><a name="[44]"></a>main</STRONG> (Thumb, 90 bytes, Stack size 0 bytes, main.o(.text))
<BR><BR>[Stack]<UL><LI>Max Depth = 208<LI>Call Chain = main &rArr; Receptor_Communication_From_One &rArr; dwt_starttx &rArr; dwt_entersleepaftertx &rArr; dwt_write32bitoffsetreg &rArr; dwt_writetodevice &rArr; writetospi_serial &rArr; decamutexon
</UL>
<BR>[Calls]<UL><LI><a href="#[6a]">&gt;&gt;</a>&nbsp;&nbsp;&nbsp;dwt_settxantennadelay
<LI><a href="#[69]">&gt;&gt;</a>&nbsp;&nbsp;&nbsp;dwt_setrxantennadelay
<LI><a href="#[6c]">&gt;&gt;</a>&nbsp;&nbsp;&nbsp;dwt_setrxaftertxdelay
<LI><a href="#[6e]">&gt;&gt;</a>&nbsp;&nbsp;&nbsp;dwt_setGPIOvalue
<LI><a href="#[6d]">&gt;&gt;</a>&nbsp;&nbsp;&nbsp;dwt_setGPIOdirection
<LI><a href="#[66]">&gt;&gt;</a>&nbsp;&nbsp;&nbsp;dwt_initialise
<LI><a href="#[6b]">&gt;&gt;</a>&nbsp;&nbsp;&nbsp;dwt_enableframefilter
<LI><a href="#[68]">&gt;&gt;</a>&nbsp;&nbsp;&nbsp;dwt_configure
<LI><a href="#[65]">&gt;&gt;</a>&nbsp;&nbsp;&nbsp;SPI_DW1000_set_rate_low
<LI><a href="#[67]">&gt;&gt;</a>&nbsp;&nbsp;&nbsp;SPI_DW1000_set_rate_high
<LI><a href="#[6f]">&gt;&gt;</a>&nbsp;&nbsp;&nbsp;Receptor_Communication_From_One
<LI><a href="#[64]">&gt;&gt;</a>&nbsp;&nbsp;&nbsp;RESET_DW1000
<LI><a href="#[61]">&gt;&gt;</a>&nbsp;&nbsp;&nbsp;Our_Sys_Init
<LI><a href="#[63]">&gt;&gt;</a>&nbsp;&nbsp;&nbsp;Dwm1000_Init
<LI><a href="#[62]">&gt;&gt;</a>&nbsp;&nbsp;&nbsp;Delay
</UL>
<BR>[Called By]<UL><LI><a href="#[43]">&gt;&gt;</a>&nbsp;&nbsp;&nbsp;__rt_entry_main
</UL>

<P><STRONG><a name="[70]"></a>RCC_init</STRONG> (Thumb, 132 bytes, Stack size 8 bytes, port.o(.text))
<BR><BR>[Stack]<UL><LI>Max Depth = 32<LI>Call Chain = RCC_init &rArr; RCC_WaitForHSEStartUp &rArr; RCC_GetFlagStatus
</UL>
<BR>[Calls]<UL><LI><a href="#[7d]">&gt;&gt;</a>&nbsp;&nbsp;&nbsp;RCC_ClockSecuritySystemCmd
<LI><a href="#[7e]">&gt;&gt;</a>&nbsp;&nbsp;&nbsp;RCC_APB2PeriphClockCmd
<LI><a href="#[60]">&gt;&gt;</a>&nbsp;&nbsp;&nbsp;RCC_GetClocksFreq
<LI><a href="#[78]">&gt;&gt;</a>&nbsp;&nbsp;&nbsp;RCC_ADCCLKConfig
<LI><a href="#[76]">&gt;&gt;</a>&nbsp;&nbsp;&nbsp;RCC_PCLK2Config
<LI><a href="#[77]">&gt;&gt;</a>&nbsp;&nbsp;&nbsp;RCC_PCLK1Config
<LI><a href="#[75]">&gt;&gt;</a>&nbsp;&nbsp;&nbsp;RCC_HCLKConfig
<LI><a href="#[7c]">&gt;&gt;</a>&nbsp;&nbsp;&nbsp;RCC_GetSYSCLKSource
<LI><a href="#[7b]">&gt;&gt;</a>&nbsp;&nbsp;&nbsp;RCC_SYSCLKConfig
<LI><a href="#[7a]">&gt;&gt;</a>&nbsp;&nbsp;&nbsp;RCC_PLLCmd
<LI><a href="#[79]">&gt;&gt;</a>&nbsp;&nbsp;&nbsp;RCC_PLLConfig
<LI><a href="#[5b]">&gt;&gt;</a>&nbsp;&nbsp;&nbsp;RCC_WaitForHSEStartUp
<LI><a href="#[5c]">&gt;&gt;</a>&nbsp;&nbsp;&nbsp;RCC_GetFlagStatus
<LI><a href="#[72]">&gt;&gt;</a>&nbsp;&nbsp;&nbsp;RCC_HSEConfig
<LI><a href="#[71]">&gt;&gt;</a>&nbsp;&nbsp;&nbsp;RCC_DeInit
<LI><a href="#[73]">&gt;&gt;</a>&nbsp;&nbsp;&nbsp;FLASH_PrefetchBufferCmd
<LI><a href="#[74]">&gt;&gt;</a>&nbsp;&nbsp;&nbsp;FLASH_SetLatency
</UL>
<BR>[Called By]<UL><LI><a href="#[61]">&gt;&gt;</a>&nbsp;&nbsp;&nbsp;Our_Sys_Init
</UL>

<P><STRONG><a name="[84]"></a>GPIO_init</STRONG> (Thumb, 2 bytes, Stack size 0 bytes, port.o(.text))
<BR><BR>[Called By]<UL><LI><a href="#[61]">&gt;&gt;</a>&nbsp;&nbsp;&nbsp;Our_Sys_Init
</UL>

<P><STRONG><a name="[7f]"></a>NVIC_init</STRONG> (Thumb, 12 bytes, Stack size 8 bytes, port.o(.text))
<BR><BR>[Stack]<UL><LI>Max Depth = 8<LI>Call Chain = NVIC_init
</UL>
<BR>[Calls]<UL><LI><a href="#[80]">&gt;&gt;</a>&nbsp;&nbsp;&nbsp;NVIC_PriorityGroupConfig
</UL>
<BR>[Called By]<UL><LI><a href="#[61]">&gt;&gt;</a>&nbsp;&nbsp;&nbsp;Our_Sys_Init
</UL>

<P><STRONG><a name="[85]"></a>EXTI_init</STRONG> (Thumb, 2 bytes, Stack size 0 bytes, port.o(.text))
<BR><BR>[Called By]<UL><LI><a href="#[61]">&gt;&gt;</a>&nbsp;&nbsp;&nbsp;Our_Sys_Init
</UL>

<P><STRONG><a name="[62]"></a>Delay</STRONG> (Thumb, 20 bytes, Stack size 8 bytes, port.o(.text))
<BR><BR>[Stack]<UL><LI>Max Depth = 8<LI>Call Chain = Delay
</UL>
<BR>[Called By]<UL><LI><a href="#[44]">&gt;&gt;</a>&nbsp;&nbsp;&nbsp;main
</UL>

<P><STRONG><a name="[90]"></a>TimingDelay_Decrement</STRONG> (Thumb, 34 bytes, Stack size 0 bytes, port.o(.text))
<BR><BR>[Called By]<UL><LI><a href="#[c]">&gt;&gt;</a>&nbsp;&nbsp;&nbsp;SysTick_Handler
</UL>

<P><STRONG><a name="[167]"></a>SetTick</STRONG> (Thumb, 6 bytes, Stack size 0 bytes, port.o(.text), UNUSED)

<P><STRONG><a name="[168]"></a>GetTick</STRONG> (Thumb, 6 bytes, Stack size 0 bytes, port.o(.text), UNUSED)

<P><STRONG><a name="[81]"></a>Systick_init</STRONG> (Thumb, 74 bytes, Stack size 8 bytes, port.o(.text))
<BR><BR>[Stack]<UL><LI>Max Depth = 16<LI>Call Chain = Systick_init &rArr; NVIC_SetPriority
</UL>
<BR>[Calls]<UL><LI><a href="#[82]">&gt;&gt;</a>&nbsp;&nbsp;&nbsp;NVIC_SetPriority
</UL>
<BR>[Called By]<UL><LI><a href="#[83]">&gt;&gt;</a>&nbsp;&nbsp;&nbsp;Periph_init
</UL>

<P><STRONG><a name="[83]"></a>Periph_init</STRONG> (Thumb, 8 bytes, Stack size 8 bytes, port.o(.text))
<BR><BR>[Stack]<UL><LI>Max Depth = 24<LI>Call Chain = Periph_init &rArr; Systick_init &rArr; NVIC_SetPriority
</UL>
<BR>[Calls]<UL><LI><a href="#[81]">&gt;&gt;</a>&nbsp;&nbsp;&nbsp;Systick_init
</UL>
<BR>[Called By]<UL><LI><a href="#[61]">&gt;&gt;</a>&nbsp;&nbsp;&nbsp;Our_Sys_Init
</UL>

<P><STRONG><a name="[61]"></a>Our_Sys_Init</STRONG> (Thumb, 24 bytes, Stack size 8 bytes, port.o(.text))
<BR><BR>[Stack]<UL><LI>Max Depth = 40<LI>Call Chain = Our_Sys_Init &rArr; RCC_init &rArr; RCC_WaitForHSEStartUp &rArr; RCC_GetFlagStatus
</UL>
<BR>[Calls]<UL><LI><a href="#[83]">&gt;&gt;</a>&nbsp;&nbsp;&nbsp;Periph_init
<LI><a href="#[85]">&gt;&gt;</a>&nbsp;&nbsp;&nbsp;EXTI_init
<LI><a href="#[7f]">&gt;&gt;</a>&nbsp;&nbsp;&nbsp;NVIC_init
<LI><a href="#[84]">&gt;&gt;</a>&nbsp;&nbsp;&nbsp;GPIO_init
<LI><a href="#[70]">&gt;&gt;</a>&nbsp;&nbsp;&nbsp;RCC_init
</UL>
<BR>[Called By]<UL><LI><a href="#[44]">&gt;&gt;</a>&nbsp;&nbsp;&nbsp;main
</UL>

<P><STRONG><a name="[86]"></a>decamutexon</STRONG> (Thumb, 34 bytes, Stack size 8 bytes, deca_mutex.o(.text))
<BR><BR>[Stack]<UL><LI>Max Depth = 8<LI>Call Chain = decamutexon
</UL>
<BR>[Calls]<UL><LI><a href="#[87]">&gt;&gt;</a>&nbsp;&nbsp;&nbsp;EXTI_GetITEnStatus
</UL>
<BR>[Called By]<UL><LI><a href="#[d1]">&gt;&gt;</a>&nbsp;&nbsp;&nbsp;dwt_setinterrupt
<LI><a href="#[c6]">&gt;&gt;</a>&nbsp;&nbsp;&nbsp;dwt_forcetrxoff
<LI><a href="#[8f]">&gt;&gt;</a>&nbsp;&nbsp;&nbsp;readfromspi_serial
<LI><a href="#[8d]">&gt;&gt;</a>&nbsp;&nbsp;&nbsp;writetospi_serial
</UL>

<P><STRONG><a name="[8e]"></a>decamutexoff</STRONG> (Thumb, 28 bytes, Stack size 0 bytes, deca_mutex.o(.text))
<BR><BR>[Called By]<UL><LI><a href="#[d1]">&gt;&gt;</a>&nbsp;&nbsp;&nbsp;dwt_setinterrupt
<LI><a href="#[c6]">&gt;&gt;</a>&nbsp;&nbsp;&nbsp;dwt_forcetrxoff
<LI><a href="#[8f]">&gt;&gt;</a>&nbsp;&nbsp;&nbsp;readfromspi_serial
<LI><a href="#[8d]">&gt;&gt;</a>&nbsp;&nbsp;&nbsp;writetospi_serial
</UL>

<P><STRONG><a name="[88]"></a>deca_sleep</STRONG> (Thumb, 24 bytes, Stack size 16 bytes, deca_sleep.o(.text))
<BR><BR>[Stack]<UL><LI>Max Depth = 16<LI>Call Chain = deca_sleep
</UL>
<BR>[Calls]<UL><LI><a href="#[89]">&gt;&gt;</a>&nbsp;&nbsp;&nbsp;portGetTickCnt
</UL>
<BR>[Called By]<UL><LI><a href="#[64]">&gt;&gt;</a>&nbsp;&nbsp;&nbsp;RESET_DW1000
<LI><a href="#[d7]">&gt;&gt;</a>&nbsp;&nbsp;&nbsp;dwt_readtempvbat
<LI><a href="#[d4]">&gt;&gt;</a>&nbsp;&nbsp;&nbsp;dwt_softreset
<LI><a href="#[bd]">&gt;&gt;</a>&nbsp;&nbsp;&nbsp;dwt_spicswakeup
<LI><a href="#[ba]">&gt;&gt;</a>&nbsp;&nbsp;&nbsp;dwt_calibratesleepcnt
<LI><a href="#[b4]">&gt;&gt;</a>&nbsp;&nbsp;&nbsp;_dwt_otpprogword32
<LI><a href="#[b3]">&gt;&gt;</a>&nbsp;&nbsp;&nbsp;_dwt_otpsetmrregs
<LI><a href="#[99]">&gt;&gt;</a>&nbsp;&nbsp;&nbsp;_dwt_loaducodefromrom
</UL>

<P><STRONG><a name="[169]"></a>openspi</STRONG> (Thumb, 4 bytes, Stack size 0 bytes, deca_spi.o(.text), UNUSED)

<P><STRONG><a name="[8a]"></a>closespi</STRONG> (Thumb, 28 bytes, Stack size 8 bytes, deca_spi.o(.text), UNUSED)
<BR><BR>[Calls]<UL><LI><a href="#[8b]">&gt;&gt;</a>&nbsp;&nbsp;&nbsp;SPI_I2S_GetFlagStatus
<LI><a href="#[8c]">&gt;&gt;</a>&nbsp;&nbsp;&nbsp;SPI_Cmd
</UL>

<P><STRONG><a name="[8d]"></a>writetospi_serial</STRONG> (Thumb, 116 bytes, Stack size 32 bytes, deca_spi.o(.text))
<BR><BR>[Stack]<UL><LI>Max Depth = 40<LI>Call Chain = writetospi_serial &rArr; decamutexon
</UL>
<BR>[Calls]<UL><LI><a href="#[8e]">&gt;&gt;</a>&nbsp;&nbsp;&nbsp;decamutexoff
<LI><a href="#[86]">&gt;&gt;</a>&nbsp;&nbsp;&nbsp;decamutexon
</UL>
<BR>[Called By]<UL><LI><a href="#[95]">&gt;&gt;</a>&nbsp;&nbsp;&nbsp;dwt_writetodevice
</UL>

<P><STRONG><a name="[8f]"></a>readfromspi_serial</STRONG> (Thumb, 118 bytes, Stack size 32 bytes, deca_spi.o(.text))
<BR><BR>[Stack]<UL><LI>Max Depth = 40<LI>Call Chain = readfromspi_serial &rArr; decamutexon
</UL>
<BR>[Calls]<UL><LI><a href="#[8e]">&gt;&gt;</a>&nbsp;&nbsp;&nbsp;decamutexoff
<LI><a href="#[86]">&gt;&gt;</a>&nbsp;&nbsp;&nbsp;decamutexon
</UL>
<BR>[Called By]<UL><LI><a href="#[93]">&gt;&gt;</a>&nbsp;&nbsp;&nbsp;dwt_readfromdevice
</UL>

<P><STRONG><a name="[4]"></a>NMI_Handler</STRONG> (Thumb, 2 bytes, Stack size 0 bytes, stm32f10x_it.o(.text))
<BR>[Address Reference Count : 1]<UL><LI> startup_stm32f10x_md.o(RESET)
</UL>
<P><STRONG><a name="[5]"></a>HardFault_Handler</STRONG> (Thumb, 4 bytes, Stack size 0 bytes, stm32f10x_it.o(.text))
<BR>[Address Reference Count : 1]<UL><LI> startup_stm32f10x_md.o(RESET)
</UL>
<P><STRONG><a name="[6]"></a>MemManage_Handler</STRONG> (Thumb, 4 bytes, Stack size 0 bytes, stm32f10x_it.o(.text))
<BR>[Address Reference Count : 1]<UL><LI> startup_stm32f10x_md.o(RESET)
</UL>
<P><STRONG><a name="[7]"></a>BusFault_Handler</STRONG> (Thumb, 4 bytes, Stack size 0 bytes, stm32f10x_it.o(.text))
<BR>[Address Reference Count : 1]<UL><LI> startup_stm32f10x_md.o(RESET)
</UL>
<P><STRONG><a name="[8]"></a>UsageFault_Handler</STRONG> (Thumb, 4 bytes, Stack size 0 bytes, stm32f10x_it.o(.text))
<BR>[Address Reference Count : 1]<UL><LI> startup_stm32f10x_md.o(RESET)
</UL>
<P><STRONG><a name="[9]"></a>SVC_Handler</STRONG> (Thumb, 2 bytes, Stack size 0 bytes, stm32f10x_it.o(.text))
<BR>[Address Reference Count : 1]<UL><LI> startup_stm32f10x_md.o(RESET)
</UL>
<P><STRONG><a name="[a]"></a>DebugMon_Handler</STRONG> (Thumb, 2 bytes, Stack size 0 bytes, stm32f10x_it.o(.text))
<BR>[Address Reference Count : 1]<UL><LI> startup_stm32f10x_md.o(RESET)
</UL>
<P><STRONG><a name="[b]"></a>PendSV_Handler</STRONG> (Thumb, 2 bytes, Stack size 0 bytes, stm32f10x_it.o(.text))
<BR>[Address Reference Count : 1]<UL><LI> startup_stm32f10x_md.o(RESET)
</UL>
<P><STRONG><a name="[c]"></a>SysTick_Handler</STRONG> (Thumb, 30 bytes, Stack size 8 bytes, stm32f10x_it.o(.text))
<BR><BR>[Stack]<UL><LI>Max Depth = 8<LI>Call Chain = SysTick_Handler
</UL>
<BR>[Calls]<UL><LI><a href="#[90]">&gt;&gt;</a>&nbsp;&nbsp;&nbsp;TimingDelay_Decrement
</UL>
<BR>[Address Reference Count : 1]<UL><LI> startup_stm32f10x_md.o(RESET)
</UL>
<P><STRONG><a name="[38]"></a>SystemInit</STRONG> (Thumb, 78 bytes, Stack size 8 bytes, system_stm32f10x.o(.text))
<BR><BR>[Stack]<UL><LI>Max Depth = 28<LI>Call Chain = SystemInit &rArr; SetSysClock &rArr; SetSysClockTo72
</UL>
<BR>[Calls]<UL><LI><a href="#[91]">&gt;&gt;</a>&nbsp;&nbsp;&nbsp;SetSysClock
</UL>
<BR>[Address Reference Count : 1]<UL><LI> startup_stm32f10x_md.o(.text)
</UL>
<P><STRONG><a name="[16a]"></a>SystemCoreClockUpdate</STRONG> (Thumb, 142 bytes, Stack size 8 bytes, system_stm32f10x.o(.text), UNUSED)

<P><STRONG><a name="[93]"></a>dwt_readfromdevice</STRONG> (Thumb, 100 bytes, Stack size 32 bytes, deca_device.o(.text))
<BR><BR>[Stack]<UL><LI>Max Depth = 72<LI>Call Chain = dwt_readfromdevice &rArr; readfromspi_serial &rArr; decamutexon
</UL>
<BR>[Calls]<UL><LI><a href="#[8f]">&gt;&gt;</a>&nbsp;&nbsp;&nbsp;readfromspi_serial
</UL>
<BR>[Called By]<UL><LI><a href="#[d9]">&gt;&gt;</a>&nbsp;&nbsp;&nbsp;dwt_readwakeupvbat
<LI><a href="#[d8]">&gt;&gt;</a>&nbsp;&nbsp;&nbsp;dwt_readwakeuptemp
<LI><a href="#[d7]">&gt;&gt;</a>&nbsp;&nbsp;&nbsp;dwt_readtempvbat
<LI><a href="#[d4]">&gt;&gt;</a>&nbsp;&nbsp;&nbsp;dwt_softreset
<LI><a href="#[cf]">&gt;&gt;</a>&nbsp;&nbsp;&nbsp;dwt_setrxtimeout
<LI><a href="#[ce]">&gt;&gt;</a>&nbsp;&nbsp;&nbsp;dwt_rxenable
<LI><a href="#[c9]">&gt;&gt;</a>&nbsp;&nbsp;&nbsp;dwt_setleds
<LI><a href="#[c8]">&gt;&gt;</a>&nbsp;&nbsp;&nbsp;dwt_isr
<LI><a href="#[c5]">&gt;&gt;</a>&nbsp;&nbsp;&nbsp;dwt_syncrxbufptrs
<LI><a href="#[c3]">&gt;&gt;</a>&nbsp;&nbsp;&nbsp;dwt_checkIRQ
<LI><a href="#[bd]">&gt;&gt;</a>&nbsp;&nbsp;&nbsp;dwt_spicswakeup
<LI><a href="#[ba]">&gt;&gt;</a>&nbsp;&nbsp;&nbsp;dwt_calibratesleepcnt
<LI><a href="#[b4]">&gt;&gt;</a>&nbsp;&nbsp;&nbsp;_dwt_otpprogword32
<LI><a href="#[b3]">&gt;&gt;</a>&nbsp;&nbsp;&nbsp;_dwt_otpsetmrregs
<LI><a href="#[b1]">&gt;&gt;</a>&nbsp;&nbsp;&nbsp;dwt_geteui
<LI><a href="#[ad]">&gt;&gt;</a>&nbsp;&nbsp;&nbsp;dwt_readsystime
<LI><a href="#[a9]">&gt;&gt;</a>&nbsp;&nbsp;&nbsp;dwt_readrxtimestamp
<LI><a href="#[a6]">&gt;&gt;</a>&nbsp;&nbsp;&nbsp;dwt_readtxtimestamp
<LI><a href="#[a5]">&gt;&gt;</a>&nbsp;&nbsp;&nbsp;dwt_readdiagnostics
<LI><a href="#[a4]">&gt;&gt;</a>&nbsp;&nbsp;&nbsp;dwt_readaccdata
<LI><a href="#[a3]">&gt;&gt;</a>&nbsp;&nbsp;&nbsp;dwt_readrxdata
<LI><a href="#[9d]">&gt;&gt;</a>&nbsp;&nbsp;&nbsp;dwt_setGPIOforEXTTRX
<LI><a href="#[9a]">&gt;&gt;</a>&nbsp;&nbsp;&nbsp;dwt_xtaltrim
<LI><a href="#[98]">&gt;&gt;</a>&nbsp;&nbsp;&nbsp;dwt_read16bitoffsetreg
<LI><a href="#[96]">&gt;&gt;</a>&nbsp;&nbsp;&nbsp;_dwt_enableclocks
<LI><a href="#[94]">&gt;&gt;</a>&nbsp;&nbsp;&nbsp;dwt_read32bitoffsetreg
</UL>

<P><STRONG><a name="[94]"></a>dwt_read32bitoffsetreg</STRONG> (Thumb, 56 bytes, Stack size 32 bytes, deca_device.o(.text))
<BR><BR>[Stack]<UL><LI>Max Depth = 104<LI>Call Chain = dwt_read32bitoffsetreg &rArr; dwt_readfromdevice &rArr; readfromspi_serial &rArr; decamutexon
</UL>
<BR>[Calls]<UL><LI><a href="#[93]">&gt;&gt;</a>&nbsp;&nbsp;&nbsp;dwt_readfromdevice
</UL>
<BR>[Called By]<UL><LI><a href="#[6c]">&gt;&gt;</a>&nbsp;&nbsp;&nbsp;dwt_setrxaftertxdelay
<LI><a href="#[66]">&gt;&gt;</a>&nbsp;&nbsp;&nbsp;dwt_initialise
<LI><a href="#[6b]">&gt;&gt;</a>&nbsp;&nbsp;&nbsp;dwt_enableframefilter
<LI><a href="#[6f]">&gt;&gt;</a>&nbsp;&nbsp;&nbsp;Receptor_Communication_From_One
<LI><a href="#[e7]">&gt;&gt;</a>&nbsp;&nbsp;&nbsp;Initiator_Communication_To_One
<LI><a href="#[d3]">&gt;&gt;</a>&nbsp;&nbsp;&nbsp;dwt_readeventcounters
<LI><a href="#[d1]">&gt;&gt;</a>&nbsp;&nbsp;&nbsp;dwt_setinterrupt
<LI><a href="#[c8]">&gt;&gt;</a>&nbsp;&nbsp;&nbsp;dwt_isr
<LI><a href="#[c6]">&gt;&gt;</a>&nbsp;&nbsp;&nbsp;dwt_forcetrxoff
<LI><a href="#[bf]">&gt;&gt;</a>&nbsp;&nbsp;&nbsp;dwt_setsmarttxpower
<LI><a href="#[bc]">&gt;&gt;</a>&nbsp;&nbsp;&nbsp;dwt_entersleepaftertx
<LI><a href="#[ac]">&gt;&gt;</a>&nbsp;&nbsp;&nbsp;dwt_readsystimestamphi32
<LI><a href="#[ab]">&gt;&gt;</a>&nbsp;&nbsp;&nbsp;dwt_readrxtimestamplo32
<LI><a href="#[aa]">&gt;&gt;</a>&nbsp;&nbsp;&nbsp;dwt_readrxtimestamphi32
<LI><a href="#[a8]">&gt;&gt;</a>&nbsp;&nbsp;&nbsp;dwt_readtxtimestamplo32
<LI><a href="#[a7]">&gt;&gt;</a>&nbsp;&nbsp;&nbsp;dwt_readtxtimestamphi32
<LI><a href="#[a5]">&gt;&gt;</a>&nbsp;&nbsp;&nbsp;dwt_readdiagnostics
<LI><a href="#[9c]">&gt;&gt;</a>&nbsp;&nbsp;&nbsp;dwt_readdevid
<LI><a href="#[9b]">&gt;&gt;</a>&nbsp;&nbsp;&nbsp;_dwt_otpread
</UL>

<P><STRONG><a name="[95]"></a>dwt_writetodevice</STRONG> (Thumb, 104 bytes, Stack size 32 bytes, deca_device.o(.text))
<BR><BR>[Stack]<UL><LI>Max Depth = 72<LI>Call Chain = dwt_writetodevice &rArr; writetospi_serial &rArr; decamutexon
</UL>
<BR>[Calls]<UL><LI><a href="#[8d]">&gt;&gt;</a>&nbsp;&nbsp;&nbsp;writetospi_serial
</UL>
<BR>[Called By]<UL><LI><a href="#[6e]">&gt;&gt;</a>&nbsp;&nbsp;&nbsp;dwt_setGPIOvalue
<LI><a href="#[6d]">&gt;&gt;</a>&nbsp;&nbsp;&nbsp;dwt_setGPIOdirection
<LI><a href="#[66]">&gt;&gt;</a>&nbsp;&nbsp;&nbsp;dwt_initialise
<LI><a href="#[68]">&gt;&gt;</a>&nbsp;&nbsp;&nbsp;dwt_configure
<LI><a href="#[d7]">&gt;&gt;</a>&nbsp;&nbsp;&nbsp;dwt_readtempvbat
<LI><a href="#[d6]">&gt;&gt;</a>&nbsp;&nbsp;&nbsp;dwt_configcontinuousframemode
<LI><a href="#[d5]">&gt;&gt;</a>&nbsp;&nbsp;&nbsp;dwt_configcwmode
<LI><a href="#[d4]">&gt;&gt;</a>&nbsp;&nbsp;&nbsp;dwt_softreset
<LI><a href="#[d2]">&gt;&gt;</a>&nbsp;&nbsp;&nbsp;dwt_configeventcounters
<LI><a href="#[cf]">&gt;&gt;</a>&nbsp;&nbsp;&nbsp;dwt_setrxtimeout
<LI><a href="#[cc]">&gt;&gt;</a>&nbsp;&nbsp;&nbsp;dwt_starttx
<LI><a href="#[c9]">&gt;&gt;</a>&nbsp;&nbsp;&nbsp;dwt_setleds
<LI><a href="#[c8]">&gt;&gt;</a>&nbsp;&nbsp;&nbsp;dwt_isr
<LI><a href="#[c6]">&gt;&gt;</a>&nbsp;&nbsp;&nbsp;dwt_forcetrxoff
<LI><a href="#[c5]">&gt;&gt;</a>&nbsp;&nbsp;&nbsp;dwt_syncrxbufptrs
<LI><a href="#[c4]">&gt;&gt;</a>&nbsp;&nbsp;&nbsp;dwt_rxreset
<LI><a href="#[c2]">&gt;&gt;</a>&nbsp;&nbsp;&nbsp;dwt_setautorxreenable
<LI><a href="#[be]">&gt;&gt;</a>&nbsp;&nbsp;&nbsp;dwt_loadopsettabfromotp
<LI><a href="#[bb]">&gt;&gt;</a>&nbsp;&nbsp;&nbsp;dwt_configuresleep
<LI><a href="#[ba]">&gt;&gt;</a>&nbsp;&nbsp;&nbsp;dwt_calibratesleepcnt
<LI><a href="#[b9]">&gt;&gt;</a>&nbsp;&nbsp;&nbsp;dwt_configuresleepcnt
<LI><a href="#[b7]">&gt;&gt;</a>&nbsp;&nbsp;&nbsp;_dwt_aonarrayupload
<LI><a href="#[b6]">&gt;&gt;</a>&nbsp;&nbsp;&nbsp;_dwt_aonconfigupload
<LI><a href="#[b4]">&gt;&gt;</a>&nbsp;&nbsp;&nbsp;_dwt_otpprogword32
<LI><a href="#[b3]">&gt;&gt;</a>&nbsp;&nbsp;&nbsp;_dwt_otpsetmrregs
<LI><a href="#[b0]">&gt;&gt;</a>&nbsp;&nbsp;&nbsp;dwt_seteui
<LI><a href="#[a1]">&gt;&gt;</a>&nbsp;&nbsp;&nbsp;dwt_writetxdata
<LI><a href="#[a0]">&gt;&gt;</a>&nbsp;&nbsp;&nbsp;_dwt_configlde
<LI><a href="#[9f]">&gt;&gt;</a>&nbsp;&nbsp;&nbsp;dwt_configuretxrf
<LI><a href="#[9e]">&gt;&gt;</a>&nbsp;&nbsp;&nbsp;dwt_write32bitoffsetreg
<LI><a href="#[9d]">&gt;&gt;</a>&nbsp;&nbsp;&nbsp;dwt_setGPIOforEXTTRX
<LI><a href="#[9b]">&gt;&gt;</a>&nbsp;&nbsp;&nbsp;_dwt_otpread
<LI><a href="#[9a]">&gt;&gt;</a>&nbsp;&nbsp;&nbsp;dwt_xtaltrim
<LI><a href="#[99]">&gt;&gt;</a>&nbsp;&nbsp;&nbsp;_dwt_loaducodefromrom
<LI><a href="#[97]">&gt;&gt;</a>&nbsp;&nbsp;&nbsp;dwt_write16bitoffsetreg
<LI><a href="#[96]">&gt;&gt;</a>&nbsp;&nbsp;&nbsp;_dwt_enableclocks
</UL>

<P><STRONG><a name="[96]"></a>_dwt_enableclocks</STRONG> (Thumb, 228 bytes, Stack size 16 bytes, deca_device.o(.text))
<BR><BR>[Stack]<UL><LI>Max Depth = 88<LI>Call Chain = _dwt_enableclocks &rArr; dwt_writetodevice &rArr; writetospi_serial &rArr; decamutexon
</UL>
<BR>[Calls]<UL><LI><a href="#[95]">&gt;&gt;</a>&nbsp;&nbsp;&nbsp;dwt_writetodevice
<LI><a href="#[93]">&gt;&gt;</a>&nbsp;&nbsp;&nbsp;dwt_readfromdevice
</UL>
<BR>[Called By]<UL><LI><a href="#[66]">&gt;&gt;</a>&nbsp;&nbsp;&nbsp;dwt_initialise
<LI><a href="#[d7]">&gt;&gt;</a>&nbsp;&nbsp;&nbsp;dwt_readtempvbat
<LI><a href="#[d6]">&gt;&gt;</a>&nbsp;&nbsp;&nbsp;dwt_configcontinuousframemode
<LI><a href="#[ca]">&gt;&gt;</a>&nbsp;&nbsp;&nbsp;_dwt_disablesequencing
<LI><a href="#[be]">&gt;&gt;</a>&nbsp;&nbsp;&nbsp;dwt_loadopsettabfromotp
<LI><a href="#[b5]">&gt;&gt;</a>&nbsp;&nbsp;&nbsp;dwt_otpwriteandverify
<LI><a href="#[b2]">&gt;&gt;</a>&nbsp;&nbsp;&nbsp;dwt_otpread
<LI><a href="#[a4]">&gt;&gt;</a>&nbsp;&nbsp;&nbsp;dwt_readaccdata
<LI><a href="#[99]">&gt;&gt;</a>&nbsp;&nbsp;&nbsp;_dwt_loaducodefromrom
</UL>

<P><STRONG><a name="[97]"></a>dwt_write16bitoffsetreg</STRONG> (Thumb, 38 bytes, Stack size 24 bytes, deca_device.o(.text))
<BR><BR>[Stack]<UL><LI>Max Depth = 96<LI>Call Chain = dwt_write16bitoffsetreg &rArr; dwt_writetodevice &rArr; writetospi_serial &rArr; decamutexon
</UL>
<BR>[Calls]<UL><LI><a href="#[95]">&gt;&gt;</a>&nbsp;&nbsp;&nbsp;dwt_writetodevice
</UL>
<BR>[Called By]<UL><LI><a href="#[6a]">&gt;&gt;</a>&nbsp;&nbsp;&nbsp;dwt_settxantennadelay
<LI><a href="#[69]">&gt;&gt;</a>&nbsp;&nbsp;&nbsp;dwt_setrxantennadelay
<LI><a href="#[66]">&gt;&gt;</a>&nbsp;&nbsp;&nbsp;dwt_initialise
<LI><a href="#[68]">&gt;&gt;</a>&nbsp;&nbsp;&nbsp;dwt_configure
<LI><a href="#[d5]">&gt;&gt;</a>&nbsp;&nbsp;&nbsp;dwt_configcwmode
<LI><a href="#[d4]">&gt;&gt;</a>&nbsp;&nbsp;&nbsp;dwt_softreset
<LI><a href="#[d0]">&gt;&gt;</a>&nbsp;&nbsp;&nbsp;dwt_setpreambledetecttimeout
<LI><a href="#[cf]">&gt;&gt;</a>&nbsp;&nbsp;&nbsp;dwt_setrxtimeout
<LI><a href="#[ce]">&gt;&gt;</a>&nbsp;&nbsp;&nbsp;dwt_rxenable
<LI><a href="#[cd]">&gt;&gt;</a>&nbsp;&nbsp;&nbsp;dwt_setrxmode
<LI><a href="#[ca]">&gt;&gt;</a>&nbsp;&nbsp;&nbsp;_dwt_disablesequencing
<LI><a href="#[c8]">&gt;&gt;</a>&nbsp;&nbsp;&nbsp;dwt_isr
<LI><a href="#[c0]">&gt;&gt;</a>&nbsp;&nbsp;&nbsp;dwt_enableautoack
<LI><a href="#[be]">&gt;&gt;</a>&nbsp;&nbsp;&nbsp;dwt_loadopsettabfromotp
<LI><a href="#[bb]">&gt;&gt;</a>&nbsp;&nbsp;&nbsp;dwt_configuresleep
<LI><a href="#[af]">&gt;&gt;</a>&nbsp;&nbsp;&nbsp;dwt_setaddress16
<LI><a href="#[ae]">&gt;&gt;</a>&nbsp;&nbsp;&nbsp;dwt_setpanid
<LI><a href="#[a0]">&gt;&gt;</a>&nbsp;&nbsp;&nbsp;_dwt_configlde
<LI><a href="#[99]">&gt;&gt;</a>&nbsp;&nbsp;&nbsp;_dwt_loaducodefromrom
</UL>

<P><STRONG><a name="[98]"></a>dwt_read16bitoffsetreg</STRONG> (Thumb, 44 bytes, Stack size 24 bytes, deca_device.o(.text))
<BR><BR>[Stack]<UL><LI>Max Depth = 96<LI>Call Chain = dwt_read16bitoffsetreg &rArr; dwt_readfromdevice &rArr; readfromspi_serial &rArr; decamutexon
</UL>
<BR>[Calls]<UL><LI><a href="#[93]">&gt;&gt;</a>&nbsp;&nbsp;&nbsp;dwt_readfromdevice
</UL>
<BR>[Called By]<UL><LI><a href="#[66]">&gt;&gt;</a>&nbsp;&nbsp;&nbsp;dwt_initialise
<LI><a href="#[cc]">&gt;&gt;</a>&nbsp;&nbsp;&nbsp;dwt_starttx
<LI><a href="#[c8]">&gt;&gt;</a>&nbsp;&nbsp;&nbsp;dwt_isr
<LI><a href="#[c7]">&gt;&gt;</a>&nbsp;&nbsp;&nbsp;dwt_checkoverrun
<LI><a href="#[a5]">&gt;&gt;</a>&nbsp;&nbsp;&nbsp;dwt_readdiagnostics
</UL>

<P><STRONG><a name="[99]"></a>_dwt_loaducodefromrom</STRONG> (Thumb, 52 bytes, Stack size 8 bytes, deca_device.o(.text))
<BR><BR>[Stack]<UL><LI>Max Depth = 104<LI>Call Chain = _dwt_loaducodefromrom &rArr; dwt_write16bitoffsetreg &rArr; dwt_writetodevice &rArr; writetospi_serial &rArr; decamutexon
</UL>
<BR>[Calls]<UL><LI><a href="#[97]">&gt;&gt;</a>&nbsp;&nbsp;&nbsp;dwt_write16bitoffsetreg
<LI><a href="#[96]">&gt;&gt;</a>&nbsp;&nbsp;&nbsp;_dwt_enableclocks
<LI><a href="#[95]">&gt;&gt;</a>&nbsp;&nbsp;&nbsp;dwt_writetodevice
<LI><a href="#[88]">&gt;&gt;</a>&nbsp;&nbsp;&nbsp;deca_sleep
</UL>
<BR>[Called By]<UL><LI><a href="#[66]">&gt;&gt;</a>&nbsp;&nbsp;&nbsp;dwt_initialise
</UL>

<P><STRONG><a name="[9a]"></a>dwt_xtaltrim</STRONG> (Thumb, 52 bytes, Stack size 16 bytes, deca_device.o(.text))
<BR><BR>[Stack]<UL><LI>Max Depth = 88<LI>Call Chain = dwt_xtaltrim &rArr; dwt_writetodevice &rArr; writetospi_serial &rArr; decamutexon
</UL>
<BR>[Calls]<UL><LI><a href="#[95]">&gt;&gt;</a>&nbsp;&nbsp;&nbsp;dwt_writetodevice
<LI><a href="#[93]">&gt;&gt;</a>&nbsp;&nbsp;&nbsp;dwt_readfromdevice
</UL>
<BR>[Called By]<UL><LI><a href="#[66]">&gt;&gt;</a>&nbsp;&nbsp;&nbsp;dwt_initialise
</UL>

<P><STRONG><a name="[9b]"></a>_dwt_otpread</STRONG> (Thumb, 78 bytes, Stack size 16 bytes, deca_device.o(.text))
<BR><BR>[Stack]<UL><LI>Max Depth = 120<LI>Call Chain = _dwt_otpread &rArr; dwt_read32bitoffsetreg &rArr; dwt_readfromdevice &rArr; readfromspi_serial &rArr; decamutexon
</UL>
<BR>[Calls]<UL><LI><a href="#[95]">&gt;&gt;</a>&nbsp;&nbsp;&nbsp;dwt_writetodevice
<LI><a href="#[94]">&gt;&gt;</a>&nbsp;&nbsp;&nbsp;dwt_read32bitoffsetreg
</UL>
<BR>[Called By]<UL><LI><a href="#[66]">&gt;&gt;</a>&nbsp;&nbsp;&nbsp;dwt_initialise
<LI><a href="#[b5]">&gt;&gt;</a>&nbsp;&nbsp;&nbsp;dwt_otpwriteandverify
<LI><a href="#[b2]">&gt;&gt;</a>&nbsp;&nbsp;&nbsp;dwt_otpread
</UL>

<P><STRONG><a name="[9c]"></a>dwt_readdevid</STRONG> (Thumb, 12 bytes, Stack size 8 bytes, deca_device.o(.text))
<BR><BR>[Stack]<UL><LI>Max Depth = 112<LI>Call Chain = dwt_readdevid &rArr; dwt_read32bitoffsetreg &rArr; dwt_readfromdevice &rArr; readfromspi_serial &rArr; decamutexon
</UL>
<BR>[Calls]<UL><LI><a href="#[94]">&gt;&gt;</a>&nbsp;&nbsp;&nbsp;dwt_read32bitoffsetreg
</UL>
<BR>[Called By]<UL><LI><a href="#[66]">&gt;&gt;</a>&nbsp;&nbsp;&nbsp;dwt_initialise
<LI><a href="#[bd]">&gt;&gt;</a>&nbsp;&nbsp;&nbsp;dwt_spicswakeup
</UL>

<P><STRONG><a name="[66]"></a>dwt_initialise</STRONG> (Thumb, 260 bytes, Stack size 32 bytes, deca_device.o(.text))
<BR><BR>[Stack]<UL><LI>Max Depth = 152<LI>Call Chain = dwt_initialise &rArr; _dwt_otpread &rArr; dwt_read32bitoffsetreg &rArr; dwt_readfromdevice &rArr; readfromspi_serial &rArr; decamutexon
</UL>
<BR>[Calls]<UL><LI><a href="#[9c]">&gt;&gt;</a>&nbsp;&nbsp;&nbsp;dwt_readdevid
<LI><a href="#[9b]">&gt;&gt;</a>&nbsp;&nbsp;&nbsp;_dwt_otpread
<LI><a href="#[9a]">&gt;&gt;</a>&nbsp;&nbsp;&nbsp;dwt_xtaltrim
<LI><a href="#[99]">&gt;&gt;</a>&nbsp;&nbsp;&nbsp;_dwt_loaducodefromrom
<LI><a href="#[98]">&gt;&gt;</a>&nbsp;&nbsp;&nbsp;dwt_read16bitoffsetreg
<LI><a href="#[97]">&gt;&gt;</a>&nbsp;&nbsp;&nbsp;dwt_write16bitoffsetreg
<LI><a href="#[96]">&gt;&gt;</a>&nbsp;&nbsp;&nbsp;_dwt_enableclocks
<LI><a href="#[95]">&gt;&gt;</a>&nbsp;&nbsp;&nbsp;dwt_writetodevice
<LI><a href="#[94]">&gt;&gt;</a>&nbsp;&nbsp;&nbsp;dwt_read32bitoffsetreg
</UL>
<BR>[Called By]<UL><LI><a href="#[44]">&gt;&gt;</a>&nbsp;&nbsp;&nbsp;main
</UL>

<P><STRONG><a name="[16b]"></a>dwt_otprevision</STRONG> (Thumb, 6 bytes, Stack size 0 bytes, deca_device.o(.text), UNUSED)

<P><STRONG><a name="[9d]"></a>dwt_setGPIOforEXTTRX</STRONG> (Thumb, 40 bytes, Stack size 8 bytes, deca_device.o(.text), UNUSED)
<BR><BR>[Calls]<UL><LI><a href="#[95]">&gt;&gt;</a>&nbsp;&nbsp;&nbsp;dwt_writetodevice
<LI><a href="#[93]">&gt;&gt;</a>&nbsp;&nbsp;&nbsp;dwt_readfromdevice
</UL>

<P><STRONG><a name="[6d]"></a>dwt_setGPIOdirection</STRONG> (Thumb, 42 bytes, Stack size 24 bytes, deca_device.o(.text))
<BR><BR>[Stack]<UL><LI>Max Depth = 96<LI>Call Chain = dwt_setGPIOdirection &rArr; dwt_writetodevice &rArr; writetospi_serial &rArr; decamutexon
</UL>
<BR>[Calls]<UL><LI><a href="#[95]">&gt;&gt;</a>&nbsp;&nbsp;&nbsp;dwt_writetodevice
</UL>
<BR>[Called By]<UL><LI><a href="#[44]">&gt;&gt;</a>&nbsp;&nbsp;&nbsp;main
</UL>

<P><STRONG><a name="[6e]"></a>dwt_setGPIOvalue</STRONG> (Thumb, 42 bytes, Stack size 24 bytes, deca_device.o(.text))
<BR><BR>[Stack]<UL><LI>Max Depth = 96<LI>Call Chain = dwt_setGPIOvalue &rArr; dwt_writetodevice &rArr; writetospi_serial &rArr; decamutexon
</UL>
<BR>[Calls]<UL><LI><a href="#[95]">&gt;&gt;</a>&nbsp;&nbsp;&nbsp;dwt_writetodevice
</UL>
<BR>[Called By]<UL><LI><a href="#[6f]">&gt;&gt;</a>&nbsp;&nbsp;&nbsp;Receptor_Communication_From_One
<LI><a href="#[44]">&gt;&gt;</a>&nbsp;&nbsp;&nbsp;main
<LI><a href="#[e7]">&gt;&gt;</a>&nbsp;&nbsp;&nbsp;Initiator_Communication_To_One
</UL>

<P><STRONG><a name="[16c]"></a>dwt_getpartid</STRONG> (Thumb, 6 bytes, Stack size 0 bytes, deca_device.o(.text), UNUSED)

<P><STRONG><a name="[16d]"></a>dwt_getlotid</STRONG> (Thumb, 6 bytes, Stack size 0 bytes, deca_device.o(.text), UNUSED)

<P><STRONG><a name="[9e]"></a>dwt_write32bitoffsetreg</STRONG> (Thumb, 48 bytes, Stack size 32 bytes, deca_device.o(.text))
<BR><BR>[Stack]<UL><LI>Max Depth = 104<LI>Call Chain = dwt_write32bitoffsetreg &rArr; dwt_writetodevice &rArr; writetospi_serial &rArr; decamutexon
</UL>
<BR>[Calls]<UL><LI><a href="#[95]">&gt;&gt;</a>&nbsp;&nbsp;&nbsp;dwt_writetodevice
</UL>
<BR>[Called By]<UL><LI><a href="#[6c]">&gt;&gt;</a>&nbsp;&nbsp;&nbsp;dwt_setrxaftertxdelay
<LI><a href="#[6b]">&gt;&gt;</a>&nbsp;&nbsp;&nbsp;dwt_enableframefilter
<LI><a href="#[68]">&gt;&gt;</a>&nbsp;&nbsp;&nbsp;dwt_configure
<LI><a href="#[6f]">&gt;&gt;</a>&nbsp;&nbsp;&nbsp;Receptor_Communication_From_One
<LI><a href="#[e7]">&gt;&gt;</a>&nbsp;&nbsp;&nbsp;Initiator_Communication_To_One
<LI><a href="#[d6]">&gt;&gt;</a>&nbsp;&nbsp;&nbsp;dwt_configcontinuousframemode
<LI><a href="#[d5]">&gt;&gt;</a>&nbsp;&nbsp;&nbsp;dwt_configcwmode
<LI><a href="#[d1]">&gt;&gt;</a>&nbsp;&nbsp;&nbsp;dwt_setinterrupt
<LI><a href="#[cb]">&gt;&gt;</a>&nbsp;&nbsp;&nbsp;dwt_setdelayedtrxtime
<LI><a href="#[c8]">&gt;&gt;</a>&nbsp;&nbsp;&nbsp;dwt_isr
<LI><a href="#[c6]">&gt;&gt;</a>&nbsp;&nbsp;&nbsp;dwt_forcetrxoff
<LI><a href="#[c1]">&gt;&gt;</a>&nbsp;&nbsp;&nbsp;dwt_setdblrxbuffmode
<LI><a href="#[c0]">&gt;&gt;</a>&nbsp;&nbsp;&nbsp;dwt_enableautoack
<LI><a href="#[bf]">&gt;&gt;</a>&nbsp;&nbsp;&nbsp;dwt_setsmarttxpower
<LI><a href="#[bc]">&gt;&gt;</a>&nbsp;&nbsp;&nbsp;dwt_entersleepaftertx
<LI><a href="#[a2]">&gt;&gt;</a>&nbsp;&nbsp;&nbsp;dwt_writetxfctrl
<LI><a href="#[9f]">&gt;&gt;</a>&nbsp;&nbsp;&nbsp;dwt_configuretxrf
</UL>

<P><STRONG><a name="[9f]"></a>dwt_configuretxrf</STRONG> (Thumb, 28 bytes, Stack size 8 bytes, deca_device.o(.text), UNUSED)
<BR><BR>[Calls]<UL><LI><a href="#[9e]">&gt;&gt;</a>&nbsp;&nbsp;&nbsp;dwt_write32bitoffsetreg
<LI><a href="#[95]">&gt;&gt;</a>&nbsp;&nbsp;&nbsp;dwt_writetodevice
</UL>

<P><STRONG><a name="[a0]"></a>_dwt_configlde</STRONG> (Thumb, 56 bytes, Stack size 16 bytes, deca_device.o(.text))
<BR><BR>[Stack]<UL><LI>Max Depth = 112<LI>Call Chain = _dwt_configlde &rArr; dwt_write16bitoffsetreg &rArr; dwt_writetodevice &rArr; writetospi_serial &rArr; decamutexon
</UL>
<BR>[Calls]<UL><LI><a href="#[97]">&gt;&gt;</a>&nbsp;&nbsp;&nbsp;dwt_write16bitoffsetreg
<LI><a href="#[95]">&gt;&gt;</a>&nbsp;&nbsp;&nbsp;dwt_writetodevice
</UL>
<BR>[Called By]<UL><LI><a href="#[68]">&gt;&gt;</a>&nbsp;&nbsp;&nbsp;dwt_configure
</UL>

<P><STRONG><a name="[68]"></a>dwt_configure</STRONG> (Thumb, 590 bytes, Stack size 40 bytes, deca_device.o(.text))
<BR><BR>[Stack]<UL><LI>Max Depth = 152<LI>Call Chain = dwt_configure &rArr; _dwt_configlde &rArr; dwt_write16bitoffsetreg &rArr; dwt_writetodevice &rArr; writetospi_serial &rArr; decamutexon
</UL>
<BR>[Calls]<UL><LI><a href="#[a0]">&gt;&gt;</a>&nbsp;&nbsp;&nbsp;_dwt_configlde
<LI><a href="#[9e]">&gt;&gt;</a>&nbsp;&nbsp;&nbsp;dwt_write32bitoffsetreg
<LI><a href="#[97]">&gt;&gt;</a>&nbsp;&nbsp;&nbsp;dwt_write16bitoffsetreg
<LI><a href="#[95]">&gt;&gt;</a>&nbsp;&nbsp;&nbsp;dwt_writetodevice
</UL>
<BR>[Called By]<UL><LI><a href="#[44]">&gt;&gt;</a>&nbsp;&nbsp;&nbsp;main
</UL>

<P><STRONG><a name="[69]"></a>dwt_setrxantennadelay</STRONG> (Thumb, 18 bytes, Stack size 8 bytes, deca_device.o(.text))
<BR><BR>[Stack]<UL><LI>Max Depth = 104<LI>Call Chain = dwt_setrxantennadelay &rArr; dwt_write16bitoffsetreg &rArr; dwt_writetodevice &rArr; writetospi_serial &rArr; decamutexon
</UL>
<BR>[Calls]<UL><LI><a href="#[97]">&gt;&gt;</a>&nbsp;&nbsp;&nbsp;dwt_write16bitoffsetreg
</UL>
<BR>[Called By]<UL><LI><a href="#[44]">&gt;&gt;</a>&nbsp;&nbsp;&nbsp;main
</UL>

<P><STRONG><a name="[6a]"></a>dwt_settxantennadelay</STRONG> (Thumb, 16 bytes, Stack size 8 bytes, deca_device.o(.text))
<BR><BR>[Stack]<UL><LI>Max Depth = 104<LI>Call Chain = dwt_settxantennadelay &rArr; dwt_write16bitoffsetreg &rArr; dwt_writetodevice &rArr; writetospi_serial &rArr; decamutexon
</UL>
<BR>[Calls]<UL><LI><a href="#[97]">&gt;&gt;</a>&nbsp;&nbsp;&nbsp;dwt_write16bitoffsetreg
</UL>
<BR>[Called By]<UL><LI><a href="#[44]">&gt;&gt;</a>&nbsp;&nbsp;&nbsp;main
</UL>

<P><STRONG><a name="[a1]"></a>dwt_writetxdata</STRONG> (Thumb, 38 bytes, Stack size 16 bytes, deca_device.o(.text))
<BR><BR>[Stack]<UL><LI>Max Depth = 88<LI>Call Chain = dwt_writetxdata &rArr; dwt_writetodevice &rArr; writetospi_serial &rArr; decamutexon
</UL>
<BR>[Calls]<UL><LI><a href="#[95]">&gt;&gt;</a>&nbsp;&nbsp;&nbsp;dwt_writetodevice
</UL>
<BR>[Called By]<UL><LI><a href="#[6f]">&gt;&gt;</a>&nbsp;&nbsp;&nbsp;Receptor_Communication_From_One
<LI><a href="#[e7]">&gt;&gt;</a>&nbsp;&nbsp;&nbsp;Initiator_Communication_To_One
</UL>

<P><STRONG><a name="[a2]"></a>dwt_writetxfctrl</STRONG> (Thumb, 30 bytes, Stack size 16 bytes, deca_device.o(.text))
<BR><BR>[Stack]<UL><LI>Max Depth = 120<LI>Call Chain = dwt_writetxfctrl &rArr; dwt_write32bitoffsetreg &rArr; dwt_writetodevice &rArr; writetospi_serial &rArr; decamutexon
</UL>
<BR>[Calls]<UL><LI><a href="#[9e]">&gt;&gt;</a>&nbsp;&nbsp;&nbsp;dwt_write32bitoffsetreg
</UL>
<BR>[Called By]<UL><LI><a href="#[6f]">&gt;&gt;</a>&nbsp;&nbsp;&nbsp;Receptor_Communication_From_One
<LI><a href="#[e7]">&gt;&gt;</a>&nbsp;&nbsp;&nbsp;Initiator_Communication_To_One
</UL>

<P><STRONG><a name="[a3]"></a>dwt_readrxdata</STRONG> (Thumb, 22 bytes, Stack size 16 bytes, deca_device.o(.text))
<BR><BR>[Stack]<UL><LI>Max Depth = 88<LI>Call Chain = dwt_readrxdata &rArr; dwt_readfromdevice &rArr; readfromspi_serial &rArr; decamutexon
</UL>
<BR>[Calls]<UL><LI><a href="#[93]">&gt;&gt;</a>&nbsp;&nbsp;&nbsp;dwt_readfromdevice
</UL>
<BR>[Called By]<UL><LI><a href="#[6f]">&gt;&gt;</a>&nbsp;&nbsp;&nbsp;Receptor_Communication_From_One
[...]
<BR><BR>[Calls]<UL><LI><a href="#[ca]">&gt;&gt;</a>&nbsp;&nbsp;&nbsp;_dwt_disablesequencing
<LI><a href="#[9e]">&gt;&gt;</a>&nbsp;&nbsp;&nbsp;dwt_write32bitoffsetreg
<LI><a href="#[97]">&gt;&gt;</a>&nbsp;&nbsp;&nbsp;dwt_write16bitoffsetreg
<LI><a href="#[95]">&gt;&gt;</a>&nbsp;&nbsp;&nbsp;dwt_writetodevice
</UL>

<P><STRONG><a name="[d6]"></a>dwt_configcontinuousframemode</STRONG> (Thumb, 78 bytes, Stack size 16 bytes, deca_device.o(.text), UNUSED)
<BR><BR>[Calls]<UL><LI><a href="#[ca]">&gt;&gt;</a>&nbsp;&nbsp;&nbsp;_dwt_disablesequencing
<LI><a href="#[9e]">&gt;&gt;</a>&nbsp;&nbsp;&nbsp;dwt_write32bitoffsetreg
<LI><a href="#[96]">&gt;&gt;</a>&nbsp;&nbsp;&nbsp;_dwt_enableclocks
<LI><a href="#[95]">&gt;&gt;</a>&nbsp;&nbsp;&nbsp;dwt_writetodevice
</UL>

<P><STRONG><a name="[d7]"></a>dwt_readtempvbat</STRONG> (Thumb, 174 bytes, Stack size 24 bytes, deca_device.o(.text), UNUSED)
<BR><BR>[Calls]<UL><LI><a href="#[96]">&gt;&gt;</a>&nbsp;&nbsp;&nbsp;_dwt_enableclocks
<LI><a href="#[95]">&gt;&gt;</a>&nbsp;&nbsp;&nbsp;dwt_writetodevice
<LI><a href="#[93]">&gt;&gt;</a>&nbsp;&nbsp;&nbsp;dwt_readfromdevice
<LI><a href="#[88]">&gt;&gt;</a>&nbsp;&nbsp;&nbsp;deca_sleep
</UL>

<P><STRONG><a name="[d8]"></a>dwt_readwakeuptemp</STRONG> (Thumb, 20 bytes, Stack size 8 bytes, deca_device.o(.text), UNUSED)
<BR><BR>[Calls]<UL><LI><a href="#[93]">&gt;&gt;</a>&nbsp;&nbsp;&nbsp;dwt_readfromdevice
</UL>

<P><STRONG><a name="[d9]"></a>dwt_readwakeupvbat</STRONG> (Thumb, 20 bytes, Stack size 8 bytes, deca_device.o(.text), UNUSED)
<BR><BR>[Calls]<UL><LI><a href="#[93]">&gt;&gt;</a>&nbsp;&nbsp;&nbsp;dwt_readfromdevice
</UL>

<P><STRONG><a name="[89]"></a>portGetTickCnt</STRONG> (Thumb, 6 bytes, Stack size 0 bytes, dwm1000_port.o(.text))
<BR><BR>[Called By]<UL><LI><a href="#[88]">&gt;&gt;</a>&nbsp;&nbsp;&nbsp;deca_sleep
</UL>

<P><STRONG><a name="[87]"></a>EXTI_GetITEnStatus</STRONG> (Thumb, 24 bytes, Stack size 0 bytes, dwm1000_port.o(.text))
<BR><BR>[Called By]<UL><LI><a href="#[86]">&gt;&gt;</a>&nbsp;&nbsp;&nbsp;decamutexon
</UL>

<P><STRONG><a name="[dc]"></a>SPI_DW1000_ChangeRate</STRONG> (Thumb, 22 bytes, Stack size 0 bytes, dwm1000_port.o(.text))
<BR><BR>[Called By]<UL><LI><a href="#[65]">&gt;&gt;</a>&nbsp;&nbsp;&nbsp;SPI_DW1000_set_rate_low
<LI><a href="#[67]">&gt;&gt;</a>&nbsp;&nbsp;&nbsp;SPI_DW1000_set_rate_high
</UL>

<P><STRONG><a name="[da]"></a>SPI_DW1000_ConfigFastRate</STRONG> (Thumb, 84 bytes, Stack size 32 bytes, dwm1000_port.o(.text), UNUSED)
<BR><BR>[Calls]<UL><LI><a href="#[8c]">&gt;&gt;</a>&nbsp;&nbsp;&nbsp;SPI_Cmd
<LI><a href="#[db]">&gt;&gt;</a>&nbsp;&nbsp;&nbsp;SPI_Init
<LI><a href="#[5d]">&gt;&gt;</a>&nbsp;&nbsp;&nbsp;SPI_I2S_DeInit
</UL>

<P><STRONG><a name="[65]"></a>SPI_DW1000_set_rate_low</STRONG> (Thumb, 10 bytes, Stack size 4 bytes, dwm1000_port.o(.text))
<BR><BR>[Stack]<UL><LI>Max Depth = 4<LI>Call Chain = SPI_DW1000_set_rate_low
</UL>
<BR>[Calls]<UL><LI><a href="#[dc]">&gt;&gt;</a>&nbsp;&nbsp;&nbsp;SPI_DW1000_ChangeRate
</UL>
<BR>[Called By]<UL><LI><a href="#[44]">&gt;&gt;</a>&nbsp;&nbsp;&nbsp;main
</UL>

<P><STRONG><a name="[67]"></a>SPI_DW1000_set_rate_high</STRONG> (Thumb, 10 bytes, Stack size 4 bytes, dwm1000_port.o(.text))
<BR><BR>[Stack]<UL><LI>Max Depth = 4<LI>Call Chain = SPI_DW1000_set_rate_high
</UL>
<BR>[Calls]<UL><LI><a href="#[dc]">&gt;&gt;</a>&nbsp;&nbsp;&nbsp;SPI_DW1000_ChangeRate
</UL>
<BR>[Called By]<UL><LI><a href="#[44]">&gt;&gt;</a>&nbsp;&nbsp;&nbsp;main
</UL>

<P><STRONG><a name="[64]"></a>RESET_DW1000</STRONG> (Thumb, 70 bytes, Stack size 8 bytes, dwm1000_port.o(.text))
<BR><BR>[Stack]<UL><LI>Max Depth = 32<LI>Call Chain = RESET_DW1000 &rArr; GPIO_Init
</UL>
<BR>[Calls]<UL><LI><a href="#[de]">&gt;&gt;</a>&nbsp;&nbsp;&nbsp;GPIO_ResetBits
<LI><a href="#[dd]">&gt;&gt;</a>&nbsp;&nbsp;&nbsp;GPIO_Init
<LI><a href="#[88]">&gt;&gt;</a>&nbsp;&nbsp;&nbsp;deca_sleep
</UL>
<BR>[Called By]<UL><LI><a href="#[44]">&gt;&gt;</a>&nbsp;&nbsp;&nbsp;main
</UL>

<P><STRONG><a name="[df]"></a>SPI1_DW1000_Configuration</STRONG> (Thumb, 172 bytes, Stack size 32 bytes, dwm1000_port.o(.text))
<BR><BR>[Stack]<UL><LI>Max Depth = 56<LI>Call Chain = SPI1_DW1000_Configuration &rArr; GPIO_Init
</UL>
<BR>[Calls]<UL><LI><a href="#[e0]">&gt;&gt;</a>&nbsp;&nbsp;&nbsp;SPI_SSOutputCmd
<LI><a href="#[8c]">&gt;&gt;</a>&nbsp;&nbsp;&nbsp;SPI_Cmd
<LI><a href="#[db]">&gt;&gt;</a>&nbsp;&nbsp;&nbsp;SPI_Init
<LI><a href="#[5d]">&gt;&gt;</a>&nbsp;&nbsp;&nbsp;SPI_I2S_DeInit
<LI><a href="#[7e]">&gt;&gt;</a>&nbsp;&nbsp;&nbsp;RCC_APB2PeriphClockCmd
<LI><a href="#[e1]">&gt;&gt;</a>&nbsp;&nbsp;&nbsp;GPIO_SetBits
<LI><a href="#[dd]">&gt;&gt;</a>&nbsp;&nbsp;&nbsp;GPIO_Init
</UL>
<BR>[Called By]<UL><LI><a href="#[63]">&gt;&gt;</a>&nbsp;&nbsp;&nbsp;Dwm1000_Init
</UL>

<P><STRONG><a name="[63]"></a>Dwm1000_Init</STRONG> (Thumb, 98 bytes, Stack size 24 bytes, dwm1000_port.o(.text))
<BR><BR>[Stack]<UL><LI>Max Depth = 80<LI>Call Chain = Dwm1000_Init &rArr; SPI1_DW1000_Configuration &rArr; GPIO_Init
</UL>
<BR>[Calls]<UL><LI><a href="#[e2]">&gt;&gt;</a>&nbsp;&nbsp;&nbsp;GPIO_EXTILineConfig
<LI><a href="#[dd]">&gt;&gt;</a>&nbsp;&nbsp;&nbsp;GPIO_Init
<LI><a href="#[e3]">&gt;&gt;</a>&nbsp;&nbsp;&nbsp;EXTI_Init
<LI><a href="#[e4]">&gt;&gt;</a>&nbsp;&nbsp;&nbsp;NVIC_Init
<LI><a href="#[df]">&gt;&gt;</a>&nbsp;&nbsp;&nbsp;SPI1_DW1000_Configuration
</UL>
<BR>[Called By]<UL><LI><a href="#[44]">&gt;&gt;</a>&nbsp;&nbsp;&nbsp;main
</UL>

<P><STRONG><a name="[e7]"></a>Initiator_Communication_To_One</STRONG> (Thumb, 390 bytes, Stack size 24 bytes, ranging_template_1to1.o(.text), UNUSED)
<BR><BR>[Calls]<UL><LI><a href="#[6c]">&gt;&gt;</a>&nbsp;&nbsp;&nbsp;dwt_setrxaftertxdelay
<LI><a href="#[6e]">&gt;&gt;</a>&nbsp;&nbsp;&nbsp;dwt_setGPIOvalue
<LI><a href="#[e6]">&gt;&gt;</a>&nbsp;&nbsp;&nbsp;get_tx_timestamp_u64
<LI><a href="#[e5]">&gt;&gt;</a>&nbsp;&nbsp;&nbsp;get_rx_timestamp_u64
<LI><a href="#[cf]">&gt;&gt;</a>&nbsp;&nbsp;&nbsp;dwt_setrxtimeout
<LI><a href="#[cc]">&gt;&gt;</a>&nbsp;&nbsp;&nbsp;dwt_starttx
<LI><a href="#[cb]">&gt;&gt;</a>&nbsp;&nbsp;&nbsp;dwt_setdelayedtrxtime
<LI><a href="#[c6]">&gt;&gt;</a>&nbsp;&nbsp;&nbsp;dwt_forcetrxoff
<LI><a href="#[a3]">&gt;&gt;</a>&nbsp;&nbsp;&nbsp;dwt_readrxdata
<LI><a href="#[a2]">&gt;&gt;</a>&nbsp;&nbsp;&nbsp;dwt_writetxfctrl
<LI><a href="#[a1]">&gt;&gt;</a>&nbsp;&nbsp;&nbsp;dwt_writetxdata
<LI><a href="#[9e]">&gt;&gt;</a>&nbsp;&nbsp;&nbsp;dwt_write32bitoffsetreg
<LI><a href="#[94]">&gt;&gt;</a>&nbsp;&nbsp;&nbsp;dwt_read32bitoffsetreg
</UL>

<P><STRONG><a name="[6f]"></a>Receptor_Communication_From_One</STRONG> (Thumb, 952 bytes, Stack size 64 bytes, ranging_template_1to1.o(.text))
<BR><BR>[Stack]<UL><LI>Max Depth = 208<LI>Call Chain = Receptor_Communication_From_One &rArr; dwt_starttx &rArr; dwt_entersleepaftertx &rArr; dwt_write32bitoffsetreg &rArr; dwt_writetodevice &rArr; writetospi_serial &rArr; decamutexon
</UL>
<BR>[Calls]<UL><LI><a href="#[6c]">&gt;&gt;</a>&nbsp;&nbsp;&nbsp;dwt_setrxaftertxdelay
<LI><a href="#[6e]">&gt;&gt;</a>&nbsp;&nbsp;&nbsp;dwt_setGPIOvalue
<LI><a href="#[ed]">&gt;&gt;</a>&nbsp;&nbsp;&nbsp;__aeabi_cdrcmple
<LI><a href="#[ea]">&gt;&gt;</a>&nbsp;&nbsp;&nbsp;__aeabi_dmul
<LI><a href="#[f0]">&gt;&gt;</a>&nbsp;&nbsp;&nbsp;__aeabi_cdcmple
<LI><a href="#[e8]">&gt;&gt;</a>&nbsp;&nbsp;&nbsp;__aeabi_ul2d
<LI><a href="#[ef]">&gt;&gt;</a>&nbsp;&nbsp;&nbsp;__aeabi_l2d
<LI><a href="#[f1]">&gt;&gt;</a>&nbsp;&nbsp;&nbsp;__aeabi_d2uiz
<LI><a href="#[ee]">&gt;&gt;</a>&nbsp;&nbsp;&nbsp;__aeabi_d2lz
<LI><a href="#[ec]">&gt;&gt;</a>&nbsp;&nbsp;&nbsp;__aeabi_ddiv
<LI><a href="#[eb]">&gt;&gt;</a>&nbsp;&nbsp;&nbsp;__aeabi_dsub
<LI><a href="#[e9]">&gt;&gt;</a>&nbsp;&nbsp;&nbsp;__aeabi_dadd
<LI><a href="#[e6]">&gt;&gt;</a>&nbsp;&nbsp;&nbsp;get_tx_timestamp_u64
<LI><a href="#[e5]">&gt;&gt;</a>&nbsp;&nbsp;&nbsp;get_rx_timestamp_u64
<LI><a href="#[cf]">&gt;&gt;</a>&nbsp;&nbsp;&nbsp;dwt_setrxtimeout
<LI><a href="#[ce]">&gt;&gt;</a>&nbsp;&nbsp;&nbsp;dwt_rxenable
<LI><a href="#[cc]">&gt;&gt;</a>&nbsp;&nbsp;&nbsp;dwt_starttx
<LI><a href="#[cb]">&gt;&gt;</a>&nbsp;&nbsp;&nbsp;dwt_setdelayedtrxtime
<LI><a href="#[c6]">&gt;&gt;</a>&nbsp;&nbsp;&nbsp;dwt_forcetrxoff
<LI><a href="#[a3]">&gt;&gt;</a>&nbsp;&nbsp;&nbsp;dwt_readrxdata
<LI><a href="#[a2]">&gt;&gt;</a>&nbsp;&nbsp;&nbsp;dwt_writetxfctrl
<LI><a href="#[a1]">&gt;&gt;</a>&nbsp;&nbsp;&nbsp;dwt_writetxdata
<LI><a href="#[9e]">&gt;&gt;</a>&nbsp;&nbsp;&nbsp;dwt_write32bitoffsetreg
<LI><a href="#[94]">&gt;&gt;</a>&nbsp;&nbsp;&nbsp;dwt_read32bitoffsetreg
</UL>
<BR>[Called By]<UL><LI><a href="#[44]">&gt;&gt;</a>&nbsp;&nbsp;&nbsp;main
</UL>

<P><STRONG><a name="[16f]"></a>__use_two_region_memory</STRONG> (Thumb, 2 bytes, Stack size 0 bytes, heapauxi.o(.text), UNUSED)

<P><STRONG><a name="[170]"></a>__rt_heap_escrow$2region</STRONG> (Thumb, 2 bytes, Stack size 0 bytes, heapauxi.o(.text), UNUSED)

<P><STRONG><a name="[171]"></a>__rt_heap_expand$2region</STRONG> (Thumb, 2 bytes, Stack size 0 bytes, heapauxi.o(.text), UNUSED)

<P><STRONG><a name="[40]"></a>__user_setup_stackheap</STRONG> (Thumb, 74 bytes, Stack size 8 bytes, sys_stackheap_outer.o(.text))
<BR><BR>[Stack]<UL><LI>Max Depth = 8 + Unknown Stack Size
<LI>Call Chain = __user_setup_stackheap
</UL>
<BR>[Calls]<UL><LI><a href="#[f3]">&gt;&gt;</a>&nbsp;&nbsp;&nbsp;__user_initial_stackheap
<LI><a href="#[f2]">&gt;&gt;</a>&nbsp;&nbsp;&nbsp;__user_perproc_libspace
</UL>
<BR>[Called By]<UL><LI><a href="#[3f]">&gt;&gt;</a>&nbsp;&nbsp;&nbsp;__rt_entry_sh
</UL>

<P><STRONG><a name="[45]"></a>exit</STRONG> (Thumb, 12 bytes, Stack size 0 bytes, exit.o(.text))
<BR><BR>[Calls]<UL><LI><a href="#[f4]">&gt;&gt;</a>&nbsp;&nbsp;&nbsp;__rt_exit
</UL>
<BR>[Called By]<UL><LI><a href="#[43]">&gt;&gt;</a>&nbsp;&nbsp;&nbsp;__rt_entry_main
</UL>

<P><STRONG><a name="[172]"></a>__user_libspace</STRONG> (Thumb, 8 bytes, Stack size 0 bytes, libspace.o(.text), UNUSED)

<P><STRONG><a name="[f2]"></a>__user_perproc_libspace</STRONG> (Thumb, 0 bytes, Stack size 0 bytes, libspace.o(.text))
<BR><BR>[Called By]<UL><LI><a href="#[40]">&gt;&gt;</a>&nbsp;&nbsp;&nbsp;__user_setup_stackheap
</UL>

<P><STRONG><a name="[173]"></a>__user_perthread_libspace</STRONG> (Thumb, 0 bytes, Stack size 0 bytes, libspace.o(.text), UNUSED)

<P><STRONG><a name="[49]"></a>_sys_exit</STRONG> (Thumb, 8 bytes, Stack size 0 bytes, sys_exit.o(.text))
<BR><BR>[Called By]<UL><LI><a href="#[48]">&gt;&gt;</a>&nbsp;&nbsp;&nbsp;__rt_exit_exit
</UL>

<P><STRONG><a name="[174]"></a>__I$use$semihosting</STRONG> (Thumb, 0 bytes, Stack size 0 bytes, use_no_semi.o(.text), UNUSED)

<P><STRONG><a name="[175]"></a>__use_no_semihosting_swi</STRONG> (Thumb, 2 bytes, Stack size 0 bytes, use_no_semi.o(.text), UNUSED)

<P><STRONG><a name="[176]"></a>__semihosting_library_function</STRONG> (Thumb, 0 bytes, Stack size unknown bytes, indicate_semi.o(.text), UNUSED)

<P><STRONG><a name="[e9]"></a>__aeabi_dadd</STRONG> (Thumb, 0 bytes, Stack size 16 bytes, daddsub_clz.o(x$fpl$dadd))
<BR><BR>[Stack]<UL><LI>Max Depth = 16<LI>Call Chain = __aeabi_dadd
</UL>
<BR>[Called By]<UL><LI><a href="#[6f]">&gt;&gt;</a>&nbsp;&nbsp;&nbsp;Receptor_Communication_From_One
</UL>

<P><STRONG><a name="[f5]"></a>_dadd</STRONG> (Thumb, 332 bytes, Stack size 16 bytes, daddsub_clz.o(x$fpl$dadd), UNUSED)
<BR><BR>[Calls]<UL><LI><a href="#[f7]">&gt;&gt;</a>&nbsp;&nbsp;&nbsp;__fpl_dretinf
<LI><a href="#[f8]">&gt;&gt;</a>&nbsp;&nbsp;&nbsp;__fpl_dnaninf
<LI><a href="#[f6]">&gt;&gt;</a>&nbsp;&nbsp;&nbsp;_dsub1
</UL>

<P><STRONG><a name="[fc]"></a>__fpl_dcmp_Inf</STRONG> (Thumb, 24 bytes, Stack size 0 bytes, dcmpi.o(x$fpl$dcmpinf), UNUSED)
<BR><BR>[Called By]<UL><LI><a href="#[fb]">&gt;&gt;</a>&nbsp;&nbsp;&nbsp;_dcmple
</UL>

<P><STRONG><a name="[ec]"></a>__aeabi_ddiv</STRONG> (Thumb, 0 bytes, Stack size 32 bytes, ddiv.o(x$fpl$ddiv))
<BR><BR>[Stack]<UL><LI>Max Depth = 32<LI>Call Chain = __aeabi_ddiv
</UL>
<BR>[Called By]<UL><LI><a href="#[6f]">&gt;&gt;</a>&nbsp;&nbsp;&nbsp;Receptor_Communication_From_One
</UL>

<P><STRONG><a name="[f9]"></a>_ddiv</STRONG> (Thumb, 552 bytes, Stack size 32 bytes, ddiv.o(x$fpl$ddiv), UNUSED)
<BR><BR>[Calls]<UL><LI><a href="#[f7]">&gt;&gt;</a>&nbsp;&nbsp;&nbsp;__fpl_dretinf
<LI><a href="#[f8]">&gt;&gt;</a>&nbsp;&nbsp;&nbsp;__fpl_dnaninf
</UL>

<P><STRONG><a name="[f1]"></a>__aeabi_d2uiz</STRONG> (Thumb, 0 bytes, Stack size 32 bytes, dfixu.o(x$fpl$dfixu))
<BR><BR>[Stack]<UL><LI>Max Depth = 32<LI>Call Chain = __aeabi_d2uiz
</UL>
<BR>[Called By]<UL><LI><a href="#[6f]">&gt;&gt;</a>&nbsp;&nbsp;&nbsp;Receptor_Communication_From_One
</UL>

<P><STRONG><a name="[fa]"></a>_dfixu</STRONG> (Thumb, 90 bytes, Stack size 32 bytes, dfixu.o(x$fpl$dfixu), UNUSED)
<BR><BR>[Calls]<UL><LI><a href="#[f8]">&gt;&gt;</a>&nbsp;&nbsp;&nbsp;__fpl_dnaninf
</UL>

<P><STRONG><a name="[ef]"></a>__aeabi_l2d</STRONG> (Thumb, 0 bytes, Stack size 8 bytes, dfltll_clz.o(x$fpl$dfltll))
<BR><BR>[Stack]<UL><LI>Max Depth = 8<LI>Call Chain = __aeabi_l2d
</UL>
<BR>[Called By]<UL><LI><a href="#[6f]">&gt;&gt;</a>&nbsp;&nbsp;&nbsp;Receptor_Communication_From_One
</UL>

<P><STRONG><a name="[177]"></a>_ll_sto_d</STRONG> (Thumb, 162 bytes, Stack size 8 bytes, dfltll_clz.o(x$fpl$dfltll), UNUSED)

<P><STRONG><a name="[e8]"></a>__aeabi_ul2d</STRONG> (Thumb, 0 bytes, Stack size 8 bytes, dfltll_clz.o(x$fpl$dfltull))
<BR><BR>[Stack]<UL><LI>Max Depth = 8<LI>Call Chain = __aeabi_ul2d
</UL>
<BR>[Called By]<UL><LI><a href="#[6f]">&gt;&gt;</a>&nbsp;&nbsp;&nbsp;Receptor_Communication_From_One
</UL>

<P><STRONG><a name="[178]"></a>_ll_uto_d</STRONG> (Thumb, 138 bytes, Stack size 8 bytes, dfltll_clz.o(x$fpl$dfltull), UNUSED)

<P><STRONG><a name="[f0]"></a>__aeabi_cdcmple</STRONG> (Thumb, 0 bytes, Stack size 32 bytes, dleqf.o(x$fpl$dleqf))
<BR><BR>[Stack]<UL><LI>Max Depth = 32<LI>Call Chain = __aeabi_cdcmple
</UL>
<BR>[Called By]<UL><LI><a href="#[6f]">&gt;&gt;</a>&nbsp;&nbsp;&nbsp;Receptor_Communication_From_One
</UL>

<P><STRONG><a name="[fb]"></a>_dcmple</STRONG> (Thumb, 120 bytes, Stack size 32 bytes, dleqf.o(x$fpl$dleqf), UNUSED)
<BR><BR>[Calls]<UL><LI><a href="#[f8]">&gt;&gt;</a>&nbsp;&nbsp;&nbsp;__fpl_dnaninf
<LI><a href="#[fc]">&gt;&gt;</a>&nbsp;&nbsp;&nbsp;__fpl_dcmp_Inf
</UL>

<P><STRONG><a name="[ff]"></a>__fpl_dcmple_InfNaN</STRONG> (Thumb, 0 bytes, Stack size unknown bytes, dleqf.o(x$fpl$dleqf), UNUSED)
<BR><BR>[Called By]<UL><LI><a href="#[fe]">&gt;&gt;</a>&nbsp;&nbsp;&nbsp;_drcmple
</UL>

<P><STRONG><a name="[ea]"></a>__aeabi_dmul</STRONG> (Thumb, 0 bytes, Stack size 32 bytes, dmul.o(x$fpl$dmul))
<BR><BR>[Stack]<UL><LI>Max Depth = 32<LI>Call Chain = __aeabi_dmul
</UL>
<BR>[Called By]<UL><LI><a href="#[6f]">&gt;&gt;</a>&nbsp;&nbsp;&nbsp;Receptor_Communication_From_One
</UL>

<P><STRONG><a name="[fd]"></a>_dmul</STRONG> (Thumb, 332 bytes, Stack size 32 bytes, dmul.o(x$fpl$dmul), UNUSED)
<BR><BR>[Calls]<UL><LI><a href="#[f7]">&gt;&gt;</a>&nbsp;&nbsp;&nbsp;__fpl_dretinf
<LI><a href="#[f8]">&gt;&gt;</a>&nbsp;&nbsp;&nbsp;__fpl_dnaninf
</UL>

<P><STRONG><a name="[f8]"></a>__fpl_dnaninf</STRONG> (Thumb, 156 bytes, Stack size 16 bytes, dnaninf.o(x$fpl$dnaninf), UNUSED)
<BR><BR>[Called By]<UL><LI><a href="#[fd]">&gt;&gt;</a>&nbsp;&nbsp;&nbsp;_dmul
<LI><a href="#[fb]">&gt;&gt;</a>&nbsp;&nbsp;&nbsp;_dcmple
<LI><a href="#[fa]">&gt;&gt;</a>&nbsp;&nbsp;&nbsp;_dfixu
<LI><a href="#[102]">&gt;&gt;</a>&nbsp;&nbsp;&nbsp;_ll_sfrom_d
<LI><a href="#[f9]">&gt;&gt;</a>&nbsp;&nbsp;&nbsp;_ddiv
<LI><a href="#[100]">&gt;&gt;</a>&nbsp;&nbsp;&nbsp;_dsub
<LI><a href="#[f5]">&gt;&gt;</a>&nbsp;&nbsp;&nbsp;_dadd
</UL>

<P><STRONG><a name="[f7]"></a>__fpl_dretinf</STRONG> (Thumb, 12 bytes, Stack size 0 bytes, dretinf.o(x$fpl$dretinf), UNUSED)
<BR><BR>[Called By]<UL><LI><a href="#[fd]">&gt;&gt;</a>&nbsp;&nbsp;&nbsp;_dmul
<LI><a href="#[f9]">&gt;&gt;</a>&nbsp;&nbsp;&nbsp;_ddiv
<LI><a href="#[f5]">&gt;&gt;</a>&nbsp;&nbsp;&nbsp;_dadd
</UL>

<P><STRONG><a name="[ed]"></a>__aeabi_cdrcmple</STRONG> (Thumb, 0 bytes, Stack size 16 bytes, drleqf.o(x$fpl$drleqf))
<BR><BR>[Stack]<UL><LI>Max Depth = 16<LI>Call Chain = __aeabi_cdrcmple
</UL>
<BR>[Called By]<UL><LI><a href="#[6f]">&gt;&gt;</a>&nbsp;&nbsp;&nbsp;Receptor_Communication_From_One
</UL>

<P><STRONG><a name="[fe]"></a>_drcmple</STRONG> (Thumb, 108 bytes, Stack size 16 bytes, drleqf.o(x$fpl$drleqf), UNUSED)
<BR><BR>[Calls]<UL><LI><a href="#[ff]">&gt;&gt;</a>&nbsp;&nbsp;&nbsp;__fpl_dcmple_InfNaN
</UL>

<P><STRONG><a name="[eb]"></a>__aeabi_dsub</STRONG> (Thumb, 0 bytes, Stack size 32 bytes, daddsub_clz.o(x$fpl$dsub))
<BR><BR>[Stack]<UL><LI>Max Depth = 32<LI>Call Chain = __aeabi_dsub
</UL>
<BR>[Called By]<UL><LI><a href="#[6f]">&gt;&gt;</a>&nbsp;&nbsp;&nbsp;Receptor_Communication_From_One
</UL>

<P><STRONG><a name="[100]"></a>_dsub</STRONG> (Thumb, 464 bytes, Stack size 32 bytes, daddsub_clz.o(x$fpl$dsub), UNUSED)
<BR><BR>[Calls]<UL><LI><a href="#[f8]">&gt;&gt;</a>&nbsp;&nbsp;&nbsp;__fpl_dnaninf
<LI><a href="#[101]">&gt;&gt;</a>&nbsp;&nbsp;&nbsp;_dadd1
</UL>

<P><STRONG><a name="[ee]"></a>__aeabi_d2lz</STRONG> (Thumb, 0 bytes, Stack size 32 bytes, dfixll.o(x$fpl$llsfromd))
<BR><BR>[Stack]<UL><LI>Max Depth = 32<LI>Call Chain = __aeabi_d2lz
</UL>
<BR>[Called By]<UL><LI><a href="#[6f]">&gt;&gt;</a>&nbsp;&nbsp;&nbsp;Receptor_Communication_From_One
</UL>

<P><STRONG><a name="[102]"></a>_ll_sfrom_d</STRONG> (Thumb, 194 bytes, Stack size 32 bytes, dfixll.o(x$fpl$llsfromd), UNUSED)
<BR><BR>[Calls]<UL><LI><a href="#[f8]">&gt;&gt;</a>&nbsp;&nbsp;&nbsp;__fpl_dnaninf
</UL>
<P>
<H3>
Local Symbols
</H3>
<P><STRONG><a name="[82]"></a>NVIC_SetPriority</STRONG> (Thumb, 32 bytes, Stack size 8 bytes, port.o(.text))
<BR><BR>[Stack]<UL><LI>Max Depth = 8<LI>Call Chain = NVIC_SetPriority
</UL>
<BR>[Called By]<UL><LI><a href="#[81]">&gt;&gt;</a>&nbsp;&nbsp;&nbsp;Systick_init
</UL>

<P><STRONG><a name="[92]"></a>SetSysClockTo72</STRONG> (Thumb, 214 bytes, Stack size 12 bytes, system_stm32f10x.o(.text))
<BR><BR>[Stack]<UL><LI>Max Depth = 12<LI>Call Chain = SetSysClockTo72
</UL>
<BR>[Called By]<UL><LI><a href="#[91]">&gt;&gt;</a>&nbsp;&nbsp;&nbsp;SetSysClock
</UL>

<P><STRONG><a name="[91]"></a>SetSysClock</STRONG> (Thumb, 8 bytes, Stack size 8 bytes, system_stm32f10x.o(.text))
<BR><BR>[Stack]<UL><LI>Max Depth = 20<LI>Call Chain = SetSysClock &rArr; SetSysClockTo72
</UL>
<BR>[Calls]<UL><LI><a href="#[92]">&gt;&gt;</a>&nbsp;&nbsp;&nbsp;SetSysClockTo72
</UL>
<BR>[Called By]<UL><LI><a href="#[38]">&gt;&gt;</a>&nbsp;&nbsp;&nbsp;SystemInit
</UL>

<P><STRONG><a name="[e5]"></a>get_rx_timestamp_u64</STRONG> (Thumb, 46 bytes, Stack size 24 bytes, ranging_template_1to1.o(.text))
<BR><BR>[Stack]<UL><LI>Max Depth = 104<LI>Call Chain = get_rx_timestamp_u64 &rArr; dwt_readrxtimestamp &rArr; dwt_readfromdevice &rArr; readfromspi_serial &rArr; decamutexon
</UL>
<BR>[Calls]<UL><LI><a href="#[a9]">&gt;&gt;</a>&nbsp;&nbsp;&nbsp;dwt_readrxtimestamp
</UL>
<BR>[Called By]<UL><LI><a href="#[6f]">&gt;&gt;</a>&nbsp;&nbsp;&nbsp;Receptor_Communication_From_One
<LI><a href="#[e7]">&gt;&gt;</a>&nbsp;&nbsp;&nbsp;Initiator_Communication_To_One
</UL>

<P><STRONG><a name="[e6]"></a>get_tx_timestamp_u64</STRONG> (Thumb, 46 bytes, Stack size 24 bytes, ranging_template_1to1.o(.text))
<BR><BR>[Stack]<UL><LI>Max Depth = 104<LI>Call Chain = get_tx_timestamp_u64 &rArr; dwt_readtxtimestamp &rArr; dwt_readfromdevice &rArr; readfromspi_serial &rArr; decamutexon
</UL>
<BR>[Calls]<UL><LI><a href="#[a6]">&gt;&gt;</a>&nbsp;&nbsp;&nbsp;dwt_readtxtimestamp
</UL>
<BR>[Called By]<UL><LI><a href="#[6f]">&gt;&gt;</a>&nbsp;&nbsp;&nbsp;Receptor_Communication_From_One
<LI><a href="#[e7]">&gt;&gt;</a>&nbsp;&nbsp;&nbsp;Initiator_Communication_To_One
</UL>

<P><STRONG><a name="[101]"></a>_dadd1</STRONG> (Thumb, 0 bytes, Stack size unknown bytes, daddsub_clz.o(x$fpl$dadd), UNUSED)
<BR><BR>[Called By]<UL><LI><a href="#[100]">&gt;&gt;</a>&nbsp;&nbsp;&nbsp;_dsub
</UL>

<P><STRONG><a name="[f6]"></a>_dsub1</STRONG> (Thumb, 0 bytes, Stack size unknown bytes, daddsub_clz.o(x$fpl$dsub), UNUSED)
<BR><BR>[Called By]<UL><LI><a href="#[f5]">&gt;&gt;</a>&nbsp;&nbsp;&nbsp;_dadd
</UL>
<P>
<H3>
Undefined Global Symbols
</H3><HR></body></html>
