<html>
<body>
<pre>
<h1>µVision Build Log</h1>
<h2>Tool Versions:</h2>
IDE-Version: ¦ÌVision V5.14.0.0
Copyright (C) 2015 ARM Ltd and ARM Germany GmbH. All rights reserved.
License Information: Hannah Zhang, Crazy Scientist, LIC=PE72Z-JIP89-YVE1Y-IE9CX-ZQP67-ZL0R9
 
Tool Versions:
Toolchain:       MDK-ARM Standard  Version: 5.14.0.0
Toolchain Path:  D:\Keil_v5\ARM\ARMCC\Bin
C Compiler:      Armcc.exe V5.05 update 1 (build 106)
Assembler:       Armasm.exe V5.05 update 1 (build 106)
Linker/Locator:  ArmLink.exe V5.05 update 1 (build 106)
Library Manager: ArmAr.exe V5.05 update 1 (build 106)
Hex Converter:   FromElf.exe V5.05 update 1 (build 106)
CPU DLL:         SARMCM3.DLL V5.14.0.0
Dialog DLL:      DARMSTM.DLL V1.65.0.0
Target DLL:      Segger\JL2CM3.dll V2.99.13.0
Dialog DLL:      TARMSTM.DLL V1.64.0.0
 
<h2>Project:</h2>
D:\Save\SaveHardwareC\32Study\Challenge\Codes\Ö÷¿Ø\ÊµÀý³ÌÐò\STM32\UART\IMU_AHRS.uvproj
Project File Date:  02/17/2016

<h2>Output:</h2>
Build target 'IMU_AHRS'
compiling core_cm3.c...
compiling system_stm32f10x.c...
assembling startup_stm32f10x_md.s...
compiling delay.c...
HardWareDriver\delay.c(34): warning:  #68-D: integer conversion resulted in a change of sign
    NVIC_InitStructure.NVIC_IRQChannel = SysTick_IRQn;
HardWareDriver\delay.c: 1 warning, 0 errors
compiling IOI2C.c...
compiling UARTs.c...
HardWareDriver\UARTs\UARTs.c(215): warning:  #550-D: variable "data" was set but never used
    unsigned char data;
HardWareDriver\UARTs\UARTs.c: 1 warning, 0 errors
compiling main.c...
compiling stm32f10x_it.c...
compiling misc.c...
compiling stm32f10x_gpio.c...
compiling stm32f10x_rcc.c...
compiling stm32f10x_tim.c...
compiling stm32f10x_usart.c...
linking...
Program Size: Code=10668 RO-data=268 RW-data=128 ZI-data=2040  
FromELF: creating hex file...
".\Output\IMU_AHRS.axf" - 0 Error(s), 2 Warning(s).
</pre>
</body>
</html>
