<html>
<body>
<pre>
<h1>µVision Build Log</h1>
<h2>Tool Versions:</h2>
IDE-Version: ¦ÌVision V5.14.0.0
Copyright (C) 2015 ARM Ltd and ARM Germany GmbH. All rights reserved.
License Information: Han Zhang, Crazy Scientist, LIC=WHYBS-LG6Y1-JIF5S-LCJRY-NN00I-40A5W
 
Tool Versions:
Toolchain:       MDK-ARM Standard  Version: 5.14.0.0
Toolchain Path:  C:\Keil_v5\ARM\ARMCC\Bin
C Compiler:      Armcc.exe V5.05 update 1 (build 106)
Assembler:       Armasm.exe V5.05 update 1 (build 106)
Linker/Locator:  ArmLink.exe V5.05 update 1 (build 106)
Library Manager: ArmAr.exe V5.05 update 1 (build 106)
Hex Converter:   FromElf.exe V5.05 update 1 (build 106)
CPU DLL:         SARMCM3.DLL V5.14.0.0
Dialog DLL:      DCM.DLL V1.13.1.0
Target DLL:      STLink\ST-LINKIII-KEIL_SWO.dll V2.0.14.0_KEIL
Dialog DLL:      TCM.DLL V1.14.4.0
 
<h2>Project:</h2>
D:\Project\Challenge\Codes\Test_Base_Board_abranging\Project-b\project.uvproj
Project File Date:  05/10/2016

<h2>Output:</h2>
Build target 'Target 1'
compiling main.c...
compiling dwm1000_port.c...
compiling ranging.c...
linking...
Program Size: Code=19108 RO-data=600 RW-data=204 ZI-data=1740  
FromELF: creating hex file...
".\OutPuts\project.axf" - 0 Error(s), 0 Warning(s).
</pre>
</body>
</html>
