Component: ARM Compiler 5.05 update 1 (build 106) Tool: armlink [4d0efa]

==============================================================================

Section Cross References

    startup_stm32f401xx.o(STACK) refers (Special) to heapauxi.o(.text) for __use_two_region_memory
    startup_stm32f401xx.o(HEAP) refers (Special) to heapauxi.o(.text) for __use_two_region_memory
    startup_stm32f401xx.o(RESET) refers (Special) to heapauxi.o(.text) for __use_two_region_memory
    startup_stm32f401xx.o(RESET) refers to startup_stm32f401xx.o(STACK) for __initial_sp
    startup_stm32f401xx.o(RESET) refers to startup_stm32f401xx.o(.text) for Reset_Handler
    startup_stm32f401xx.o(RESET) refers to stm32f4xx_it.o(.text) for NMI_Handler
    startup_stm32f401xx.o(.text) refers (Special) to heapauxi.o(.text) for __use_two_region_memory
    startup_stm32f401xx.o(.text) refers to system_stm32f4xx.o(.text) for SystemInit
    startup_stm32f401xx.o(.text) refers to __main.o(!!!main) for __main
    startup_stm32f401xx.o(.text) refers to startup_stm32f401xx.o(HEAP) for Heap_Mem
    startup_stm32f401xx.o(.text) refers to startup_stm32f401xx.o(STACK) for Stack_Mem
    stm32f4xx_gpio.o(.text) refers to stm32f4xx_rcc.o(.text) for RCC_AHB1PeriphResetCmd
    stm32f4xx_rcc.o(.text) refers to stm32f4xx_rcc.o(.data) for APBAHBPrescTable
    stm32f4xx_tim.o(.text) refers to stm32f4xx_rcc.o(.text) for RCC_APB2PeriphResetCmd
    stm32f4xx_spi.o(.text) refers to stm32f4xx_rcc.o(.text) for RCC_APB2PeriphResetCmd
    stm32f4xx_syscfg.o(.text) refers to stm32f4xx_rcc.o(.text) for RCC_APB2PeriphResetCmd
    stm32f4xx_usart.o(.text) refers to stm32f4xx_rcc.o(.text) for RCC_APB2PeriphResetCmd
    main.o(.text) refers to deca_device.o(.text) for dwt_readrxtimestamp
    main.o(.text) refers to dfltll_clz.o(x$fpl$dfltull) for __aeabi_ul2d
    main.o(.text) refers to dflt_clz.o(x$fpl$dfltu) for __aeabi_ui2d
    main.o(.text) refers to daddsub_clz.o(x$fpl$dadd) for __aeabi_dadd
    main.o(.text) refers to dmul.o(x$fpl$dmul) for __aeabi_dmul
    main.o(.text) refers to daddsub_clz.o(x$fpl$dsub) for __aeabi_dsub
    main.o(.text) refers to ddiv.o(x$fpl$ddiv) for __aeabi_ddiv
    main.o(.text) refers to drleqf.o(x$fpl$drleqf) for __aeabi_cdrcmple
    main.o(.text) refers to basic.o(x$fpl$basic) for __aeabi_dneg
    main.o(.text) refers to dfixll.o(x$fpl$llsfromd) for __aeabi_d2lz
    main.o(.text) refers to dfltll_clz.o(x$fpl$dfltll) for __aeabi_l2d
    main.o(.text) refers to dfixu.o(x$fpl$dfixu) for __aeabi_d2uiz
    main.o(.text) refers to port.o(.text) for peripherals_init
    main.o(.text) refers to main.o(.data) for status_reg
    main.o(.text) refers to main.o(.bss) for rx_buffer
    deca_mutex.o(.text) refers to port.o(.text) for EXTI_GetITEnStatus
    deca_sleep.o(.text) refers to port.o(.text) for portGetTickCnt
    deca_spi.o(.text) refers to stm32f4xx_spi.o(.text) for SPI_I2S_GetFlagStatus
    deca_spi.o(.text) refers to deca_mutex.o(.text) for decamutexon
    port.o(.text) refers to stm32f4xx_rcc.o(.text) for RCC_GetClocksFreq
    port.o(.text) refers to misc.o(.text) for NVIC_PriorityGroupConfig
    port.o(.text) refers to stm32f4xx_syscfg.o(.text) for SYSCFG_EXTILineConfig
    port.o(.text) refers to stm32f4xx_exti.o(.text) for EXTI_Init
    port.o(.text) refers to stm32f4xx_usart.o(.text) for USART_ITConfig
    port.o(.text) refers to stm32f4xx_flash.o(.text) for FLASH_PrefetchBufferCmd
    port.o(.text) refers to stm32f4xx_gpio.o(.text) for GPIO_Init
    port.o(.text) refers to stm32f4xx_spi.o(.text) for SPI_I2S_DeInit
    port.o(.text) refers to deca_sleep.o(.text) for deca_sleep
    port.o(.text) refers to stm32f4xx_it.o(.data) for time32_incr
    stm32f4xx_it.o(.text) refers to stm32f4xx_usart.o(.text) for USART_GetITStatus
    stm32f4xx_it.o(.text) refers to stm32f4xx_it.o(.data) for time32_incr
    system_stm32f4xx.o(.text) refers to system_stm32f4xx.o(.data) for SystemCoreClock
    deca_device.o(.text) refers to deca_spi.o(.text) for readfromspi_serial
    deca_device.o(.text) refers to deca_sleep.o(.text) for deca_sleep
    deca_device.o(.text) refers to deca_device.o(.bss) for dw1000local
    deca_device.o(.text) refers to deca_params_init.o(.constdata) for lde_replicaCoeff
    deca_device.o(.text) refers to deca_mutex.o(.text) for decamutexon
    deca_range_tables.o(.text) refers to f2d.o(x$fpl$f2d) for __aeabi_f2d
    deca_range_tables.o(.text) refers to dmul.o(x$fpl$dmul) for __aeabi_dmul
    deca_range_tables.o(.text) refers to dfix.o(x$fpl$dfix) for __aeabi_d2iz
    deca_range_tables.o(.text) refers to deca_range_tables.o(.constdata) for chan_idxwb
    __main.o(!!!main) refers to __rtentry.o(.ARM.Collect$$rtentry$$00000000) for __rt_entry
    basic.o(x$fpl$basic) refers (Special) to usenofp.o(x$fpl$usenofp) for __I$use$fp
    daddsub_clz.o(x$fpl$dadd) refers (Special) to usenofp.o(x$fpl$usenofp) for __I$use$fp
    daddsub_clz.o(x$fpl$dadd) refers to daddsub_clz.o(x$fpl$dsub) for _dsub1
[...]
    Removing stm32f4xx_tim.o(.text), (3234 bytes).
    Removing stm32f4xx_flash.o(.rev16_text), (4 bytes).
    Removing stm32f4xx_flash.o(.revsh_text), (4 bytes).
    Removing misc.o(.rev16_text), (4 bytes).
    Removing misc.o(.revsh_text), (4 bytes).
    Removing stm32f4xx_spi.o(.rev16_text), (4 bytes).
    Removing stm32f4xx_spi.o(.revsh_text), (4 bytes).
    Removing stm32f4xx_exti.o(.rev16_text), (4 bytes).
    Removing stm32f4xx_exti.o(.revsh_text), (4 bytes).
    Removing stm32f4xx_rtc.o(.rev16_text), (4 bytes).
    Removing stm32f4xx_rtc.o(.revsh_text), (4 bytes).
    Removing stm32f4xx_rtc.o(.text), (3432 bytes).
    Removing stm32f4xx_syscfg.o(.rev16_text), (4 bytes).
    Removing stm32f4xx_syscfg.o(.revsh_text), (4 bytes).
    Removing stm32f4xx_usart.o(.rev16_text), (4 bytes).
    Removing stm32f4xx_usart.o(.revsh_text), (4 bytes).
    Removing main.o(.rev16_text), (4 bytes).
    Removing main.o(.revsh_text), (4 bytes).
    Removing deca_mutex.o(.rev16_text), (4 bytes).
    Removing deca_mutex.o(.revsh_text), (4 bytes).
    Removing deca_sleep.o(.rev16_text), (4 bytes).
    Removing deca_sleep.o(.revsh_text), (4 bytes).
    Removing deca_spi.o(.rev16_text), (4 bytes).
    Removing deca_spi.o(.revsh_text), (4 bytes).
    Removing port.o(.rev16_text), (4 bytes).
    Removing port.o(.revsh_text), (4 bytes).
    Removing stm32f4xx_it.o(.rev16_text), (4 bytes).
    Removing stm32f4xx_it.o(.revsh_text), (4 bytes).
    Removing system_stm32f4xx.o(.rev16_text), (4 bytes).
    Removing system_stm32f4xx.o(.revsh_text), (4 bytes).
    Removing deca_device.o(.rev16_text), (4 bytes).
    Removing deca_device.o(.revsh_text), (4 bytes).
    Removing deca_range_tables.o(.text), (320 bytes).
    Removing deca_range_tables.o(.constdata), (522 bytes).

40 unused section(s) (total 7652 bytes) removed from the image.

==============================================================================

Image Symbol Table

    Local Symbols

    Symbol Name                              Value     Ov Type        Size  Object(Section)

    ../clib/angel/boardlib.s                 0x00000000   Number         0  boardinit1.o ABSOLUTE
    ../clib/angel/boardlib.s                 0x00000000   Number         0  boardshut.o ABSOLUTE
    ../clib/angel/boardlib.s                 0x00000000   Number         0  boardinit3.o ABSOLUTE
    ../clib/angel/boardlib.s                 0x00000000   Number         0  boardinit2.o ABSOLUTE
    ../clib/angel/handlers.s                 0x00000000   Number         0  __scatter_zi.o ABSOLUTE
    ../clib/angel/handlers.s                 0x00000000   Number         0  __scatter_copy.o ABSOLUTE
    ../clib/angel/kernel.s                   0x00000000   Number         0  rtexit.o ABSOLUTE
    ../clib/angel/kernel.s                   0x00000000   Number         0  __rtentry.o ABSOLUTE
    ../clib/angel/kernel.s                   0x00000000   Number         0  __rtentry2.o ABSOLUTE
    ../clib/angel/kernel.s                   0x00000000   Number         0  __rtentry4.o ABSOLUTE
    ../clib/angel/kernel.s                   0x00000000   Number         0  rtexit2.o ABSOLUTE
    ../clib/angel/rt.s                       0x00000000   Number         0  rt_raise.o ABSOLUTE
    ../clib/angel/scatter.s                  0x00000000   Number         0  __scatter.o ABSOLUTE
    ../clib/angel/startup.s                  0x00000000   Number         0  __main.o ABSOLUTE
    ../clib/angel/sys.s                      0x00000000   Number         0  use_no_semi.o ABSOLUTE
    ../clib/angel/sys.s                      0x00000000   Number         0  libspace.o ABSOLUTE
    ../clib/angel/sys.s                      0x00000000   Number         0  sys_stackheap_outer.o ABSOLUTE
    ../clib/angel/sys.s                      0x00000000   Number         0  indicate_semi.o ABSOLUTE
    ../clib/angel/sysapp.c                   0x00000000   Number         0  sys_command.o ABSOLUTE
    ../clib/angel/sysapp.c                   0x00000000   Number         0  sys_exit.o ABSOLUTE
    ../clib/angel/sysapp.c                   0x00000000   Number         0  sys_wrch.o ABSOLUTE
    ../clib/armsys.c                         0x00000000   Number         0  _get_argv_nomalloc.o ABSOLUTE
    ../clib/armsys.c                         0x00000000   Number         0  argv_veneer.o ABSOLUTE
    ../clib/armsys.c                         0x00000000   Number         0  no_argv.o ABSOLUTE
    ../clib/armsys.c                         0x00000000   Number         0  argv_veneer.o ABSOLUTE
    ../clib/heapalloc.c                      0x00000000   Number         0  hrguard.o ABSOLUTE
    ../clib/heapaux.c                        0x00000000   Number         0  heapauxi.o ABSOLUTE
    ../clib/libinit.s                        0x00000000   Number         0  libshutdown.o ABSOLUTE
    ../clib/libinit.s                        0x00000000   Number         0  libinit.o ABSOLUTE
    ../clib/libinit.s                        0x00000000   Number         0  libinit2.o ABSOLUTE
    ../clib/libinit.s                        0x00000000   Number         0  libshutdown2.o ABSOLUTE
    ../clib/signal.c                         0x00000000   Number         0  defsig_pvfn_inner.o ABSOLUTE
    ../clib/signal.c                         0x00000000   Number         0  defsig_cppl_inner.o ABSOLUTE
    ../clib/signal.c                         0x00000000   Number         0  defsig_fpe_inner.o ABSOLUTE
    ../clib/signal.c                         0x00000000   Number         0  defsig_abrt_inner.o ABSOLUTE
    ../clib/signal.c                         0x00000000   Number         0  defsig_stak_inner.o ABSOLUTE
    ../clib/signal.c                         0x00000000   Number         0  defsig_segv_inner.o ABSOLUTE
    ../clib/signal.c                         0x00000000   Number         0  defsig_rtred_inner.o ABSOLUTE
    ../clib/signal.c                         0x00000000   Number         0  defsig_general.o ABSOLUTE
    ../clib/signal.c                         0x00000000   Number         0  __raise.o ABSOLUTE
    ../clib/signal.c                         0x00000000   Number         0  defsig_rtmem_inner.o ABSOLUTE
    ../clib/signal.c                         0x00000000   Number         0  defsig_other.o ABSOLUTE
    ../clib/signal.c                         0x00000000   Number         0  defsig_rtmem_formal.o ABSOLUTE
    ../clib/signal.c                         0x00000000   Number         0  defsig_rtmem_outer.o ABSOLUTE
    ../clib/signal.c                         0x00000000   Number         0  defsig_exit.o ABSOLUTE
    ../clib/signal.s                         0x00000000   Number         0  defsig.o ABSOLUTE
    ../clib/stdlib.c                         0x00000000   Number         0  exit.o ABSOLUTE
    ../fplib/basic.s                         0x00000000   Number         0  basic.o ABSOLUTE
    ../fplib/daddsub.s                       0x00000000   Number         0  daddsub_clz.o ABSOLUTE
    ../fplib/dcmpi.s                         0x00000000   Number         0  dcmpi.o ABSOLUTE
    ../fplib/ddiv.s                          0x00000000   Number         0  ddiv.o ABSOLUTE
    ../fplib/dfix.s                          0x00000000   Number         0  dfix.o ABSOLUTE
    ../fplib/dfixll.s                        0x00000000   Number         0  dfixll.o ABSOLUTE
    ../fplib/dfixu.s                         0x00000000   Number         0  dfixu.o ABSOLUTE
    ../fplib/dflt.s                          0x00000000   Number         0  dflt_clz.o ABSOLUTE
    ../fplib/dfltll.s                        0x00000000   Number         0  dfltll_clz.o ABSOLUTE
    ../fplib/dleqf.s                         0x00000000   Number         0  dleqf.o ABSOLUTE
    ../fplib/dmul.s                          0x00000000   Number         0  dmul.o ABSOLUTE
    ../fplib/dnaninf.s                       0x00000000   Number         0  dnaninf.o ABSOLUTE
    ../fplib/dretinf.s                       0x00000000   Number         0  dretinf.o ABSOLUTE
    ../fplib/drleqf.s                        0x00000000   Number         0  drleqf.o ABSOLUTE
    ../fplib/f2d.s                           0x00000000   Number         0  f2d.o ABSOLUTE
    ../fplib/fnaninf.s                       0x00000000   Number         0  fnaninf.o ABSOLUTE
    ../fplib/fpinit.s                        0x00000000   Number         0  fpinit.o ABSOLUTE
    ../fplib/usenofp.s                       0x00000000   Number         0  usenofp.o ABSOLUTE
    ..\STM32F4xx_StdPeriph_Driver\src\misc.c 0x00000000   Number         0  misc.o ABSOLUTE
    ..\STM32F4xx_StdPeriph_Driver\src\stm32f4xx_exti.c 0x00000000   Number         0  stm32f4xx_exti.o ABSOLUTE
    ..\STM32F4xx_StdPeriph_Driver\src\stm32f4xx_flash.c 0x00000000   Number         0  stm32f4xx_flash.o ABSOLUTE
    ..\STM32F4xx_StdPeriph_Driver\src\stm32f4xx_gpio.c 0x00000000   Number         0  stm32f4xx_gpio.o ABSOLUTE
    ..\STM32F4xx_StdPeriph_Driver\src\stm32f4xx_rcc.c 0x00000000   Number         0  stm32f4xx_rcc.o ABSOLUTE
    ..\STM32F4xx_StdPeriph_Driver\src\stm32f4xx_rtc.c 0x00000000   Number         0  stm32f4xx_rtc.o ABSOLUTE
    ..\STM32F4xx_StdPeriph_Driver\src\stm32f4xx_spi.c 0x00000000   Number         0  stm32f4xx_spi.o ABSOLUTE
    ..\STM32F4xx_StdPeriph_Driver\src\stm32f4xx_syscfg.c 0x00000000   Number         0  stm32f4xx_syscfg.o ABSOLUTE
    ..\STM32F4xx_StdPeriph_Driver\src\stm32f4xx_tim.c 0x00000000   Number         0  stm32f4xx_tim.o ABSOLUTE
    ..\STM32F4xx_StdPeriph_Driver\src\stm32f4xx_usart.c 0x00000000   Number         0  stm32f4xx_usart.o ABSOLUTE
    ..\User - b\main.c                       0x00000000   Number         0  main.o ABSOLUTE
    ..\\STM32F4xx_StdPeriph_Driver\\src\\misc.c 0x00000000   Number         0  misc.o ABSOLUTE
    ..\\STM32F4xx_StdPeriph_Driver\\src\\stm32f4xx_exti.c 0x00000000   Number         0  stm32f4xx_exti.o ABSOLUTE
    ..\\STM32F4xx_StdPeriph_Driver\\src\\stm32f4xx_flash.c 0x00000000   Number         0  stm32f4xx_flash.o ABSOLUTE
    ..\\STM32F4xx_StdPeriph_Driver\\src\\stm32f4xx_gpio.c 0x00000000   Number         0  stm32f4xx_gpio.o ABSOLUTE
    ..\\STM32F4xx_StdPeriph_Driver\\src\\stm32f4xx_rcc.c 0x00000000   Number         0  stm32f4xx_rcc.o ABSOLUTE
    ..\\STM32F4xx_StdPeriph_Driver\\src\\stm32f4xx_rtc.c 0x00000000   Number         0  stm32f4xx_rtc.o ABSOLUTE
    ..\\STM32F4xx_StdPeriph_Driver\\src\\stm32f4xx_spi.c 0x00000000   Number         0  stm32f4xx_spi.o ABSOLUTE
    ..\\STM32F4xx_StdPeriph_Driver\\src\\stm32f4xx_syscfg.c 0x00000000   Number         0  stm32f4xx_syscfg.o ABSOLUTE
    ..\\STM32F4xx_StdPeriph_Driver\\src\\stm32f4xx_tim.c 0x00000000   Number         0  stm32f4xx_tim.o ABSOLUTE
    ..\\STM32F4xx_StdPeriph_Driver\\src\\stm32f4xx_usart.c 0x00000000   Number         0  stm32f4xx_usart.o ABSOLUTE
    ..\\User - b\\main.c                     0x00000000   Number         0  main.o ABSOLUTE
    ..\\decadriver\\deca_device.c            0x00000000   Number         0  deca_device.o ABSOLUTE
    ..\\platform\\deca_mutex.c               0x00000000   Number         0  deca_mutex.o ABSOLUTE
    ..\\platform\\deca_sleep.c               0x00000000   Number         0  deca_sleep.o ABSOLUTE
    ..\\platform\\deca_spi.c                 0x00000000   Number         0  deca_spi.o ABSOLUTE
    ..\\platform\\port.c                     0x00000000   Number         0  port.o ABSOLUTE
    ..\\platform\\stm32f4xx_it.c             0x00000000   Number         0  stm32f4xx_it.o ABSOLUTE
    ..\\platform\\system_stm32f4xx.c         0x00000000   Number         0  system_stm32f4xx.o ABSOLUTE
    ..\decadriver\deca_device.c              0x00000000   Number         0  deca_device.o ABSOLUTE
    ..\decadriver\deca_params_init.c         0x00000000   Number         0  deca_params_init.o ABSOLUTE
    ..\decadriver\deca_range_tables.c        0x00000000   Number         0  deca_range_tables.o ABSOLUTE
    ..\platform\deca_mutex.c                 0x00000000   Number         0  deca_mutex.o ABSOLUTE
    ..\platform\deca_sleep.c                 0x00000000   Number         0  deca_sleep.o ABSOLUTE
    ..\platform\deca_spi.c                   0x00000000   Number         0  deca_spi.o ABSOLUTE
    ..\platform\port.c                       0x00000000   Number         0  port.o ABSOLUTE
    ..\platform\stm32f4xx_it.c               0x00000000   Number         0  stm32f4xx_it.o ABSOLUTE
    ..\platform\system_stm32f4xx.c           0x00000000   Number         0  system_stm32f4xx.o ABSOLUTE
    dc.s                                     0x00000000   Number         0  dc.o ABSOLUTE
    startup_stm32f401xx.s                    0x00000000   Number         0  startup_stm32f401xx.o ABSOLUTE
    RESET                                    0x08000000   Section      404  startup_stm32f401xx.o(RESET)
    !!!main                                  0x08000194   Section        8  __main.o(!!!main)
    !!!scatter                               0x0800019c   Section       52  __scatter.o(!!!scatter)
    !!handler_copy                           0x080001d0   Section       26  __scatter_copy.o(!!handler_copy)
    !!handler_zi                             0x080001ec   Section       28  __scatter_zi.o(!!handler_zi)
    .ARM.Collect$$libinit$$00000000          0x08000208   Section        2  libinit.o(.ARM.Collect$$libinit$$00000000)
    .ARM.Collect$$libinit$$00000001          0x0800020a   Section        4  libinit2.o(.ARM.Collect$$libinit$$00000001)
    .ARM.Collect$$libinit$$00000004          0x0800020e   Section        0  libinit2.o(.ARM.Collect$$libinit$$00000004)
    .ARM.Collect$$libinit$$0000000A          0x0800020e   Section        0  libinit2.o(.ARM.Collect$$libinit$$0000000A)
    .ARM.Collect$$libinit$$0000000C          0x0800020e   Section        0  libinit2.o(.ARM.Collect$$libinit$$0000000C)
    .ARM.Collect$$libinit$$0000000E          0x0800020e   Section        0  libinit2.o(.ARM.Collect$$libinit$$0000000E)
    .ARM.Collect$$libinit$$00000011          0x0800020e   Section        0  libinit2.o(.ARM.Collect$$libinit$$00000011)
    .ARM.Collect$$libinit$$00000013          0x0800020e   Section        0  libinit2.o(.ARM.Collect$$libinit$$00000013)
    .ARM.Collect$$libinit$$00000015          0x0800020e   Section        0  libinit2.o(.ARM.Collect$$libinit$$00000015)
    .ARM.Collect$$libinit$$00000017          0x0800020e   Section        0  libinit2.o(.ARM.Collect$$libinit$$00000017)
    .ARM.Collect$$libinit$$00000019          0x0800020e   Section        0  libinit2.o(.ARM.Collect$$libinit$$00000019)
    .ARM.Collect$$libinit$$0000001B          0x0800020e   Section        0  libinit2.o(.ARM.Collect$$libinit$$0000001B)
    .ARM.Collect$$libinit$$0000001D          0x0800020e   Section        0  libinit2.o(.ARM.Collect$$libinit$$0000001D)
    .ARM.Collect$$libinit$$0000001F          0x0800020e   Section        0  libinit2.o(.ARM.Collect$$libinit$$0000001F)
    .ARM.Collect$$libinit$$00000021          0x0800020e   Section        0  libinit2.o(.ARM.Collect$$libinit$$00000021)
    .ARM.Collect$$libinit$$00000023          0x0800020e   Section        0  libinit2.o(.ARM.Collect$$libinit$$00000023)
    .ARM.Collect$$libinit$$00000025          0x0800020e   Section        0  libinit2.o(.ARM.Collect$$libinit$$00000025)
    .ARM.Collect$$libinit$$0000002C          0x0800020e   Section        0  libinit2.o(.ARM.Collect$$libinit$$0000002C)
    .ARM.Collect$$libinit$$0000002E          0x0800020e   Section        0  libinit2.o(.ARM.Collect$$libinit$$0000002E)
    .ARM.Collect$$libinit$$00000030          0x0800020e   Section        0  libinit2.o(.ARM.Collect$$libinit$$00000030)
    .ARM.Collect$$libinit$$00000032          0x0800020e   Section        0  libinit2.o(.ARM.Collect$$libinit$$00000032)
    .ARM.Collect$$libinit$$00000033          0x0800020e   Section        2  libinit2.o(.ARM.Collect$$libinit$$00000033)
    .ARM.Collect$$libshutdown$$00000000      0x08000210   Section        2  libshutdown.o(.ARM.Collect$$libshutdown$$00000000)
    .ARM.Collect$$libshutdown$$00000003      0x08000212   Section        0  libshutdown2.o(.ARM.Collect$$libshutdown$$00000003)
    .ARM.Collect$$libshutdown$$00000006      0x08000212   Section        0  libshutdown2.o(.ARM.Collect$$libshutdown$$00000006)
    .ARM.Collect$$libshutdown$$00000009      0x08000212   Section        0  libshutdown2.o(.ARM.Collect$$libshutdown$$00000009)
    .ARM.Collect$$libshutdown$$0000000B      0x08000212   Section        0  libshutdown2.o(.ARM.Collect$$libshutdown$$0000000B)
    .ARM.Collect$$libshutdown$$0000000E      0x08000212   Section        0  libshutdown2.o(.ARM.Collect$$libshutdown$$0000000E)
    .ARM.Collect$$libshutdown$$0000000F      0x08000212   Section        2  libshutdown2.o(.ARM.Collect$$libshutdown$$0000000F)
    .ARM.Collect$$rtentry$$00000000          0x08000214   Section        0  __rtentry.o(.ARM.Collect$$rtentry$$00000000)
    .ARM.Collect$$rtentry$$00000002          0x08000214   Section        0  __rtentry2.o(.ARM.Collect$$rtentry$$00000002)
    .ARM.Collect$$rtentry$$00000004          0x08000214   Section        6  __rtentry4.o(.ARM.Collect$$rtentry$$00000004)
    .ARM.Collect$$rtentry$$00000009          0x0800021a   Section        0  __rtentry2.o(.ARM.Collect$$rtentry$$00000009)
    .ARM.Collect$$rtentry$$0000000A          0x0800021a   Section        4  __rtentry2.o(.ARM.Collect$$rtentry$$0000000A)
    .ARM.Collect$$rtentry$$0000000C          0x0800021e   Section        0  __rtentry2.o(.ARM.Collect$$rtentry$$0000000C)
    .ARM.Collect$$rtentry$$0000000D          0x0800021e   Section        8  __rtentry2.o(.ARM.Collect$$rtentry$$0000000D)
    .ARM.Collect$$rtexit$$00000000           0x08000226   Section        2  rtexit.o(.ARM.Collect$$rtexit$$00000000)
    .ARM.Collect$$rtexit$$00000002           0x08000228   Section        0  rtexit2.o(.ARM.Collect$$rtexit$$00000002)
    .ARM.Collect$$rtexit$$00000003           0x08000228   Section        4  rtexit2.o(.ARM.Collect$$rtexit$$00000003)
    .ARM.Collect$$rtexit$$00000004           0x0800022c   Section        6  rtexit2.o(.ARM.Collect$$rtexit$$00000004)
    .text                                    0x08000234   Section       64  startup_stm32f401xx.o(.text)
    $v0                                      0x08000234   Number         0  startup_stm32f401xx.o(.text)
    .text                                    0x08000274   Section        0  stm32f4xx_gpio.o(.text)
    .text                                    0x08000508   Section        0  stm32f4xx_rcc.o(.text)
    .text                                    0x08000acc   Section        0  stm32f4xx_flash.o(.text)
    .text                                    0x08001160   Section        0  misc.o(.text)
    .text                                    0x08001240   Section        0  stm32f4xx_spi.o(.text)
    .text                                    0x080016c0   Section        0  stm32f4xx_exti.o(.text)
    .text                                    0x080017d0   Section        0  stm32f4xx_syscfg.o(.text)
    .text                                    0x08001864   Section        0  stm32f4xx_usart.o(.text)
    .text                                    0x08001cb8   Section        0  main.o(.text)
    get_rx_timestamp_u64                     0x08001cb9   Thumb Code    46  main.o(.text)
    get_tx_timestamp_u64                     0x08001ce7   Thumb Code    46  main.o(.text)
    .text                                    0x0800219c   Section        0  deca_mutex.o(.text)
    .text                                    0x080021e0   Section        0  deca_sleep.o(.text)
    .text                                    0x080021f8   Section        0  deca_spi.o(.text)
    .text                                    0x08002328   Section        0  port.o(.text)
    NVIC_SetPriority                         0x08002329   Thumb Code    32  port.o(.text)
    spi_peripheral_init                      0x08002703   Thumb Code     8  port.o(.text)
    usart_peripheral_init                    0x0800270b   Thumb Code    58  port.o(.text)
    .text                                    0x08002764   Section        0  stm32f4xx_it.o(.text)
    .text                                    0x080027c0   Section        0  system_stm32f4xx.o(.text)
    SetSysClock                              0x080027c1   Thumb Code   216  system_stm32f4xx.o(.text)
    .text                                    0x080029cc   Section        0  deca_device.o(.text)
    .text                                    0x080043d0   Section        0  heapauxi.o(.text)
    .text                                    0x080043d6   Section       74  sys_stackheap_outer.o(.text)
    .text                                    0x08004420   Section        0  exit.o(.text)
    .text                                    0x0800442c   Section        8  libspace.o(.text)
    .text                                    0x08004434   Section        0  sys_exit.o(.text)
    .text                                    0x08004440   Section        2  use_no_semi.o(.text)
    .text                                    0x08004442   Section        0  indicate_semi.o(.text)
    x$fpl$basic                              0x08004442   Section       24  basic.o(x$fpl$basic)
    $v0                                      0x08004442   Number         0  basic.o(x$fpl$basic)
    x$fpl$dadd                               0x0800445c   Section      336  daddsub_clz.o(x$fpl$dadd)
    $v0                                      0x0800445c   Number         0  daddsub_clz.o(x$fpl$dadd)
    _dadd1                                   0x0800446d   Thumb Code     0  daddsub_clz.o(x$fpl$dadd)
    x$fpl$dcmpinf                            0x080045ac   Section       24  dcmpi.o(x$fpl$dcmpinf)
    $v0                                      0x080045ac   Number         0  dcmpi.o(x$fpl$dcmpinf)
    x$fpl$ddiv                               0x080045c4   Section      688  ddiv.o(x$fpl$ddiv)
    $v0                                      0x080045c4   Number         0  ddiv.o(x$fpl$ddiv)
    ddiv_entry                               0x080045cb   Thumb Code     0  ddiv.o(x$fpl$ddiv)
    x$fpl$dfixu                              0x08004874   Section       90  dfixu.o(x$fpl$dfixu)
    $v0                                      0x08004874   Number         0  dfixu.o(x$fpl$dfixu)
    x$fpl$dfltll                             0x080048d0   Section      162  dfltll_clz.o(x$fpl$dfltll)
    $v0                                      0x080048d0   Number         0  dfltll_clz.o(x$fpl$dfltll)
    x$fpl$dfltu                              0x08004972   Section       38  dflt_clz.o(x$fpl$dfltu)
    $v0                                      0x08004972   Number         0  dflt_clz.o(x$fpl$dfltu)
    x$fpl$dfltull                            0x08004998   Section      138  dfltll_clz.o(x$fpl$dfltull)
    $v0                                      0x08004998   Number         0  dfltll_clz.o(x$fpl$dfltull)
    x$fpl$dleqf                              0x08004a24   Section      120  dleqf.o(x$fpl$dleqf)
    $v0                                      0x08004a24   Number         0  dleqf.o(x$fpl$dleqf)
    x$fpl$dmul                               0x08004a9c   Section      340  dmul.o(x$fpl$dmul)
    $v0                                      0x08004a9c   Number         0  dmul.o(x$fpl$dmul)
    x$fpl$dnaninf                            0x08004bf0   Section      156  dnaninf.o(x$fpl$dnaninf)
    $v0                                      0x08004bf0   Number         0  dnaninf.o(x$fpl$dnaninf)
    x$fpl$dretinf                            0x08004c8c   Section       12  dretinf.o(x$fpl$dretinf)
    $v0                                      0x08004c8c   Number         0  dretinf.o(x$fpl$dretinf)
    x$fpl$drleqf                             0x08004c98   Section      108  drleqf.o(x$fpl$drleqf)
    $v0                                      0x08004c98   Number         0  drleqf.o(x$fpl$drleqf)
    x$fpl$dsub                               0x08004d04   Section      468  daddsub_clz.o(x$fpl$dsub)
    $v0                                      0x08004d04   Number         0  daddsub_clz.o(x$fpl$dsub)
    _dsub1                                   0x08004d15   Thumb Code     0  daddsub_clz.o(x$fpl$dsub)
    x$fpl$fpinit                             0x08004ed8   Section       10  fpinit.o(x$fpl$fpinit)
    $v0                                      0x08004ed8   Number         0  fpinit.o(x$fpl$fpinit)
    x$fpl$llsfromd                           0x08004ee4   Section      194  dfixll.o(x$fpl$llsfromd)
    $v0                                      0x08004ee4   Number         0  dfixll.o(x$fpl$llsfromd)
    x$fpl$usenofp                            0x08004fa6   Section        0  usenofp.o(x$fpl$usenofp)
    .constdata                               0x08004fa8   Section      174  deca_params_init.o(.constdata)
    .data                                    0x20000000   Section       16  stm32f4xx_rcc.o(.data)
    APBAHBPrescTable                         0x20000000   Data          16  stm32f4xx_rcc.o(.data)
    .data                                    0x20000010   Section      138  main.o(.data)
    config                                   0x20000010   Data          11  main.o(.data)
    tx_reply_msg                             0x2000001b   Data           5  main.o(.data)
    tx_final_msg                             0x20000020   Data          13  main.o(.data)
    status_reg                               0x20000030   Data           4  main.o(.data)
    rx_DeviceB_1                             0x20000038   Data           8  main.o(.data)
    tx_DeviceB_2                             0x20000040   Data           8  main.o(.data)
    rx_DeviceB_3                             0x20000048   Data           8  main.o(.data)
    tx_DeviceA_1                             0x20000050   Data           4  main.o(.data)
    rx_DeviceA_2                             0x20000054   Data           4  main.o(.data)
    tx_DeviceA_3                             0x20000058   Data           4  main.o(.data)
    tof                                      0x20000060   Data           8  main.o(.data)
    Treply1                                  0x20000068   Data           8  main.o(.data)
    Treply2                                  0x20000070   Data           8  main.o(.data)
    Tround1                                  0x20000078   Data           8  main.o(.data)
    Tround2                                  0x20000080   Data           8  main.o(.data)
    Tprop                                    0x20000088   Data           8  main.o(.data)
    distance                                 0x20000090   Data           8  main.o(.data)
    distance_cm                              0x20000098   Data           2  main.o(.data)
    .data                                    0x2000009c   Section        8  stm32f4xx_it.o(.data)
    .data                                    0x200000a4   Section       20  system_stm32f4xx.o(.data)
    .bss                                     0x200000b8   Section       17  main.o(.bss)
    rx_buffer                                0x200000b8   Data          17  main.o(.bss)
    .bss                                     0x200000cc   Section       60  deca_device.o(.bss)
    dw1000local                              0x200000cc   Data          60  deca_device.o(.bss)
    .bss                                     0x20000108   Section       96  libspace.o(.bss)
    HEAP                                     0x20000168   Section      512  startup_stm32f401xx.o(HEAP)
    Heap_Mem                                 0x20000168   Data         512  startup_stm32f401xx.o(HEAP)
    STACK                                    0x20000368   Section     1024  startup_stm32f401xx.o(STACK)
    Stack_Mem                                0x20000368   Data        1024  startup_stm32f401xx.o(STACK)
    __initial_sp                             0x20000768   Data           0  startup_stm32f401xx.o(STACK)

    Global Symbols

    Symbol Name                              Value     Ov Type        Size  Object(Section)

    BuildAttributes$$THM_ISAv4$E$P$D$K$B$S$7EM$VFPi3$EXTD16$VFPS$VFMA$PE$A:L22UL41UL21$X:L11$S22US41US21$IEEE1$IW$USESV6$~STKCKD$USESV7$~SHL$OSPACE$ROPI$EBA8$UX$STANDARDLIB$REQ8$PRES8$EABIv2 0x00000000   Number         0  anon$$obj.o ABSOLUTE
    __ARM_use_no_argv                        0x00000000   Number         0  main.o ABSOLUTE
    __ARM_exceptions_init                     - Undefined Weak Reference
    __alloca_initialize                       - Undefined Weak Reference
    __arm_preinit_                            - Undefined Weak Reference
    __cpp_initialize__aeabi_                  - Undefined Weak Reference
    __cxa_finalize                            - Undefined Weak Reference
    __rt_locale                               - Undefined Weak Reference
    __sigvec_lookup                           - Undefined Weak Reference
    _atexit_init                              - Undefined Weak Reference
    _call_atexit_fns                          - Undefined Weak Reference
    _clock_init                               - Undefined Weak Reference
    _fp_trap_init                             - Undefined Weak Reference
    _fp_trap_shutdown                         - Undefined Weak Reference
    _get_lc_collate                           - Undefined Weak Reference
    _get_lc_ctype                             - Undefined Weak Reference
    _get_lc_monetary                          - Undefined Weak Reference
    _get_lc_numeric                           - Undefined Weak Reference
    _get_lc_time                              - Undefined Weak Reference
    _getenv_init                              - Undefined Weak Reference
    _handle_redirection                       - Undefined Weak Reference
    _init_alloc                               - Undefined Weak Reference
    _init_user_alloc                          - Undefined Weak Reference
    _initio                                   - Undefined Weak Reference
    _rand_init                                - Undefined Weak Reference
    _signal_finish                            - Undefined Weak Reference
    _signal_init                              - Undefined Weak Reference
    _terminate_alloc                          - Undefined Weak Reference
    _terminate_user_alloc                     - Undefined Weak Reference
    _terminateio                              - Undefined Weak Reference
    __Vectors_Size                           0x00000194   Number         0  startup_stm32f401xx.o ABSOLUTE
    __Vectors                                0x08000000   Data           4  startup_stm32f401xx.o(RESET)
    __Vectors_End                            0x08000194   Data           0  startup_stm32f401xx.o(RESET)
    __main                                   0x08000195   Thumb Code     8  __main.o(!!!main)
    __scatterload                            0x0800019d   Thumb Code     0  __scatter.o(!!!scatter)
    __scatterload_rt2                        0x0800019d   Thumb Code    44  __scatter.o(!!!scatter)
    __scatterload_rt2_thumb_only             0x0800019d   Thumb Code     0  __scatter.o(!!!scatter)
    __scatterload_null                       0x080001ab   Thumb Code     0  __scatter.o(!!!scatter)
    __scatterload_copy                       0x080001d1   Thumb Code    26  __scatter_copy.o(!!handler_copy)
    __scatterload_zeroinit                   0x080001ed   Thumb Code    28  __scatter_zi.o(!!handler_zi)
    __rt_lib_init                            0x08000209   Thumb Code     0  libinit.o(.ARM.Collect$$libinit$$00000000)
    __rt_lib_init_fp_1                       0x0800020b   Thumb Code     0  libinit2.o(.ARM.Collect$$libinit$$00000001)
    __rt_lib_init_alloca_1                   0x0800020f   Thumb Code     0  libinit2.o(.ARM.Collect$$libinit$$0000002E)
    __rt_lib_init_argv_1                     0x0800020f   Thumb Code     0  libinit2.o(.ARM.Collect$$libinit$$0000002C)
    __rt_lib_init_atexit_1                   0x0800020f   Thumb Code     0  libinit2.o(.ARM.Collect$$libinit$$0000001B)
    __rt_lib_init_clock_1                    0x0800020f   Thumb Code     0  libinit2.o(.ARM.Collect$$libinit$$00000021)
    __rt_lib_init_cpp_1                      0x0800020f   Thumb Code     0  libinit2.o(.ARM.Collect$$libinit$$00000032)
    __rt_lib_init_exceptions_1               0x0800020f   Thumb Code     0  libinit2.o(.ARM.Collect$$libinit$$00000030)
    __rt_lib_init_fp_trap_1                  0x0800020f   Thumb Code     0  libinit2.o(.ARM.Collect$$libinit$$0000001F)
    __rt_lib_init_getenv_1                   0x0800020f   Thumb Code     0  libinit2.o(.ARM.Collect$$libinit$$00000023)
    __rt_lib_init_heap_1                     0x0800020f   Thumb Code     0  libinit2.o(.ARM.Collect$$libinit$$0000000A)
    __rt_lib_init_lc_collate_1               0x0800020f   Thumb Code     0  libinit2.o(.ARM.Collect$$libinit$$00000011)
    __rt_lib_init_lc_ctype_1                 0x0800020f   Thumb Code     0  libinit2.o(.ARM.Collect$$libinit$$00000013)
    __rt_lib_init_lc_monetary_1              0x0800020f   Thumb Code     0  libinit2.o(.ARM.Collect$$libinit$$00000015)
    __rt_lib_init_lc_numeric_1               0x0800020f   Thumb Code     0  libinit2.o(.ARM.Collect$$libinit$$00000017)
    __rt_lib_init_lc_time_1                  0x0800020f   Thumb Code     0  libinit2.o(.ARM.Collect$$libinit$$00000019)
    __rt_lib_init_preinit_1                  0x0800020f   Thumb Code     0  libinit2.o(.ARM.Collect$$libinit$$00000004)
    __rt_lib_init_rand_1                     0x0800020f   Thumb Code     0  libinit2.o(.ARM.Collect$$libinit$$0000000E)
    __rt_lib_init_return                     0x0800020f   Thumb Code     0  libinit2.o(.ARM.Collect$$libinit$$00000033)
    __rt_lib_init_signal_1                   0x0800020f   Thumb Code     0  libinit2.o(.ARM.Collect$$libinit$$0000001D)
    __rt_lib_init_stdio_1                    0x0800020f   Thumb Code     0  libinit2.o(.ARM.Collect$$libinit$$00000025)
    __rt_lib_init_user_alloc_1               0x0800020f   Thumb Code     0  libinit2.o(.ARM.Collect$$libinit$$0000000C)
    __rt_lib_shutdown                        0x08000211   Thumb Code     0  libshutdown.o(.ARM.Collect$$libshutdown$$00000000)
    __rt_lib_shutdown_fp_trap_1              0x08000213   Thumb Code     0  libshutdown2.o(.ARM.Collect$$libshutdown$$00000006)
    __rt_lib_shutdown_heap_1                 0x08000213   Thumb Code     0  libshutdown2.o(.ARM.Collect$$libshutdown$$0000000E)
    __rt_lib_shutdown_return                 0x08000213   Thumb Code     0  libshutdown2.o(.ARM.Collect$$libshutdown$$0000000F)
    __rt_lib_shutdown_signal_1               0x08000213   Thumb Code     0  libshutdown2.o(.ARM.Collect$$libshutdown$$00000009)
    __rt_lib_shutdown_stdio_1                0x08000213   Thumb Code     0  libshutdown2.o(.ARM.Collect$$libshutdown$$00000003)
    __rt_lib_shutdown_user_alloc_1           0x08000213   Thumb Code     0  libshutdown2.o(.ARM.Collect$$libshutdown$$0000000B)
    __rt_entry                               0x08000215   Thumb Code     0  __rtentry.o(.ARM.Collect$$rtentry$$00000000)
    __rt_entry_presh_1                       0x08000215   Thumb Code     0  __rtentry2.o(.ARM.Collect$$rtentry$$00000002)
    __rt_entry_sh                            0x08000215   Thumb Code     0  __rtentry4.o(.ARM.Collect$$rtentry$$00000004)
    __rt_entry_li                            0x0800021b   Thumb Code     0  __rtentry2.o(.ARM.Collect$$rtentry$$0000000A)
    __rt_entry_postsh_1                      0x0800021b   Thumb Code     0  __rtentry2.o(.ARM.Collect$$rtentry$$00000009)
    __rt_entry_main                          0x0800021f   Thumb Code     0  __rtentry2.o(.ARM.Collect$$rtentry$$0000000D)
    __rt_entry_postli_1                      0x0800021f   Thumb Code     0  __rtentry2.o(.ARM.Collect$$rtentry$$0000000C)
    __rt_exit                                0x08000227   Thumb Code     0  rtexit.o(.ARM.Collect$$rtexit$$00000000)
    __rt_exit_ls                             0x08000229   Thumb Code     0  rtexit2.o(.ARM.Collect$$rtexit$$00000003)
    __rt_exit_prels_1                        0x08000229   Thumb Code     0  rtexit2.o(.ARM.Collect$$rtexit$$00000002)
    __rt_exit_exit                           0x0800022d   Thumb Code     0  rtexit2.o(.ARM.Collect$$rtexit$$00000004)
    Reset_Handler                            0x08000235   Thumb Code     8  startup_stm32f401xx.o(.text)
    ADC_IRQHandler                           0x0800024f   Thumb Code     0  startup_stm32f401xx.o(.text)
    DMA1_Stream0_IRQHandler                  0x0800024f   Thumb Code     0  startup_stm32f401xx.o(.text)
    DMA1_Stream1_IRQHandler                  0x0800024f   Thumb Code     0  startup_stm32f401xx.o(.text)
    DMA1_Stream2_IRQHandler                  0x0800024f   Thumb Code     0  startup_stm32f401xx.o(.text)
    DMA1_Stream3_IRQHandler                  0x0800024f   Thumb Code     0  startup_stm32f401xx.o(.text)
    DMA1_Stream4_IRQHandler                  0x0800024f   Thumb Code     0  startup_stm32f401xx.o(.text)
    DMA1_Stream5_IRQHandler                  0x0800024f   Thumb Code     0  startup_stm32f401xx.o(.text)
    DMA1_Stream6_IRQHandler                  0x0800024f   Thumb Code     0  startup_stm32f401xx.o(.text)
    DMA1_Stream7_IRQHandler                  0x0800024f   Thumb Code     0  startup_stm32f401xx.o(.text)
    DMA2_Stream0_IRQHandler                  0x0800024f   Thumb Code     0  startup_stm32f401xx.o(.text)
    DMA2_Stream1_IRQHandler                  0x0800024f   Thumb Code     0  startup_stm32f401xx.o(.text)
    DMA2_Stream2_IRQHandler                  0x0800024f   Thumb Code     0  startup_stm32f401xx.o(.text)
    DMA2_Stream3_IRQHandler                  0x0800024f   Thumb Code     0  startup_stm32f401xx.o(.text)
    DMA2_Stream4_IRQHandler                  0x0800024f   Thumb Code     0  startup_stm32f401xx.o(.text)
    DMA2_Stream5_IRQHandler                  0x0800024f   Thumb Code     0  startup_stm32f401xx.o(.text)
    DMA2_Stream6_IRQHandler                  0x0800024f   Thumb Code     0  startup_stm32f401xx.o(.text)
    DMA2_Stream7_IRQHandler                  0x0800024f   Thumb Code     0  startup_stm32f401xx.o(.text)
    EXTI0_IRQHandler                         0x0800024f   Thumb Code     0  startup_stm32f401xx.o(.text)
    EXTI15_10_IRQHandler                     0x0800024f   Thumb Code     0  startup_stm32f401xx.o(.text)
    EXTI1_IRQHandler                         0x0800024f   Thumb Code     0  startup_stm32f401xx.o(.text)
    EXTI2_IRQHandler                         0x0800024f   Thumb Code     0  startup_stm32f401xx.o(.text)
    EXTI3_IRQHandler                         0x0800024f   Thumb Code     0  startup_stm32f401xx.o(.text)
    EXTI4_IRQHandler                         0x0800024f   Thumb Code     0  startup_stm32f401xx.o(.text)
    EXTI9_5_IRQHandler                       0x0800024f   Thumb Code     0  startup_stm32f401xx.o(.text)
    FLASH_IRQHandler                         0x0800024f   Thumb Code     0  startup_stm32f401xx.o(.text)
    FPU_IRQHandler                           0x0800024f   Thumb Code     0  startup_stm32f401xx.o(.text)
    I2C1_ER_IRQHandler                       0x0800024f   Thumb Code     0  startup_stm32f401xx.o(.text)
    I2C1_EV_IRQHandler                       0x0800024f   Thumb Code     0  startup_stm32f401xx.o(.text)
    I2C2_ER_IRQHandler                       0x0800024f   Thumb Code     0  startup_stm32f401xx.o(.text)
    I2C2_EV_IRQHandler                       0x0800024f   Thumb Code     0  startup_stm32f401xx.o(.text)
    I2C3_ER_IRQHandler                       0x0800024f   Thumb Code     0  startup_stm32f401xx.o(.text)
    I2C3_EV_IRQHandler                       0x0800024f   Thumb Code     0  startup_stm32f401xx.o(.text)
    OTG_FS_IRQHandler                        0x0800024f   Thumb Code     0  startup_stm32f401xx.o(.text)
    OTG_FS_WKUP_IRQHandler                   0x0800024f   Thumb Code     0  startup_stm32f401xx.o(.text)
    PVD_IRQHandler                           0x0800024f   Thumb Code     0  startup_stm32f401xx.o(.text)
    RCC_IRQHandler                           0x0800024f   Thumb Code     0  startup_stm32f401xx.o(.text)
    RTC_Alarm_IRQHandler                     0x0800024f   Thumb Code     0  startup_stm32f401xx.o(.text)
    RTC_WKUP_IRQHandler                      0x0800024f   Thumb Code     0  startup_stm32f401xx.o(.text)
    SDIO_IRQHandler                          0x0800024f   Thumb Code     0  startup_stm32f401xx.o(.text)
    SPI1_IRQHandler                          0x0800024f   Thumb Code     0  startup_stm32f401xx.o(.text)
    SPI2_IRQHandler                          0x0800024f   Thumb Code     0  startup_stm32f401xx.o(.text)
    SPI3_IRQHandler                          0x0800024f   Thumb Code     0  startup_stm32f401xx.o(.text)
    SPI4_IRQHandler                          0x0800024f   Thumb Code     0  startup_stm32f401xx.o(.text)
    TAMP_STAMP_IRQHandler                    0x0800024f   Thumb Code     0  startup_stm32f401xx.o(.text)
    TIM1_BRK_TIM9_IRQHandler                 0x0800024f   Thumb Code     0  startup_stm32f401xx.o(.text)
    TIM1_CC_IRQHandler                       0x0800024f   Thumb Code     0  startup_stm32f401xx.o(.text)
    TIM1_TRG_COM_TIM11_IRQHandler            0x0800024f   Thumb Code     0  startup_stm32f401xx.o(.text)
    TIM1_UP_TIM10_IRQHandler                 0x0800024f   Thumb Code     0  startup_stm32f401xx.o(.text)
    TIM2_IRQHandler                          0x0800024f   Thumb Code     0  startup_stm32f401xx.o(.text)
    TIM3_IRQHandler                          0x0800024f   Thumb Code     0  startup_stm32f401xx.o(.text)
    TIM4_IRQHandler                          0x0800024f   Thumb Code     0  startup_stm32f401xx.o(.text)
    TIM5_IRQHandler                          0x0800024f   Thumb Code     0  startup_stm32f401xx.o(.text)
    USART1_IRQHandler                        0x0800024f   Thumb Code     0  startup_stm32f401xx.o(.text)
    USART2_IRQHandler                        0x0800024f   Thumb Code     0  startup_stm32f401xx.o(.text)
    WWDG_IRQHandler                          0x0800024f   Thumb Code     0  startup_stm32f401xx.o(.text)
    __user_initial_stackheap                 0x08000251   Thumb Code     0  startup_stm32f401xx.o(.text)
    GPIO_DeInit                              0x08000275   Thumb Code   268  stm32f4xx_gpio.o(.text)
    GPIO_Init                                0x08000381   Thumb Code   144  stm32f4xx_gpio.o(.text)
    GPIO_StructInit                          0x08000411   Thumb Code    18  stm32f4xx_gpio.o(.text)
    GPIO_PinLockConfig                       0x08000423   Thumb Code    34  stm32f4xx_gpio.o(.text)
    GPIO_ReadInputDataBit                    0x08000445   Thumb Code    18  stm32f4xx_gpio.o(.text)
    GPIO_ReadInputData                       0x08000457   Thumb Code     8  stm32f4xx_gpio.o(.text)
    GPIO_ReadOutputDataBit                   0x0800045f   Thumb Code    18  stm32f4xx_gpio.o(.text)
    GPIO_ReadOutputData                      0x08000471   Thumb Code     8  stm32f4xx_gpio.o(.text)
    GPIO_SetBits                             0x08000479   Thumb Code     4  stm32f4xx_gpio.o(.text)
    GPIO_ResetBits                           0x0800047d   Thumb Code     4  stm32f4xx_gpio.o(.text)
    GPIO_WriteBit                            0x08000481   Thumb Code    10  stm32f4xx_gpio.o(.text)
    GPIO_Write                               0x0800048b   Thumb Code     4  stm32f4xx_gpio.o(.text)
    GPIO_ToggleBits                          0x0800048f   Thumb Code     8  stm32f4xx_gpio.o(.text)
    GPIO_PinAFConfig                         0x08000497   Thumb Code    70  stm32f4xx_gpio.o(.text)
    RCC_DeInit                               0x08000509   Thumb Code    74  stm32f4xx_rcc.o(.text)
    RCC_HSEConfig                            0x08000553   Thumb Code    14  stm32f4xx_rcc.o(.text)
    RCC_GetFlagStatus                        0x08000561   Thumb Code    60  stm32f4xx_rcc.o(.text)
    RCC_WaitForHSEStartUp                    0x0800059d   Thumb Code    56  stm32f4xx_rcc.o(.text)
    RCC_AdjustHSICalibrationValue            0x080005d5   Thumb Code    20  stm32f4xx_rcc.o(.text)
    RCC_HSICmd                               0x080005e9   Thumb Code     6  stm32f4xx_rcc.o(.text)
    RCC_LSEConfig                            0x080005ef   Thumb Code    46  stm32f4xx_rcc.o(.text)
    RCC_LSICmd                               0x0800061d   Thumb Code     6  stm32f4xx_rcc.o(.text)
    RCC_PLLConfig                            0x08000623   Thumb Code    32  stm32f4xx_rcc.o(.text)
    RCC_PLLCmd                               0x08000643   Thumb Code     6  stm32f4xx_rcc.o(.text)
    RCC_PLLI2SConfig                         0x08000649   Thumb Code    14  stm32f4xx_rcc.o(.text)
    RCC_PLLI2SCmd                            0x08000657   Thumb Code     6  stm32f4xx_rcc.o(.text)
    RCC_PLLSAIConfig                         0x0800065d   Thumb Code    20  stm32f4xx_rcc.o(.text)
    RCC_PLLSAICmd                            0x08000671   Thumb Code     6  stm32f4xx_rcc.o(.text)
    RCC_ClockSecuritySystemCmd               0x08000677   Thumb Code     6  stm32f4xx_rcc.o(.text)
    RCC_MCO1Config                           0x0800067d   Thumb Code    28  stm32f4xx_rcc.o(.text)
    RCC_MCO2Config                           0x08000699   Thumb Code    28  stm32f4xx_rcc.o(.text)
    RCC_SYSCLKConfig                         0x080006b5   Thumb Code    20  stm32f4xx_rcc.o(.text)
    RCC_GetSYSCLKSource                      0x080006c9   Thumb Code    12  stm32f4xx_rcc.o(.text)
    RCC_HCLKConfig                           0x080006d5   Thumb Code    20  stm32f4xx_rcc.o(.text)
    RCC_PCLK1Config                          0x080006e9   Thumb Code    20  stm32f4xx_rcc.o(.text)
    RCC_PCLK2Config                          0x080006fd   Thumb Code    22  stm32f4xx_rcc.o(.text)
    RCC_GetClocksFreq                        0x08000713   Thumb Code   222  stm32f4xx_rcc.o(.text)
    RCC_RTCCLKConfig                         0x080007f1   Thumb Code    54  stm32f4xx_rcc.o(.text)
    RCC_RTCCLKCmd                            0x08000827   Thumb Code     8  stm32f4xx_rcc.o(.text)
    RCC_BackupResetCmd                       0x0800082f   Thumb Code     8  stm32f4xx_rcc.o(.text)
    RCC_I2SCLKConfig                         0x08000837   Thumb Code     6  stm32f4xx_rcc.o(.text)
    RCC_SAIPLLI2SClkDivConfig                0x0800083d   Thumb Code    26  stm32f4xx_rcc.o(.text)
    RCC_SAIPLLSAIClkDivConfig                0x08000857   Thumb Code    28  stm32f4xx_rcc.o(.text)
    RCC_LTDCCLKDivConfig                     0x08000873   Thumb Code    20  stm32f4xx_rcc.o(.text)
    RCC_TIMCLKPresConfig                     0x08000887   Thumb Code     6  stm32f4xx_rcc.o(.text)
    RCC_AHB1PeriphClockCmd                   0x0800088d   Thumb Code    34  stm32f4xx_rcc.o(.text)
    RCC_AHB2PeriphClockCmd                   0x080008af   Thumb Code    34  stm32f4xx_rcc.o(.text)
    RCC_APB1PeriphClockCmd                   0x080008d1   Thumb Code    84  stm32f4xx_rcc.o(.text)
    RCC_APB2PeriphClockCmd                   0x08000925   Thumb Code    26  stm32f4xx_rcc.o(.text)
    RCC_AHB1PeriphResetCmd                   0x0800093f   Thumb Code    34  stm32f4xx_rcc.o(.text)
    RCC_AHB2PeriphResetCmd                   0x08000961   Thumb Code    34  stm32f4xx_rcc.o(.text)
    RCC_APB1PeriphResetCmd                   0x08000983   Thumb Code    34  stm32f4xx_rcc.o(.text)
    RCC_APB2PeriphResetCmd                   0x080009a5   Thumb Code    34  stm32f4xx_rcc.o(.text)
    RCC_AHB1PeriphClockLPModeCmd             0x080009c7   Thumb Code    34  stm32f4xx_rcc.o(.text)
    RCC_AHB2PeriphClockLPModeCmd             0x080009e9   Thumb Code    34  stm32f4xx_rcc.o(.text)
    RCC_APB1PeriphClockLPModeCmd             0x08000a0b   Thumb Code    34  stm32f4xx_rcc.o(.text)
    RCC_APB2PeriphClockLPModeCmd             0x08000a2d   Thumb Code    34  stm32f4xx_rcc.o(.text)
    RCC_LSEModeConfig                        0x08000a4f   Thumb Code    40  stm32f4xx_rcc.o(.text)
    RCC_ITConfig                             0x08000a77   Thumb Code    34  stm32f4xx_rcc.o(.text)
    RCC_ClearFlag                            0x08000a99   Thumb Code    18  stm32f4xx_rcc.o(.text)
    RCC_GetITStatus                          0x08000aab   Thumb Code    22  stm32f4xx_rcc.o(.text)
    RCC_ClearITPendingBit                    0x08000ac1   Thumb Code     8  stm32f4xx_rcc.o(.text)
    FLASH_SetLatency                         0x08000acd   Thumb Code     6  stm32f4xx_flash.o(.text)
    FLASH_PrefetchBufferCmd                  0x08000ad3   Thumb Code    30  stm32f4xx_flash.o(.text)
    FLASH_InstructionCacheCmd                0x08000af1   Thumb Code    30  stm32f4xx_flash.o(.text)
    FLASH_DataCacheCmd                       0x08000b0f   Thumb Code    30  stm32f4xx_flash.o(.text)
    FLASH_InstructionCacheReset              0x08000b2d   Thumb Code    14  stm32f4xx_flash.o(.text)
    FLASH_DataCacheReset                     0x08000b3b   Thumb Code    14  stm32f4xx_flash.o(.text)
    FLASH_Unlock                             0x08000b49   Thumb Code    26  stm32f4xx_flash.o(.text)
    FLASH_Lock                               0x08000b63   Thumb Code    18  stm32f4xx_flash.o(.text)
    FLASH_GetStatus                          0x08000b75   Thumb Code    90  stm32f4xx_flash.o(.text)
    FLASH_WaitForLastOperation               0x08000bcf   Thumb Code    34  stm32f4xx_flash.o(.text)
    FLASH_EraseSector                        0x08000bf1   Thumb Code   140  stm32f4xx_flash.o(.text)
    FLASH_EraseAllSectors                    0x08000c7d   Thumb Code   112  stm32f4xx_flash.o(.text)
    FLASH_EraseAllBank1Sectors               0x08000ced   Thumb Code   112  stm32f4xx_flash.o(.text)
    FLASH_EraseAllBank2Sectors               0x08000d5d   Thumb Code   112  stm32f4xx_flash.o(.text)
    FLASH_ProgramDoubleWord                  0x08000dcd   Thumb Code    86  stm32f4xx_flash.o(.text)
    FLASH_ProgramWord                        0x08000e23   Thumb Code    82  stm32f4xx_flash.o(.text)
    FLASH_ProgramHalfWord                    0x08000e75   Thumb Code    96  stm32f4xx_flash.o(.text)
    FLASH_ProgramByte                        0x08000ed5   Thumb Code    70  stm32f4xx_flash.o(.text)
    FLASH_OB_Unlock                          0x08000f1b   Thumb Code    26  stm32f4xx_flash.o(.text)
    FLASH_OB_Lock                            0x08000f35   Thumb Code    18  stm32f4xx_flash.o(.text)
    FLASH_OB_WRPConfig                       0x08000f47   Thumb Code    54  stm32f4xx_flash.o(.text)
    FLASH_OB_WRP1Config                      0x08000f7d   Thumb Code    54  stm32f4xx_flash.o(.text)
    FLASH_OB_PCROPSelectionConfig            0x08000fb3   Thumb Code    24  stm32f4xx_flash.o(.text)
    FLASH_OB_PCROPConfig                     0x08000fcb   Thumb Code    54  stm32f4xx_flash.o(.text)
    FLASH_OB_PCROP1Config                    0x08001001   Thumb Code    54  stm32f4xx_flash.o(.text)
    FLASH_OB_RDPConfig                       0x08001037   Thumb Code    24  stm32f4xx_flash.o(.text)
    FLASH_OB_UserConfig                      0x0800104f   Thumb Code    46  stm32f4xx_flash.o(.text)
    FLASH_OB_BootConfig                      0x0800107d   Thumb Code    26  stm32f4xx_flash.o(.text)
    FLASH_OB_BORConfig                       0x08001097   Thumb Code    26  stm32f4xx_flash.o(.text)
    FLASH_OB_Launch                          0x080010b1   Thumb Code    30  stm32f4xx_flash.o(.text)
    FLASH_OB_GetUser                         0x080010cf   Thumb Code    12  stm32f4xx_flash.o(.text)
    FLASH_OB_GetWRP                          0x080010db   Thumb Code     8  stm32f4xx_flash.o(.text)
    FLASH_OB_GetWRP1                         0x080010e3   Thumb Code     8  stm32f4xx_flash.o(.text)
    FLASH_OB_GetPCROP                        0x080010eb   Thumb Code     8  stm32f4xx_flash.o(.text)
    FLASH_OB_GetPCROP1                       0x080010f3   Thumb Code     8  stm32f4xx_flash.o(.text)
    FLASH_OB_GetRDP                          0x080010fb   Thumb Code    20  stm32f4xx_flash.o(.text)
    FLASH_OB_GetBOR                          0x0800110f   Thumb Code    12  stm32f4xx_flash.o(.text)
    FLASH_ITConfig                           0x0800111b   Thumb Code    26  stm32f4xx_flash.o(.text)
    FLASH_GetFlagStatus                      0x08001135   Thumb Code    22  stm32f4xx_flash.o(.text)
    FLASH_ClearFlag                          0x0800114b   Thumb Code     8  stm32f4xx_flash.o(.text)
    NVIC_PriorityGroupConfig                 0x08001161   Thumb Code    10  misc.o(.text)
    NVIC_Init                                0x0800116b   Thumb Code   106  misc.o(.text)
    NVIC_SetVectorTable                      0x080011d5   Thumb Code    14  misc.o(.text)
    NVIC_SystemLPConfig                      0x080011e3   Thumb Code    34  misc.o(.text)
    SysTick_CLKSourceConfig                  0x08001205   Thumb Code    40  misc.o(.text)
    SPI_I2S_DeInit                           0x08001241   Thumb Code   152  stm32f4xx_spi.o(.text)
    SPI_Init                                 0x080012d9   Thumb Code    60  stm32f4xx_spi.o(.text)
    I2S_Init                                 0x08001315   Thumb Code   396  stm32f4xx_spi.o(.text)
    SPI_StructInit                           0x080014a1   Thumb Code    24  stm32f4xx_spi.o(.text)
    I2S_StructInit                           0x080014b9   Thumb Code    20  stm32f4xx_spi.o(.text)
    SPI_Cmd                                  0x080014cd   Thumb Code    24  stm32f4xx_spi.o(.text)
    I2S_Cmd                                  0x080014e5   Thumb Code    24  stm32f4xx_spi.o(.text)
    SPI_DataSizeConfig                       0x080014fd   Thumb Code    18  stm32f4xx_spi.o(.text)
    SPI_BiDirectionalLineConfig              0x0800150f   Thumb Code    28  stm32f4xx_spi.o(.text)
    SPI_NSSInternalSoftwareConfig            0x0800152b   Thumb Code    30  stm32f4xx_spi.o(.text)
    SPI_SSOutputCmd                          0x08001549   Thumb Code    24  stm32f4xx_spi.o(.text)
    SPI_TIModeCmd                            0x08001561   Thumb Code    24  stm32f4xx_spi.o(.text)
    I2S_FullDuplexConfig                     0x08001579   Thumb Code    80  stm32f4xx_spi.o(.text)
    SPI_I2S_ReceiveData                      0x080015c9   Thumb Code     6  stm32f4xx_spi.o(.text)
    SPI_I2S_SendData                         0x080015cf   Thumb Code     4  stm32f4xx_spi.o(.text)
    SPI_CalculateCRC                         0x080015d3   Thumb Code    24  stm32f4xx_spi.o(.text)
    SPI_TransmitCRC                          0x080015eb   Thumb Code    10  stm32f4xx_spi.o(.text)
    SPI_GetCRC                               0x080015f5   Thumb Code    16  stm32f4xx_spi.o(.text)
    SPI_GetCRCPolynomial                     0x08001605   Thumb Code     6  stm32f4xx_spi.o(.text)
    SPI_I2S_DMACmd                           0x0800160b   Thumb Code    18  stm32f4xx_spi.o(.text)
    SPI_I2S_ITConfig                         0x0800161d   Thumb Code    68  stm32f4xx_spi.o(.text)
    SPI_I2S_GetFlagStatus                    0x08001661   Thumb Code    18  stm32f4xx_spi.o(.text)
    SPI_I2S_ClearFlag                        0x08001673   Thumb Code     6  stm32f4xx_spi.o(.text)
    SPI_I2S_GetITStatus                      0x08001679   Thumb Code    52  stm32f4xx_spi.o(.text)
    SPI_I2S_ClearITPendingBit                0x080016ad   Thumb Code    20  stm32f4xx_spi.o(.text)
    EXTI_DeInit                              0x080016c1   Thumb Code    28  stm32f4xx_exti.o(.text)
    EXTI_Init                                0x080016dd   Thumb Code   142  stm32f4xx_exti.o(.text)
    EXTI_StructInit                          0x0800176b   Thumb Code    16  stm32f4xx_exti.o(.text)
    EXTI_GenerateSWInterrupt                 0x0800177b   Thumb Code    16  stm32f4xx_exti.o(.text)
    EXTI_GetFlagStatus                       0x0800178b   Thumb Code    22  stm32f4xx_exti.o(.text)
    EXTI_ClearFlag                           0x080017a1   Thumb Code     8  stm32f4xx_exti.o(.text)
    EXTI_GetITStatus                         0x080017a9   Thumb Code    22  stm32f4xx_exti.o(.text)
    EXTI_ClearITPendingBit                   0x080017bf   Thumb Code     8  stm32f4xx_exti.o(.text)
    SYSCFG_DeInit                            0x080017d1   Thumb Code    22  stm32f4xx_syscfg.o(.text)
    SYSCFG_MemoryRemapConfig                 0x080017e7   Thumb Code     6  stm32f4xx_syscfg.o(.text)
    SYSCFG_MemorySwappingBank                0x080017ed   Thumb Code     6  stm32f4xx_syscfg.o(.text)
    SYSCFG_EXTILineConfig                    0x080017f3   Thumb Code    66  stm32f4xx_syscfg.o(.text)
    SYSCFG_ETH_MediaInterfaceConfig          0x08001835   Thumb Code     8  stm32f4xx_syscfg.o(.text)
    SYSCFG_CompensationCellCmd               0x0800183d   Thumb Code     6  stm32f4xx_syscfg.o(.text)
    SYSCFG_GetCompensationCellStatus         0x08001843   Thumb Code    22  stm32f4xx_syscfg.o(.text)
    USART_DeInit                             0x08001865   Thumb Code   206  stm32f4xx_usart.o(.text)
    USART_Init                               0x08001933   Thumb Code   204  stm32f4xx_usart.o(.text)
    USART_StructInit                         0x080019ff   Thumb Code    24  stm32f4xx_usart.o(.text)
    USART_ClockInit                          0x08001a17   Thumb Code    32  stm32f4xx_usart.o(.text)
    USART_ClockStructInit                    0x08001a37   Thumb Code    12  stm32f4xx_usart.o(.text)
    USART_Cmd                                0x08001a43   Thumb Code    24  stm32f4xx_usart.o(.text)
    USART_SetPrescaler                       0x08001a5b   Thumb Code    16  stm32f4xx_usart.o(.text)
    USART_OverSampling8Cmd                   0x08001a6b   Thumb Code    22  stm32f4xx_usart.o(.text)
    USART_OneBitMethodCmd                    0x08001a81   Thumb Code    24  stm32f4xx_usart.o(.text)
    USART_SendData                           0x08001a99   Thumb Code     8  stm32f4xx_usart.o(.text)
    USART_ReceiveData                        0x08001aa1   Thumb Code    10  stm32f4xx_usart.o(.text)
    USART_SetAddress                         0x08001aab   Thumb Code    18  stm32f4xx_usart.o(.text)
    USART_ReceiverWakeUpCmd                  0x08001abd   Thumb Code    24  stm32f4xx_usart.o(.text)
    USART_WakeUpConfig                       0x08001ad5   Thumb Code    18  stm32f4xx_usart.o(.text)
    USART_LINBreakDetectLengthConfig         0x08001ae7   Thumb Code    18  stm32f4xx_usart.o(.text)
    USART_LINCmd                             0x08001af9   Thumb Code    24  stm32f4xx_usart.o(.text)
    USART_SendBreak                          0x08001b11   Thumb Code    10  stm32f4xx_usart.o(.text)
    USART_HalfDuplexCmd                      0x08001b1b   Thumb Code    24  stm32f4xx_usart.o(.text)
    USART_SetGuardTime                       0x08001b33   Thumb Code    16  stm32f4xx_usart.o(.text)
    USART_SmartCardCmd                       0x08001b43   Thumb Code    24  stm32f4xx_usart.o(.text)
    USART_SmartCardNACKCmd                   0x08001b5b   Thumb Code    24  stm32f4xx_usart.o(.text)
    USART_IrDAConfig                         0x08001b73   Thumb Code    18  stm32f4xx_usart.o(.text)
    USART_IrDACmd                            0x08001b85   Thumb Code    24  stm32f4xx_usart.o(.text)
    USART_DMACmd                             0x08001b9d   Thumb Code    18  stm32f4xx_usart.o(.text)
    USART_ITConfig                           0x08001baf   Thumb Code    74  stm32f4xx_usart.o(.text)
    USART_GetFlagStatus                      0x08001bf9   Thumb Code    26  stm32f4xx_usart.o(.text)
    USART_ClearFlag                          0x08001c13   Thumb Code    18  stm32f4xx_usart.o(.text)
    USART_GetITStatus                        0x08001c25   Thumb Code   118  stm32f4xx_usart.o(.text)
    USART_ClearITPendingBit                  0x08001c9b   Thumb Code    30  stm32f4xx_usart.o(.text)
    Receptor_Communication                   0x08001d15   Thumb Code   940  main.o(.text)
    main                                     0x080020c1   Thumb Code   220  main.o(.text)
    decamutexon                              0x0800219d   Thumb Code    34  deca_mutex.o(.text)
    decamutexoff                             0x080021bf   Thumb Code    28  deca_mutex.o(.text)
    deca_sleep                               0x080021e1   Thumb Code    24  deca_sleep.o(.text)
    openspi                                  0x080021f9   Thumb Code     4  deca_spi.o(.text)
    closespi                                 0x080021fd   Thumb Code    28  deca_spi.o(.text)
    writetospi_serial                        0x08002219   Thumb Code   130  deca_spi.o(.text)
    readfromspi_serial                       0x0800229b   Thumb Code   132  deca_spi.o(.text)
    portGetTickCnt                           0x08002349   Thumb Code     6  port.o(.text)
    No_Configuration                         0x0800234f   Thumb Code     6  port.o(.text)
    SysTick_Configuration                    0x08002355   Thumb Code    82  port.o(.text)
    NVIC_Configuration                       0x080023a7   Thumb Code   120  port.o(.text)
    RCC_Configuration                        0x0800241f   Thumb Code   148  port.o(.text)
    GPIO_Configuration                       0x080024b3   Thumb Code    86  port.o(.text)
    EXTI_GetITEnStatus                       0x08002509   Thumb Code    24  port.o(.text)
    SPI_DW1000_ChangeRate                    0x08002521   Thumb Code    22  port.o(.text)
    spi_DW1000_set_rate_low                  0x08002537   Thumb Code    10  port.o(.text)
    spi_DW1000_set_rate_high                 0x08002541   Thumb Code    10  port.o(.text)
    SPI_DW1000_ConfigFastRate                0x0800254b   Thumb Code    84  port.o(.text)
    SPI3_DW1000_Configuration                0x0800259f   Thumb Code   192  port.o(.text)
    reset_DW1000                             0x0800265f   Thumb Code    70  port.o(.text)
    USART6_SENDING_DATA_Configration         0x080026a5   Thumb Code    72  port.o(.text)
    Delay                                    0x080026ed   Thumb Code    20  port.o(.text)
    TimingDelay_Decrement                    0x08002701   Thumb Code     2  port.o(.text)
    peripherals_init                         0x08002745   Thumb Code    32  port.o(.text)
    NMI_Handler                              0x08002765   Thumb Code     2  stm32f4xx_it.o(.text)
    HardFault_Handler                        0x08002767   Thumb Code     4  stm32f4xx_it.o(.text)
    MemManage_Handler                        0x0800276b   Thumb Code     4  stm32f4xx_it.o(.text)
    BusFault_Handler                         0x0800276f   Thumb Code     4  stm32f4xx_it.o(.text)
    UsageFault_Handler                       0x08002773   Thumb Code     4  stm32f4xx_it.o(.text)
    SVC_Handler                              0x08002777   Thumb Code     2  stm32f4xx_it.o(.text)
    DebugMon_Handler                         0x08002779   Thumb Code     2  stm32f4xx_it.o(.text)
    PendSV_Handler                           0x0800277b   Thumb Code     2  stm32f4xx_it.o(.text)
    SysTick_Handler                          0x0800277d   Thumb Code    40  stm32f4xx_it.o(.text)
    USART6_IRQHandler                        0x080027a5   Thumb Code    14  stm32f4xx_it.o(.text)
    SystemInit                               0x08002899   Thumb Code    88  system_stm32f4xx.o(.text)
    SystemCoreClockUpdate                    0x080028f1   Thumb Code   174  system_stm32f4xx.o(.text)
    dwt_readfromdevice                       0x080029cd   Thumb Code   100  deca_device.o(.text)
    dwt_read32bitoffsetreg                   0x08002a31   Thumb Code    56  deca_device.o(.text)
    dwt_writetodevice                        0x08002a69   Thumb Code   104  deca_device.o(.text)
    _dwt_enableclocks                        0x08002ad1   Thumb Code   228  deca_device.o(.text)
    dwt_write16bitoffsetreg                  0x08002bb5   Thumb Code    38  deca_device.o(.text)
    dwt_read16bitoffsetreg                   0x08002bdb   Thumb Code    44  deca_device.o(.text)
    _dwt_loaducodefromrom                    0x08002c07   Thumb Code    52  deca_device.o(.text)
    dwt_xtaltrim                             0x08002c3b   Thumb Code    52  deca_device.o(.text)
    _dwt_otpread                             0x08002c6f   Thumb Code    78  deca_device.o(.text)
    dwt_readdevid                            0x08002cbd   Thumb Code    12  deca_device.o(.text)
    dwt_initialise                           0x08002cc9   Thumb Code   260  deca_device.o(.text)
    dwt_otprevision                          0x08002dcd   Thumb Code     6  deca_device.o(.text)
    dwt_setGPIOforEXTTRX                     0x08002dd3   Thumb Code    40  deca_device.o(.text)
    dwt_setGPIOdirection                     0x08002dfb   Thumb Code    42  deca_device.o(.text)
    dwt_setGPIOvalue                         0x08002e25   Thumb Code    42  deca_device.o(.text)
    dwt_getpartid                            0x08002e4f   Thumb Code     6  deca_device.o(.text)
    dwt_getlotid                             0x08002e55   Thumb Code     6  deca_device.o(.text)
    dwt_write32bitoffsetreg                  0x08002e5b   Thumb Code    48  deca_device.o(.text)
    dwt_configuretxrf                        0x08002e8b   Thumb Code    28  deca_device.o(.text)
    _dwt_configlde                           0x08002ea7   Thumb Code    56  deca_device.o(.text)
    dwt_configure                            0x08002edf   Thumb Code   590  deca_device.o(.text)
    dwt_setrxantennadelay                    0x0800312d   Thumb Code    18  deca_device.o(.text)
    dwt_settxantennadelay                    0x0800313f   Thumb Code    16  deca_device.o(.text)
    dwt_writetxdata                          0x0800314f   Thumb Code    38  deca_device.o(.text)
    dwt_writetxfctrl                         0x08003175   Thumb Code    30  deca_device.o(.text)
    dwt_readrxdata                           0x08003193   Thumb Code    22  deca_device.o(.text)
    dwt_readaccdata                          0x080031a9   Thumb Code    34  deca_device.o(.text)
    dwt_readdiagnostics                      0x080031cb   Thumb Code    60  deca_device.o(.text)
    dwt_readtxtimestamp                      0x08003207   Thumb Code    18  deca_device.o(.text)
    dwt_readtxtimestamphi32                  0x08003219   Thumb Code    12  deca_device.o(.text)
    dwt_readtxtimestamplo32                  0x08003225   Thumb Code    12  deca_device.o(.text)
    dwt_readrxtimestamp                      0x08003231   Thumb Code    18  deca_device.o(.text)
    dwt_readrxtimestamphi32                  0x08003243   Thumb Code    12  deca_device.o(.text)
    dwt_readrxtimestamplo32                  0x0800324f   Thumb Code    12  deca_device.o(.text)
    dwt_readsystimestamphi32                 0x0800325b   Thumb Code    12  deca_device.o(.text)
    dwt_readsystime                          0x08003267   Thumb Code    18  deca_device.o(.text)
    dwt_enableframefilter                    0x08003279   Thumb Code    54  deca_device.o(.text)
    dwt_setpanid                             0x080032af   Thumb Code    16  deca_device.o(.text)
    dwt_setaddress16                         0x080032bf   Thumb Code    16  deca_device.o(.text)
    dwt_seteui                               0x080032cf   Thumb Code    18  deca_device.o(.text)
    dwt_geteui                               0x080032e1   Thumb Code    18  deca_device.o(.text)
    dwt_otpread                              0x080032f3   Thumb Code    46  deca_device.o(.text)
    _dwt_otpsetmrregs                        0x08003321   Thumb Code   592  deca_device.o(.text)
    _dwt_otpprogword32                       0x08003571   Thumb Code   176  deca_device.o(.text)
    dwt_otpwriteandverify                    0x08003621   Thumb Code    90  deca_device.o(.text)
    _dwt_aonconfigupload                     0x0800367b   Thumb Code    36  deca_device.o(.text)
    _dwt_aonarrayupload                      0x0800369f   Thumb Code    36  deca_device.o(.text)
    dwt_entersleep                           0x080036c3   Thumb Code     8  deca_device.o(.text)
    dwt_configuresleepcnt                    0x080036cb   Thumb Code   132  deca_device.o(.text)
    dwt_calibratesleepcnt                    0x0800374f   Thumb Code   260  deca_device.o(.text)
    dwt_configuresleep                       0x08003853   Thumb Code    38  deca_device.o(.text)
    dwt_entersleepaftertx                    0x08003879   Thumb Code    38  deca_device.o(.text)
    dwt_spicswakeup                          0x0800389f   Thumb Code    58  deca_device.o(.text)
    dwt_loadopsettabfromotp                  0x080038d9   Thumb Code    56  deca_device.o(.text)
    dwt_setsmarttxpower                      0x08003911   Thumb Code    56  deca_device.o(.text)
    dwt_enableautoack                        0x08003949   Thumb Code    40  deca_device.o(.text)
    dwt_setdblrxbuffmode                     0x08003971   Thumb Code    54  deca_device.o(.text)
    dwt_setautorxreenable                    0x080039a7   Thumb Code    58  deca_device.o(.text)
    dwt_setrxaftertxdelay                    0x080039e1   Thumb Code    36  deca_device.o(.text)
    dwt_setcallbacks                         0x08003a05   Thumb Code     8  deca_device.o(.text)
    dwt_checkIRQ                             0x08003a0d   Thumb Code    24  deca_device.o(.text)
    dwt_rxreset                              0x08003a25   Thumb Code    36  deca_device.o(.text)
    dwt_syncrxbufptrs                        0x08003a49   Thumb Code    56  deca_device.o(.text)
    dwt_forcetrxoff                          0x08003a81   Thumb Code    84  deca_device.o(.text)
    dwt_checkoverrun                         0x08003ad5   Thumb Code    16  deca_device.o(.text)
    dwt_isr                                  0x08003ae5   Thumb Code   836  deca_device.o(.text)
    dwt_setleds                              0x08003e29   Thumb Code   210  deca_device.o(.text)
    _dwt_disablesequencing                   0x08003efb   Thumb Code    20  deca_device.o(.text)
    dwt_setdelayedtrxtime                    0x08003f0f   Thumb Code    16  deca_device.o(.text)
    dwt_starttx                              0x08003f1f   Thumb Code   150  deca_device.o(.text)
    dwt_setrxmode                            0x08003fb5   Thumb Code    54  deca_device.o(.text)
    dwt_rxenable                             0x08003feb   Thumb Code    84  deca_device.o(.text)
    dwt_setrxtimeout                         0x0800403f   Thumb Code   112  deca_device.o(.text)
    dwt_setpreambledetecttimeout             0x080040af   Thumb Code    16  deca_device.o(.text)
    dwt_setinterrupt                         0x080040bf   Thumb Code    52  deca_device.o(.text)
    dwt_configeventcounters                  0x080040f3   Thumb Code    44  deca_device.o(.text)
    dwt_readeventcounters                    0x0800411f   Thumb Code   138  deca_device.o(.text)
    dwt_softreset                            0x080041a9   Thumb Code   108  deca_device.o(.text)
    dwt_configcwmode                         0x08004215   Thumb Code   132  deca_device.o(.text)
    dwt_configcontinuousframemode            0x08004299   Thumb Code    78  deca_device.o(.text)
    dwt_readtempvbat                         0x080042e7   Thumb Code   174  deca_device.o(.text)
    dwt_readwakeuptemp                       0x08004395   Thumb Code    20  deca_device.o(.text)
    dwt_readwakeupvbat                       0x080043a9   Thumb Code    20  deca_device.o(.text)
    __use_two_region_memory                  0x080043d1   Thumb Code     2  heapauxi.o(.text)
    __rt_heap_escrow$2region                 0x080043d3   Thumb Code     2  heapauxi.o(.text)
    __rt_heap_expand$2region                 0x080043d5   Thumb Code     2  heapauxi.o(.text)
    __user_setup_stackheap                   0x080043d7   Thumb Code    74  sys_stackheap_outer.o(.text)
    exit                                     0x08004421   Thumb Code    12  exit.o(.text)
    __user_libspace                          0x0800442d   Thumb Code     8  libspace.o(.text)
    __user_perproc_libspace                  0x0800442d   Thumb Code     0  libspace.o(.text)
    __user_perthread_libspace                0x0800442d   Thumb Code     0  libspace.o(.text)
    _sys_exit                                0x08004435   Thumb Code     8  sys_exit.o(.text)
    __I$use$semihosting                      0x08004441   Thumb Code     0  use_no_semi.o(.text)
    __use_no_semihosting_swi                 0x08004441   Thumb Code     2  use_no_semi.o(.text)
    __aeabi_dneg                             0x08004443   Thumb Code     0  basic.o(x$fpl$basic)
    __semihosting_library_function           0x08004443   Thumb Code     0  indicate_semi.o(.text)
    _dneg                                    0x08004443   Thumb Code     6  basic.o(x$fpl$basic)
    __aeabi_fneg                             0x08004449   Thumb Code     0  basic.o(x$fpl$basic)
    _fneg                                    0x08004449   Thumb Code     6  basic.o(x$fpl$basic)
    _dabs                                    0x0800444f   Thumb Code     6  basic.o(x$fpl$basic)
    _fabs                                    0x08004455   Thumb Code     6  basic.o(x$fpl$basic)
    __aeabi_dadd                             0x0800445d   Thumb Code     0  daddsub_clz.o(x$fpl$dadd)
    _dadd                                    0x0800445d   Thumb Code   332  daddsub_clz.o(x$fpl$dadd)
    __fpl_dcmp_Inf                           0x080045ad   Thumb Code    24  dcmpi.o(x$fpl$dcmpinf)
    __aeabi_ddiv                             0x080045c5   Thumb Code     0  ddiv.o(x$fpl$ddiv)
    _ddiv                                    0x080045c5   Thumb Code   552  ddiv.o(x$fpl$ddiv)
    __aeabi_d2uiz                            0x08004875   Thumb Code     0  dfixu.o(x$fpl$dfixu)
    _dfixu                                   0x08004875   Thumb Code    90  dfixu.o(x$fpl$dfixu)
    __aeabi_l2d                              0x080048d1   Thumb Code     0  dfltll_clz.o(x$fpl$dfltll)
    _ll_sto_d                                0x080048d1   Thumb Code   162  dfltll_clz.o(x$fpl$dfltll)
    __aeabi_ui2d                             0x08004973   Thumb Code     0  dflt_clz.o(x$fpl$dfltu)
    _dfltu                                   0x08004973   Thumb Code    38  dflt_clz.o(x$fpl$dfltu)
    __aeabi_ul2d                             0x08004999   Thumb Code     0  dfltll_clz.o(x$fpl$dfltull)
    _ll_uto_d                                0x08004999   Thumb Code   138  dfltll_clz.o(x$fpl$dfltull)
    __aeabi_cdcmple                          0x08004a25   Thumb Code     0  dleqf.o(x$fpl$dleqf)
    _dcmple                                  0x08004a25   Thumb Code   120  dleqf.o(x$fpl$dleqf)
    __fpl_dcmple_InfNaN                      0x08004a87   Thumb Code     0  dleqf.o(x$fpl$dleqf)
    __aeabi_dmul                             0x08004a9d   Thumb Code     0  dmul.o(x$fpl$dmul)
    _dmul                                    0x08004a9d   Thumb Code   332  dmul.o(x$fpl$dmul)
    __fpl_dnaninf                            0x08004bf1   Thumb Code   156  dnaninf.o(x$fpl$dnaninf)
    __fpl_dretinf                            0x08004c8d   Thumb Code    12  dretinf.o(x$fpl$dretinf)
    __aeabi_cdrcmple                         0x08004c99   Thumb Code     0  drleqf.o(x$fpl$drleqf)
    _drcmple                                 0x08004c99   Thumb Code   108  drleqf.o(x$fpl$drleqf)
    __aeabi_dsub                             0x08004d05   Thumb Code     0  daddsub_clz.o(x$fpl$dsub)
    _dsub                                    0x08004d05   Thumb Code   464  daddsub_clz.o(x$fpl$dsub)
    _fp_init                                 0x08004ed9   Thumb Code    10  fpinit.o(x$fpl$fpinit)
    __fplib_config_fpu_vfp                   0x08004ee1   Thumb Code     0  fpinit.o(x$fpl$fpinit)
    __fplib_config_pureend_doubles           0x08004ee1   Thumb Code     0  fpinit.o(x$fpl$fpinit)
    __aeabi_d2lz                             0x08004ee5   Thumb Code     0  dfixll.o(x$fpl$llsfromd)
    _ll_sfrom_d                              0x08004ee5   Thumb Code   194  dfixll.o(x$fpl$llsfromd)
    __I$use$fp                               0x08004fa6   Number         0  usenofp.o(x$fpl$usenofp)
    chan_idx                                 0x08004fa8   Data           8  deca_params_init.o(.constdata)
    tx_config                                0x08004fb0   Data          24  deca_params_init.o(.constdata)
    pll2_config                              0x08004fc8   Data          30  deca_params_init.o(.constdata)
    rx_config                                0x08004fe6   Data           2  deca_params_init.o(.constdata)
    agc_config                               0x08004fe8   Data           8  deca_params_init.o(.constdata)
    dwnsSFDlen                               0x08004ff0   Data           3  deca_params_init.o(.constdata)
    sftsh                                    0x08004ff4   Data          12  deca_params_init.o(.constdata)
    dtune1                                   0x08005000   Data           4  deca_params_init.o(.constdata)
    digital_bb_config                        0x08005004   Data          32  deca_params_init.o(.constdata)
    lde_replicaCoeff                         0x08005024   Data          50  deca_params_init.o(.constdata)
    Region$$Table$$Base                      0x08005058   Number         0  anon$$obj.o(Region$$Table)
    Region$$Table$$Limit                     0x08005078   Number         0  anon$$obj.o(Region$$Table)
    time32_incr                              0x2000009c   Data           4  stm32f4xx_it.o(.data)
    uwTimingDelay                            0x200000a0   Data           4  stm32f4xx_it.o(.data)
    SystemCoreClock                          0x200000a4   Data           4  system_stm32f4xx.o(.data)
    AHBPrescTable                            0x200000a8   Data          16  system_stm32f4xx.o(.data)
    __libspace_start                         0x20000108   Data          96  libspace.o(.bss)
    __temporary_stack_top$libspace           0x20000168   Data           0  libspace.o(.bss)



==============================================================================

Memory Map of the image

  Image Entry point : 0x08000195

  Load Region LR_IROM1 (Base: 0x08000000, Size: 0x00005130, Max: 0x00040000, ABSOLUTE)

    Execution Region ER_IROM1 (Base: 0x08000000, Size: 0x00005078, Max: 0x00040000, ABSOLUTE)

    Base Addr    Size         Type   Attr      Idx    E Section Name        Object

    0x08000000   0x00000194   Data   RO            3    RESET               startup_stm32f401xx.o
    0x08000194   0x00000008   Code   RO          574  * !!!main             c_w.l(__main.o)
    0x0800019c   0x00000034   Code   RO          781    !!!scatter          c_w.l(__scatter.o)
    0x080001d0   0x0000001a   Code   RO          783    !!handler_copy      c_w.l(__scatter_copy.o)
    0x080001ea   0x00000002   PAD
    0x080001ec   0x0000001c   Code   RO          785    !!handler_zi        c_w.l(__scatter_zi.o)
    0x08000208   0x00000002   Code   RO          652    .ARM.Collect$$libinit$$00000000  c_w.l(libinit.o)
    0x0800020a   0x00000004   Code   RO          658    .ARM.Collect$$libinit$$00000001  c_w.l(libinit2.o)
    0x0800020e   0x00000000   Code   RO          661    .ARM.Collect$$libinit$$00000004  c_w.l(libinit2.o)
    0x0800020e   0x00000000   Code   RO          664    .ARM.Collect$$libinit$$0000000A  c_w.l(libinit2.o)
    0x0800020e   0x00000000   Code   RO          666    .ARM.Collect$$libinit$$0000000C  c_w.l(libinit2.o)
    0x0800020e   0x00000000   Code   RO          668    .ARM.Collect$$libinit$$0000000E  c_w.l(libinit2.o)
    0x0800020e   0x00000000   Code   RO          671    .ARM.Collect$$libinit$$00000011  c_w.l(libinit2.o)
    0x0800020e   0x00000000   Code   RO          673    .ARM.Collect$$libinit$$00000013  c_w.l(libinit2.o)
    0x0800020e   0x00000000   Code   RO          675    .ARM.Collect$$libinit$$00000015  c_w.l(libinit2.o)
    0x0800020e   0x00000000   Code   RO          677    .ARM.Collect$$libinit$$00000017  c_w.l(libinit2.o)
    0x0800020e   0x00000000   Code   RO          679    .ARM.Collect$$libinit$$00000019  c_w.l(libinit2.o)
    0x0800020e   0x00000000   Code   RO          681    .ARM.Collect$$libinit$$0000001B  c_w.l(libinit2.o)
    0x0800020e   0x00000000   Code   RO          683    .ARM.Collect$$libinit$$0000001D  c_w.l(libinit2.o)
    0x0800020e   0x00000000   Code   RO          685    .ARM.Collect$$libinit$$0000001F  c_w.l(libinit2.o)
    0x0800020e   0x00000000   Code   RO          687    .ARM.Collect$$libinit$$00000021  c_w.l(libinit2.o)
    0x0800020e   0x00000000   Code   RO          689    .ARM.Collect$$libinit$$00000023  c_w.l(libinit2.o)
    0x0800020e   0x00000000   Code   RO          691    .ARM.Collect$$libinit$$00000025  c_w.l(libinit2.o)
    0x0800020e   0x00000000   Code   RO          695    .ARM.Collect$$libinit$$0000002C  c_w.l(libinit2.o)
    0x0800020e   0x00000000   Code   RO          697    .ARM.Collect$$libinit$$0000002E  c_w.l(libinit2.o)
    0x0800020e   0x00000000   Code   RO          699    .ARM.Collect$$libinit$$00000030  c_w.l(libinit2.o)
    0x0800020e   0x00000000   Code   RO          701    .ARM.Collect$$libinit$$00000032  c_w.l(libinit2.o)
    0x0800020e   0x00000002   Code   RO          702    .ARM.Collect$$libinit$$00000033  c_w.l(libinit2.o)
    0x08000210   0x00000002   Code   RO          722    .ARM.Collect$$libshutdown$$00000000  c_w.l(libshutdown.o)
    0x08000212   0x00000000   Code   RO          736    .ARM.Collect$$libshutdown$$00000003  c_w.l(libshutdown2.o)
    0x08000212   0x00000000   Code   RO          739    .ARM.Collect$$libshutdown$$00000006  c_w.l(libshutdown2.o)
    0x08000212   0x00000000   Code   RO          742    .ARM.Collect$$libshutdown$$00000009  c_w.l(libshutdown2.o)
    0x08000212   0x00000000   Code   RO          744    .ARM.Collect$$libshutdown$$0000000B  c_w.l(libshutdown2.o)
    0x08000212   0x00000000   Code   RO          747    .ARM.Collect$$libshutdown$$0000000E  c_w.l(libshutdown2.o)
    0x08000212   0x00000002   Code   RO          748    .ARM.Collect$$libshutdown$$0000000F  c_w.l(libshutdown2.o)
    0x08000214   0x00000000   Code   RO          616    .ARM.Collect$$rtentry$$00000000  c_w.l(__rtentry.o)
    0x08000214   0x00000000   Code   RO          627    .ARM.Collect$$rtentry$$00000002  c_w.l(__rtentry2.o)
    0x08000214   0x00000006   Code   RO          639    .ARM.Collect$$rtentry$$00000004  c_w.l(__rtentry4.o)
    0x0800021a   0x00000000   Code   RO          629    .ARM.Collect$$rtentry$$00000009  c_w.l(__rtentry2.o)
    0x0800021a   0x00000004   Code   RO          630    .ARM.Collect$$rtentry$$0000000A  c_w.l(__rtentry2.o)
    0x0800021e   0x00000000   Code   RO          632    .ARM.Collect$$rtentry$$0000000C  c_w.l(__rtentry2.o)
    0x0800021e   0x00000008   Code   RO          633    .ARM.Collect$$rtentry$$0000000D  c_w.l(__rtentry2.o)
    0x08000226   0x00000002   Code   RO          656    .ARM.Collect$$rtexit$$00000000  c_w.l(rtexit.o)
    0x08000228   0x00000000   Code   RO          704    .ARM.Collect$$rtexit$$00000002  c_w.l(rtexit2.o)
    0x08000228   0x00000004   Code   RO          705    .ARM.Collect$$rtexit$$00000003  c_w.l(rtexit2.o)
    0x0800022c   0x00000006   Code   RO          706    .ARM.Collect$$rtexit$$00000004  c_w.l(rtexit2.o)
    0x08000232   0x00000002   PAD
    0x08000234   0x00000040   Code   RO            4    .text               startup_stm32f401xx.o
    0x08000274   0x00000294   Code   RO           12    .text               stm32f4xx_gpio.o
    0x08000508   0x000005c4   Code   RO          116    .text               stm32f4xx_rcc.o
    0x08000acc   0x00000694   Code   RO          158    .text               stm32f4xx_flash.o
    0x08001160   0x000000e0   Code   RO          178    .text               misc.o
    0x08001240   0x00000480   Code   RO          198    .text               stm32f4xx_spi.o
    0x080016c0   0x00000110   Code   RO          218    .text               stm32f4xx_exti.o
    0x080017d0   0x00000094   Code   RO          258    .text               stm32f4xx_syscfg.o
    0x08001864   0x00000454   Code   RO          278    .text               stm32f4xx_usart.o
    0x08001cb8   0x000004e4   Code   RO          298    .text               main.o
    0x0800219c   0x00000044   Code   RO          347    .text               deca_mutex.o
    0x080021e0   0x00000018   Code   RO          371    .text               deca_sleep.o
    0x080021f8   0x00000130   Code   RO          391    .text               deca_spi.o
    0x08002328   0x0000043c   Code   RO          423    .text               port.o
    0x08002764   0x0000005c   Code   RO          448    .text               stm32f4xx_it.o
    0x080027c0   0x0000020c   Code   RO          477    .text               system_stm32f4xx.o
    0x080029cc   0x00001a04   Code   RO          503    .text               deca_device.o
    0x080043d0   0x00000006   Code   RO          572    .text               c_w.l(heapauxi.o)
    0x080043d6   0x0000004a   Code   RO          643    .text               c_w.l(sys_stackheap_outer.o)
    0x08004420   0x0000000c   Code   RO          645    .text               c_w.l(exit.o)
    0x0800442c   0x00000008   Code   RO          653    .text               c_w.l(libspace.o)
    0x08004434   0x0000000c   Code   RO          714    .text               c_w.l(sys_exit.o)
    0x08004440   0x00000002   Code   RO          725    .text               c_w.l(use_no_semi.o)
    0x08004442   0x00000000   Code   RO          727    .text               c_w.l(indicate_semi.o)
    0x08004442   0x00000018   Code   RO          576    x$fpl$basic         fz_wm.l(basic.o)
    0x0800445a   0x00000002   PAD
    0x0800445c   0x00000150   Code   RO          578    x$fpl$dadd          fz_wm.l(daddsub_clz.o)
    0x080045ac   0x00000018   Code   RO          641    x$fpl$dcmpinf       fz_wm.l(dcmpi.o)
    0x080045c4   0x000002b0   Code   RO          585    x$fpl$ddiv          fz_wm.l(ddiv.o)
    0x08004874   0x0000005a   Code   RO          596    x$fpl$dfixu         fz_wm.l(dfixu.o)
    0x080048ce   0x00000002   PAD
    0x080048d0   0x000000a2   Code   RO          606    x$fpl$dfltll        fz_wm.l(dfltll_clz.o)
    0x08004972   0x00000026   Code   RO          600    x$fpl$dfltu         fz_wm.l(dflt_clz.o)
    0x08004998   0x0000008a   Code   RO          607    x$fpl$dfltull       fz_wm.l(dfltll_clz.o)
    0x08004a22   0x00000002   PAD
    0x08004a24   0x00000078   Code   RO          617    x$fpl$dleqf         fz_wm.l(dleqf.o)
    0x08004a9c   0x00000154   Code   RO          610    x$fpl$dmul          fz_wm.l(dmul.o)
    0x08004bf0   0x0000009c   Code   RO          619    x$fpl$dnaninf       fz_wm.l(dnaninf.o)
    0x08004c8c   0x0000000c   Code   RO          621    x$fpl$dretinf       fz_wm.l(dretinf.o)
    0x08004c98   0x0000006c   Code   RO          612    x$fpl$drleqf        fz_wm.l(drleqf.o)
    0x08004d04   0x000001d4   Code   RO          580    x$fpl$dsub          fz_wm.l(daddsub_clz.o)
    0x08004ed8   0x0000000a   Code   RO          712    x$fpl$fpinit        fz_wm.l(fpinit.o)
    0x08004ee2   0x00000002   PAD
    0x08004ee4   0x000000c2   Code   RO          592    x$fpl$llsfromd      fz_wm.l(dfixll.o)
    0x08004fa6   0x00000000   Code   RO          625    x$fpl$usenofp       fz_wm.l(usenofp.o)
    0x08004fa6   0x00000002   PAD
    0x08004fa8   0x000000ae   Data   RO          533    .constdata          deca_params_init.o
    0x08005056   0x00000002   PAD
    0x08005058   0x00000020   Data   RO          779    Region$$Table       anon$$obj.o


    Execution Region RW_IRAM1 (Base: 0x20000000, Size: 0x00000768, Max: 0x00010000, ABSOLUTE)

    Base Addr    Size         Type   Attr      Idx    E Section Name        Object

    0x20000000   0x00000010   Data   RW          117    .data               stm32f4xx_rcc.o
    0x20000010   0x0000008a   Data   RW          300    .data               main.o
    0x2000009a   0x00000002   PAD
    0x2000009c   0x00000008   Data   RW          449    .data               stm32f4xx_it.o
    0x200000a4   0x00000014   Data   RW          478    .data               system_stm32f4xx.o
    0x200000b8   0x00000011   Zero   RW          299    .bss                main.o
    0x200000c9   0x00000003   PAD
    0x200000cc   0x0000003c   Zero   RW          504    .bss                deca_device.o
    0x20000108   0x00000060   Zero   RW          654    .bss                c_w.l(libspace.o)
    0x20000168   0x00000200   Zero   RW            2    HEAP                startup_stm32f401xx.o
    0x20000368   0x00000400   Zero   RW            1    STACK               startup_stm32f401xx.o


==============================================================================

Image component sizes


      Code (inc. data)   RO Data    RW Data    ZI Data      Debug   Object Name

      6660        116          0          0         60      25985   deca_device.o
        68          6          0          0          0      27334   deca_mutex.o
         0          0        174          0          0       1813   deca_params_init.o
        24          0          0          0          0        597   deca_sleep.o
       304         10          0          0          0       5620   deca_spi.o
      1252        118          0        138         17       6126   main.o
       224         20          0          0          0       1965   misc.o
      1084         46          0          0          0      31978   port.o
        64         26        404          0       1536        864   startup_stm32f401xx.o
       272         10          0          0          0       2411   stm32f4xx_exti.o
      1684         28          0          0          0       9298   stm32f4xx_flash.o
       660         44          0          0          0     256897   stm32f4xx_gpio.o
        92         14          0          8          0       2256   stm32f4xx_it.o
      1476         54          0         16          0      12091   stm32f4xx_rcc.o
      1152         36          0          0          0       6989   stm32f4xx_spi.o
       148         12          0          0          0       1905   stm32f4xx_syscfg.o
      1108         34          0          0          0       7940   stm32f4xx_usart.o
       524         46          0         20          0       1919   system_stm32f4xx.o

    ----------------------------------------------------------------------
     16796        620        612        184       1616     403988   Object Totals
         0          0         32          0          0          0   (incl. Generated)
         0          0          2          2          3          0   (incl. Padding)

    ----------------------------------------------------------------------

      Code (inc. data)   RO Data    RW Data    ZI Data      Debug   Library Member Name

         8          0          0          0          0         68   __main.o
         0          0          0          0          0          0   __rtentry.o
        12          0          0          0          0          0   __rtentry2.o
         6          0          0          0          0          0   __rtentry4.o
        52          8          0          0          0          0   __scatter.o
        26          0          0          0          0          0   __scatter_copy.o
        28          0          0          0          0          0   __scatter_zi.o
        12          0          0          0          0         72   exit.o
         6          0          0          0          0        152   heapauxi.o
         0          0          0          0          0          0   indicate_semi.o
         2          0          0          0          0          0   libinit.o
         6          0          0          0          0          0   libinit2.o
         2          0          0          0          0          0   libshutdown.o
         2          0          0          0          0          0   libshutdown2.o
         8          4          0          0         96         68   libspace.o
         2          0          0          0          0          0   rtexit.o
        10          0          0          0          0          0   rtexit2.o
        12          4          0          0          0         68   sys_exit.o
        74          0          0          0          0         80   sys_stackheap_outer.o
         2          0          0          0          0         68   use_no_semi.o
        24          0          0          0          0        164   basic.o
       804         16          0          0          0        368   daddsub_clz.o
        24          0          0          0          0        116   dcmpi.o
       688        140          0          0          0        256   ddiv.o
       194          4          0          0          0        164   dfixll.o
        90          4          0          0          0        140   dfixu.o
        38          0          0          0          0        116   dflt_clz.o
       300          0          0          0          0        264   dfltll_clz.o
       120          4          0          0          0        140   dleqf.o
       340         12          0          0          0        152   dmul.o
       156          4          0          0          0        140   dnaninf.o
        12          0          0          0          0        116   dretinf.o
       108          0          0          0          0        128   drleqf.o
        10          0          0          0          0        116   fpinit.o
         0          0          0          0          0          0   usenofp.o

    ----------------------------------------------------------------------
      3192        200          0          0         96       2956   Library Totals
        14          0          0          0          0          0   (incl. Padding)

    ----------------------------------------------------------------------

      Code (inc. data)   RO Data    RW Data    ZI Data      Debug   Library Name

       270         16          0          0         96        576   c_w.l
      2908        184          0          0          0       2380   fz_wm.l

    ----------------------------------------------------------------------
      3192        200          0          0         96       2956   Library Totals

    ----------------------------------------------------------------------

==============================================================================


      Code (inc. data)   RO Data    RW Data    ZI Data      Debug   

     19988        820        612        184       1712     401088   Grand Totals
     19988        820        612        184       1712     401088   ELF Image Totals
     19988        820        612        184          0          0   ROM Totals

==============================================================================

    Total RO  Size (Code + RO Data)                20600 (  20.12kB)
    Total RW  Size (RW Data + ZI Data)              1896 (   1.85kB)
    Total ROM Size (Code + RO Data + RW Data)      20784 (  20.30kB)

==============================================================================

