<html>
<body>
<pre>
<h1>µVision Build Log</h1>
<h2>Tool Versions:</h2>
IDE-Version: ¦ÌVision V5.14.0.0
Copyright (C) 2015 ARM Ltd and ARM Germany GmbH. All rights reserved.
License Information: Hannah Zhang, Crazy Scientist, LIC=PE72Z-JIP89-YVE1Y-IE9CX-ZQP67-ZL0R9
 
Tool Versions:
Toolchain:       MDK-ARM Standard  Version: 5.14.0.0
Toolchain Path:  D:\Keil_v5\ARM\ARMCC\Bin
C Compiler:      Armcc.exe V5.05 update 1 (build 106)
Assembler:       Armasm.exe V5.05 update 1 (build 106)
Linker/Locator:  ArmLink.exe V5.05 update 1 (build 106)
Library Manager: ArmAr.exe V5.05 update 1 (build 106)
Hex Converter:   FromElf.exe V5.05 update 1 (build 106)
CPU DLL:         SARMCM3.DLL V5.14.0.0
Dialog DLL:      DCM.DLL V1.13.1.0
Target DLL:      STLink\ST-LINKIII-KEIL_SWO.dll V2.0.14.0_KEIL
Dialog DLL:      TCM.DLL V1.14.4.0
 
<h2>Project:</h2>
D:\Save\SaveHardwareC\32Study\Challenge\Codes\DW²â¾à\Project - b\project.uvproj
Project File Date:  02/21/2016

<h2>Output:</h2>
Rebuild target 'Target 1'
assembling startup_stm32f401xx.s...
compiling stm32f4xx_gpio.c...
compiling stm32f4xx_rcc.c...
compiling stm32f4xx_tim.c...
compiling stm32f4xx_flash.c...
compiling misc.c...
compiling stm32f4xx_spi.c...
compiling stm32f4xx_exti.c...
compiling stm32f4xx_rtc.c...
compiling stm32f4xx_syscfg.c...
compiling stm32f4xx_usart.c...
compiling main.c...
..\User - b\main.c(58): warning:  #550-D: variable "distance_cm" was set but never used
  static uint16_t distance_cm = 0;
..\User - b\main.c: 1 warning, 0 errors
compiling deca_mutex.c...
compiling deca_sleep.c...
compiling deca_spi.c...
compiling port.c...
compiling stm32f4xx_it.c...
compiling system_stm32f4xx.c...
compiling deca_device.c...
compiling deca_params_init.c...
compiling deca_range_tables.c...
linking...
Program Size: Code=19904 RO-data=612 RW-data=188 ZI-data=1692  
".\OutPuts\project - b.axf" - 0 Error(s), 1 Warning(s).
</pre>
</body>
</html>
