Component: ARM Compiler 5.05 update 1 (build 106) Tool: armlink [4d0efa]

==============================================================================

Section Cross References

    fis1100_driver.o(i.Fis1100_accelerometerFunctional) refers to fis1100_driver.o(i.Fis1100_enableSensors) for Fis1100_enableSensors
    fis1100_driver.o(i.Fis1100_accelerometerFunctional) refers to fis1100_driver.o(i.Fis1100_writeRegisters) for Fis1100_writeRegisters
    fis1100_driver.o(i.Fis1100_accelerometerFunctional) refers to fis1100_driver.o(i.Fis1100_readRegisters) for Fis1100_readRegisters
    fis1100_driver.o(i.Fis1100_accelerometerFunctional) refers to fis1100_driver.o(i.applyScaleFactor) for applyScaleFactor
    fis1100_driver.o(i.Fis1100_accelerometerFunctional) refers to fis1100_driver.o(.data) for g_fisDriverHal
    fis1100_driver.o(i.Fis1100_applyAccelerometerOffset) refers to fis1100_driver.o(i.writeOffsetCalibrationBuffer) for writeOffsetCalibrationBuffer
    fis1100_driver.o(i.Fis1100_applyAccelerometerOffset) refers to fis1100_driver.o(i.doCtrl9Command) for doCtrl9Command
    fis1100_driver.o(i.Fis1100_applyGyroscopeOffset) refers to fis1100_driver.o(i.writeOffsetCalibrationBuffer) for writeOffsetCalibrationBuffer
    fis1100_driver.o(i.Fis1100_applyGyroscopeOffset) refers to fis1100_driver.o(i.doCtrl9Command) for doCtrl9Command
    fis1100_driver.o(i.Fis1100_configureAccelerometer) refers to fis1100_driver.o(i.Fis1100_writeRegisters) for Fis1100_writeRegisters
    fis1100_driver.o(i.Fis1100_configureAccelerometer) refers to assert.o(.text) for __aeabi_assert
    fis1100_driver.o(i.Fis1100_configureAccelerometer) refers to fis1100_driver.o(i.setEnableBits) for setEnableBits
    fis1100_driver.o(i.Fis1100_configureAccelerometer) refers to fis1100_driver.o(.bss) for g_fisDriverSettings
    fis1100_driver.o(i.Fis1100_configureAttitudeEngine) refers to fis1100_driver.o(i.Fis1100_configureAccelerometer) for Fis1100_configureAccelerometer
    fis1100_driver.o(i.Fis1100_configureAttitudeEngine) refers to fis1100_driver.o(i.Fis1100_configureGyroscope) for Fis1100_configureGyroscope
    fis1100_driver.o(i.Fis1100_configureAttitudeEngine) refers to fis1100_driver.o(i.Fis1100_writeRegisters) for Fis1100_writeRegisters
    fis1100_driver.o(i.Fis1100_configureFifo) refers to fis1100_driver.o(i.doCtrl9Command) for doCtrl9Command
    fis1100_driver.o(i.Fis1100_configureFifo) refers to fis1100_driver.o(i.Fis1100_writeRegisters) for Fis1100_writeRegisters
    fis1100_driver.o(i.Fis1100_configureFifo) refers to fis1100_driver.o(.bss) for g_fisDriverSettings
    fis1100_driver.o(i.Fis1100_configureFifoSamples) refers to fis1100_driver.o(i.Fis1100_configureFifo) for Fis1100_configureFifo
    fis1100_driver.o(i.Fis1100_configureGyroscope) refers to fis1100_driver.o(i.Fis1100_writeRegisters) for Fis1100_writeRegisters
    fis1100_driver.o(i.Fis1100_configureGyroscope) refers to assert.o(.text) for __aeabi_assert
    fis1100_driver.o(i.Fis1100_configureGyroscope) refers to fis1100_driver.o(i.setEnableBits) for setEnableBits
    fis1100_driver.o(i.Fis1100_configureGyroscope) refers to fis1100_driver.o(.bss) for g_fisDriverSettings
    fis1100_driver.o(i.Fis1100_configureMagnetometer) refers to fis1100_driver.o(i.Fis1100_writeRegisters) for Fis1100_writeRegisters
    fis1100_driver.o(i.Fis1100_configureMagnetometer) refers to fis1100_driver.o(i.doCtrl9Command) for doCtrl9Command
    fis1100_driver.o(i.Fis1100_configureMagnetometer) refers to fis1100_driver.o(.bss) for g_fisDriverSettings
    fis1100_driver.o(i.Fis1100_disableWakeOnMotion) refers to fis1100_driver.o(i.Fis1100_enableSensors) for Fis1100_enableSensors
    fis1100_driver.o(i.Fis1100_disableWakeOnMotion) refers to fis1100_driver.o(i.Fis1100_writeRegisters) for Fis1100_writeRegisters
    fis1100_driver.o(i.Fis1100_disableWakeOnMotion) refers to fis1100_driver.o(i.doCtrl9Command) for doCtrl9Command
    fis1100_driver.o(i.Fis1100_enableAccelerometer) refers to fis1100_driver.o(i.setEnableBits) for setEnableBits
    fis1100_driver.o(i.Fis1100_enableAttitudeEngine) refers to fis1100_driver.o(i.setEnableBits) for setEnableBits
    fis1100_driver.o(i.Fis1100_enableGyroscope) refers to fis1100_driver.o(i.setEnableBits) for setEnableBits
    fis1100_driver.o(i.Fis1100_enableMagnetometer) refers to fis1100_driver.o(i.setEnableBits) for setEnableBits
    fis1100_driver.o(i.Fis1100_enableSensors) refers to fis1100_driver.o(i.Fis1100_writeRegisters) for Fis1100_writeRegisters
    fis1100_driver.o(i.Fis1100_enableWakeOnMotion) refers to fis1100_driver.o(i.Fis1100_enableSensors) for Fis1100_enableSensors
    fis1100_driver.o(i.Fis1100_enableWakeOnMotion) refers to fis1100_driver.o(i.Fis1100_configureAccelerometer) for Fis1100_configureAccelerometer
    fis1100_driver.o(i.Fis1100_enableWakeOnMotion) refers to fis1100_driver.o(i.Fis1100_writeRegisters) for Fis1100_writeRegisters
[...]
    defsig_abrt_outer.o(.text) refers to defsig_abrt_inner.o(.text) for __rt_SIGABRT_inner
    defsig_abrt_outer.o(.text) refers to defsig_exit.o(.text) for __sig_exit
    defsig_abrt_formal.o(.text) refers to rt_raise.o(.text) for __rt_raise
    fnaninf.o(x$fpl$fnaninf) refers (Special) to usenofp.o(x$fpl$usenofp) for __I$use$fp
    sys_stackheap_outer.o(.text) refers to libspace.o(.text) for __user_perproc_libspace
    sys_stackheap_outer.o(.text) refers to startup_stm32f303xc.o(.text) for __user_initial_stackheap
    rt_raise.o(.text) refers to __raise.o(.text) for __raise
    rt_raise.o(.text) refers to sys_exit.o(.text) for _sys_exit
    exit.o(.text) refers to rtexit.o(.ARM.Collect$$rtexit$$00000000) for __rt_exit
    defsig_exit.o(.text) refers to sys_exit.o(.text) for _sys_exit
    defsig_abrt_inner.o(.text) refers to defsig_general.o(.text) for __default_signal_display
    libinit.o(.ARM.Collect$$libinit$$00000000) refers (Special) to libinit2.o(.ARM.Collect$$libinit$$0000002E) for __rt_lib_init_alloca_1
    libinit.o(.ARM.Collect$$libinit$$00000000) refers (Special) to libinit2.o(.ARM.Collect$$libinit$$0000002C) for __rt_lib_init_argv_1
    libinit.o(.ARM.Collect$$libinit$$00000000) refers (Special) to libinit2.o(.ARM.Collect$$libinit$$0000001B) for __rt_lib_init_atexit_1
    libinit.o(.ARM.Collect$$libinit$$00000000) refers (Special) to libinit2.o(.ARM.Collect$$libinit$$00000021) for __rt_lib_init_clock_1
    libinit.o(.ARM.Collect$$libinit$$00000000) refers (Special) to libinit2.o(.ARM.Collect$$libinit$$00000032) for __rt_lib_init_cpp_1
    libinit.o(.ARM.Collect$$libinit$$00000000) refers (Special) to libinit2.o(.ARM.Collect$$libinit$$00000030) for __rt_lib_init_exceptions_1
    libinit.o(.ARM.Collect$$libinit$$00000000) refers (Special) to libinit2.o(.ARM.Collect$$libinit$$00000001) for __rt_lib_init_fp_1
    libinit.o(.ARM.Collect$$libinit$$00000000) refers (Special) to libinit2.o(.ARM.Collect$$libinit$$0000001F) for __rt_lib_init_fp_trap_1
    libinit.o(.ARM.Collect$$libinit$$00000000) refers (Special) to libinit2.o(.ARM.Collect$$libinit$$00000023) for __rt_lib_init_getenv_1
    libinit.o(.ARM.Collect$$libinit$$00000000) refers (Special) to libinit2.o(.ARM.Collect$$libinit$$0000000A) for __rt_lib_init_heap_1
    libinit.o(.ARM.Collect$$libinit$$00000000) refers (Special) to libinit2.o(.ARM.Collect$$libinit$$00000011) for __rt_lib_init_lc_collate_1
    libinit.o(.ARM.Collect$$libinit$$00000000) refers (Special) to libinit2.o(.ARM.Collect$$libinit$$00000013) for __rt_lib_init_lc_ctype_1
    libinit.o(.ARM.Collect$$libinit$$00000000) refers (Special) to libinit2.o(.ARM.Collect$$libinit$$00000015) for __rt_lib_init_lc_monetary_1
    libinit.o(.ARM.Collect$$libinit$$00000000) refers (Special) to libinit2.o(.ARM.Collect$$libinit$$00000017) for __rt_lib_init_lc_numeric_1
    libinit.o(.ARM.Collect$$libinit$$00000000) refers (Special) to libinit2.o(.ARM.Collect$$libinit$$00000019) for __rt_lib_init_lc_time_1
    libinit.o(.ARM.Collect$$libinit$$00000000) refers (Special) to libinit2.o(.ARM.Collect$$libinit$$00000004) for __rt_lib_init_preinit_1
    libinit.o(.ARM.Collect$$libinit$$00000000) refers (Special) to libinit2.o(.ARM.Collect$$libinit$$0000000E) for __rt_lib_init_rand_1
    libinit.o(.ARM.Collect$$libinit$$00000000) refers (Special) to libinit2.o(.ARM.Collect$$libinit$$00000033) for __rt_lib_init_return
    libinit.o(.ARM.Collect$$libinit$$00000000) refers (Special) to libinit2.o(.ARM.Collect$$libinit$$0000001D) for __rt_lib_init_signal_1
    libinit.o(.ARM.Collect$$libinit$$00000000) refers (Special) to libinit2.o(.ARM.Collect$$libinit$$00000025) for __rt_lib_init_stdio_1
    libinit.o(.ARM.Collect$$libinit$$00000000) refers (Special) to libinit2.o(.ARM.Collect$$libinit$$0000000C) for __rt_lib_init_user_alloc_1
    libspace.o(.text) refers to libspace.o(.bss) for __libspace_start
    rtexit.o(.ARM.Collect$$rtexit$$00000000) refers (Special) to rtexit2.o(.ARM.Collect$$rtexit$$00000004) for __rt_exit_exit
    rtexit.o(.ARM.Collect$$rtexit$$00000000) refers (Special) to rtexit2.o(.ARM.Collect$$rtexit$$00000003) for __rt_exit_ls
    rtexit.o(.ARM.Collect$$rtexit$$00000000) refers (Special) to rtexit2.o(.ARM.Collect$$rtexit$$00000002) for __rt_exit_prels_1
    rtexit.o(.ARM.exidx) refers (Special) to rtexit2.o(.ARM.Collect$$rtexit$$00000004) for __rt_exit_exit
    rtexit.o(.ARM.exidx) refers (Special) to rtexit2.o(.ARM.Collect$$rtexit$$00000003) for __rt_exit_ls
    rtexit.o(.ARM.exidx) refers (Special) to rtexit2.o(.ARM.Collect$$rtexit$$00000002) for __rt_exit_prels_1
    rtexit.o(.ARM.exidx) refers to rtexit.o(.ARM.Collect$$rtexit$$00000000) for .ARM.Collect$$rtexit$$00000000
    __raise.o(.text) refers to defsig.o(CL$$defsig) for __default_signal_handler
    defsig_general.o(.text) refers to sys_wrch.o(.text) for _ttywrch
    libinit2.o(.ARM.Collect$$libinit$$00000001) refers to fpinit.o(x$fpl$fpinit) for _fp_init
    libinit2.o(.ARM.Collect$$libinit$$00000010) refers to libinit2.o(.ARM.Collect$$libinit$$0000000F) for .ARM.Collect$$libinit$$0000000F
    libinit2.o(.ARM.Collect$$libinit$$00000012) refers to libinit2.o(.ARM.Collect$$libinit$$0000000F) for .ARM.Collect$$libinit$$0000000F
    libinit2.o(.ARM.Collect$$libinit$$00000014) refers to libinit2.o(.ARM.Collect$$libinit$$0000000F) for .ARM.Collect$$libinit$$0000000F
    libinit2.o(.ARM.Collect$$libinit$$00000016) refers to libinit2.o(.ARM.Collect$$libinit$$0000000F) for .ARM.Collect$$libinit$$0000000F
    libinit2.o(.ARM.Collect$$libinit$$00000018) refers to libinit2.o(.ARM.Collect$$libinit$$0000000F) for .ARM.Collect$$libinit$$0000000F
    libinit2.o(.ARM.Collect$$libinit$$00000026) refers to argv_veneer.o(.emb_text) for __ARM_argv_veneer
    libinit2.o(.ARM.Collect$$libinit$$00000027) refers to argv_veneer.o(.emb_text) for __ARM_argv_veneer
    rtexit2.o(.ARM.Collect$$rtexit$$00000003) refers to libshutdown.o(.ARM.Collect$$libshutdown$$00000000) for __rt_lib_shutdown
    rtexit2.o(.ARM.Collect$$rtexit$$00000004) refers to sys_exit.o(.text) for _sys_exit
    rtexit2.o(.ARM.exidx) refers to rtexit2.o(.ARM.Collect$$rtexit$$00000001) for .ARM.Collect$$rtexit$$00000001
    rtexit2.o(.ARM.exidx) refers to rtexit2.o(.ARM.Collect$$rtexit$$00000003) for .ARM.Collect$$rtexit$$00000003
    rtexit2.o(.ARM.exidx) refers to rtexit2.o(.ARM.Collect$$rtexit$$00000004) for .ARM.Collect$$rtexit$$00000004
    defsig.o(CL$$defsig) refers to defsig_abrt_inner.o(.text) for __rt_SIGABRT_inner
    defsig.o(CL$$defsig) refers to defsig_rtmem_inner.o(.text) for __rt_SIGRTMEM_inner
    argv_veneer.o(.emb_text) refers to no_argv.o(.text) for __ARM_get_argv
    defsig_fpe_inner.o(.text) refers to defsig_general.o(.text) for __default_signal_display
    defsig_rtred_inner.o(.text) refers to defsig_general.o(.text) for __default_signal_display
    defsig_rtmem_inner.o(.text) refers to defsig_general.o(.text) for __default_signal_display
    defsig_stak_inner.o(.text) refers to defsig_general.o(.text) for __default_signal_display
    defsig_pvfn_inner.o(.text) refers to defsig_general.o(.text) for __default_signal_display
    defsig_cppl_inner.o(.text) refers to defsig_general.o(.text) for __default_signal_display
    defsig_segv_inner.o(.text) refers to defsig_general.o(.text) for __default_signal_display
    defsig_other.o(.text) refers to defsig_general.o(.text) for __default_signal_display
    _get_argv_nomalloc.o(.text) refers (Special) to hrguard.o(.text) for __heap_region$guard
    _get_argv_nomalloc.o(.text) refers to defsig_rtmem_outer.o(.text) for __rt_SIGRTMEM
    _get_argv_nomalloc.o(.text) refers to sys_command.o(.text) for _sys_command_string
    libshutdown.o(.ARM.Collect$$libshutdown$$00000000) refers (Special) to libshutdown2.o(.ARM.Collect$$libshutdown$$00000006) for __rt_lib_shutdown_fp_trap_1
    libshutdown.o(.ARM.Collect$$libshutdown$$00000000) refers (Special) to libshutdown2.o(.ARM.Collect$$libshutdown$$0000000E) for __rt_lib_shutdown_heap_1
    libshutdown.o(.ARM.Collect$$libshutdown$$00000000) refers (Special) to libshutdown2.o(.ARM.Collect$$libshutdown$$0000000F) for __rt_lib_shutdown_return
    libshutdown.o(.ARM.Collect$$libshutdown$$00000000) refers (Special) to libshutdown2.o(.ARM.Collect$$libshutdown$$00000009) for __rt_lib_shutdown_signal_1
    libshutdown.o(.ARM.Collect$$libshutdown$$00000000) refers (Special) to libshutdown2.o(.ARM.Collect$$libshutdown$$00000003) for __rt_lib_shutdown_stdio_1
    libshutdown.o(.ARM.Collect$$libshutdown$$00000000) refers (Special) to libshutdown2.o(.ARM.Collect$$libshutdown$$0000000B) for __rt_lib_shutdown_user_alloc_1
    sys_command.o(.text) refers (Special) to use_no_semi.o(.text) for __I$use$semihosting
    sys_command.o(.text) refers (Special) to indicate_semi.o(.text) for __semihosting_library_function
    defsig_rtmem_outer.o(.text) refers to defsig_rtmem_inner.o(.text) for __rt_SIGRTMEM_inner
    defsig_rtmem_outer.o(.text) refers to defsig_exit.o(.text) for __sig_exit
    defsig_rtmem_formal.o(.text) refers to rt_raise.o(.text) for __rt_raise


==============================================================================

Removing Unused input sections from the image.

    Removing fis1100_driver.o(i.Fis1100_accelerometerFunctional), (188 bytes).
    Removing fis1100_driver.o(i.Fis1100_applyAccelerometerOffset), (56 bytes).
    Removing fis1100_driver.o(i.Fis1100_applyGyroscopeOffset), (56 bytes).
    Removing fis1100_driver.o(i.Fis1100_configureAttitudeEngine), (52 bytes).
    Removing fis1100_driver.o(i.Fis1100_configureFifo), (156 bytes).
    Removing fis1100_driver.o(i.Fis1100_configureFifoSamples), (170 bytes).
    Removing fis1100_driver.o(i.Fis1100_configureMagnetometer), (124 bytes).
    Removing fis1100_driver.o(i.Fis1100_disableWakeOnMotion), (36 bytes).
    Removing fis1100_driver.o(i.Fis1100_enableAccelerometer), (16 bytes).
    Removing fis1100_driver.o(i.Fis1100_enableAttitudeEngine), (16 bytes).
    Removing fis1100_driver.o(i.Fis1100_enableGyroscope), (16 bytes).
    Removing fis1100_driver.o(i.Fis1100_enableMagnetometer), (16 bytes).
    Removing fis1100_driver.o(i.Fis1100_enableWakeOnMotion), (88 bytes).
    Removing fis1100_driver.o(i.Fis1100_gyroscopeFunctional), (184 bytes).
    Removing fis1100_driver.o(i.Fis1100_hasWakeupEventOccured), (22 bytes).
    Removing fis1100_driver.o(i.Fis1100_lockFifo), (48 bytes).
    Removing fis1100_driver.o(i.Fis1100_processAccelerometerData), (32 bytes).
    Removing fis1100_driver.o(i.Fis1100_processAttitudeEngineData), (84 bytes).
    Removing fis1100_driver.o(i.Fis1100_processGyroscopeData), (32 bytes).
    Removing fis1100_driver.o(i.Fis1100_processMagnetometerData), (32 bytes).
    Removing fis1100_driver.o(i.Fis1100_readAccelerometerData), (28 bytes).
    Removing fis1100_driver.o(i.Fis1100_readAttitudeEngineData), (40 bytes).
    Removing fis1100_driver.o(i.Fis1100_readCount), (18 bytes).
    Removing fis1100_driver.o(i.Fis1100_readFifo), (44 bytes).
    Removing fis1100_driver.o(i.Fis1100_readGyroscopeData), (28 bytes).
    Removing fis1100_driver.o(i.Fis1100_readMagnetometerData), (28 bytes).
    Removing fis1100_driver.o(i.Fis1100_readStatus0), (18 bytes).
    Removing fis1100_driver.o(i.Fis1100_requestAttitudeEngineData), (10 bytes).
    Removing fis1100_driver.o(i.Fis1100_unlockFifo), (36 bytes).
    Removing fis1100_driver.o(i.Fis1100_updateAttitudeEngineGyroBias), (44 bytes).
    Removing fis1100_driver.o(i.applyScaleFactor), (52 bytes).
    Removing fis1100_driver.o(i.writeOffsetCalibrationBuffer), (112 bytes).
    Removing main.o(.rev16_text), (4 bytes).
    Removing main.o(.revsh_text), (4 bytes).
    Removing main.o(.rrx_text), (6 bytes).
    Removing main.o(i.usart_send_data), (44 bytes).
    Removing stm32f30x_dma.o(.rev16_text), (4 bytes).
    Removing stm32f30x_dma.o(.revsh_text), (4 bytes).
    Removing stm32f30x_dma.o(.rrx_text), (6 bytes).
    Removing stm32f30x_dma.o(i.DMA_ClearITPendingBit), (28 bytes).
    Removing stm32f30x_dma.o(i.DMA_GetCurrDataCounter), (8 bytes).
    Removing stm32f30x_dma.o(i.DMA_GetFlagStatus), (44 bytes).
    Removing stm32f30x_dma.o(i.DMA_SetCurrDataCounter), (4 bytes).
    Removing stm32f30x_dma.o(i.DMA_StructInit), (26 bytes).
    Removing stm32f30x_exti.o(.rev16_text), (4 bytes).
    Removing stm32f30x_exti.o(.revsh_text), (4 bytes).
    Removing stm32f30x_exti.o(.rrx_text), (6 bytes).
    Removing stm32f30x_exti.o(i.EXTI_ClearFlag), (28 bytes).
    Removing stm32f30x_exti.o(i.EXTI_DeInit), (72 bytes).
    Removing stm32f30x_exti.o(i.EXTI_GenerateSWInterrupt), (40 bytes).
    Removing stm32f30x_exti.o(i.EXTI_GetFlagStatus), (44 bytes).
    Removing stm32f30x_exti.o(i.EXTI_StructInit), (16 bytes).
    Removing stm32f30x_gpio.o(.rev16_text), (4 bytes).
    Removing stm32f30x_gpio.o(.revsh_text), (4 bytes).
    Removing stm32f30x_gpio.o(.rrx_text), (6 bytes).
    Removing stm32f30x_gpio.o(i.GPIO_DeInit), (236 bytes).
    Removing stm32f30x_gpio.o(i.GPIO_PinLockConfig), (18 bytes).
    Removing stm32f30x_gpio.o(i.GPIO_ReadInputData), (6 bytes).
    Removing stm32f30x_gpio.o(i.GPIO_ReadOutputData), (6 bytes).
    Removing stm32f30x_gpio.o(i.GPIO_ReadOutputDataBit), (18 bytes).
    Removing stm32f30x_gpio.o(i.GPIO_StructInit), (22 bytes).
    Removing stm32f30x_gpio.o(i.GPIO_Write), (4 bytes).
    Removing stm32f30x_gpio.o(i.GPIO_WriteBit), (10 bytes).
    Removing stm32f30x_rcc.o(.rev16_text), (4 bytes).
    Removing stm32f30x_rcc.o(.revsh_text), (4 bytes).
    Removing stm32f30x_rcc.o(.rrx_text), (6 bytes).
    Removing stm32f30x_rcc.o(i.RCC_ADCCLKConfig), (48 bytes).
    Removing stm32f30x_rcc.o(i.RCC_AHBPeriphResetCmd), (32 bytes).
    Removing stm32f30x_rcc.o(i.RCC_APB1PeriphResetCmd), (32 bytes).
    Removing stm32f30x_rcc.o(i.RCC_APB2PeriphResetCmd), (32 bytes).
    Removing stm32f30x_rcc.o(i.RCC_AdjustHSICalibrationValue), (24 bytes).
    Removing stm32f30x_rcc.o(i.RCC_BackupResetCmd), (12 bytes).
    Removing stm32f30x_rcc.o(i.RCC_ClearFlag), (20 bytes).
    Removing stm32f30x_rcc.o(i.RCC_ClearITPendingBit), (12 bytes).
    Removing stm32f30x_rcc.o(i.RCC_ClockSecuritySystemCmd), (12 bytes).
    Removing stm32f30x_rcc.o(i.RCC_DeInit), (100 bytes).
    Removing stm32f30x_rcc.o(i.RCC_GetFlagStatus), (68 bytes).
    Removing stm32f30x_rcc.o(i.RCC_GetITStatus), (24 bytes).
    Removing stm32f30x_rcc.o(i.RCC_GetSYSCLKSource), (16 bytes).
    Removing stm32f30x_rcc.o(i.RCC_HCLKConfig), (24 bytes).
    Removing stm32f30x_rcc.o(i.RCC_HRTIM1CLKConfig), (28 bytes).
    Removing stm32f30x_rcc.o(i.RCC_HSEConfig), (16 bytes).
    Removing stm32f30x_rcc.o(i.RCC_HSICmd), (12 bytes).
    Removing stm32f30x_rcc.o(i.RCC_I2CCLKConfig), (80 bytes).
    Removing stm32f30x_rcc.o(i.RCC_I2SCLKConfig), (12 bytes).
    Removing stm32f30x_rcc.o(i.RCC_ITConfig), (32 bytes).
    Removing stm32f30x_rcc.o(i.RCC_LSEConfig), (36 bytes).
    Removing stm32f30x_rcc.o(i.RCC_LSEDriveConfig), (28 bytes).
    Removing stm32f30x_rcc.o(i.RCC_LSICmd), (12 bytes).
    Removing stm32f30x_rcc.o(i.RCC_MCOConfig), (24 bytes).
    Removing stm32f30x_rcc.o(i.RCC_PCLK1Config), (24 bytes).
    Removing stm32f30x_rcc.o(i.RCC_PCLK2Config), (24 bytes).
    Removing stm32f30x_rcc.o(i.RCC_PLLCmd), (12 bytes).
    Removing stm32f30x_rcc.o(i.RCC_PLLConfig), (32 bytes).
    Removing stm32f30x_rcc.o(i.RCC_PREDIV1Config), (24 bytes).
    Removing stm32f30x_rcc.o(i.RCC_RTCCLKCmd), (12 bytes).
    Removing stm32f30x_rcc.o(i.RCC_RTCCLKConfig), (16 bytes).
    Removing stm32f30x_rcc.o(i.RCC_SYSCLKConfig), (24 bytes).
    Removing stm32f30x_rcc.o(i.RCC_TIMCLKConfig), (152 bytes).
    Removing stm32f30x_rcc.o(i.RCC_USARTCLKConfig), (108 bytes).
    Removing stm32f30x_rcc.o(i.RCC_USBCLKConfig), (12 bytes).
    Removing stm32f30x_rcc.o(i.RCC_WaitForHSEStartUp), (56 bytes).
    Removing stm32f30x_spi.o(.rev16_text), (4 bytes).
    Removing stm32f30x_spi.o(.revsh_text), (4 bytes).
    Removing stm32f30x_spi.o(.rrx_text), (6 bytes).
    Removing stm32f30x_spi.o(i.I2S_Cmd), (24 bytes).
    Removing stm32f30x_spi.o(i.I2S_FullDuplexConfig), (80 bytes).
    Removing stm32f30x_spi.o(i.I2S_Init), (216 bytes).
    Removing stm32f30x_spi.o(i.I2S_StructInit), (20 bytes).
    Removing stm32f30x_spi.o(i.SPI_BiDirectionalLineConfig), (28 bytes).
    Removing stm32f30x_spi.o(i.SPI_CRCLengthConfig), (18 bytes).
    Removing stm32f30x_spi.o(i.SPI_CalculateCRC), (24 bytes).
    Removing stm32f30x_spi.o(i.SPI_DataSizeConfig), (18 bytes).
    Removing stm32f30x_spi.o(i.SPI_GetCRC), (16 bytes).
    Removing stm32f30x_spi.o(i.SPI_GetCRCPolynomial), (6 bytes).
    Removing stm32f30x_spi.o(i.SPI_GetReceptionFIFOStatus), (10 bytes).
    Removing stm32f30x_spi.o(i.SPI_GetTransmissionFIFOStatus), (10 bytes).
    Removing stm32f30x_spi.o(i.SPI_I2S_ClearFlag), (6 bytes).
    Removing stm32f30x_spi.o(i.SPI_I2S_DMACmd), (18 bytes).
    Removing stm32f30x_spi.o(i.SPI_I2S_DeInit), (120 bytes).
    Removing stm32f30x_spi.o(i.SPI_I2S_GetITStatus), (52 bytes).
    Removing stm32f30x_spi.o(i.SPI_I2S_ITConfig), (32 bytes).
    Removing stm32f30x_spi.o(i.SPI_I2S_ReceiveData16), (6 bytes).
    Removing stm32f30x_spi.o(i.SPI_I2S_SendData16), (4 bytes).
    Removing stm32f30x_spi.o(i.SPI_LastDMATransferCmd), (18 bytes).
    Removing stm32f30x_spi.o(i.SPI_NSSInternalSoftwareConfig), (30 bytes).
    Removing stm32f30x_spi.o(i.SPI_NSSPulseModeCmd), (24 bytes).
    Removing stm32f30x_spi.o(i.SPI_SSOutputCmd), (24 bytes).
    Removing stm32f30x_spi.o(i.SPI_StructInit), (30 bytes).
    Removing stm32f30x_spi.o(i.SPI_TIModeCmd), (24 bytes).
    Removing stm32f30x_spi.o(i.SPI_TransmitCRC), (10 bytes).
    Removing stm32f30x_syscfg.o(.rev16_text), (4 bytes).
    Removing stm32f30x_syscfg.o(.revsh_text), (4 bytes).
    Removing stm32f30x_syscfg.o(.rrx_text), (6 bytes).
    Removing stm32f30x_syscfg.o(i.SYSCFG_ADCTriggerRemapConfig), (32 bytes).
    Removing stm32f30x_syscfg.o(i.SYSCFG_BreakConfig), (16 bytes).
    Removing stm32f30x_syscfg.o(i.SYSCFG_BypassParityCheckDisable), (12 bytes).
    Removing stm32f30x_syscfg.o(i.SYSCFG_ClearFlag), (16 bytes).
    Removing stm32f30x_syscfg.o(i.SYSCFG_DMAChannelRemapConfig), (68 bytes).
    Removing stm32f30x_syscfg.o(i.SYSCFG_DeInit), (56 bytes).
    Removing stm32f30x_syscfg.o(i.SYSCFG_EncoderRemapConfig), (28 bytes).
    Removing stm32f30x_syscfg.o(i.SYSCFG_GetFlagStatus), (28 bytes).
    Removing stm32f30x_syscfg.o(i.SYSCFG_I2CFastModePlusConfig), (32 bytes).
    Removing stm32f30x_syscfg.o(i.SYSCFG_ITConfig), (32 bytes).
    Removing stm32f30x_syscfg.o(i.SYSCFG_MemoryRemapConfig), (24 bytes).
    Removing stm32f30x_syscfg.o(i.SYSCFG_SRAMWRPEnable), (16 bytes).
    Removing stm32f30x_syscfg.o(i.SYSCFG_TriggerRemapConfig), (68 bytes).
    Removing stm32f30x_syscfg.o(i.SYSCFG_USBInterruptLineRemapCmd), (12 bytes).
    Removing stm32f30x_misc.o(.rev16_text), (4 bytes).
    Removing stm32f30x_misc.o(.revsh_text), (4 bytes).
    Removing stm32f30x_misc.o(.rrx_text), (6 bytes).
    Removing stm32f30x_misc.o(i.NVIC_SetVectorTable), (20 bytes).
    Removing stm32f30x_misc.o(i.NVIC_SystemLPConfig), (32 bytes).
    Removing stm32f30x_misc.o(i.SysTick_CLKSourceConfig), (40 bytes).
    Removing stm32f30x_usart.o(.rev16_text), (4 bytes).
    Removing stm32f30x_usart.o(.revsh_text), (4 bytes).
    Removing stm32f30x_usart.o(.rrx_text), (6 bytes).
    Removing stm32f30x_usart.o(i.USART_AddressDetectionConfig), (16 bytes).
    Removing stm32f30x_usart.o(i.USART_AutoBaudRateCmd), (22 bytes).
    Removing stm32f30x_usart.o(i.USART_AutoBaudRateConfig), (16 bytes).
    Removing stm32f30x_usart.o(i.USART_ClearITPendingBit), (18 bytes).
    Removing stm32f30x_usart.o(i.USART_ClockInit), (30 bytes).
    Removing stm32f30x_usart.o(i.USART_ClockStructInit), (12 bytes).
    Removing stm32f30x_usart.o(i.USART_DECmd), (22 bytes).
    Removing stm32f30x_usart.o(i.USART_DEPolarityConfig), (16 bytes).
    Removing stm32f30x_usart.o(i.USART_DMAReceptionErrorConfig), (16 bytes).
    Removing stm32f30x_usart.o(i.USART_DataInvCmd), (22 bytes).
    Removing stm32f30x_usart.o(i.USART_DeInit), (156 bytes).
    Removing stm32f30x_usart.o(i.USART_DirectionModeCmd), (18 bytes).
    Removing stm32f30x_usart.o(i.USART_GetFlagStatus), (18 bytes).
    Removing stm32f30x_usart.o(i.USART_GetITStatus), (74 bytes).
    Removing stm32f30x_usart.o(i.USART_HalfDuplexCmd), (22 bytes).
    Removing stm32f30x_usart.o(i.USART_ITConfig), (58 bytes).
    Removing stm32f30x_usart.o(i.USART_InvPinCmd), (18 bytes).
    Removing stm32f30x_usart.o(i.USART_IrDACmd), (22 bytes).
    Removing stm32f30x_usart.o(i.USART_IrDAConfig), (16 bytes).
    Removing stm32f30x_usart.o(i.USART_LINBreakDetectLengthConfig), (16 bytes).
    Removing stm32f30x_usart.o(i.USART_LINCmd), (22 bytes).
    Removing stm32f30x_usart.o(i.USART_MSBFirstCmd), (22 bytes).
    Removing stm32f30x_usart.o(i.USART_MuteModeCmd), (22 bytes).
    Removing stm32f30x_usart.o(i.USART_MuteModeWakeUpConfig), (16 bytes).
    Removing stm32f30x_usart.o(i.USART_OneBitMethodCmd), (22 bytes).
    Removing stm32f30x_usart.o(i.USART_OverSampling8Cmd), (22 bytes).
    Removing stm32f30x_usart.o(i.USART_OverrunDetectionConfig), (16 bytes).
    Removing stm32f30x_usart.o(i.USART_ReceiveData), (10 bytes).
    Removing stm32f30x_usart.o(i.USART_ReceiverTimeOutCmd), (22 bytes).
    Removing stm32f30x_usart.o(i.USART_RequestCmd), (18 bytes).
    Removing stm32f30x_usart.o(i.USART_STOPModeCmd), (22 bytes).
    Removing stm32f30x_usart.o(i.USART_SWAPPinCmd), (22 bytes).
    Removing stm32f30x_usart.o(i.USART_SendData), (8 bytes).
    Removing stm32f30x_usart.o(i.USART_SetAddress), (18 bytes).
    Removing stm32f30x_usart.o(i.USART_SetAutoRetryCount), (18 bytes).
    Removing stm32f30x_usart.o(i.USART_SetBlockLength), (18 bytes).
    Removing stm32f30x_usart.o(i.USART_SetDEAssertionTime), (18 bytes).
    Removing stm32f30x_usart.o(i.USART_SetDEDeassertionTime), (18 bytes).
    Removing stm32f30x_usart.o(i.USART_SetGuardTime), (16 bytes).
    Removing stm32f30x_usart.o(i.USART_SetPrescaler), (16 bytes).
    Removing stm32f30x_usart.o(i.USART_SetReceiverTimeOut), (16 bytes).
    Removing stm32f30x_usart.o(i.USART_SmartCardCmd), (22 bytes).
    Removing stm32f30x_usart.o(i.USART_SmartCardNACKCmd), (22 bytes).
    Removing stm32f30x_usart.o(i.USART_StopModeWakeUpSourceConfig), (16 bytes).
    Removing stm32f30x_usart.o(i.USART_StructInit), (24 bytes).
    Removing system_stm32f3xx.o(.rev16_text), (4 bytes).
    Removing system_stm32f3xx.o(.revsh_text), (4 bytes).
    Removing system_stm32f3xx.o(.rrx_text), (6 bytes).

205 unused section(s) (total 6402 bytes) removed from the image.

==============================================================================

Image Symbol Table

    Local Symbols

    Symbol Name                              Value     Ov Type        Size  Object(Section)

    ../clib/angel/boardlib.s                 0x00000000   Number         0  boardshut.o ABSOLUTE
    ../clib/angel/boardlib.s                 0x00000000   Number         0  boardinit3.o ABSOLUTE
    ../clib/angel/boardlib.s                 0x00000000   Number         0  boardinit2.o ABSOLUTE
    ../clib/angel/boardlib.s                 0x00000000   Number         0  boardinit1.o ABSOLUTE
    ../clib/angel/handlers.s                 0x00000000   Number         0  __scatter_copy.o ABSOLUTE
    ../clib/angel/handlers.s                 0x00000000   Number         0  __scatter_zi.o ABSOLUTE
    ../clib/angel/kernel.s                   0x00000000   Number         0  rtexit2.o ABSOLUTE
    ../clib/angel/kernel.s                   0x00000000   Number         0  rtexit.o ABSOLUTE
    ../clib/angel/kernel.s                   0x00000000   Number         0  __rtentry4.o ABSOLUTE
    ../clib/angel/kernel.s                   0x00000000   Number         0  __rtentry.o ABSOLUTE
    ../clib/angel/kernel.s                   0x00000000   Number         0  __rtentry2.o ABSOLUTE
    ../clib/angel/rt.s                       0x00000000   Number         0  rt_raise.o ABSOLUTE
    ../clib/angel/scatter.s                  0x00000000   Number         0  __scatter.o ABSOLUTE
    ../clib/angel/startup.s                  0x00000000   Number         0  __main.o ABSOLUTE
    ../clib/angel/sys.s                      0x00000000   Number         0  sys_stackheap_outer.o ABSOLUTE
    ../clib/angel/sys.s                      0x00000000   Number         0  use_no_semi.o ABSOLUTE
    ../clib/angel/sys.s                      0x00000000   Number         0  indicate_semi.o ABSOLUTE
    ../clib/angel/sys.s                      0x00000000   Number         0  libspace.o ABSOLUTE
    ../clib/angel/sysapp.c                   0x00000000   Number         0  sys_command.o ABSOLUTE
    ../clib/angel/sysapp.c                   0x00000000   Number         0  sys_exit.o ABSOLUTE
    ../clib/angel/sysapp.c                   0x00000000   Number         0  sys_wrch.o ABSOLUTE
    ../clib/armsys.c                         0x00000000   Number         0  no_argv.o ABSOLUTE
    ../clib/armsys.c                         0x00000000   Number         0  _get_argv_nomalloc.o ABSOLUTE
    ../clib/armsys.c                         0x00000000   Number         0  argv_veneer.o ABSOLUTE
    ../clib/armsys.c                         0x00000000   Number         0  argv_veneer.o ABSOLUTE
    ../clib/assert.c                         0x00000000   Number         0  assert_puts.o ABSOLUTE
    ../clib/assert.c                         0x00000000   Number         0  assert.o ABSOLUTE
    ../clib/heapalloc.c                      0x00000000   Number         0  hrguard.o ABSOLUTE
    ../clib/heapaux.c                        0x00000000   Number         0  heapauxi.o ABSOLUTE
    ../clib/libinit.s                        0x00000000   Number         0  libshutdown.o ABSOLUTE
    ../clib/libinit.s                        0x00000000   Number         0  libinit.o ABSOLUTE
    ../clib/libinit.s                        0x00000000   Number         0  libinit2.o ABSOLUTE
    ../clib/libinit.s                        0x00000000   Number         0  libshutdown2.o ABSOLUTE
    ../clib/signal.c                         0x00000000   Number         0  defsig_abrt_formal.o ABSOLUTE
    ../clib/signal.c                         0x00000000   Number         0  defsig_other.o ABSOLUTE
    ../clib/signal.c                         0x00000000   Number         0  defsig_segv_inner.o ABSOLUTE
    ../clib/signal.c                         0x00000000   Number         0  defsig_general.o ABSOLUTE
    ../clib/signal.c                         0x00000000   Number         0  defsig_cppl_inner.o ABSOLUTE
    ../clib/signal.c                         0x00000000   Number         0  defsig_stak_inner.o ABSOLUTE
    ../clib/signal.c                         0x00000000   Number         0  defsig_rtmem_inner.o ABSOLUTE
    ../clib/signal.c                         0x00000000   Number         0  defsig_rtred_inner.o ABSOLUTE
    ../clib/signal.c                         0x00000000   Number         0  defsig_exit.o ABSOLUTE
    ../clib/signal.c                         0x00000000   Number         0  defsig_abrt_outer.o ABSOLUTE
    ../clib/signal.c                         0x00000000   Number         0  defsig_abrt_inner.o ABSOLUTE
    ../clib/signal.c                         0x00000000   Number         0  defsig_rtmem_outer.o ABSOLUTE
    ../clib/signal.c                         0x00000000   Number         0  defsig_rtmem_formal.o ABSOLUTE
    ../clib/signal.c                         0x00000000   Number         0  defsig_pvfn_inner.o ABSOLUTE
    ../clib/signal.c                         0x00000000   Number         0  defsig_fpe_inner.o ABSOLUTE
    ../clib/signal.c                         0x00000000   Number         0  __raise.o ABSOLUTE
    ../clib/signal.s                         0x00000000   Number         0  defsig.o ABSOLUTE
    ../clib/stdlib.c                         0x00000000   Number         0  exit.o ABSOLUTE
    ../clib/stdlib.c                         0x00000000   Number         0  abort.o ABSOLUTE
    ../fplib/fnaninf.s                       0x00000000   Number         0  fnaninf.o ABSOLUTE
    ../fplib/fpinit.s                        0x00000000   Number         0  fpinit.o ABSOLUTE
    ../fplib/frnd.s                          0x00000000   Number         0  frnd.o ABSOLUTE
    ../fplib/usenofp.s                       0x00000000   Number         0  usenofp.o ABSOLUTE
    ../mathlib/round.c                       0x00000000   Number         0  roundf.o ABSOLUTE
    RTE\Device\STM32F303VC\startup_stm32f303xc.s 0x00000000   Number         0  startup_stm32f303xc.o ABSOLUTE
    RTE\Device\STM32F303VC\system_stm32f3xx.c 0x00000000   Number         0  system_stm32f3xx.o ABSOLUTE
    RTE\\Device\\STM32F303VC\\system_stm32f3xx.c 0x00000000   Number         0  system_stm32f3xx.o ABSOLUTE
    dc.s                                     0x00000000   Number         0  dc.o ABSOLUTE
    fis_driver\fis1100_driver.c              0x00000000   Number         0  fis1100_driver.o ABSOLUTE
    src\\main.c                              0x00000000   Number         0  main.o ABSOLUTE
    src\\stdperiph_driver\\src\\stm32f30x_dma.c 0x00000000   Number         0  stm32f30x_dma.o ABSOLUTE
    src\\stdperiph_driver\\src\\stm32f30x_exti.c 0x00000000   Number         0  stm32f30x_exti.o ABSOLUTE
    src\\stdperiph_driver\\src\\stm32f30x_gpio.c 0x00000000   Number         0  stm32f30x_gpio.o ABSOLUTE
    src\\stdperiph_driver\\src\\stm32f30x_misc.c 0x00000000   Number         0  stm32f30x_misc.o ABSOLUTE
    src\\stdperiph_driver\\src\\stm32f30x_rcc.c 0x00000000   Number         0  stm32f30x_rcc.o ABSOLUTE
    src\\stdperiph_driver\\src\\stm32f30x_spi.c 0x00000000   Number         0  stm32f30x_spi.o ABSOLUTE
    src\\stdperiph_driver\\src\\stm32f30x_syscfg.c 0x00000000   Number         0  stm32f30x_syscfg.o ABSOLUTE
    src\\stdperiph_driver\\src\\stm32f30x_usart.c 0x00000000   Number         0  stm32f30x_usart.o ABSOLUTE
    src\main.c                               0x00000000   Number         0  main.o ABSOLUTE
    src\stdperiph_driver\src\stm32f30x_dma.c 0x00000000   Number         0  stm32f30x_dma.o ABSOLUTE
    src\stdperiph_driver\src\stm32f30x_exti.c 0x00000000   Number         0  stm32f30x_exti.o ABSOLUTE
    src\stdperiph_driver\src\stm32f30x_gpio.c 0x00000000   Number         0  stm32f30x_gpio.o ABSOLUTE
    src\stdperiph_driver\src\stm32f30x_misc.c 0x00000000   Number         0  stm32f30x_misc.o ABSOLUTE
    src\stdperiph_driver\src\stm32f30x_rcc.c 0x00000000   Number         0  stm32f30x_rcc.o ABSOLUTE
    src\stdperiph_driver\src\stm32f30x_spi.c 0x00000000   Number         0  stm32f30x_spi.o ABSOLUTE
    src\stdperiph_driver\src\stm32f30x_syscfg.c 0x00000000   Number         0  stm32f30x_syscfg.o ABSOLUTE
    src\stdperiph_driver\src\stm32f30x_usart.c 0x00000000   Number         0  stm32f30x_usart.o ABSOLUTE
    src\stdperiph_driver\stm32f30x_it.c      0x00000000   Number         0  stm32f30x_it.o ABSOLUTE
    RESET                                    0x08000000   Section      392  startup_stm32f303xc.o(RESET)
    !!!main                                  0x08000188   Section        8  __main.o(!!!main)
    !!!scatter                               0x08000190   Section       52  __scatter.o(!!!scatter)
    !!handler_copy                           0x080001c4   Section       26  __scatter_copy.o(!!handler_copy)
    !!handler_zi                             0x080001e0   Section       28  __scatter_zi.o(!!handler_zi)
    .ARM.Collect$$libinit$$00000000          0x080001fc   Section        2  libinit.o(.ARM.Collect$$libinit$$00000000)
    .ARM.Collect$$libinit$$00000001          0x080001fe   Section        4  libinit2.o(.ARM.Collect$$libinit$$00000001)
    .ARM.Collect$$libinit$$00000004          0x08000202   Section        0  libinit2.o(.ARM.Collect$$libinit$$00000004)
    .ARM.Collect$$libinit$$0000000A          0x08000202   Section        0  libinit2.o(.ARM.Collect$$libinit$$0000000A)
    .ARM.Collect$$libinit$$0000000C          0x08000202   Section        0  libinit2.o(.ARM.Collect$$libinit$$0000000C)
    .ARM.Collect$$libinit$$0000000E          0x08000202   Section        0  libinit2.o(.ARM.Collect$$libinit$$0000000E)
    .ARM.Collect$$libinit$$00000011          0x08000202   Section        0  libinit2.o(.ARM.Collect$$libinit$$00000011)
    .ARM.Collect$$libinit$$00000013          0x08000202   Section        0  libinit2.o(.ARM.Collect$$libinit$$00000013)
    .ARM.Collect$$libinit$$00000015          0x08000202   Section        0  libinit2.o(.ARM.Collect$$libinit$$00000015)
    .ARM.Collect$$libinit$$00000017          0x08000202   Section        0  libinit2.o(.ARM.Collect$$libinit$$00000017)
    .ARM.Collect$$libinit$$00000019          0x08000202   Section        0  libinit2.o(.ARM.Collect$$libinit$$00000019)
    .ARM.Collect$$libinit$$0000001B          0x08000202   Section        0  libinit2.o(.ARM.Collect$$libinit$$0000001B)
    .ARM.Collect$$libinit$$0000001D          0x08000202   Section        0  libinit2.o(.ARM.Collect$$libinit$$0000001D)
    .ARM.Collect$$libinit$$0000001F          0x08000202   Section        0  libinit2.o(.ARM.Collect$$libinit$$0000001F)
    .ARM.Collect$$libinit$$00000021          0x08000202   Section        0  libinit2.o(.ARM.Collect$$libinit$$00000021)
    .ARM.Collect$$libinit$$00000023          0x08000202   Section        0  libinit2.o(.ARM.Collect$$libinit$$00000023)
    .ARM.Collect$$libinit$$00000025          0x08000202   Section        0  libinit2.o(.ARM.Collect$$libinit$$00000025)
    .ARM.Collect$$libinit$$0000002C          0x08000202   Section        0  libinit2.o(.ARM.Collect$$libinit$$0000002C)
    .ARM.Collect$$libinit$$0000002E          0x08000202   Section        0  libinit2.o(.ARM.Collect$$libinit$$0000002E)
    .ARM.Collect$$libinit$$00000030          0x08000202   Section        0  libinit2.o(.ARM.Collect$$libinit$$00000030)
    .ARM.Collect$$libinit$$00000032          0x08000202   Section        0  libinit2.o(.ARM.Collect$$libinit$$00000032)
    .ARM.Collect$$libinit$$00000033          0x08000202   Section        2  libinit2.o(.ARM.Collect$$libinit$$00000033)
    .ARM.Collect$$libshutdown$$00000000      0x08000204   Section        2  libshutdown.o(.ARM.Collect$$libshutdown$$00000000)
    .ARM.Collect$$libshutdown$$00000003      0x08000206   Section        0  libshutdown2.o(.ARM.Collect$$libshutdown$$00000003)
    .ARM.Collect$$libshutdown$$00000006      0x08000206   Section        0  libshutdown2.o(.ARM.Collect$$libshutdown$$00000006)
    .ARM.Collect$$libshutdown$$00000009      0x08000206   Section        0  libshutdown2.o(.ARM.Collect$$libshutdown$$00000009)
    .ARM.Collect$$libshutdown$$0000000B      0x08000206   Section        0  libshutdown2.o(.ARM.Collect$$libshutdown$$0000000B)
    .ARM.Collect$$libshutdown$$0000000E      0x08000206   Section        0  libshutdown2.o(.ARM.Collect$$libshutdown$$0000000E)
    .ARM.Collect$$libshutdown$$0000000F      0x08000206   Section        2  libshutdown2.o(.ARM.Collect$$libshutdown$$0000000F)
    .ARM.Collect$$rtentry$$00000000          0x08000208   Section        0  __rtentry.o(.ARM.Collect$$rtentry$$00000000)
    .ARM.Collect$$rtentry$$00000002          0x08000208   Section        0  __rtentry2.o(.ARM.Collect$$rtentry$$00000002)
    .ARM.Collect$$rtentry$$00000004          0x08000208   Section        6  __rtentry4.o(.ARM.Collect$$rtentry$$00000004)
    .ARM.Collect$$rtentry$$00000009          0x0800020e   Section        0  __rtentry2.o(.ARM.Collect$$rtentry$$00000009)
    .ARM.Collect$$rtentry$$0000000A          0x0800020e   Section        4  __rtentry2.o(.ARM.Collect$$rtentry$$0000000A)
    .ARM.Collect$$rtentry$$0000000C          0x08000212   Section        0  __rtentry2.o(.ARM.Collect$$rtentry$$0000000C)
    .ARM.Collect$$rtentry$$0000000D          0x08000212   Section        8  __rtentry2.o(.ARM.Collect$$rtentry$$0000000D)
    .ARM.Collect$$rtexit$$00000000           0x0800021a   Section        2  rtexit.o(.ARM.Collect$$rtexit$$00000000)
    .ARM.Collect$$rtexit$$00000002           0x0800021c   Section        0  rtexit2.o(.ARM.Collect$$rtexit$$00000002)
    .ARM.Collect$$rtexit$$00000003           0x0800021c   Section        4  rtexit2.o(.ARM.Collect$$rtexit$$00000003)
    .ARM.Collect$$rtexit$$00000004           0x08000220   Section        6  rtexit2.o(.ARM.Collect$$rtexit$$00000004)
    .text                                    0x08000228   Section       64  startup_stm32f303xc.o(.text)
    $v0                                      0x08000228   Number         0  startup_stm32f303xc.o(.text)
    .text                                    0x08000268   Section        0  assert.o(.text)
    .text                                    0x080002e8   Section        0  heapauxi.o(.text)
    .text                                    0x080002ee   Section        0  abort.o(.text)
    .text                                    0x080002fe   Section        0  assert_puts.o(.text)
    .text                                    0x08000312   Section        0  sys_wrch.o(.text)
    .text                                    0x08000320   Section        0  sys_exit.o(.text)
    .text                                    0x0800032c   Section        0  defsig_abrt_outer.o(.text)
    .text                                    0x0800033a   Section        2  use_no_semi.o(.text)
    .text                                    0x0800033c   Section        0  indicate_semi.o(.text)
    .text                                    0x0800033c   Section       74  sys_stackheap_outer.o(.text)
    .text                                    0x08000386   Section        0  exit.o(.text)
    .text                                    0x08000392   Section        0  defsig_exit.o(.text)
    .text                                    0x0800039c   Section        0  defsig_abrt_inner.o(.text)
    .text                                    0x080003cc   Section        8  libspace.o(.text)
    .text                                    0x080003d4   Section        0  defsig_general.o(.text)
    i.BusFault_Handler                       0x08000406   Section        0  stm32f30x_it.o(i.BusFault_Handler)
    i.DMA1_Channel7_IRQHandler               0x0800040c   Section        0  main.o(i.DMA1_Channel7_IRQHandler)
    i.DMA_ClearFlag                          0x0800043c   Section        0  stm32f30x_dma.o(i.DMA_ClearFlag)
    i.DMA_Cmd                                0x08000458   Section        0  stm32f30x_dma.o(i.DMA_Cmd)
    i.DMA_DeInit                             0x08000470   Section        0  stm32f30x_dma.o(i.DMA_DeInit)
    i.DMA_GetITStatus                        0x080005bc   Section        0  stm32f30x_dma.o(i.DMA_GetITStatus)
    i.DMA_ITConfig                           0x080005e8   Section        0  stm32f30x_dma.o(i.DMA_ITConfig)
    i.DMA_Init                               0x080005fa   Section        0  stm32f30x_dma.o(i.DMA_Init)
    i.DebugMon_Handler                       0x08000636   Section        0  stm32f30x_it.o(i.DebugMon_Handler)
    i.EXTI15_10_IRQHandler                   0x08000638   Section        0  main.o(i.EXTI15_10_IRQHandler)
    i.EXTI_ClearITPendingBit                 0x08000708   Section        0  stm32f30x_exti.o(i.EXTI_ClearITPendingBit)
    i.EXTI_GetITStatus                       0x08000724   Section        0  stm32f30x_exti.o(i.EXTI_GetITStatus)
    i.EXTI_Init                              0x08000750   Section        0  stm32f30x_exti.o(i.EXTI_Init)
    i.Fis1100_configureAccelerometer         0x080008bc   Section        0  fis1100_driver.o(i.Fis1100_configureAccelerometer)
    i.Fis1100_configureGyroscope             0x08000980   Section        0  fis1100_driver.o(i.Fis1100_configureGyroscope)
    i.Fis1100_enableSensors                  0x08000a9c   Section        0  fis1100_driver.o(i.Fis1100_enableSensors)
    i.Fis1100_init                           0x08000ac4   Section        0  fis1100_driver.o(i.Fis1100_init)
    i.Fis1100_readRawGyroscopeData           0x08000ae8   Section        0  main.o(i.Fis1100_readRawGyroscopeData)
    Fis1100_readRawGyroscopeData             0x08000ae9   Thumb Code    16  main.o(i.Fis1100_readRawGyroscopeData)
    i.Fis1100_readRegisters                  0x08000af8   Section        0  fis1100_driver.o(i.Fis1100_readRegisters)
    i.Fis1100_readStatus1                    0x08000b48   Section        0  fis1100_driver.o(i.Fis1100_readStatus1)
    i.Fis1100_reset                          0x08000b5c   Section        0  fis1100_driver.o(i.Fis1100_reset)
    i.Fis1100_writeRegisters                 0x08000bcc   Section        0  fis1100_driver.o(i.Fis1100_writeRegisters)
    i.GPIO_Init                              0x08000c5c   Section        0  stm32f30x_gpio.o(i.GPIO_Init)
    i.GPIO_PinAFConfig                       0x08000cf2   Section        0  stm32f30x_gpio.o(i.GPIO_PinAFConfig)
    i.GPIO_ReadInputDataBit                  0x08000d38   Section        0  stm32f30x_gpio.o(i.GPIO_ReadInputDataBit)
    i.GPIO_ResetBits                         0x08000d4a   Section        0  stm32f30x_gpio.o(i.GPIO_ResetBits)
    i.GPIO_SetBits                           0x08000d4e   Section        0  stm32f30x_gpio.o(i.GPIO_SetBits)
    i.HardFault_Handler                      0x08000d52   Section        0  stm32f30x_it.o(i.HardFault_Handler)
    i.MemManage_Handler                      0x08000d56   Section        0  stm32f30x_it.o(i.MemManage_Handler)
    i.NMI_Handler                            0x08000d5a   Section        0  stm32f30x_it.o(i.NMI_Handler)
    i.NVIC_Init                              0x08000d5c   Section        0  stm32f30x_misc.o(i.NVIC_Init)
    i.NVIC_PriorityGroupConfig               0x08000dcc   Section        0  stm32f30x_misc.o(i.NVIC_PriorityGroupConfig)
    i.PendSV_Handler                         0x08000de0   Section        0  stm32f30x_it.o(i.PendSV_Handler)
    i.RCC_AHBPeriphClockCmd                  0x08000de4   Section        0  stm32f30x_rcc.o(i.RCC_AHBPeriphClockCmd)
    i.RCC_APB1PeriphClockCmd                 0x08000e04   Section        0  stm32f30x_rcc.o(i.RCC_APB1PeriphClockCmd)
    i.RCC_APB2PeriphClockCmd                 0x08000e24   Section        0  stm32f30x_rcc.o(i.RCC_APB2PeriphClockCmd)
    i.RCC_GetClocksFreq                      0x08000e44   Section        0  stm32f30x_rcc.o(i.RCC_GetClocksFreq)
    i.SPI_Cmd                                0x080013ac   Section        0  stm32f30x_spi.o(i.SPI_Cmd)
    i.SPI_I2S_GetFlagStatus                  0x080013c4   Section        0  stm32f30x_spi.o(i.SPI_I2S_GetFlagStatus)
    i.SPI_Init                               0x080013d6   Section        0  stm32f30x_spi.o(i.SPI_Init)
    i.SPI_ReadWriteByte                      0x08001458   Section        0  main.o(i.SPI_ReadWriteByte)
    i.SPI_ReceiveData8                       0x0800148c   Section        0  stm32f30x_spi.o(i.SPI_ReceiveData8)
    i.SPI_RxFIFOThresholdConfig              0x08001498   Section        0  stm32f30x_spi.o(i.SPI_RxFIFOThresholdConfig)
    i.SPI_SendData8                          0x080014aa   Section        0  stm32f30x_spi.o(i.SPI_SendData8)
    i.SVC_Handler                            0x080014b4   Section        0  stm32f30x_it.o(i.SVC_Handler)
    i.SYSCFG_EXTILineConfig                  0x080014b8   Section        0  stm32f30x_syscfg.o(i.SYSCFG_EXTILineConfig)
    i.SetSysClock                            0x080014f8   Section        0  main.o(i.SetSysClock)
    SetSysClock                              0x080014f9   Thumb Code   188  main.o(i.SetSysClock)
    i.SysTick_Handler                        0x080015bc   Section        0  stm32f30x_it.o(i.SysTick_Handler)
    i.SystemCoreClockUpdate                  0x080015c0   Section        0  system_stm32f3xx.o(i.SystemCoreClockUpdate)
    i.SystemInit                             0x08001660   Section        0  system_stm32f3xx.o(i.SystemInit)
    i.USART_ClearFlag                        0x080016dc   Section        0  stm32f30x_usart.o(i.USART_ClearFlag)
    i.USART_Cmd                              0x080016e0   Section        0  stm32f30x_usart.o(i.USART_Cmd)
    i.USART_Config                           0x080016f8   Section        0  main.o(i.USART_Config)
    USART_Config                             0x080016f9   Thumb Code   190  main.o(i.USART_Config)
    i.USART_DMACmd                           0x080017c8   Section        0  stm32f30x_usart.o(i.USART_DMACmd)
    i.USART_Init                             0x080017dc   Section        0  stm32f30x_usart.o(i.USART_Init)
    i.UsageFault_Handler                     0x080018c8   Section        0  stm32f30x_it.o(i.UsageFault_Handler)
    i.applyPatch                             0x080018cc   Section        0  fis1100_driver.o(i.applyPatch)
    i.dmaStartFromAddr                       0x08001a18   Section        0  main.o(i.dmaStartFromAddr)
    i.doCtrl9Command                         0x08001a74   Section        0  fis1100_driver.o(i.doCtrl9Command)
    i.fis1100Configure                       0x08001b20   Section        0  main.o(i.fis1100Configure)
    i.hwInit                                 0x08001b90   Section        0  main.o(i.hwInit)
    i.intConfigure                           0x08001c38   Section        0  main.o(i.intConfigure)
    i.main                                   0x08001c98   Section        0  main.o(i.main)
    i.myDelayMicroseconds                    0x08001ce0   Section        0  main.o(i.myDelayMicroseconds)
    i.myReadFisData                          0x08001d6c   Section        0  main.o(i.myReadFisData)
    i.myReadInt1                             0x08001dac   Section        0  main.o(i.myReadInt1)
    i.myReadInt2                             0x08001dc8   Section        0  main.o(i.myReadInt2)
    i.myReset                                0x08001de4   Section        0  main.o(i.myReset)
    i.myWriteFisData                         0x08001e08   Section        0  main.o(i.myWriteFisData)
    i.setEnableBits                          0x08001e38   Section        0  fis1100_driver.o(i.setEnableBits)
    i.spiInit                                0x08001e74   Section        0  main.o(i.spiInit)
    x$fpl$fpinit                             0x08001f3c   Section       10  fpinit.o(x$fpl$fpinit)
    $v0                                      0x08001f3c   Number         0  fpinit.o(x$fpl$fpinit)
    .data                                    0x20000000   Section        4  fis1100_driver.o(.data)
    g_fisDriverHal                           0x20000000   Data           4  fis1100_driver.o(.data)
    .data                                    0x20000004   Section       20  main.o(.data)
    pointer                                  0x20000008   Data           2  main.o(.data)
    crc                                      0x2000000a   Data           2  main.o(.data)
    myReadRawOis                             0x20000014   Data           4  main.o(.data)
    .data                                    0x20000018   Section       48  stm32f30x_rcc.o(.data)
    APBAHBPrescTable                         0x20000018   Data          16  stm32f30x_rcc.o(.data)
    ADCPrescTable                            0x20000028   Data          32  stm32f30x_rcc.o(.data)
    .data                                    0x20000048   Section       20  system_stm32f3xx.o(.data)
    .bss                                     0x2000005c   Section       16  fis1100_driver.o(.bss)
    g_fisDriverSettings                      0x2000005c   Data          16  fis1100_driver.o(.bss)
    .bss                                     0x2000006c   Section      564  main.o(.bss)
    m_fishal                                 0x20000098   Data          28  main.o(.bss)
    .bss                                     0x200002a0   Section       96  libspace.o(.bss)
    HEAP                                     0x20000300   Section      512  startup_stm32f303xc.o(HEAP)
    Heap_Mem                                 0x20000300   Data         512  startup_stm32f303xc.o(HEAP)
    STACK                                    0x20000500   Section     1024  startup_stm32f303xc.o(STACK)
    Stack_Mem                                0x20000500   Data        1024  startup_stm32f303xc.o(STACK)
    __initial_sp                             0x20000900   Data           0  startup_stm32f303xc.o(STACK)

    Global Symbols

    Symbol Name                              Value     Ov Type        Size  Object(Section)

    BuildAttributes$$THM_ISAv4$E$P$D$K$B$S$7EM$VFPi3$EXTD16$VFPS$VFMA$PE$A:L22UL41UL21$X:L11$S22US41US21$IEEE1$IW$USESV6$~STKCKD$USESV7$~SHL$OTIME$ROPI$IEEEJ$EBA8$UX$STANDARDLIB$REQ8$PRES8$EABIv2 0x00000000   Number         0  anon$$obj.o ABSOLUTE
    __ARM_use_no_argv                        0x00000000   Number         0  main.o ABSOLUTE
    __ARM_exceptions_init                     - Undefined Weak Reference
    __alloca_initialize                       - Undefined Weak Reference
    __arm_preinit_                            - Undefined Weak Reference
    __cpp_initialize__aeabi_                  - Undefined Weak Reference
    __cxa_finalize                            - Undefined Weak Reference
    __rt_locale                               - Undefined Weak Reference
    __sigvec_lookup                           - Undefined Weak Reference
    _atexit_init                              - Undefined Weak Reference
    _call_atexit_fns                          - Undefined Weak Reference
    _clock_init                               - Undefined Weak Reference
    _fp_trap_init                             - Undefined Weak Reference
    _fp_trap_shutdown                         - Undefined Weak Reference
    _get_lc_collate                           - Undefined Weak Reference
    _get_lc_ctype                             - Undefined Weak Reference
    _get_lc_monetary                          - Undefined Weak Reference
    _get_lc_numeric                           - Undefined Weak Reference
    _get_lc_time                              - Undefined Weak Reference
    _getenv_init                              - Undefined Weak Reference
    _handle_redirection                       - Undefined Weak Reference
    _init_alloc                               - Undefined Weak Reference
    _init_user_alloc                          - Undefined Weak Reference
    _initio                                   - Undefined Weak Reference
    _rand_init                                - Undefined Weak Reference
    _signal_finish                            - Undefined Weak Reference
    _signal_init                              - Undefined Weak Reference
    _terminate_alloc                          - Undefined Weak Reference
    _terminate_user_alloc                     - Undefined Weak Reference
    _terminateio                              - Undefined Weak Reference
    __Vectors_Size                           0x00000188   Number         0  startup_stm32f303xc.o ABSOLUTE
    __Vectors                                0x08000000   Data           4  startup_stm32f303xc.o(RESET)
    __Vectors_End                            0x08000188   Data           0  startup_stm32f303xc.o(RESET)
    __main                                   0x08000189   Thumb Code     8  __main.o(!!!main)
    __scatterload                            0x08000191   Thumb Code     0  __scatter.o(!!!scatter)
    __scatterload_rt2                        0x08000191   Thumb Code    44  __scatter.o(!!!scatter)
    __scatterload_rt2_thumb_only             0x08000191   Thumb Code     0  __scatter.o(!!!scatter)
    __scatterload_null                       0x0800019f   Thumb Code     0  __scatter.o(!!!scatter)
    __scatterload_copy                       0x080001c5   Thumb Code    26  __scatter_copy.o(!!handler_copy)
    __scatterload_zeroinit                   0x080001e1   Thumb Code    28  __scatter_zi.o(!!handler_zi)
    __rt_lib_init                            0x080001fd   Thumb Code     0  libinit.o(.ARM.Collect$$libinit$$00000000)
    __rt_lib_init_fp_1                       0x080001ff   Thumb Code     0  libinit2.o(.ARM.Collect$$libinit$$00000001)
    __rt_lib_init_alloca_1                   0x08000203   Thumb Code     0  libinit2.o(.ARM.Collect$$libinit$$0000002E)
    __rt_lib_init_argv_1                     0x08000203   Thumb Code     0  libinit2.o(.ARM.Collect$$libinit$$0000002C)
    __rt_lib_init_atexit_1                   0x08000203   Thumb Code     0  libinit2.o(.ARM.Collect$$libinit$$0000001B)
    __rt_lib_init_clock_1                    0x08000203   Thumb Code     0  libinit2.o(.ARM.Collect$$libinit$$00000021)
    __rt_lib_init_cpp_1                      0x08000203   Thumb Code     0  libinit2.o(.ARM.Collect$$libinit$$00000032)
    __rt_lib_init_exceptions_1               0x08000203   Thumb Code     0  libinit2.o(.ARM.Collect$$libinit$$00000030)
    __rt_lib_init_fp_trap_1                  0x08000203   Thumb Code     0  libinit2.o(.ARM.Collect$$libinit$$0000001F)
    __rt_lib_init_getenv_1                   0x08000203   Thumb Code     0  libinit2.o(.ARM.Collect$$libinit$$00000023)
    __rt_lib_init_heap_1                     0x08000203   Thumb Code     0  libinit2.o(.ARM.Collect$$libinit$$0000000A)
    __rt_lib_init_lc_collate_1               0x08000203   Thumb Code     0  libinit2.o(.ARM.Collect$$libinit$$00000011)
    __rt_lib_init_lc_ctype_1                 0x08000203   Thumb Code     0  libinit2.o(.ARM.Collect$$libinit$$00000013)
    __rt_lib_init_lc_monetary_1              0x08000203   Thumb Code     0  libinit2.o(.ARM.Collect$$libinit$$00000015)
    __rt_lib_init_lc_numeric_1               0x08000203   Thumb Code     0  libinit2.o(.ARM.Collect$$libinit$$00000017)
    __rt_lib_init_lc_time_1                  0x08000203   Thumb Code     0  libinit2.o(.ARM.Collect$$libinit$$00000019)
    __rt_lib_init_preinit_1                  0x08000203   Thumb Code     0  libinit2.o(.ARM.Collect$$libinit$$00000004)
    __rt_lib_init_rand_1                     0x08000203   Thumb Code     0  libinit2.o(.ARM.Collect$$libinit$$0000000E)
    __rt_lib_init_return                     0x08000203   Thumb Code     0  libinit2.o(.ARM.Collect$$libinit$$00000033)
    __rt_lib_init_signal_1                   0x08000203   Thumb Code     0  libinit2.o(.ARM.Collect$$libinit$$0000001D)
    __rt_lib_init_stdio_1                    0x08000203   Thumb Code     0  libinit2.o(.ARM.Collect$$libinit$$00000025)
    __rt_lib_init_user_alloc_1               0x08000203   Thumb Code     0  libinit2.o(.ARM.Collect$$libinit$$0000000C)
    __rt_lib_shutdown                        0x08000205   Thumb Code     0  libshutdown.o(.ARM.Collect$$libshutdown$$00000000)
    __rt_lib_shutdown_fp_trap_1              0x08000207   Thumb Code     0  libshutdown2.o(.ARM.Collect$$libshutdown$$00000006)
    __rt_lib_shutdown_heap_1                 0x08000207   Thumb Code     0  libshutdown2.o(.ARM.Collect$$libshutdown$$0000000E)
    __rt_lib_shutdown_return                 0x08000207   Thumb Code     0  libshutdown2.o(.ARM.Collect$$libshutdown$$0000000F)
    __rt_lib_shutdown_signal_1               0x08000207   Thumb Code     0  libshutdown2.o(.ARM.Collect$$libshutdown$$00000009)
    __rt_lib_shutdown_stdio_1                0x08000207   Thumb Code     0  libshutdown2.o(.ARM.Collect$$libshutdown$$00000003)
    __rt_lib_shutdown_user_alloc_1           0x08000207   Thumb Code     0  libshutdown2.o(.ARM.Collect$$libshutdown$$0000000B)
    __rt_entry                               0x08000209   Thumb Code     0  __rtentry.o(.ARM.Collect$$rtentry$$00000000)
    __rt_entry_presh_1                       0x08000209   Thumb Code     0  __rtentry2.o(.ARM.Collect$$rtentry$$00000002)
    __rt_entry_sh                            0x08000209   Thumb Code     0  __rtentry4.o(.ARM.Collect$$rtentry$$00000004)
    __rt_entry_li                            0x0800020f   Thumb Code     0  __rtentry2.o(.ARM.Collect$$rtentry$$0000000A)
    __rt_entry_postsh_1                      0x0800020f   Thumb Code     0  __rtentry2.o(.ARM.Collect$$rtentry$$00000009)
    __rt_entry_main                          0x08000213   Thumb Code     0  __rtentry2.o(.ARM.Collect$$rtentry$$0000000D)
    __rt_entry_postli_1                      0x08000213   Thumb Code     0  __rtentry2.o(.ARM.Collect$$rtentry$$0000000C)
    __rt_exit                                0x0800021b   Thumb Code     0  rtexit.o(.ARM.Collect$$rtexit$$00000000)
    __rt_exit_ls                             0x0800021d   Thumb Code     0  rtexit2.o(.ARM.Collect$$rtexit$$00000003)
    __rt_exit_prels_1                        0x0800021d   Thumb Code     0  rtexit2.o(.ARM.Collect$$rtexit$$00000002)
    __rt_exit_exit                           0x08000221   Thumb Code     0  rtexit2.o(.ARM.Collect$$rtexit$$00000004)
    Reset_Handler                            0x08000229   Thumb Code     8  startup_stm32f303xc.o(.text)
    ADC1_2_IRQHandler                        0x08000243   Thumb Code     0  startup_stm32f303xc.o(.text)
    ADC3_IRQHandler                          0x08000243   Thumb Code     0  startup_stm32f303xc.o(.text)
    ADC4_IRQHandler                          0x08000243   Thumb Code     0  startup_stm32f303xc.o(.text)
    CAN_RX1_IRQHandler                       0x08000243   Thumb Code     0  startup_stm32f303xc.o(.text)
    CAN_SCE_IRQHandler                       0x08000243   Thumb Code     0  startup_stm32f303xc.o(.text)
    COMP1_2_3_IRQHandler                     0x08000243   Thumb Code     0  startup_stm32f303xc.o(.text)
    COMP4_5_6_IRQHandler                     0x08000243   Thumb Code     0  startup_stm32f303xc.o(.text)
    COMP7_IRQHandler                         0x08000243   Thumb Code     0  startup_stm32f303xc.o(.text)
    DMA1_Channel1_IRQHandler                 0x08000243   Thumb Code     0  startup_stm32f303xc.o(.text)
    DMA1_Channel2_IRQHandler                 0x08000243   Thumb Code     0  startup_stm32f303xc.o(.text)
    DMA1_Channel3_IRQHandler                 0x08000243   Thumb Code     0  startup_stm32f303xc.o(.text)
    DMA1_Channel4_IRQHandler                 0x08000243   Thumb Code     0  startup_stm32f303xc.o(.text)
    DMA1_Channel5_IRQHandler                 0x08000243   Thumb Code     0  startup_stm32f303xc.o(.text)
    DMA1_Channel6_IRQHandler                 0x08000243   Thumb Code     0  startup_stm32f303xc.o(.text)
    DMA2_Channel1_IRQHandler                 0x08000243   Thumb Code     0  startup_stm32f303xc.o(.text)
    DMA2_Channel2_IRQHandler                 0x08000243   Thumb Code     0  startup_stm32f303xc.o(.text)
    DMA2_Channel3_IRQHandler                 0x08000243   Thumb Code     0  startup_stm32f303xc.o(.text)
    DMA2_Channel4_IRQHandler                 0x08000243   Thumb Code     0  startup_stm32f303xc.o(.text)
    DMA2_Channel5_IRQHandler                 0x08000243   Thumb Code     0  startup_stm32f303xc.o(.text)
    EXTI0_IRQHandler                         0x08000243   Thumb Code     0  startup_stm32f303xc.o(.text)
    EXTI1_IRQHandler                         0x08000243   Thumb Code     0  startup_stm32f303xc.o(.text)
    EXTI2_TSC_IRQHandler                     0x08000243   Thumb Code     0  startup_stm32f303xc.o(.text)
    EXTI3_IRQHandler                         0x08000243   Thumb Code     0  startup_stm32f303xc.o(.text)
    EXTI4_IRQHandler                         0x08000243   Thumb Code     0  startup_stm32f303xc.o(.text)
    EXTI9_5_IRQHandler                       0x08000243   Thumb Code     0  startup_stm32f303xc.o(.text)
    FLASH_IRQHandler                         0x08000243   Thumb Code     0  startup_stm32f303xc.o(.text)
    FPU_IRQHandler                           0x08000243   Thumb Code     0  startup_stm32f303xc.o(.text)
    I2C1_ER_IRQHandler                       0x08000243   Thumb Code     0  startup_stm32f303xc.o(.text)
    I2C1_EV_IRQHandler                       0x08000243   Thumb Code     0  startup_stm32f303xc.o(.text)
    I2C2_ER_IRQHandler                       0x08000243   Thumb Code     0  startup_stm32f303xc.o(.text)
    I2C2_EV_IRQHandler                       0x08000243   Thumb Code     0  startup_stm32f303xc.o(.text)
    PVD_IRQHandler                           0x08000243   Thumb Code     0  startup_stm32f303xc.o(.text)
    RCC_IRQHandler                           0x08000243   Thumb Code     0  startup_stm32f303xc.o(.text)
    RTC_Alarm_IRQHandler                     0x08000243   Thumb Code     0  startup_stm32f303xc.o(.text)
    RTC_WKUP_IRQHandler                      0x08000243   Thumb Code     0  startup_stm32f303xc.o(.text)
    SPI1_IRQHandler                          0x08000243   Thumb Code     0  startup_stm32f303xc.o(.text)
    SPI2_IRQHandler                          0x08000243   Thumb Code     0  startup_stm32f303xc.o(.text)
    SPI3_IRQHandler                          0x08000243   Thumb Code     0  startup_stm32f303xc.o(.text)
    TAMP_STAMP_IRQHandler                    0x08000243   Thumb Code     0  startup_stm32f303xc.o(.text)
    TIM1_BRK_TIM15_IRQHandler                0x08000243   Thumb Code     0  startup_stm32f303xc.o(.text)
    TIM1_CC_IRQHandler                       0x08000243   Thumb Code     0  startup_stm32f303xc.o(.text)
    TIM1_TRG_COM_TIM17_IRQHandler            0x08000243   Thumb Code     0  startup_stm32f303xc.o(.text)
    TIM1_UP_TIM16_IRQHandler                 0x08000243   Thumb Code     0  startup_stm32f303xc.o(.text)
    TIM2_IRQHandler                          0x08000243   Thumb Code     0  startup_stm32f303xc.o(.text)
    TIM3_IRQHandler                          0x08000243   Thumb Code     0  startup_stm32f303xc.o(.text)
    TIM4_IRQHandler                          0x08000243   Thumb Code     0  startup_stm32f303xc.o(.text)
    TIM6_DAC_IRQHandler                      0x08000243   Thumb Code     0  startup_stm32f303xc.o(.text)
    TIM7_IRQHandler                          0x08000243   Thumb Code     0  startup_stm32f303xc.o(.text)
    TIM8_BRK_IRQHandler                      0x08000243   Thumb Code     0  startup_stm32f303xc.o(.text)
    TIM8_CC_IRQHandler                       0x08000243   Thumb Code     0  startup_stm32f303xc.o(.text)
    TIM8_TRG_COM_IRQHandler                  0x08000243   Thumb Code     0  startup_stm32f303xc.o(.text)
    TIM8_UP_IRQHandler                       0x08000243   Thumb Code     0  startup_stm32f303xc.o(.text)
    UART4_IRQHandler                         0x08000243   Thumb Code     0  startup_stm32f303xc.o(.text)
    UART5_IRQHandler                         0x08000243   Thumb Code     0  startup_stm32f303xc.o(.text)
    USART1_IRQHandler                        0x08000243   Thumb Code     0  startup_stm32f303xc.o(.text)
    USART2_IRQHandler                        0x08000243   Thumb Code     0  startup_stm32f303xc.o(.text)
    USART3_IRQHandler                        0x08000243   Thumb Code     0  startup_stm32f303xc.o(.text)
    USBWakeUp_IRQHandler                     0x08000243   Thumb Code     0  startup_stm32f303xc.o(.text)
    USBWakeUp_RMP_IRQHandler                 0x08000243   Thumb Code     0  startup_stm32f303xc.o(.text)
    USB_HP_CAN_TX_IRQHandler                 0x08000243   Thumb Code     0  startup_stm32f303xc.o(.text)
    USB_HP_IRQHandler                        0x08000243   Thumb Code     0  startup_stm32f303xc.o(.text)
    USB_LP_CAN_RX0_IRQHandler                0x08000243   Thumb Code     0  startup_stm32f303xc.o(.text)
    USB_LP_IRQHandler                        0x08000243   Thumb Code     0  startup_stm32f303xc.o(.text)
    WWDG_IRQHandler                          0x08000243   Thumb Code     0  startup_stm32f303xc.o(.text)
    __user_initial_stackheap                 0x08000245   Thumb Code     0  startup_stm32f303xc.o(.text)
    __aeabi_assert                           0x08000269   Thumb Code    86  assert.o(.text)
    __assert                                 0x08000269   Thumb Code     0  assert.o(.text)
    __use_two_region_memory                  0x080002e9   Thumb Code     2  heapauxi.o(.text)
    __rt_heap_escrow$2region                 0x080002eb   Thumb Code     2  heapauxi.o(.text)
    __rt_heap_expand$2region                 0x080002ed   Thumb Code     2  heapauxi.o(.text)
    abort                                    0x080002ef   Thumb Code    16  abort.o(.text)
    __assert_puts                            0x080002ff   Thumb Code    20  assert_puts.o(.text)
    _ttywrch                                 0x08000313   Thumb Code    14  sys_wrch.o(.text)
    _sys_exit                                0x08000321   Thumb Code     8  sys_exit.o(.text)
    __rt_SIGABRT                             0x0800032d   Thumb Code    14  defsig_abrt_outer.o(.text)
    __I$use$semihosting                      0x0800033b   Thumb Code     0  use_no_semi.o(.text)
    __use_no_semihosting_swi                 0x0800033b   Thumb Code     2  use_no_semi.o(.text)
    __semihosting_library_function           0x0800033d   Thumb Code     0  indicate_semi.o(.text)
    __user_setup_stackheap                   0x0800033d   Thumb Code    74  sys_stackheap_outer.o(.text)
    exit                                     0x08000387   Thumb Code    12  exit.o(.text)
    __sig_exit                               0x08000393   Thumb Code    10  defsig_exit.o(.text)
    __rt_SIGABRT_inner                       0x0800039d   Thumb Code    14  defsig_abrt_inner.o(.text)
    __user_libspace                          0x080003cd   Thumb Code     8  libspace.o(.text)
    __user_perproc_libspace                  0x080003cd   Thumb Code     0  libspace.o(.text)
    __user_perthread_libspace                0x080003cd   Thumb Code     0  libspace.o(.text)
    __default_signal_display                 0x080003d5   Thumb Code    50  defsig_general.o(.text)
    BusFault_Handler                         0x08000407   Thumb Code     4  stm32f30x_it.o(i.BusFault_Handler)
    DMA1_Channel7_IRQHandler                 0x0800040d   Thumb Code    40  main.o(i.DMA1_Channel7_IRQHandler)
    DMA_ClearFlag                            0x0800043d   Thumb Code    18  stm32f30x_dma.o(i.DMA_ClearFlag)
    DMA_Cmd                                  0x08000459   Thumb Code    24  stm32f30x_dma.o(i.DMA_Cmd)
    DMA_DeInit                               0x08000471   Thumb Code   324  stm32f30x_dma.o(i.DMA_DeInit)
    DMA_GetITStatus                          0x080005bd   Thumb Code    36  stm32f30x_dma.o(i.DMA_GetITStatus)
    DMA_ITConfig                             0x080005e9   Thumb Code    18  stm32f30x_dma.o(i.DMA_ITConfig)
    DMA_Init                                 0x080005fb   Thumb Code    60  stm32f30x_dma.o(i.DMA_Init)
    DebugMon_Handler                         0x08000637   Thumb Code     2  stm32f30x_it.o(i.DebugMon_Handler)
    EXTI15_10_IRQHandler                     0x08000639   Thumb Code   188  main.o(i.EXTI15_10_IRQHandler)
    EXTI_ClearITPendingBit                   0x08000709   Thumb Code    22  stm32f30x_exti.o(i.EXTI_ClearITPendingBit)
    EXTI_GetITStatus                         0x08000725   Thumb Code    38  stm32f30x_exti.o(i.EXTI_GetITStatus)
    EXTI_Init                                0x08000751   Thumb Code   354  stm32f30x_exti.o(i.EXTI_Init)
    Fis1100_configureAccelerometer           0x080008bd   Thumb Code   138  fis1100_driver.o(i.Fis1100_configureAccelerometer)
    Fis1100_configureGyroscope               0x08000981   Thumb Code   212  fis1100_driver.o(i.Fis1100_configureGyroscope)
    Fis1100_enableSensors                    0x08000a9d   Thumb Code    38  fis1100_driver.o(i.Fis1100_enableSensors)
    Fis1100_init                             0x08000ac5   Thumb Code    26  fis1100_driver.o(i.Fis1100_init)
    Fis1100_readRegisters                    0x08000af9   Thumb Code    74  fis1100_driver.o(i.Fis1100_readRegisters)
    Fis1100_readStatus1                      0x08000b49   Thumb Code    18  fis1100_driver.o(i.Fis1100_readStatus1)
    Fis1100_reset                            0x08000b5d   Thumb Code    98  fis1100_driver.o(i.Fis1100_reset)
    Fis1100_writeRegisters                   0x08000bcd   Thumb Code   138  fis1100_driver.o(i.Fis1100_writeRegisters)
    GPIO_Init                                0x08000c5d   Thumb Code   150  stm32f30x_gpio.o(i.GPIO_Init)
    GPIO_PinAFConfig                         0x08000cf3   Thumb Code    70  stm32f30x_gpio.o(i.GPIO_PinAFConfig)
    GPIO_ReadInputDataBit                    0x08000d39   Thumb Code    18  stm32f30x_gpio.o(i.GPIO_ReadInputDataBit)
    GPIO_ResetBits                           0x08000d4b   Thumb Code     4  stm32f30x_gpio.o(i.GPIO_ResetBits)
    GPIO_SetBits                             0x08000d4f   Thumb Code     4  stm32f30x_gpio.o(i.GPIO_SetBits)
    HardFault_Handler                        0x08000d53   Thumb Code     4  stm32f30x_it.o(i.HardFault_Handler)
    MemManage_Handler                        0x08000d57   Thumb Code     4  stm32f30x_it.o(i.MemManage_Handler)
    NMI_Handler                              0x08000d5b   Thumb Code     2  stm32f30x_it.o(i.NMI_Handler)
    NVIC_Init                                0x08000d5d   Thumb Code   100  stm32f30x_misc.o(i.NVIC_Init)
    NVIC_PriorityGroupConfig                 0x08000dcd   Thumb Code    10  stm32f30x_misc.o(i.NVIC_PriorityGroupConfig)
    PendSV_Handler                           0x08000de1   Thumb Code     2  stm32f30x_it.o(i.PendSV_Handler)
    RCC_AHBPeriphClockCmd                    0x08000de5   Thumb Code    26  stm32f30x_rcc.o(i.RCC_AHBPeriphClockCmd)
    RCC_APB1PeriphClockCmd                   0x08000e05   Thumb Code    26  stm32f30x_rcc.o(i.RCC_APB1PeriphClockCmd)
    RCC_APB2PeriphClockCmd                   0x08000e25   Thumb Code    26  stm32f30x_rcc.o(i.RCC_APB2PeriphClockCmd)
    RCC_GetClocksFreq                        0x08000e45   Thumb Code  1364  stm32f30x_rcc.o(i.RCC_GetClocksFreq)
    SPI_Cmd                                  0x080013ad   Thumb Code    24  stm32f30x_spi.o(i.SPI_Cmd)
    SPI_I2S_GetFlagStatus                    0x080013c5   Thumb Code    18  stm32f30x_spi.o(i.SPI_I2S_GetFlagStatus)
    SPI_Init                                 0x080013d7   Thumb Code   130  stm32f30x_spi.o(i.SPI_Init)
    SPI_ReadWriteByte                        0x08001459   Thumb Code    48  main.o(i.SPI_ReadWriteByte)
    SPI_ReceiveData8                         0x0800148d   Thumb Code    12  stm32f30x_spi.o(i.SPI_ReceiveData8)
    SPI_RxFIFOThresholdConfig                0x08001499   Thumb Code    18  stm32f30x_spi.o(i.SPI_RxFIFOThresholdConfig)
    SPI_SendData8                            0x080014ab   Thumb Code    10  stm32f30x_spi.o(i.SPI_SendData8)
    SVC_Handler                              0x080014b5   Thumb Code     2  stm32f30x_it.o(i.SVC_Handler)
    SYSCFG_EXTILineConfig                    0x080014b9   Thumb Code    60  stm32f30x_syscfg.o(i.SYSCFG_EXTILineConfig)
    SysTick_Handler                          0x080015bd   Thumb Code     2  stm32f30x_it.o(i.SysTick_Handler)
    SystemCoreClockUpdate                    0x080015c1   Thumb Code   138  system_stm32f3xx.o(i.SystemCoreClockUpdate)
    SystemInit                               0x08001661   Thumb Code   104  system_stm32f3xx.o(i.SystemInit)
    USART_ClearFlag                          0x080016dd   Thumb Code     4  stm32f30x_usart.o(i.USART_ClearFlag)
    USART_Cmd                                0x080016e1   Thumb Code    22  stm32f30x_usart.o(i.USART_Cmd)
    USART_DMACmd                             0x080017c9   Thumb Code    18  stm32f30x_usart.o(i.USART_DMACmd)
    USART_Init                               0x080017dd   Thumb Code   220  stm32f30x_usart.o(i.USART_Init)
    UsageFault_Handler                       0x080018c9   Thumb Code     4  stm32f30x_it.o(i.UsageFault_Handler)
    applyPatch                               0x080018cd   Thumb Code   282  fis1100_driver.o(i.applyPatch)
    dmaStartFromAddr                         0x08001a19   Thumb Code    80  main.o(i.dmaStartFromAddr)
    doCtrl9Command                           0x08001a75   Thumb Code   102  fis1100_driver.o(i.doCtrl9Command)
    fis1100Configure                         0x08001b21   Thumb Code    76  main.o(i.fis1100Configure)
    hwInit                                   0x08001b91   Thumb Code   158  main.o(i.hwInit)
    intConfigure                             0x08001c39   Thumb Code    94  main.o(i.intConfigure)
    main                                     0x08001c99   Thumb Code    60  main.o(i.main)
    myDelayMicroseconds                      0x08001ce1   Thumb Code   140  main.o(i.myDelayMicroseconds)
    myReadFisData                            0x08001d6d   Thumb Code    58  main.o(i.myReadFisData)
    myReadInt1                               0x08001dad   Thumb Code    24  main.o(i.myReadInt1)
    myReadInt2                               0x08001dc9   Thumb Code    24  main.o(i.myReadInt2)
    myReset                                  0x08001de5   Thumb Code    30  main.o(i.myReset)
    myWriteFisData                           0x08001e09   Thumb Code    44  main.o(i.myWriteFisData)
    setEnableBits                            0x08001e39   Thumb Code    58  fis1100_driver.o(i.setEnableBits)
    spiInit                                  0x08001e75   Thumb Code   190  main.o(i.spiInit)
    _fp_init                                 0x08001f3d   Thumb Code    10  fpinit.o(x$fpl$fpinit)
    __fplib_config_fpu_vfp                   0x08001f45   Thumb Code     0  fpinit.o(x$fpl$fpinit)
    __fplib_config_pureend_doubles           0x08001f45   Thumb Code     0  fpinit.o(x$fpl$fpinit)
    Region$$Table$$Base                      0x08001f48   Number         0  anon$$obj.o(Region$$Table)
    Region$$Table$$Limit                     0x08001f68   Number         0  anon$$obj.o(Region$$Table)
    headerPacket                             0x20000004   Data           4  main.o(.data)
    data                                     0x2000000c   Data           6  main.o(.data)
    SystemCoreClock                          0x20000048   Data           4  system_stm32f3xx.o(.data)
    AHBPrescTable                            0x2000004c   Data          16  system_stm32f3xx.o(.data)
    DMA_InitStructure                        0x2000006c   Data          44  main.o(.bss)
    tx_buffer                                0x200000b4   Data         492  main.o(.bss)
    __libspace_start                         0x200002a0   Data          96  libspace.o(.bss)
    __temporary_stack_top$libspace           0x20000300   Data           0  libspace.o(.bss)



==============================================================================

Memory Map of the image

  Image Entry point : 0x08000229

  Load Region LR_1 (Base: 0x08000000, Size: 0x00001fc4, Max: 0xffffffff, ABSOLUTE)

    Execution Region ER_RO (Base: 0x08000000, Size: 0x00001f68, Max: 0xffffffff, ABSOLUTE)

    Base Addr    Size         Type   Attr      Idx    E Section Name        Object

    0x08000000   0x00000188   Data   RO         1801    RESET               startup_stm32f303xc.o
    0x08000188   0x00000008   Code   RO         1858  * !!!main             c_w.l(__main.o)
    0x08000190   0x00000034   Code   RO         2031    !!!scatter          c_w.l(__scatter.o)
    0x080001c4   0x0000001a   Code   RO         2033    !!handler_copy      c_w.l(__scatter_copy.o)
    0x080001de   0x00000002   PAD
    0x080001e0   0x0000001c   Code   RO         2035    !!handler_zi        c_w.l(__scatter_zi.o)
    0x080001fc   0x00000002   Code   RO         1915    .ARM.Collect$$libinit$$00000000  c_w.l(libinit.o)
    0x080001fe   0x00000004   Code   RO         1925    .ARM.Collect$$libinit$$00000001  c_w.l(libinit2.o)
    0x08000202   0x00000000   Code   RO         1928    .ARM.Collect$$libinit$$00000004  c_w.l(libinit2.o)
    0x08000202   0x00000000   Code   RO         1931    .ARM.Collect$$libinit$$0000000A  c_w.l(libinit2.o)
    0x08000202   0x00000000   Code   RO         1933    .ARM.Collect$$libinit$$0000000C  c_w.l(libinit2.o)
    0x08000202   0x00000000   Code   RO         1935    .ARM.Collect$$libinit$$0000000E  c_w.l(libinit2.o)
    0x08000202   0x00000000   Code   RO         1938    .ARM.Collect$$libinit$$00000011  c_w.l(libinit2.o)
    0x08000202   0x00000000   Code   RO         1940    .ARM.Collect$$libinit$$00000013  c_w.l(libinit2.o)
    0x08000202   0x00000000   Code   RO         1942    .ARM.Collect$$libinit$$00000015  c_w.l(libinit2.o)
    0x08000202   0x00000000   Code   RO         1944    .ARM.Collect$$libinit$$00000017  c_w.l(libinit2.o)
    0x08000202   0x00000000   Code   RO         1946    .ARM.Collect$$libinit$$00000019  c_w.l(libinit2.o)
    0x08000202   0x00000000   Code   RO         1948    .ARM.Collect$$libinit$$0000001B  c_w.l(libinit2.o)
    0x08000202   0x00000000   Code   RO         1950    .ARM.Collect$$libinit$$0000001D  c_w.l(libinit2.o)
    0x08000202   0x00000000   Code   RO         1952    .ARM.Collect$$libinit$$0000001F  c_w.l(libinit2.o)
    0x08000202   0x00000000   Code   RO         1954    .ARM.Collect$$libinit$$00000021  c_w.l(libinit2.o)
    0x08000202   0x00000000   Code   RO         1956    .ARM.Collect$$libinit$$00000023  c_w.l(libinit2.o)
    0x08000202   0x00000000   Code   RO         1958    .ARM.Collect$$libinit$$00000025  c_w.l(libinit2.o)
    0x08000202   0x00000000   Code   RO         1962    .ARM.Collect$$libinit$$0000002C  c_w.l(libinit2.o)
    0x08000202   0x00000000   Code   RO         1964    .ARM.Collect$$libinit$$0000002E  c_w.l(libinit2.o)
    0x08000202   0x00000000   Code   RO         1966    .ARM.Collect$$libinit$$00000030  c_w.l(libinit2.o)
    0x08000202   0x00000000   Code   RO         1968    .ARM.Collect$$libinit$$00000032  c_w.l(libinit2.o)
    0x08000202   0x00000002   Code   RO         1969    .ARM.Collect$$libinit$$00000033  c_w.l(libinit2.o)
    0x08000204   0x00000002   Code   RO         2005    .ARM.Collect$$libshutdown$$00000000  c_w.l(libshutdown.o)
    0x08000206   0x00000000   Code   RO         2016    .ARM.Collect$$libshutdown$$00000003  c_w.l(libshutdown2.o)
    0x08000206   0x00000000   Code   RO         2019    .ARM.Collect$$libshutdown$$00000006  c_w.l(libshutdown2.o)
    0x08000206   0x00000000   Code   RO         2022    .ARM.Collect$$libshutdown$$00000009  c_w.l(libshutdown2.o)
    0x08000206   0x00000000   Code   RO         2024    .ARM.Collect$$libshutdown$$0000000B  c_w.l(libshutdown2.o)
    0x08000206   0x00000000   Code   RO         2027    .ARM.Collect$$libshutdown$$0000000E  c_w.l(libshutdown2.o)
    0x08000206   0x00000002   Code   RO         2028    .ARM.Collect$$libshutdown$$0000000F  c_w.l(libshutdown2.o)
    0x08000208   0x00000000   Code   RO         1864    .ARM.Collect$$rtentry$$00000000  c_w.l(__rtentry.o)
    0x08000208   0x00000000   Code   RO         1877    .ARM.Collect$$rtentry$$00000002  c_w.l(__rtentry2.o)
    0x08000208   0x00000006   Code   RO         1889    .ARM.Collect$$rtentry$$00000004  c_w.l(__rtentry4.o)
    0x0800020e   0x00000000   Code   RO         1879    .ARM.Collect$$rtentry$$00000009  c_w.l(__rtentry2.o)
    0x0800020e   0x00000004   Code   RO         1880    .ARM.Collect$$rtentry$$0000000A  c_w.l(__rtentry2.o)
    0x08000212   0x00000000   Code   RO         1882    .ARM.Collect$$rtentry$$0000000C  c_w.l(__rtentry2.o)
    0x08000212   0x00000008   Code   RO         1883    .ARM.Collect$$rtentry$$0000000D  c_w.l(__rtentry2.o)
    0x0800021a   0x00000002   Code   RO         1919    .ARM.Collect$$rtexit$$00000000  c_w.l(rtexit.o)
    0x0800021c   0x00000000   Code   RO         1971    .ARM.Collect$$rtexit$$00000002  c_w.l(rtexit2.o)
    0x0800021c   0x00000004   Code   RO         1972    .ARM.Collect$$rtexit$$00000003  c_w.l(rtexit2.o)
    0x08000220   0x00000006   Code   RO         1973    .ARM.Collect$$rtexit$$00000004  c_w.l(rtexit2.o)
    0x08000226   0x00000002   PAD
    0x08000228   0x00000040   Code   RO         1802  * .text               startup_stm32f303xc.o
    0x08000268   0x00000080   Code   RO         1854    .text               c_w.l(assert.o)
    0x080002e8   0x00000006   Code   RO         1856    .text               c_w.l(heapauxi.o)
    0x080002ee   0x00000010   Code   RO         1865    .text               c_w.l(abort.o)
    0x080002fe   0x00000014   Code   RO         1867    .text               c_w.l(assert_puts.o)
    0x08000312   0x0000000e   Code   RO         1872    .text               c_w.l(sys_wrch.o)
    0x08000320   0x0000000c   Code   RO         1874    .text               c_w.l(sys_exit.o)
    0x0800032c   0x0000000e   Code   RO         1891    .text               c_w.l(defsig_abrt_outer.o)
    0x0800033a   0x00000002   Code   RO         1897    .text               c_w.l(use_no_semi.o)
    0x0800033c   0x00000000   Code   RO         1899    .text               c_w.l(indicate_semi.o)
    0x0800033c   0x0000004a   Code   RO         1900    .text               c_w.l(sys_stackheap_outer.o)
    0x08000386   0x0000000c   Code   RO         1904    .text               c_w.l(exit.o)
    0x08000392   0x0000000a   Code   RO         1906    .text               c_w.l(defsig_exit.o)
    0x0800039c   0x00000030   Code   RO         1908    .text               c_w.l(defsig_abrt_inner.o)
    0x080003cc   0x00000008   Code   RO         1916    .text               c_w.l(libspace.o)
    0x080003d4   0x00000032   Code   RO         1923    .text               c_w.l(defsig_general.o)
    0x08000406   0x00000004   Code   RO          528    i.BusFault_Handler  stm32f30x_it.o
    0x0800040a   0x00000002   PAD
    0x0800040c   0x00000030   Code   RO          296    i.DMA1_Channel7_IRQHandler  main.o
    0x0800043c   0x0000001c   Code   RO          594    i.DMA_ClearFlag     stm32f30x_dma.o
    0x08000458   0x00000018   Code   RO          596    i.DMA_Cmd           stm32f30x_dma.o
    0x08000470   0x0000014c   Code   RO          597    i.DMA_DeInit        stm32f30x_dma.o
    0x080005bc   0x0000002c   Code   RO          600    i.DMA_GetITStatus   stm32f30x_dma.o
    0x080005e8   0x00000012   Code   RO          601    i.DMA_ITConfig      stm32f30x_dma.o
    0x080005fa   0x0000003c   Code   RO          602    i.DMA_Init          stm32f30x_dma.o
    0x08000636   0x00000002   Code   RO          529    i.DebugMon_Handler  stm32f30x_it.o
    0x08000638   0x000000d0   Code   RO          297    i.EXTI15_10_IRQHandler  main.o
    0x08000708   0x0000001c   Code   RO          685    i.EXTI_ClearITPendingBit  stm32f30x_exti.o
    0x08000724   0x0000002c   Code   RO          689    i.EXTI_GetITStatus  stm32f30x_exti.o
    0x08000750   0x0000016c   Code   RO          690    i.EXTI_Init         stm32f30x_exti.o
    0x080008bc   0x000000c4   Code   RO            4    i.Fis1100_configureAccelerometer  fis1100_driver.o
    0x08000980   0x0000011c   Code   RO            8    i.Fis1100_configureGyroscope  fis1100_driver.o
    0x08000a9c   0x00000026   Code   RO           15    i.Fis1100_enableSensors  fis1100_driver.o
    0x08000ac2   0x00000002   PAD
    0x08000ac4   0x00000024   Code   RO           19    i.Fis1100_init      fis1100_driver.o
    0x08000ae8   0x00000010   Code   RO          298    i.Fis1100_readRawGyroscopeData  main.o
    0x08000af8   0x00000050   Code   RO           31    i.Fis1100_readRegisters  fis1100_driver.o
    0x08000b48   0x00000012   Code   RO           33    i.Fis1100_readStatus1  fis1100_driver.o
    0x08000b5a   0x00000002   PAD
    0x08000b5c   0x00000070   Code   RO           35    i.Fis1100_reset     fis1100_driver.o
    0x08000bcc   0x00000090   Code   RO           38    i.Fis1100_writeRegisters  fis1100_driver.o
    0x08000c5c   0x00000096   Code   RO          754    i.GPIO_Init         stm32f30x_gpio.o
    0x08000cf2   0x00000046   Code   RO          755    i.GPIO_PinAFConfig  stm32f30x_gpio.o
    0x08000d38   0x00000012   Code   RO          758    i.GPIO_ReadInputDataBit  stm32f30x_gpio.o
    0x08000d4a   0x00000004   Code   RO          761    i.GPIO_ResetBits    stm32f30x_gpio.o
    0x08000d4e   0x00000004   Code   RO          762    i.GPIO_SetBits      stm32f30x_gpio.o
    0x08000d52   0x00000004   Code   RO          530    i.HardFault_Handler  stm32f30x_it.o
    0x08000d56   0x00000004   Code   RO          531    i.MemManage_Handler  stm32f30x_it.o
    0x08000d5a   0x00000002   Code   RO          532    i.NMI_Handler       stm32f30x_it.o
    0x08000d5c   0x00000070   Code   RO         1439    i.NVIC_Init         stm32f30x_misc.o
    0x08000dcc   0x00000014   Code   RO         1440    i.NVIC_PriorityGroupConfig  stm32f30x_misc.o
    0x08000de0   0x00000002   Code   RO          533    i.PendSV_Handler    stm32f30x_it.o
    0x08000de2   0x00000002   PAD
    0x08000de4   0x00000020   Code   RO          853    i.RCC_AHBPeriphClockCmd  stm32f30x_rcc.o
    0x08000e04   0x00000020   Code   RO          855    i.RCC_APB1PeriphClockCmd  stm32f30x_rcc.o
    0x08000e24   0x00000020   Code   RO          857    i.RCC_APB2PeriphClockCmd  stm32f30x_rcc.o
    0x08000e44   0x00000568   Code   RO          865    i.RCC_GetClocksFreq  stm32f30x_rcc.o
    0x080013ac   0x00000018   Code   RO         1122    i.SPI_Cmd           stm32f30x_spi.o
    0x080013c4   0x00000012   Code   RO         1131    i.SPI_I2S_GetFlagStatus  stm32f30x_spi.o
    0x080013d6   0x00000082   Code   RO         1136    i.SPI_Init          stm32f30x_spi.o
    0x08001458   0x00000034   Code   RO          299    i.SPI_ReadWriteByte  main.o
    0x0800148c   0x0000000c   Code   RO         1140    i.SPI_ReceiveData8  stm32f30x_spi.o
    0x08001498   0x00000012   Code   RO         1141    i.SPI_RxFIFOThresholdConfig  stm32f30x_spi.o
    0x080014aa   0x0000000a   Code   RO         1143    i.SPI_SendData8     stm32f30x_spi.o
    0x080014b4   0x00000002   Code   RO          534    i.SVC_Handler       stm32f30x_it.o
    0x080014b6   0x00000002   PAD
    0x080014b8   0x00000040   Code   RO         1334    i.SYSCFG_EXTILineConfig  stm32f30x_syscfg.o
    0x080014f8   0x000000c4   Code   RO          300    i.SetSysClock       main.o
    0x080015bc   0x00000002   Code   RO          535    i.SysTick_Handler   stm32f30x_it.o
    0x080015be   0x00000002   PAD
    0x080015c0   0x000000a0   Code   RO         1809    i.SystemCoreClockUpdate  system_stm32f3xx.o
    0x08001660   0x0000007c   Code   RO         1810    i.SystemInit        system_stm32f3xx.o
    0x080016dc   0x00000004   Code   RO         1490    i.USART_ClearFlag   stm32f30x_usart.o
    0x080016e0   0x00000016   Code   RO         1494    i.USART_Cmd         stm32f30x_usart.o
    0x080016f6   0x00000002   PAD
    0x080016f8   0x000000d0   Code   RO          301    i.USART_Config      main.o
    0x080017c8   0x00000012   Code   RO         1497    i.USART_DMACmd      stm32f30x_usart.o
    0x080017da   0x00000002   PAD
    0x080017dc   0x000000ec   Code   RO         1506    i.USART_Init        stm32f30x_usart.o
    0x080018c8   0x00000004   Code   RO          536    i.UsageFault_Handler  stm32f30x_it.o
    0x080018cc   0x0000014c   Code   RO           39    i.applyPatch        fis1100_driver.o
    0x08001a18   0x0000005c   Code   RO          302    i.dmaStartFromAddr  main.o
    0x08001a74   0x000000ac   Code   RO           41    i.doCtrl9Command    fis1100_driver.o
    0x08001b20   0x00000070   Code   RO          303    i.fis1100Configure  main.o
    0x08001b90   0x000000a8   Code   RO          304    i.hwInit            main.o
    0x08001c38   0x0000005e   Code   RO          305    i.intConfigure      main.o
    0x08001c96   0x00000002   PAD
    0x08001c98   0x00000048   Code   RO          306    i.main              main.o
    0x08001ce0   0x0000008c   Code   RO          307    i.myDelayMicroseconds  main.o
    0x08001d6c   0x00000040   Code   RO          308    i.myReadFisData     main.o
    0x08001dac   0x0000001c   Code   RO          309    i.myReadInt1        main.o
    0x08001dc8   0x0000001c   Code   RO          310    i.myReadInt2        main.o
    0x08001de4   0x00000024   Code   RO          311    i.myReset           main.o
    0x08001e08   0x00000030   Code   RO          312    i.myWriteFisData    main.o
    0x08001e38   0x0000003a   Code   RO           42    i.setEnableBits     fis1100_driver.o
    0x08001e72   0x00000002   PAD
    0x08001e74   0x000000c8   Code   RO          313    i.spiInit           main.o
    0x08001f3c   0x0000000a   Code   RO         1981    x$fpl$fpinit        fz_wm.l(fpinit.o)
    0x08001f46   0x00000002   PAD
    0x08001f48   0x00000020   Data   RO         2029    Region$$Table       anon$$obj.o


    Execution Region ER_RW (Base: 0x20000000, Size: 0x0000005c, Max: 0xffffffff, ABSOLUTE)

    Base Addr    Size         Type   Attr      Idx    E Section Name        Object

    0x20000000   0x00000004   Data   RW           45    .data               fis1100_driver.o
    0x20000004   0x00000014   Data   RW          316    .data               main.o
    0x20000018   0x00000030   Data   RW          892    .data               stm32f30x_rcc.o
    0x20000048   0x00000014   Data   RW         1811    .data               system_stm32f3xx.o


    Execution Region ER_ZI (Base: 0x2000005c, Size: 0x000008a4, Max: 0xffffffff, ABSOLUTE)

    Base Addr    Size         Type   Attr      Idx    E Section Name        Object

    0x2000005c   0x00000010   Zero   RW           44    .bss                fis1100_driver.o
    0x2000006c   0x00000234   Zero   RW          315    .bss                main.o
    0x200002a0   0x00000060   Zero   RW         1917    .bss                c_w.l(libspace.o)
    0x20000300   0x00000200   Zero   RW         1800    HEAP                startup_stm32f303xc.o
    0x20000500   0x00000400   Zero   RW         1799    STACK               startup_stm32f303xc.o


==============================================================================

Image component sizes


      Code (inc. data)   RO Data    RW Data    ZI Data      Debug   Object Name

      1470        294          0          4         16      18678   fis1100_driver.o
      1810        162          0         20        564     357028   main.o
        64         26        392          0       1536        844   startup_stm32f303xc.o
       506         26          0          0          0      14847   stm32f30x_dma.o
       436         22          0          0          0       5132   stm32f30x_exti.o
       246          0          0          0          0       8423   stm32f30x_gpio.o
        26          0          0          0          0       4206   stm32f30x_it.o
       132         22          0          0          0       1611   stm32f30x_misc.o
      1480         38          0         48          0      22818   stm32f30x_rcc.o
       212          0          0          0          0      13412   stm32f30x_spi.o
        64          4          0          0          0        652   stm32f30x_syscfg.o
       280         16          0          0          0      13050   stm32f30x_usart.o
       284         42          0         20          0       1897   system_stm32f3xx.o

    ----------------------------------------------------------------------
      7030        652        424         92       2116     462598   Object Totals
         0          0         32          0          0          0   (incl. Generated)
        20          0          0          0          0          0   (incl. Padding)

    ----------------------------------------------------------------------

      Code (inc. data)   RO Data    RW Data    ZI Data      Debug   Library Member Name

         8          0          0          0          0         68   __main.o
         0          0          0          0          0          0   __rtentry.o
        12          0          0          0          0          0   __rtentry2.o
         6          0          0          0          0          0   __rtentry4.o
        52          8          0          0          0          0   __scatter.o
        26          0          0          0          0          0   __scatter_copy.o
        28          0          0          0          0          0   __scatter_zi.o
        16          0          0          0          0         72   abort.o
       128         42          0          0          0         76   assert.o
        20          0          0          0          0         76   assert_puts.o
        48         34          0          0          0         76   defsig_abrt_inner.o
        14          0          0          0          0         80   defsig_abrt_outer.o
        10          0          0          0          0         68   defsig_exit.o
        50          0          0          0          0         88   defsig_general.o
        12          0          0          0          0         72   exit.o
         6          0          0          0          0        152   heapauxi.o
         0          0          0          0          0          0   indicate_semi.o
         2          0          0          0          0          0   libinit.o
         6          0          0          0          0          0   libinit2.o
         2          0          0          0          0          0   libshutdown.o
         2          0          0          0          0          0   libshutdown2.o
         8          4          0          0         96         68   libspace.o
         2          0          0          0          0          0   rtexit.o
        10          0          0          0          0          0   rtexit2.o
        12          4          0          0          0         68   sys_exit.o
        74          0          0          0          0         80   sys_stackheap_outer.o
        14          0          0          0          0         76   sys_wrch.o
         2          0          0          0          0         68   use_no_semi.o
        10          0          0          0          0        116   fpinit.o

    ----------------------------------------------------------------------
       586         92          0          0         96       1304   Library Totals
         6          0          0          0          0          0   (incl. Padding)

    ----------------------------------------------------------------------

      Code (inc. data)   RO Data    RW Data    ZI Data      Debug   Library Name

       570         92          0          0         96       1188   c_w.l
        10          0          0          0          0        116   fz_wm.l

    ----------------------------------------------------------------------
       586         92          0          0         96       1304   Library Totals

    ----------------------------------------------------------------------

==============================================================================


      Code (inc. data)   RO Data    RW Data    ZI Data      Debug   

      7616        744        424         92       2212     456730   Grand Totals
      7616        744        424         92       2212     456730   ELF Image Totals
      7616        744        424         92          0          0   ROM Totals

==============================================================================

    Total RO  Size (Code + RO Data)                 8040 (   7.85kB)
    Total RW  Size (RW Data + ZI Data)              2304 (   2.25kB)
    Total ROM Size (Code + RO Data + RW Data)       8132 (   7.94kB)

==============================================================================

