<html>
<body>
<pre>
<h1>礦ision Build Log</h1>
<h2>Tool Versions:</h2>
IDE-Version: μVision V5.14.0.0
Copyright (C) 2015 ARM Ltd and ARM Germany GmbH. All rights reserved.
License Information: K K, K, LIC=D0D74-F6FGW-12PLE-55B3H-RN70C-CPAJL
 
Tool Versions:
Toolchain:       MDK-ARM Standard  Version: 5.14.0.0
Toolchain Path:  D:\MDKV5\ARM\ARMCC\Bin
C Compiler:      Armcc.exe V5.05 update 1 (build 106)
Assembler:       Armasm.exe V5.05 update 1 (build 106)
Linker/Locator:  ArmLink.exe V5.05 update 1 (build 106)
Library Manager: ArmAr.exe V5.05 update 1 (build 106)
Hex Converter:   FromElf.exe V5.05 update 1 (build 106)
CPU DLL:         SARMCM3.DLL V5.14.0.0
Dialog DLL:      DCM.DLL V1.13.1.0
Target DLL:      Segger\JL2CM3.dll V2.99.13.0
Dialog DLL:      TCM.DLL V1.14.4.0
 
<h2>Project:</h2>
C:\Users\KING\Desktop\MAX21100最新版买家不含气压计资料\MAX21100最新版买家资料\MAX21100_405\TEST.uvprojx
Project File Date:  06/14/2015

<h2>Output:</h2>
Build target 'TEST'
compiling main.c...
compiling stm32f4xx_it.c...
compiling delay.c...
compiling usart1.c...
compiling spi.c...
compiling printf.c...
compiling max21100.c...
linking...
Program Size: Code=6984 RO-data=424 RW-data=76 ZI-data=1028  
FromELF: creating hex file...
".\Obj\TEST.axf" - 0 Error(s), 0 Warning(s).

<h2>Collection of Component include folders:</h2>
  C:\Users\KING\Desktop\MAX21100最新版买家不含气压计资料\MAX21100最新版买家资料\MAX21100_405\RTE
  D:\MDKV5\ARM\PACK\Keil\STM32F4xx_DFP\2.4.0

<h2>Collection of Component Files used:</h2>
</pre>
</body>
</html>
