<html>
<body>
<pre>
<h1>µVision Build Log</h1>
<h2>Tool Versions:</h2>
IDE-Version: ¦ÌVision V5.14.0.0
Copyright (C) 2015 ARM Ltd and ARM Germany GmbH. All rights reserved.
License Information: Han Zhang, Crazy Scientist, LIC=WHYBS-LG6Y1-JIF5S-LCJRY-NN00I-40A5W
 
Tool Versions:
Toolchain:       MDK-ARM Standard  Version: 5.14.0.0
Toolchain Path:  C:\Keil_v5\ARM\ARMCC\Bin
C Compiler:      Armcc.exe V5.05 update 1 (build 106)
Assembler:       Armasm.exe V5.05 update 1 (build 106)
Linker/Locator:  ArmLink.exe V5.05 update 1 (build 106)
Library Manager: ArmAr.exe V5.05 update 1 (build 106)
Hex Converter:   FromElf.exe V5.05 update 1 (build 106)
CPU DLL:         SARMCM3.DLL V5.14.0.0
Dialog DLL:      DCM.DLL V1.13.1.0
Target DLL:      STLink\ST-LINKIII-KEIL_SWO.dll V2.0.14.0_KEIL
Dialog DLL:      TCM.DLL V1.14.4.0
 
<h2>Project:</h2>
D:\Project\Challenge\Codes\[F4]CLA\Project-a\project.uvproj
Project File Date:  05/12/2016

<h2>Output:</h2>
Rebuild target 'Target 1'
assembling startup_stm32f40_41xxx.s...
compiling stm32f4xx_gpio.c...
compiling stm32f4xx_rcc.c...
compiling stm32f4xx_tim.c...
compiling stm32f4xx_flash.c...
compiling misc.c...
compiling stm32f4xx_spi.c...
compiling stm32f4xx_exti.c...
compiling stm32f4xx_rtc.c...
compiling stm32f4xx_syscfg.c...
compiling stm32f4xx_usart.c...
compiling main.c...
compiling port.c...
compiling stm32f4xx_it.c...
compiling system_stm32f4xx.c...
compiling deca_mutex.c...
compiling deca_sleep.c...
compiling deca_spi.c...
compiling deca_device.c...
compiling deca_params_init.c...
compiling deca_range_tables.c...
compiling dwm1000_port.c...
compiling ranging_interface.c...
compiling ranging_template_1to1.c...
compiling ccommtest.c...
compiling Commtest.c...
compiling newStrategy.c...
linking...
Program Size: Code=14592 RO-data=600 RW-data=56 ZI-data=1712  
".\OutPuts\project.axf" - 0 Error(s), 0 Warning(s).
</pre>
</body>
</html>
