<!doctype html public "-//w3c//dtd html 4.0 transitional//en">
<html><head>
<title>Static Call Graph - [.\OutPuts\project.axf]</title></head>
<body><HR>
<H1>Static Call Graph for image .\OutPuts\project.axf</H1><HR>
<BR><P>#&#060CALLGRAPH&#062# ARM Linker, 5050106: Last Updated: Sat Jan 30 14:20:07 2016
<BR><P>
<H3>Maximum Stack Usage =         96 bytes + Unknown(Functions without stacksize, Cycles, Untraceable Function Pointers)</H3><H3>
Call chain for Maximum Stack Depth:</H3>
__rt_entry_main &rArr; main &rArr; DW1000_Init &rArr; resetAll &rArr; writeRegister8 &rArr; writeRegister &rArr; setupTransaction &rArr; select
<P>
<H3>
Functions with no stack information
</H3><UL>
 <LI><a href="#[ce]">__user_initial_stackheap</a>
</UL>
</UL>
<P>
<H3>
Mutually Recursive functions
</H3> <LI><a href="#[1e]">ADC_IRQHandler</a>&nbsp;&nbsp;&nbsp;&rArr;&nbsp;&nbsp;&nbsp;<a href="#[1e]">ADC_IRQHandler</a><BR>
</UL>
<P>
<H3>
Function Pointers
</H3><UL>
 <LI><a href="#[1e]">ADC_IRQHandler</a> from startup_stm32f401xx.o(.text) referenced from startup_stm32f401xx.o(RESET)
 <LI><a href="#[6]">BusFault_Handler</a> from stm32f4xx_it.o(.text) referenced from startup_stm32f401xx.o(RESET)
 <LI><a href="#[17]">DMA1_Stream0_IRQHandler</a> from startup_stm32f401xx.o(.text) referenced from startup_stm32f401xx.o(RESET)
 <LI><a href="#[18]">DMA1_Stream1_IRQHandler</a> from startup_stm32f401xx.o(.text) referenced from startup_stm32f401xx.o(RESET)
 <LI><a href="#[19]">DMA1_Stream2_IRQHandler</a> from startup_stm32f401xx.o(.text) referenced from startup_stm32f401xx.o(RESET)
 <LI><a href="#[1a]">DMA1_Stream3_IRQHandler</a> from startup_stm32f401xx.o(.text) referenced from startup_stm32f401xx.o(RESET)
 <LI><a href="#[1b]">DMA1_Stream4_IRQHandler</a> from startup_stm32f401xx.o(.text) referenced from startup_stm32f401xx.o(RESET)
 <LI><a href="#[1c]">DMA1_Stream5_IRQHandler</a> from startup_stm32f401xx.o(.text) referenced from startup_stm32f401xx.o(RESET)
 <LI><a href="#[1d]">DMA1_Stream6_IRQHandler</a> from startup_stm32f401xx.o(.text) referenced from startup_stm32f401xx.o(RESET)
 <LI><a href="#[32]">DMA1_Stream7_IRQHandler</a> from startup_stm32f401xx.o(.text) referenced from startup_stm32f401xx.o(RESET)
 <LI><a href="#[36]">DMA2_Stream0_IRQHandler</a> from startup_stm32f401xx.o(.text) referenced from startup_stm32f401xx.o(RESET)
 <LI><a href="#[37]">DMA2_Stream1_IRQHandler</a> from startup_stm32f401xx.o(.text) referenced from startup_stm32f401xx.o(RESET)
 <LI><a href="#[38]">DMA2_Stream2_IRQHandler</a> from startup_stm32f401xx.o(.text) referenced from startup_stm32f401xx.o(RESET)
 <LI><a href="#[39]">DMA2_Stream3_IRQHandler</a> from startup_stm32f401xx.o(.text) referenced from startup_stm32f401xx.o(RESET)
 <LI><a href="#[3a]">DMA2_Stream4_IRQHandler</a> from startup_stm32f401xx.o(.text) referenced from startup_stm32f401xx.o(RESET)
 <LI><a href="#[3c]">DMA2_Stream5_IRQHandler</a> from startup_stm32f401xx.o(.text) referenced from startup_stm32f401xx.o(RESET)
 <LI><a href="#[3d]">DMA2_Stream6_IRQHandler</a> from startup_stm32f401xx.o(.text) referenced from startup_stm32f401xx.o(RESET)
 <LI><a href="#[3e]">DMA2_Stream7_IRQHandler</a> from startup_stm32f401xx.o(.text) referenced from startup_stm32f401xx.o(RESET)
 <LI><a href="#[9]">DebugMon_Handler</a> from stm32f4xx_it.o(.text) referenced from startup_stm32f401xx.o(RESET)
 <LI><a href="#[12]">EXTI0_IRQHandler</a> from startup_stm32f401xx.o(.text) referenced from startup_stm32f401xx.o(RESET)
 <LI><a href="#[2f]">EXTI15_10_IRQHandler</a> from startup_stm32f401xx.o(.text) referenced from startup_stm32f401xx.o(RESET)
 <LI><a href="#[13]">EXTI1_IRQHandler</a> from startup_stm32f401xx.o(.text) referenced from startup_stm32f401xx.o(RESET)
 <LI><a href="#[14]">EXTI2_IRQHandler</a> from startup_stm32f401xx.o(.text) referenced from startup_stm32f401xx.o(RESET)
 <LI><a href="#[15]">EXTI3_IRQHandler</a> from startup_stm32f401xx.o(.text) referenced from startup_stm32f401xx.o(RESET)
 <LI><a href="#[16]">EXTI4_IRQHandler</a> from startup_stm32f401xx.o(.text) referenced from startup_stm32f401xx.o(RESET)
 <LI><a href="#[1f]">EXTI9_5_IRQHandler</a> from startup_stm32f401xx.o(.text) referenced from startup_stm32f401xx.o(RESET)
 <LI><a href="#[10]">FLASH_IRQHandler</a> from startup_stm32f401xx.o(.text) referenced from startup_stm32f401xx.o(RESET)
 <LI><a href="#[42]">FPU_IRQHandler</a> from startup_stm32f401xx.o(.text) referenced from startup_stm32f401xx.o(RESET)
 <LI><a href="#[4]">HardFault_Handler</a> from stm32f4xx_it.o(.text) referenced from startup_stm32f401xx.o(RESET)
 <LI><a href="#[28]">I2C1_ER_IRQHandler</a> from startup_stm32f401xx.o(.text) referenced from startup_stm32f401xx.o(RESET)
 <LI><a href="#[27]">I2C1_EV_IRQHandler</a> from startup_stm32f401xx.o(.text) referenced from startup_stm32f401xx.o(RESET)
 <LI><a href="#[2a]">I2C2_ER_IRQHandler</a> from startup_stm32f401xx.o(.text) referenced from startup_stm32f401xx.o(RESET)
 <LI><a href="#[29]">I2C2_EV_IRQHandler</a> from startup_stm32f401xx.o(.text) referenced from startup_stm32f401xx.o(RESET)
 <LI><a href="#[41]">I2C3_ER_IRQHandler</a> from startup_stm32f401xx.o(.text) referenced from startup_stm32f401xx.o(RESET)
 <LI><a href="#[40]">I2C3_EV_IRQHandler</a> from startup_stm32f401xx.o(.text) referenced from startup_stm32f401xx.o(RESET)
 <LI><a href="#[5]">MemManage_Handler</a> from stm32f4xx_it.o(.text) referenced from startup_stm32f401xx.o(RESET)
 <LI><a href="#[3]">NMI_Handler</a> from stm32f4xx_it.o(.text) referenced from startup_stm32f401xx.o(RESET)
 <LI><a href="#[3b]">OTG_FS_IRQHandler</a> from startup_stm32f401xx.o(.text) referenced from startup_stm32f401xx.o(RESET)
 <LI><a href="#[31]">OTG_FS_WKUP_IRQHandler</a> from startup_stm32f401xx.o(.text) referenced from startup_stm32f401xx.o(RESET)
 <LI><a href="#[d]">PVD_IRQHandler</a> from startup_stm32f401xx.o(.text) referenced from startup_stm32f401xx.o(RESET)
 <LI><a href="#[a]">PendSV_Handler</a> from stm32f4xx_it.o(.text) referenced from startup_stm32f401xx.o(RESET)
 <LI><a href="#[11]">RCC_IRQHandler</a> from startup_stm32f401xx.o(.text) referenced from startup_stm32f401xx.o(RESET)
 <LI><a href="#[30]">RTC_Alarm_IRQHandler</a> from startup_stm32f401xx.o(.text) referenced from startup_stm32f401xx.o(RESET)
 <LI><a href="#[f]">RTC_WKUP_IRQHandler</a> from startup_stm32f401xx.o(.text) referenced from startup_stm32f401xx.o(RESET)
 <LI><a href="#[2]">Reset_Handler</a> from startup_stm32f401xx.o(.text) referenced from startup_stm32f401xx.o(RESET)
 <LI><a href="#[33]">SDIO_IRQHandler</a> from startup_stm32f401xx.o(.text) referenced from startup_stm32f401xx.o(RESET)
 <LI><a href="#[2b]">SPI1_IRQHandler</a> from startup_stm32f401xx.o(.text) referenced from startup_stm32f401xx.o(RESET)
 <LI><a href="#[2c]">SPI2_IRQHandler</a> from startup_stm32f401xx.o(.text) referenced from startup_stm32f401xx.o(RESET)
 <LI><a href="#[35]">SPI3_IRQHandler</a> from startup_stm32f401xx.o(.text) referenced from startup_stm32f401xx.o(RESET)
 <LI><a href="#[43]">SPI4_IRQHandler</a> from startup_stm32f401xx.o(.text) referenced from startup_stm32f401xx.o(RESET)
 <LI><a href="#[8]">SVC_Handler</a> from stm32f4xx_it.o(.text) referenced from startup_stm32f401xx.o(RESET)
 <LI><a href="#[b]">SysTick_Handler</a> from stm32f4xx_it.o(.text) referenced from startup_stm32f401xx.o(RESET)
 <LI><a href="#[44]">SystemInit</a> from system_stm32f4xx.o(.text) referenced from startup_stm32f401xx.o(.text)
 <LI><a href="#[e]">TAMP_STAMP_IRQHandler</a> from startup_stm32f401xx.o(.text) referenced from startup_stm32f401xx.o(RESET)
 <LI><a href="#[20]">TIM1_BRK_TIM9_IRQHandler</a> from startup_stm32f401xx.o(.text) referenced from startup_stm32f401xx.o(RESET)
 <LI><a href="#[23]">TIM1_CC_IRQHandler</a> from startup_stm32f401xx.o(.text) referenced from startup_stm32f401xx.o(RESET)
 <LI><a href="#[22]">TIM1_TRG_COM_TIM11_IRQHandler</a> from startup_stm32f401xx.o(.text) referenced from startup_stm32f401xx.o(RESET)
 <LI><a href="#[21]">TIM1_UP_TIM10_IRQHandler</a> from startup_stm32f401xx.o(.text) referenced from startup_stm32f401xx.o(RESET)
 <LI><a href="#[24]">TIM2_IRQHandler</a> from startup_stm32f401xx.o(.text) referenced from startup_stm32f401xx.o(RESET)
 <LI><a href="#[25]">TIM3_IRQHandler</a> from startup_stm32f401xx.o(.text) referenced from startup_stm32f401xx.o(RESET)
 <LI><a href="#[26]">TIM4_IRQHandler</a> from startup_stm32f401xx.o(.text) referenced from startup_stm32f401xx.o(RESET)
 <LI><a href="#[34]">TIM5_IRQHandler</a> from stm32f4xx_it.o(.text) referenced from startup_stm32f401xx.o(RESET)
 <LI><a href="#[2d]">USART1_IRQHandler</a> from startup_stm32f401xx.o(.text) referenced from startup_stm32f401xx.o(RESET)
 <LI><a href="#[2e]">USART2_IRQHandler</a> from startup_stm32f401xx.o(.text) referenced from startup_stm32f401xx.o(RESET)
 <LI><a href="#[3f]">USART6_IRQHandler</a> from startup_stm32f401xx.o(.text) referenced from startup_stm32f401xx.o(RESET)
 <LI><a href="#[7]">UsageFault_Handler</a> from stm32f4xx_it.o(.text) referenced from startup_stm32f401xx.o(RESET)
 <LI><a href="#[c]">WWDG_IRQHandler</a> from startup_stm32f401xx.o(.text) referenced from startup_stm32f401xx.o(RESET)
 <LI><a href="#[46]">__main</a> from __main.o(!!!main) referenced from startup_stm32f401xx.o(.text)
</UL>
<P>
<H3>
Global Symbols
</H3>
<P><STRONG><a name="[46]"></a>__main</STRONG> (Thumb, 8 bytes, Stack size 0 bytes, __main.o(!!!main))
<BR><BR>[Calls]<UL><LI><a href="#[48]">&gt;&gt;</a>&nbsp;&nbsp;&nbsp;__rt_entry
<LI><a href="#[47]">&gt;&gt;</a>&nbsp;&nbsp;&nbsp;__scatterload
</UL>

<P><STRONG><a name="[47]"></a>__scatterload</STRONG> (Thumb, 0 bytes, Stack size unknown bytes, __scatter.o(!!!scatter))
<BR><BR>[Called By]<UL><LI><a href="#[46]">&gt;&gt;</a>&nbsp;&nbsp;&nbsp;__main
</UL>

<P><STRONG><a name="[49]"></a>__scatterload_rt2</STRONG> (Thumb, 44 bytes, Stack size unknown bytes, __scatter.o(!!!scatter), UNUSED)
<BR><BR>[Calls]<UL><LI><a href="#[48]">&gt;&gt;</a>&nbsp;&nbsp;&nbsp;__rt_entry
</UL>

<P><STRONG><a name="[d9]"></a>__scatterload_rt2_thumb_only</STRONG> (Thumb, 0 bytes, Stack size unknown bytes, __scatter.o(!!!scatter), UNUSED)

<P><STRONG><a name="[da]"></a>__scatterload_null</STRONG> (Thumb, 0 bytes, Stack size unknown bytes, __scatter.o(!!!scatter), UNUSED)

<P><STRONG><a name="[4a]"></a>__scatterload_copy</STRONG> (Thumb, 26 bytes, Stack size unknown bytes, __scatter_copy.o(!!handler_copy), UNUSED)
<BR><BR>[Calls]<UL><LI><a href="#[4a]">&gt;&gt;</a>&nbsp;&nbsp;&nbsp;__scatterload_copy
</UL>
<BR>[Called By]<UL><LI><a href="#[4a]">&gt;&gt;</a>&nbsp;&nbsp;&nbsp;__scatterload_copy
</UL>

<P><STRONG><a name="[db]"></a>__scatterload_zeroinit</STRONG> (Thumb, 28 bytes, Stack size unknown bytes, __scatter_zi.o(!!handler_zi), UNUSED)

<P><STRONG><a name="[50]"></a>__rt_lib_init</STRONG> (Thumb, 0 bytes, Stack size unknown bytes, libinit.o(.ARM.Collect$$libinit$$00000000))
<BR><BR>[Called By]<UL><LI><a href="#[4f]">&gt;&gt;</a>&nbsp;&nbsp;&nbsp;__rt_entry_li
</UL>

<P><STRONG><a name="[4b]"></a>__rt_lib_init_fp_1</STRONG> (Thumb, 0 bytes, Stack size unknown bytes, libinit2.o(.ARM.Collect$$libinit$$00000001))
<BR><BR>[Calls]<UL><LI><a href="#[4c]">&gt;&gt;</a>&nbsp;&nbsp;&nbsp;_fp_init
</UL>

<P><STRONG><a name="[dc]"></a>__rt_lib_init_alloca_1</STRONG> (Thumb, 0 bytes, Stack size unknown bytes, libinit2.o(.ARM.Collect$$libinit$$0000002E))

<P><STRONG><a name="[dd]"></a>__rt_lib_init_argv_1</STRONG> (Thumb, 0 bytes, Stack size unknown bytes, libinit2.o(.ARM.Collect$$libinit$$0000002C))

<P><STRONG><a name="[de]"></a>__rt_lib_init_atexit_1</STRONG> (Thumb, 0 bytes, Stack size unknown bytes, libinit2.o(.ARM.Collect$$libinit$$0000001B))

<P><STRONG><a name="[df]"></a>__rt_lib_init_clock_1</STRONG> (Thumb, 0 bytes, Stack size unknown bytes, libinit2.o(.ARM.Collect$$libinit$$00000021))

<P><STRONG><a name="[e0]"></a>__rt_lib_init_cpp_1</STRONG> (Thumb, 0 bytes, Stack size unknown bytes, libinit2.o(.ARM.Collect$$libinit$$00000032))

<P><STRONG><a name="[e1]"></a>__rt_lib_init_exceptions_1</STRONG> (Thumb, 0 bytes, Stack size unknown bytes, libinit2.o(.ARM.Collect$$libinit$$00000030))

<P><STRONG><a name="[e2]"></a>__rt_lib_init_fp_trap_1</STRONG> (Thumb, 0 bytes, Stack size unknown bytes, libinit2.o(.ARM.Collect$$libinit$$0000001F))

<P><STRONG><a name="[e3]"></a>__rt_lib_init_getenv_1</STRONG> (Thumb, 0 bytes, Stack size unknown bytes, libinit2.o(.ARM.Collect$$libinit$$00000023))

<P><STRONG><a name="[e4]"></a>__rt_lib_init_heap_1</STRONG> (Thumb, 0 bytes, Stack size unknown bytes, libinit2.o(.ARM.Collect$$libinit$$0000000A))

<P><STRONG><a name="[e5]"></a>__rt_lib_init_lc_collate_1</STRONG> (Thumb, 0 bytes, Stack size unknown bytes, libinit2.o(.ARM.Collect$$libinit$$00000011))

<P><STRONG><a name="[e6]"></a>__rt_lib_init_lc_ctype_1</STRONG> (Thumb, 0 bytes, Stack size unknown bytes, libinit2.o(.ARM.Collect$$libinit$$00000013))

<P><STRONG><a name="[e7]"></a>__rt_lib_init_lc_monetary_1</STRONG> (Thumb, 0 bytes, Stack size unknown bytes, libinit2.o(.ARM.Collect$$libinit$$00000015))

<P><STRONG><a name="[e8]"></a>__rt_lib_init_lc_numeric_1</STRONG> (Thumb, 0 bytes, Stack size unknown bytes, libinit2.o(.ARM.Collect$$libinit$$00000017))

<P><STRONG><a name="[e9]"></a>__rt_lib_init_lc_time_1</STRONG> (Thumb, 0 bytes, Stack size unknown bytes, libinit2.o(.ARM.Collect$$libinit$$00000019))

<P><STRONG><a name="[ea]"></a>__rt_lib_init_preinit_1</STRONG> (Thumb, 0 bytes, Stack size unknown bytes, libinit2.o(.ARM.Collect$$libinit$$00000004))

<P><STRONG><a name="[eb]"></a>__rt_lib_init_rand_1</STRONG> (Thumb, 0 bytes, Stack size unknown bytes, libinit2.o(.ARM.Collect$$libinit$$0000000E))

<P><STRONG><a name="[ec]"></a>__rt_lib_init_return</STRONG> (Thumb, 0 bytes, Stack size unknown bytes, libinit2.o(.ARM.Collect$$libinit$$00000033))

<P><STRONG><a name="[ed]"></a>__rt_lib_init_signal_1</STRONG> (Thumb, 0 bytes, Stack size unknown bytes, libinit2.o(.ARM.Collect$$libinit$$0000001D))

<P><STRONG><a name="[ee]"></a>__rt_lib_init_stdio_1</STRONG> (Thumb, 0 bytes, Stack size unknown bytes, libinit2.o(.ARM.Collect$$libinit$$00000025))

<P><STRONG><a name="[ef]"></a>__rt_lib_init_user_alloc_1</STRONG> (Thumb, 0 bytes, Stack size unknown bytes, libinit2.o(.ARM.Collect$$libinit$$0000000C))

<P><STRONG><a name="[55]"></a>__rt_lib_shutdown</STRONG> (Thumb, 0 bytes, Stack size unknown bytes, libshutdown.o(.ARM.Collect$$libshutdown$$00000000))
<BR><BR>[Called By]<UL><LI><a href="#[54]">&gt;&gt;</a>&nbsp;&nbsp;&nbsp;__rt_exit_ls
</UL>

<P><STRONG><a name="[f0]"></a>__rt_lib_shutdown_fp_trap_1</STRONG> (Thumb, 0 bytes, Stack size unknown bytes, libshutdown2.o(.ARM.Collect$$libshutdown$$00000006))

<P><STRONG><a name="[f1]"></a>__rt_lib_shutdown_heap_1</STRONG> (Thumb, 0 bytes, Stack size unknown bytes, libshutdown2.o(.ARM.Collect$$libshutdown$$0000000E))

<P><STRONG><a name="[f2]"></a>__rt_lib_shutdown_return</STRONG> (Thumb, 0 bytes, Stack size unknown bytes, libshutdown2.o(.ARM.Collect$$libshutdown$$0000000F))

<P><STRONG><a name="[f3]"></a>__rt_lib_shutdown_signal_1</STRONG> (Thumb, 0 bytes, Stack size unknown bytes, libshutdown2.o(.ARM.Collect$$libshutdown$$00000009))

<P><STRONG><a name="[f4]"></a>__rt_lib_shutdown_stdio_1</STRONG> (Thumb, 0 bytes, Stack size unknown bytes, libshutdown2.o(.ARM.Collect$$libshutdown$$00000003))

<P><STRONG><a name="[f5]"></a>__rt_lib_shutdown_user_alloc_1</STRONG> (Thumb, 0 bytes, Stack size unknown bytes, libshutdown2.o(.ARM.Collect$$libshutdown$$0000000B))

<P><STRONG><a name="[48]"></a>__rt_entry</STRONG> (Thumb, 0 bytes, Stack size unknown bytes, __rtentry.o(.ARM.Collect$$rtentry$$00000000))
<BR><BR>[Called By]<UL><LI><a href="#[46]">&gt;&gt;</a>&nbsp;&nbsp;&nbsp;__main
<LI><a href="#[49]">&gt;&gt;</a>&nbsp;&nbsp;&nbsp;__scatterload_rt2
</UL>

<P><STRONG><a name="[f6]"></a>__rt_entry_presh_1</STRONG> (Thumb, 0 bytes, Stack size unknown bytes, __rtentry2.o(.ARM.Collect$$rtentry$$00000002))

<P><STRONG><a name="[4d]"></a>__rt_entry_sh</STRONG> (Thumb, 0 bytes, Stack size unknown bytes, __rtentry4.o(.ARM.Collect$$rtentry$$00000004))
<BR><BR>[Stack]<UL><LI>Max Depth = 8 + Unknown Stack Size
<LI>Call Chain = __rt_entry_sh &rArr; __user_setup_stackheap
</UL>
<BR>[Calls]<UL><LI><a href="#[4e]">&gt;&gt;</a>&nbsp;&nbsp;&nbsp;__user_setup_stackheap
</UL>

<P><STRONG><a name="[4f]"></a>__rt_entry_li</STRONG> (Thumb, 0 bytes, Stack size unknown bytes, __rtentry2.o(.ARM.Collect$$rtentry$$0000000A))
<BR><BR>[Calls]<UL><LI><a href="#[50]">&gt;&gt;</a>&nbsp;&nbsp;&nbsp;__rt_lib_init
</UL>

<P><STRONG><a name="[f7]"></a>__rt_entry_postsh_1</STRONG> (Thumb, 0 bytes, Stack size unknown bytes, __rtentry2.o(.ARM.Collect$$rtentry$$00000009))

<P><STRONG><a name="[51]"></a>__rt_entry_main</STRONG> (Thumb, 0 bytes, Stack size unknown bytes, __rtentry2.o(.ARM.Collect$$rtentry$$0000000D))
<BR><BR>[Stack]<UL><LI>Max Depth = 96 + Unknown Stack Size
<LI>Call Chain = __rt_entry_main &rArr; main &rArr; DW1000_Init &rArr; resetAll &rArr; writeRegister8 &rArr; writeRegister &rArr; setupTransaction &rArr; select
</UL>
<BR>[Calls]<UL><LI><a href="#[52]">&gt;&gt;</a>&nbsp;&nbsp;&nbsp;main
<LI><a href="#[53]">&gt;&gt;</a>&nbsp;&nbsp;&nbsp;exit
</UL>

<P><STRONG><a name="[f8]"></a>__rt_entry_postli_1</STRONG> (Thumb, 0 bytes, Stack size unknown bytes, __rtentry2.o(.ARM.Collect$$rtentry$$0000000C))

<P><STRONG><a name="[cf]"></a>__rt_exit</STRONG> (Thumb, 0 bytes, Stack size unknown bytes, rtexit.o(.ARM.Collect$$rtexit$$00000000))
<BR><BR>[Called By]<UL><LI><a href="#[53]">&gt;&gt;</a>&nbsp;&nbsp;&nbsp;exit
</UL>

<P><STRONG><a name="[54]"></a>__rt_exit_ls</STRONG> (Thumb, 0 bytes, Stack size unknown bytes, rtexit2.o(.ARM.Collect$$rtexit$$00000003))
<BR><BR>[Calls]<UL><LI><a href="#[55]">&gt;&gt;</a>&nbsp;&nbsp;&nbsp;__rt_lib_shutdown
</UL>

<P><STRONG><a name="[f9]"></a>__rt_exit_prels_1</STRONG> (Thumb, 0 bytes, Stack size unknown bytes, rtexit2.o(.ARM.Collect$$rtexit$$00000002))

<P><STRONG><a name="[56]"></a>__rt_exit_exit</STRONG> (Thumb, 0 bytes, Stack size unknown bytes, rtexit2.o(.ARM.Collect$$rtexit$$00000004))
<BR><BR>[Calls]<UL><LI><a href="#[57]">&gt;&gt;</a>&nbsp;&nbsp;&nbsp;_sys_exit
</UL>

<P><STRONG><a name="[2]"></a>Reset_Handler</STRONG> (Thumb, 8 bytes, Stack size 0 bytes, startup_stm32f401xx.o(.text))
<BR>[Address Reference Count : 1]<UL><LI> startup_stm32f401xx.o(RESET)
</UL>
<P><STRONG><a name="[1e]"></a>ADC_IRQHandler</STRONG> (Thumb, 0 bytes, Stack size 0 bytes, startup_stm32f401xx.o(.text))
<BR><BR>[Calls]<UL><LI><a href="#[1e]">&gt;&gt;</a>&nbsp;&nbsp;&nbsp;ADC_IRQHandler
</UL>
<BR>[Called By]<UL><LI><a href="#[1e]">&gt;&gt;</a>&nbsp;&nbsp;&nbsp;ADC_IRQHandler
</UL>
<BR>[Address Reference Count : 1]<UL><LI> startup_stm32f401xx.o(RESET)
</UL>
<P><STRONG><a name="[17]"></a>DMA1_Stream0_IRQHandler</STRONG> (Thumb, 0 bytes, Stack size 0 bytes, startup_stm32f401xx.o(.text))
<BR>[Address Reference Count : 1]<UL><LI> startup_stm32f401xx.o(RESET)
</UL>
<P><STRONG><a name="[18]"></a>DMA1_Stream1_IRQHandler</STRONG> (Thumb, 0 bytes, Stack size 0 bytes, startup_stm32f401xx.o(.text))
<BR>[Address Reference Count : 1]<UL><LI> startup_stm32f401xx.o(RESET)
</UL>
<P><STRONG><a name="[19]"></a>DMA1_Stream2_IRQHandler</STRONG> (Thumb, 0 bytes, Stack size 0 bytes, startup_stm32f401xx.o(.text))
<BR>[Address Reference Count : 1]<UL><LI> startup_stm32f401xx.o(RESET)
</UL>
<P><STRONG><a name="[1a]"></a>DMA1_Stream3_IRQHandler</STRONG> (Thumb, 0 bytes, Stack size 0 bytes, startup_stm32f401xx.o(.text))
<BR>[Address Reference Count : 1]<UL><LI> startup_stm32f401xx.o(RESET)
</UL>
<P><STRONG><a name="[1b]"></a>DMA1_Stream4_IRQHandler</STRONG> (Thumb, 0 bytes, Stack size 0 bytes, startup_stm32f401xx.o(.text))
<BR>[Address Reference Count : 1]<UL><LI> startup_stm32f401xx.o(RESET)
</UL>
<P><STRONG><a name="[1c]"></a>DMA1_Stream5_IRQHandler</STRONG> (Thumb, 0 bytes, Stack size 0 bytes, startup_stm32f401xx.o(.text))
<BR>[Address Reference Count : 1]<UL><LI> startup_stm32f401xx.o(RESET)
</UL>
<P><STRONG><a name="[1d]"></a>DMA1_Stream6_IRQHandler</STRONG> (Thumb, 0 bytes, Stack size 0 bytes, startup_stm32f401xx.o(.text))
<BR>[Address Reference Count : 1]<UL><LI> startup_stm32f401xx.o(RESET)
</UL>
<P><STRONG><a name="[32]"></a>DMA1_Stream7_IRQHandler</STRONG> (Thumb, 0 bytes, Stack size 0 bytes, startup_stm32f401xx.o(.text))
<BR>[Address Reference Count : 1]<UL><LI> startup_stm32f401xx.o(RESET)
</UL>
<P><STRONG><a name="[36]"></a>DMA2_Stream0_IRQHandler</STRONG> (Thumb, 0 bytes, Stack size 0 bytes, startup_stm32f401xx.o(.text))
<BR>[Address Reference Count : 1]<UL><LI> startup_stm32f401xx.o(RESET)
</UL>
<P><STRONG><a name="[37]"></a>DMA2_Stream1_IRQHandler</STRONG> (Thumb, 0 bytes, Stack size 0 bytes, startup_stm32f401xx.o(.text))
<BR>[Address Reference Count : 1]<UL><LI> startup_stm32f401xx.o(RESET)
</UL>
<P><STRONG><a name="[38]"></a>DMA2_Stream2_IRQHandler</STRONG> (Thumb, 0 bytes, Stack size 0 bytes, startup_stm32f401xx.o(.text))
<BR>[Address Reference Count : 1]<UL><LI> startup_stm32f401xx.o(RESET)
</UL>
<P><STRONG><a name="[39]"></a>DMA2_Stream3_IRQHandler</STRONG> (Thumb, 0 bytes, Stack size 0 bytes, startup_stm32f401xx.o(.text))
<BR>[Address Reference Count : 1]<UL><LI> startup_stm32f401xx.o(RESET)
</UL>
<P><STRONG><a name="[3a]"></a>DMA2_Stream4_IRQHandler</STRONG> (Thumb, 0 bytes, Stack size 0 bytes, startup_stm32f401xx.o(.text))
<BR>[Address Reference Count : 1]<UL><LI> startup_stm32f401xx.o(RESET)
</UL>
<P><STRONG><a name="[3c]"></a>DMA2_Stream5_IRQHandler</STRONG> (Thumb, 0 bytes, Stack size 0 bytes, startup_stm32f401xx.o(.text))
<BR>[Address Reference Count : 1]<UL><LI> startup_stm32f401xx.o(RESET)
</UL>
<P><STRONG><a name="[3d]"></a>DMA2_Stream6_IRQHandler</STRONG> (Thumb, 0 bytes, Stack size 0 bytes, startup_stm32f401xx.o(.text))
<BR>[Address Reference Count : 1]<UL><LI> startup_stm32f401xx.o(RESET)
</UL>
<P><STRONG><a name="[3e]"></a>DMA2_Stream7_IRQHandler</STRONG> (Thumb, 0 bytes, Stack size 0 bytes, startup_stm32f401xx.o(.text))
<BR>[Address Reference Count : 1]<UL><LI> startup_stm32f401xx.o(RESET)
</UL>
<P><STRONG><a name="[12]"></a>EXTI0_IRQHandler</STRONG> (Thumb, 0 bytes, Stack size 0 bytes, startup_stm32f401xx.o(.text))
<BR>[Address Reference Count : 1]<UL><LI> startup_stm32f401xx.o(RESET)
</UL>
<P><STRONG><a name="[2f]"></a>EXTI15_10_IRQHandler</STRONG> (Thumb, 0 bytes, Stack size 0 bytes, startup_stm32f401xx.o(.text))
<BR>[Address Reference Count : 1]<UL><LI> startup_stm32f401xx.o(RESET)
</UL>
<P><STRONG><a name="[13]"></a>EXTI1_IRQHandler</STRONG> (Thumb, 0 bytes, Stack size 0 bytes, startup_stm32f401xx.o(.text))
<BR>[Address Reference Count : 1]<UL><LI> startup_stm32f401xx.o(RESET)
</UL>
<P><STRONG><a name="[14]"></a>EXTI2_IRQHandler</STRONG> (Thumb, 0 bytes, Stack size 0 bytes, startup_stm32f401xx.o(.text))
<BR>[Address Reference Count : 1]<UL><LI> startup_stm32f401xx.o(RESET)
</UL>
<P><STRONG><a name="[15]"></a>EXTI3_IRQHandler</STRONG> (Thumb, 0 bytes, Stack size 0 bytes, startup_stm32f401xx.o(.text))
<BR>[Address Reference Count : 1]<UL><LI> startup_stm32f401xx.o(RESET)
</UL>
<P><STRONG><a name="[16]"></a>EXTI4_IRQHandler</STRONG> (Thumb, 0 bytes, Stack size 0 bytes, startup_stm32f401xx.o(.text))
<BR>[Address Reference Count : 1]<UL><LI> startup_stm32f401xx.o(RESET)
</UL>
<P><STRONG><a name="[1f]"></a>EXTI9_5_IRQHandler</STRONG> (Thumb, 0 bytes, Stack size 0 bytes, startup_stm32f401xx.o(.text))
<BR>[Address Reference Count : 1]<UL><LI> startup_stm32f401xx.o(RESET)
</UL>
<P><STRONG><a name="[10]"></a>FLASH_IRQHandler</STRONG> (Thumb, 0 bytes, Stack size 0 bytes, startup_stm32f401xx.o(.text))
<BR>[Address Reference Count : 1]<UL><LI> startup_stm32f401xx.o(RESET)
</UL>
<P><STRONG><a name="[42]"></a>FPU_IRQHandler</STRONG> (Thumb, 0 bytes, Stack size 0 bytes, startup_stm32f401xx.o(.text))
<BR>[Address Reference Count : 1]<UL><LI> startup_stm32f401xx.o(RESET)
</UL>
<P><STRONG><a name="[28]"></a>I2C1_ER_IRQHandler</STRONG> (Thumb, 0 bytes, Stack size 0 bytes, startup_stm32f401xx.o(.text))
<BR>[Address Reference Count : 1]<UL><LI> startup_stm32f401xx.o(RESET)
</UL>
<P><STRONG><a name="[27]"></a>I2C1_EV_IRQHandler</STRONG> (Thumb, 0 bytes, Stack size 0 bytes, startup_stm32f401xx.o(.text))
<BR>[Address Reference Count : 1]<UL><LI> startup_stm32f401xx.o(RESET)
</UL>
<P><STRONG><a name="[2a]"></a>I2C2_ER_IRQHandler</STRONG> (Thumb, 0 bytes, Stack size 0 bytes, startup_stm32f401xx.o(.text))
<BR>[Address Reference Count : 1]<UL><LI> startup_stm32f401xx.o(RESET)
</UL>
<P><STRONG><a name="[29]"></a>I2C2_EV_IRQHandler</STRONG> (Thumb, 0 bytes, Stack size 0 bytes, startup_stm32f401xx.o(.text))
<BR>[Address Reference Count : 1]<UL><LI> startup_stm32f401xx.o(RESET)
</UL>
<P><STRONG><a name="[41]"></a>I2C3_ER_IRQHandler</STRONG> (Thumb, 0 bytes, Stack size 0 bytes, startup_stm32f401xx.o(.text))
<BR>[Address Reference Count : 1]<UL><LI> startup_stm32f401xx.o(RESET)
</UL>
<P><STRONG><a name="[40]"></a>I2C3_EV_IRQHandler</STRONG> (Thumb, 0 bytes, Stack size 0 bytes, startup_stm32f401xx.o(.text))
<BR>[Address Reference Count : 1]<UL><LI> startup_stm32f401xx.o(RESET)
</UL>
<P><STRONG><a name="[3b]"></a>OTG_FS_IRQHandler</STRONG> (Thumb, 0 bytes, Stack size 0 bytes, startup_stm32f401xx.o(.text))
<BR>[Address Reference Count : 1]<UL><LI> startup_stm32f401xx.o(RESET)
</UL>
<P><STRONG><a name="[31]"></a>OTG_FS_WKUP_IRQHandler</STRONG> (Thumb, 0 bytes, Stack size 0 bytes, startup_stm32f401xx.o(.text))
<BR>[Address Reference Count : 1]<UL><LI> startup_stm32f401xx.o(RESET)
</UL>
<P><STRONG><a name="[d]"></a>PVD_IRQHandler</STRONG> (Thumb, 0 bytes, Stack size 0 bytes, startup_stm32f401xx.o(.text))
<BR>[Address Reference Count : 1]<UL><LI> startup_stm32f401xx.o(RESET)
</UL>
<P><STRONG><a name="[11]"></a>RCC_IRQHandler</STRONG> (Thumb, 0 bytes, Stack size 0 bytes, startup_stm32f401xx.o(.text))
<BR>[Address Reference Count : 1]<UL><LI> startup_stm32f401xx.o(RESET)
</UL>
<P><STRONG><a name="[30]"></a>RTC_Alarm_IRQHandler</STRONG> (Thumb, 0 bytes, Stack size 0 bytes, startup_stm32f401xx.o(.text))
<BR>[Address Reference Count : 1]<UL><LI> startup_stm32f401xx.o(RESET)
</UL>
<P><STRONG><a name="[f]"></a>RTC_WKUP_IRQHandler</STRONG> (Thumb, 0 bytes, Stack size 0 bytes, startup_stm32f401xx.o(.text))
<BR>[Address Reference Count : 1]<UL><LI> startup_stm32f401xx.o(RESET)
</UL>
<P><STRONG><a name="[33]"></a>SDIO_IRQHandler</STRONG> (Thumb, 0 bytes, Stack size 0 bytes, startup_stm32f401xx.o(.text))
<BR>[Address Reference Count : 1]<UL><LI> startup_stm32f401xx.o(RESET)
</UL>
<P><STRONG><a name="[2b]"></a>SPI1_IRQHandler</STRONG> (Thumb, 0 bytes, Stack size 0 bytes, startup_stm32f401xx.o(.text))
<BR>[Address Reference Count : 1]<UL><LI> startup_stm32f401xx.o(RESET)
</UL>
<P><STRONG><a name="[2c]"></a>SPI2_IRQHandler</STRONG> (Thumb, 0 bytes, Stack size 0 bytes, startup_stm32f401xx.o(.text))
<BR>[Address Reference Count : 1]<UL><LI> startup_stm32f401xx.o(RESET)
</UL>
<P><STRONG><a name="[35]"></a>SPI3_IRQHandler</STRONG> (Thumb, 0 bytes, Stack size 0 bytes, startup_stm32f401xx.o(.text))
<BR>[Address Reference Count : 1]<UL><LI> startup_stm32f401xx.o(RESET)
</UL>
<P><STRONG><a name="[43]"></a>SPI4_IRQHandler</STRONG> (Thumb, 0 bytes, Stack size 0 bytes, startup_stm32f401xx.o(.text))
<BR>[Address Reference Count : 1]<UL><LI> startup_stm32f401xx.o(RESET)
</UL>
<P><STRONG><a name="[e]"></a>TAMP_STAMP_IRQHandler</STRONG> (Thumb, 0 bytes, Stack size 0 bytes, startup_stm32f401xx.o(.text))
<BR>[Address Reference Count : 1]<UL><LI> startup_stm32f401xx.o(RESET)
</UL>
<P><STRONG><a name="[20]"></a>TIM1_BRK_TIM9_IRQHandler</STRONG> (Thumb, 0 bytes, Stack size 0 bytes, startup_stm32f401xx.o(.text))
<BR>[Address Reference Count : 1]<UL><LI> startup_stm32f401xx.o(RESET)
</UL>
<P><STRONG><a name="[23]"></a>TIM1_CC_IRQHandler</STRONG> (Thumb, 0 bytes, Stack size 0 bytes, startup_stm32f401xx.o(.text))
<BR>[Address Reference Count : 1]<UL><LI> startup_stm32f401xx.o(RESET)
</UL>
<P><STRONG><a name="[22]"></a>TIM1_TRG_COM_TIM11_IRQHandler</STRONG> (Thumb, 0 bytes, Stack size 0 bytes, startup_stm32f401xx.o(.text))
<BR>[Address Reference Count : 1]<UL><LI> startup_stm32f401xx.o(RESET)
</UL>
<P><STRONG><a name="[21]"></a>TIM1_UP_TIM10_IRQHandler</STRONG> (Thumb, 0 bytes, Stack size 0 bytes, startup_stm32f401xx.o(.text))
<BR>[Address Reference Count : 1]<UL><LI> startup_stm32f401xx.o(RESET)
</UL>
<P><STRONG><a name="[24]"></a>TIM2_IRQHandler</STRONG> (Thumb, 0 bytes, Stack size 0 bytes, startup_stm32f401xx.o(.text))
<BR>[Address Reference Count : 1]<UL><LI> startup_stm32f401xx.o(RESET)
</UL>
<P><STRONG><a name="[25]"></a>TIM3_IRQHandler</STRONG> (Thumb, 0 bytes, Stack size 0 bytes, startup_stm32f401xx.o(.text))
<BR>[Address Reference Count : 1]<UL><LI> startup_stm32f401xx.o(RESET)
</UL>
<P><STRONG><a name="[26]"></a>TIM4_IRQHandler</STRONG> (Thumb, 0 bytes, Stack size 0 bytes, startup_stm32f401xx.o(.text))
<BR>[Address Reference Count : 1]<UL><LI> startup_stm32f401xx.o(RESET)
</UL>
<P><STRONG><a name="[2d]"></a>USART1_IRQHandler</STRONG> (Thumb, 0 bytes, Stack size 0 bytes, startup_stm32f401xx.o(.text))
<BR>[Address Reference Count : 1]<UL><LI> startup_stm32f401xx.o(RESET)
</UL>
<P><STRONG><a name="[2e]"></a>USART2_IRQHandler</STRONG> (Thumb, 0 bytes, Stack size 0 bytes, startup_stm32f401xx.o(.text))
<BR>[Address Reference Count : 1]<UL><LI> startup_stm32f401xx.o(RESET)
</UL>
<P><STRONG><a name="[3f]"></a>USART6_IRQHandler</STRONG> (Thumb, 0 bytes, Stack size 0 bytes, startup_stm32f401xx.o(.text))
<BR>[Address Reference Count : 1]<UL><LI> startup_stm32f401xx.o(RESET)
</UL>
<P><STRONG><a name="[c]"></a>WWDG_IRQHandler</STRONG> (Thumb, 0 bytes, Stack size 0 bytes, startup_stm32f401xx.o(.text))
<BR>[Address Reference Count : 1]<UL><LI> startup_stm32f401xx.o(RESET)
</UL>
<P><STRONG><a name="[ce]"></a>__user_initial_stackheap</STRONG> (Thumb, 0 bytes, Stack size unknown bytes, startup_stm32f401xx.o(.text))
<BR><BR>[Called By]<UL><LI><a href="#[4e]">&gt;&gt;</a>&nbsp;&nbsp;&nbsp;__user_setup_stackheap
</UL>

<P><STRONG><a name="[3]"></a>NMI_Handler</STRONG> (Thumb, 2 bytes, Stack size 0 bytes, stm32f4xx_it.o(.text))
<BR>[Address Reference Count : 1]<UL><LI> startup_stm32f401xx.o(RESET)
</UL>
<P><STRONG><a name="[4]"></a>HardFault_Handler</STRONG> (Thumb, 4 bytes, Stack size 0 bytes, stm32f4xx_it.o(.text))
<BR>[Address Reference Count : 1]<UL><LI> startup_stm32f401xx.o(RESET)
</UL>
<P><STRONG><a name="[5]"></a>MemManage_Handler</STRONG> (Thumb, 4 bytes, Stack size 0 bytes, stm32f4xx_it.o(.text))
<BR>[Address Reference Count : 1]<UL><LI> startup_stm32f401xx.o(RESET)
</UL>
<P><STRONG><a name="[6]"></a>BusFault_Handler</STRONG> (Thumb, 4 bytes, Stack size 0 bytes, stm32f4xx_it.o(.text))
<BR>[Address Reference Count : 1]<UL><LI> startup_stm32f401xx.o(RESET)
</UL>
<P><STRONG><a name="[7]"></a>UsageFault_Handler</STRONG> (Thumb, 4 bytes, Stack size 0 bytes, stm32f4xx_it.o(.text))
<BR>[Address Reference Count : 1]<UL><LI> startup_stm32f401xx.o(RESET)
</UL>
<P><STRONG><a name="[8]"></a>SVC_Handler</STRONG> (Thumb, 2 bytes, Stack size 0 bytes, stm32f4xx_it.o(.text))
<BR>[Address Reference Count : 1]<UL><LI> startup_stm32f401xx.o(RESET)
</UL>
<P><STRONG><a name="[9]"></a>DebugMon_Handler</STRONG> (Thumb, 2 bytes, Stack size 0 bytes, stm32f4xx_it.o(.text))
<BR>[Address Reference Count : 1]<UL><LI> startup_stm32f401xx.o(RESET)
</UL>
<P><STRONG><a name="[a]"></a>PendSV_Handler</STRONG> (Thumb, 2 bytes, Stack size 0 bytes, stm32f4xx_it.o(.text))
<BR>[Address Reference Count : 1]<UL><LI> startup_stm32f401xx.o(RESET)
</UL>
<P><STRONG><a name="[b]"></a>SysTick_Handler</STRONG> (Thumb, 8 bytes, Stack size 8 bytes, stm32f4xx_it.o(.text))
<BR><BR>[Stack]<UL><LI>Max Depth = 8<LI>Call Chain = SysTick_Handler
</UL>
<BR>[Calls]<UL><LI><a href="#[58]">&gt;&gt;</a>&nbsp;&nbsp;&nbsp;TimingDelay_Decrement
</UL>
<BR>[Address Reference Count : 1]<UL><LI> startup_stm32f401xx.o(RESET)
</UL>
<P><STRONG><a name="[34]"></a>TIM5_IRQHandler</STRONG> (Thumb, 48 bytes, Stack size 8 bytes, stm32f4xx_it.o(.text))
<BR><BR>[Stack]<UL><LI>Max Depth = 20<LI>Call Chain = TIM5_IRQHandler &rArr; TIM_GetITStatus
</UL>
<BR>[Calls]<UL><LI><a href="#[59]">&gt;&gt;</a>&nbsp;&nbsp;&nbsp;TIM_GetITStatus
<LI><a href="#[5b]">&gt;&gt;</a>&nbsp;&nbsp;&nbsp;TIM_Cmd
<LI><a href="#[5a]">&gt;&gt;</a>&nbsp;&nbsp;&nbsp;TIM_ClearITPendingBit
</UL>
<BR>[Address Reference Count : 1]<UL><LI> startup_stm32f401xx.o(RESET)
</UL>
<P><STRONG><a name="[44]"></a>SystemInit</STRONG> (Thumb, 88 bytes, Stack size 8 bytes, system_stm32f4xx.o(.text))
<BR><BR>[Stack]<UL><LI>Max Depth = 20<LI>Call Chain = SystemInit &rArr; SetSysClock
</UL>
<BR>[Calls]<UL><LI><a href="#[5c]">&gt;&gt;</a>&nbsp;&nbsp;&nbsp;SetSysClock
</UL>
<BR>[Address Reference Count : 1]<UL><LI> startup_stm32f401xx.o(.text)
</UL>
<P><STRONG><a name="[fa]"></a>SystemCoreClockUpdate</STRONG> (Thumb, 174 bytes, Stack size 16 bytes, system_stm32f4xx.o(.text), UNUSED)

<P><STRONG><a name="[5d]"></a>GPIO_DeInit</STRONG> (Thumb, 268 bytes, Stack size 8 bytes, stm32f4xx_gpio.o(.text), UNUSED)
<BR><BR>[Calls]<UL><LI><a href="#[5e]">&gt;&gt;</a>&nbsp;&nbsp;&nbsp;RCC_AHB1PeriphResetCmd
</UL>

<P><STRONG><a name="[a2]"></a>GPIO_Init</STRONG> (Thumb, 144 bytes, Stack size 20 bytes, stm32f4xx_gpio.o(.text))
<BR><BR>[Stack]<UL><LI>Max Depth = 20<LI>Call Chain = GPIO_Init
</UL>
<BR>[Called By]<UL><LI><a href="#[a0]">&gt;&gt;</a>&nbsp;&nbsp;&nbsp;SPIInit
</UL>

<P><STRONG><a name="[fb]"></a>GPIO_StructInit</STRONG> (Thumb, 18 bytes, Stack size 0 bytes, stm32f4xx_gpio.o(.text), UNUSED)

<P><STRONG><a name="[fc]"></a>GPIO_PinLockConfig</STRONG> (Thumb, 34 bytes, Stack size 8 bytes, stm32f4xx_gpio.o(.text), UNUSED)

<P><STRONG><a name="[fd]"></a>GPIO_ReadInputDataBit</STRONG> (Thumb, 18 bytes, Stack size 0 bytes, stm32f4xx_gpio.o(.text), UNUSED)

<P><STRONG><a name="[fe]"></a>GPIO_ReadInputData</STRONG> (Thumb, 8 bytes, Stack size 0 bytes, stm32f4xx_gpio.o(.text), UNUSED)

<P><STRONG><a name="[ff]"></a>GPIO_ReadOutputDataBit</STRONG> (Thumb, 18 bytes, Stack size 0 bytes, stm32f4xx_gpio.o(.text), UNUSED)

<P><STRONG><a name="[100]"></a>GPIO_ReadOutputData</STRONG> (Thumb, 8 bytes, Stack size 0 bytes, stm32f4xx_gpio.o(.text), UNUSED)

<P><STRONG><a name="[101]"></a>GPIO_SetBits</STRONG> (Thumb, 4 bytes, Stack size 0 bytes, stm32f4xx_gpio.o(.text), UNUSED)

<P><STRONG><a name="[102]"></a>GPIO_ResetBits</STRONG> (Thumb, 4 bytes, Stack size 0 bytes, stm32f4xx_gpio.o(.text), UNUSED)

<P><STRONG><a name="[a6]"></a>GPIO_WriteBit</STRONG> (Thumb, 10 bytes, Stack size 0 bytes, stm32f4xx_gpio.o(.text))
<BR><BR>[Called By]<UL><LI><a href="#[a8]">&gt;&gt;</a>&nbsp;&nbsp;&nbsp;deselect
<LI><a href="#[a7]">&gt;&gt;</a>&nbsp;&nbsp;&nbsp;select
<LI><a href="#[a0]">&gt;&gt;</a>&nbsp;&nbsp;&nbsp;SPIInit
</UL>

<P><STRONG><a name="[103]"></a>GPIO_Write</STRONG> (Thumb, 4 bytes, Stack size 0 bytes, stm32f4xx_gpio.o(.text), UNUSED)

<P><STRONG><a name="[104]"></a>GPIO_ToggleBits</STRONG> (Thumb, 8 bytes, Stack size 0 bytes, stm32f4xx_gpio.o(.text), UNUSED)

<P><STRONG><a name="[a3]"></a>GPIO_PinAFConfig</STRONG> (Thumb, 70 bytes, Stack size 20 bytes, stm32f4xx_gpio.o(.text))
<BR><BR>[Stack]<UL><LI>Max Depth = 20<LI>Call Chain = GPIO_PinAFConfig
</UL>
<BR>[Called By]<UL><LI><a href="#[a0]">&gt;&gt;</a>&nbsp;&nbsp;&nbsp;SPIInit
</UL>

<P><STRONG><a name="[95]"></a>RCC_DeInit</STRONG> (Thumb, 74 bytes, Stack size 0 bytes, stm32f4xx_rcc.o(.text))
<BR><BR>[Called By]<UL><LI><a href="#[94]">&gt;&gt;</a>&nbsp;&nbsp;&nbsp;RCCInit
</UL>

<P><STRONG><a name="[105]"></a>RCC_HSEConfig</STRONG> (Thumb, 14 bytes, Stack size 0 bytes, stm32f4xx_rcc.o(.text), UNUSED)

<P><STRONG><a name="[60]"></a>RCC_GetFlagStatus</STRONG> (Thumb, 60 bytes, Stack size 8 bytes, stm32f4xx_rcc.o(.text))
<BR><BR>[Stack]<UL><LI>Max Depth = 8<LI>Call Chain = RCC_GetFlagStatus
</UL>
<BR>[Called By]<UL><LI><a href="#[94]">&gt;&gt;</a>&nbsp;&nbsp;&nbsp;RCCInit
<LI><a href="#[5f]">&gt;&gt;</a>&nbsp;&nbsp;&nbsp;RCC_WaitForHSEStartUp
</UL>

<P><STRONG><a name="[5f]"></a>RCC_WaitForHSEStartUp</STRONG> (Thumb, 56 bytes, Stack size 16 bytes, stm32f4xx_rcc.o(.text), UNUSED)
<BR><BR>[Calls]<UL><LI><a href="#[60]">&gt;&gt;</a>&nbsp;&nbsp;&nbsp;RCC_GetFlagStatus
</UL>

<P><STRONG><a name="[106]"></a>RCC_AdjustHSICalibrationValue</STRONG> (Thumb, 20 bytes, Stack size 0 bytes, stm32f4xx_rcc.o(.text), UNUSED)

<P><STRONG><a name="[107]"></a>RCC_HSICmd</STRONG> (Thumb, 6 bytes, Stack size 0 bytes, stm32f4xx_rcc.o(.text), UNUSED)

<P><STRONG><a name="[108]"></a>RCC_LSEConfig</STRONG> (Thumb, 46 bytes, Stack size 0 bytes, stm32f4xx_rcc.o(.text), UNUSED)

<P><STRONG><a name="[109]"></a>RCC_LSICmd</STRONG> (Thumb, 6 bytes, Stack size 0 bytes, stm32f4xx_rcc.o(.text), UNUSED)

<P><STRONG><a name="[9b]"></a>RCC_PLLConfig</STRONG> (Thumb, 32 bytes, Stack size 16 bytes, stm32f4xx_rcc.o(.text))
<BR><BR>[Stack]<UL><LI>Max Depth = 16<LI>Call Chain = RCC_PLLConfig
</UL>
<BR>[Called By]<UL><LI><a href="#[94]">&gt;&gt;</a>&nbsp;&nbsp;&nbsp;RCCInit
</UL>

<P><STRONG><a name="[9c]"></a>RCC_PLLCmd</STRONG> (Thumb, 6 bytes, Stack size 0 bytes, stm32f4xx_rcc.o(.text))
<BR><BR>[Called By]<UL><LI><a href="#[94]">&gt;&gt;</a>&nbsp;&nbsp;&nbsp;RCCInit
</UL>

<P><STRONG><a name="[10a]"></a>RCC_PLLI2SConfig</STRONG> (Thumb, 14 bytes, Stack size 0 bytes, stm32f4xx_rcc.o(.text), UNUSED)

<P><STRONG><a name="[10b]"></a>RCC_PLLI2SCmd</STRONG> (Thumb, 6 bytes, Stack size 0 bytes, stm32f4xx_rcc.o(.text), UNUSED)

<P><STRONG><a name="[10c]"></a>RCC_PLLSAIConfig</STRONG> (Thumb, 20 bytes, Stack size 8 bytes, stm32f4xx_rcc.o(.text), UNUSED)

<P><STRONG><a name="[10d]"></a>RCC_PLLSAICmd</STRONG> (Thumb, 6 bytes, Stack size 0 bytes, stm32f4xx_rcc.o(.text), UNUSED)

<P><STRONG><a name="[10e]"></a>RCC_ClockSecuritySystemCmd</STRONG> (Thumb, 6 bytes, Stack size 0 bytes, stm32f4xx_rcc.o(.text), UNUSED)

<P><STRONG><a name="[10f]"></a>RCC_MCO1Config</STRONG> (Thumb, 28 bytes, Stack size 0 bytes, stm32f4xx_rcc.o(.text), UNUSED)

<P><STRONG><a name="[110]"></a>RCC_MCO2Config</STRONG> (Thumb, 28 bytes, Stack size 0 bytes, stm32f4xx_rcc.o(.text), UNUSED)

<P><STRONG><a name="[9d]"></a>RCC_SYSCLKConfig</STRONG> (Thumb, 20 bytes, Stack size 0 bytes, stm32f4xx_rcc.o(.text))
<BR><BR>[Called By]<UL><LI><a href="#[94]">&gt;&gt;</a>&nbsp;&nbsp;&nbsp;RCCInit
</UL>

<P><STRONG><a name="[9e]"></a>RCC_GetSYSCLKSource</STRONG> (Thumb, 12 bytes, Stack size 0 bytes, stm32f4xx_rcc.o(.text))
<BR><BR>[Called By]<UL><LI><a href="#[94]">&gt;&gt;</a>&nbsp;&nbsp;&nbsp;RCCInit
</UL>

<P><STRONG><a name="[96]"></a>RCC_HCLKConfig</STRONG> (Thumb, 20 bytes, Stack size 0 bytes, stm32f4xx_rcc.o(.text))
<BR><BR>[Called By]<UL><LI><a href="#[94]">&gt;&gt;</a>&nbsp;&nbsp;&nbsp;RCCInit
</UL>

<P><STRONG><a name="[98]"></a>RCC_PCLK1Config</STRONG> (Thumb, 20 bytes, Stack size 0 bytes, stm32f4xx_rcc.o(.text))
<BR><BR>[Called By]<UL><LI><a href="#[94]">&gt;&gt;</a>&nbsp;&nbsp;&nbsp;RCCInit
</UL>

<P><STRONG><a name="[97]"></a>RCC_PCLK2Config</STRONG> (Thumb, 22 bytes, Stack size 0 bytes, stm32f4xx_rcc.o(.text))
<BR><BR>[Called By]<UL><LI><a href="#[94]">&gt;&gt;</a>&nbsp;&nbsp;&nbsp;RCCInit
</UL>

<P><STRONG><a name="[9f]"></a>RCC_GetClocksFreq</STRONG> (Thumb, 222 bytes, Stack size 20 bytes, stm32f4xx_rcc.o(.text))
<BR><BR>[Stack]<UL><LI>Max Depth = 20<LI>Call Chain = RCC_GetClocksFreq
</UL>
<BR>[Called By]<UL><LI><a href="#[94]">&gt;&gt;</a>&nbsp;&nbsp;&nbsp;RCCInit
</UL>

<P><STRONG><a name="[111]"></a>RCC_RTCCLKConfig</STRONG> (Thumb, 54 bytes, Stack size 0 bytes, stm32f4xx_rcc.o(.text), UNUSED)

<P><STRONG><a name="[112]"></a>RCC_RTCCLKCmd</STRONG> (Thumb, 8 bytes, Stack size 0 bytes, stm32f4xx_rcc.o(.text), UNUSED)

<P><STRONG><a name="[113]"></a>RCC_BackupResetCmd</STRONG> (Thumb, 8 bytes, Stack size 0 bytes, stm32f4xx_rcc.o(.text), UNUSED)

<P><STRONG><a name="[114]"></a>RCC_I2SCLKConfig</STRONG> (Thumb, 6 bytes, Stack size 0 bytes, stm32f4xx_rcc.o(.text), UNUSED)

<P><STRONG><a name="[115]"></a>RCC_SAIPLLI2SClkDivConfig</STRONG> (Thumb, 26 bytes, Stack size 0 bytes, stm32f4xx_rcc.o(.text), UNUSED)

<P><STRONG><a name="[116]"></a>RCC_SAIPLLSAIClkDivConfig</STRONG> (Thumb, 28 bytes, Stack size 0 bytes, stm32f4xx_rcc.o(.text), UNUSED)

<P><STRONG><a name="[117]"></a>RCC_LTDCCLKDivConfig</STRONG> (Thumb, 20 bytes, Stack size 0 bytes, stm32f4xx_rcc.o(.text), UNUSED)

<P><STRONG><a name="[118]"></a>RCC_TIMCLKPresConfig</STRONG> (Thumb, 6 bytes, Stack size 0 bytes, stm32f4xx_rcc.o(.text), UNUSED)

<P><STRONG><a name="[93]"></a>RCC_AHB1PeriphClockCmd</STRONG> (Thumb, 34 bytes, Stack size 0 bytes, stm32f4xx_rcc.o(.text))
<BR><BR>[Called By]<UL><LI><a href="#[a0]">&gt;&gt;</a>&nbsp;&nbsp;&nbsp;SPIInit
<LI><a href="#[92]">&gt;&gt;</a>&nbsp;&nbsp;&nbsp;GPIOInit
</UL>

<P><STRONG><a name="[119]"></a>RCC_AHB2PeriphClockCmd</STRONG> (Thumb, 34 bytes, Stack size 0 bytes, stm32f4xx_rcc.o(.text), UNUSED)

<P><STRONG><a name="[8f]"></a>RCC_APB1PeriphClockCmd</STRONG> (Thumb, 84 bytes, Stack size 0 bytes, stm32f4xx_rcc.o(.text))
<BR><BR>[Called By]<UL><LI><a href="#[8e]">&gt;&gt;</a>&nbsp;&nbsp;&nbsp;TimerInit
</UL>

<P><STRONG><a name="[a1]"></a>RCC_APB2PeriphClockCmd</STRONG> (Thumb, 26 bytes, Stack size 0 bytes, stm32f4xx_rcc.o(.text))
<BR><BR>[Called By]<UL><LI><a href="#[a0]">&gt;&gt;</a>&nbsp;&nbsp;&nbsp;SPIInit
</UL>

<P><STRONG><a name="[5e]"></a>RCC_AHB1PeriphResetCmd</STRONG> (Thumb, 34 bytes, Stack size 0 bytes, stm32f4xx_rcc.o(.text), UNUSED)
<BR><BR>[Called By]<UL><LI><a href="#[5d]">&gt;&gt;</a>&nbsp;&nbsp;&nbsp;GPIO_DeInit
</UL>

<P><STRONG><a name="[11a]"></a>RCC_AHB2PeriphResetCmd</STRONG> (Thumb, 34 bytes, Stack size 0 bytes, stm32f4xx_rcc.o(.text), UNUSED)

<P><STRONG><a name="[63]"></a>RCC_APB1PeriphResetCmd</STRONG> (Thumb, 34 bytes, Stack size 0 bytes, stm32f4xx_rcc.o(.text), UNUSED)
<BR><BR>[Called By]<UL><LI><a href="#[85]">&gt;&gt;</a>&nbsp;&nbsp;&nbsp;SPI_I2S_DeInit
<LI><a href="#[61]">&gt;&gt;</a>&nbsp;&nbsp;&nbsp;TIM_DeInit
</UL>

<P><STRONG><a name="[62]"></a>RCC_APB2PeriphResetCmd</STRONG> (Thumb, 34 bytes, Stack size 0 bytes, stm32f4xx_rcc.o(.text))
<BR><BR>[Called By]<UL><LI><a href="#[a0]">&gt;&gt;</a>&nbsp;&nbsp;&nbsp;SPIInit
<LI><a href="#[85]">&gt;&gt;</a>&nbsp;&nbsp;&nbsp;SPI_I2S_DeInit
<LI><a href="#[61]">&gt;&gt;</a>&nbsp;&nbsp;&nbsp;TIM_DeInit
</UL>

<P><STRONG><a name="[11b]"></a>RCC_AHB1PeriphClockLPModeCmd</STRONG> (Thumb, 34 bytes, Stack size 0 bytes, stm32f4xx_rcc.o(.text), UNUSED)

<P><STRONG><a name="[11c]"></a>RCC_AHB2PeriphClockLPModeCmd</STRONG> (Thumb, 34 bytes, Stack size 0 bytes, stm32f4xx_rcc.o(.text), UNUSED)

<P><STRONG><a name="[11d]"></a>RCC_APB1PeriphClockLPModeCmd</STRONG> (Thumb, 34 bytes, Stack size 0 bytes, stm32f4xx_rcc.o(.text), UNUSED)

<P><STRONG><a name="[11e]"></a>RCC_APB2PeriphClockLPModeCmd</STRONG> (Thumb, 34 bytes, Stack size 0 bytes, stm32f4xx_rcc.o(.text), UNUSED)

<P><STRONG><a name="[11f]"></a>RCC_LSEModeConfig</STRONG> (Thumb, 40 bytes, Stack size 0 bytes, stm32f4xx_rcc.o(.text), UNUSED)

<P><STRONG><a name="[120]"></a>RCC_ITConfig</STRONG> (Thumb, 34 bytes, Stack size 0 bytes, stm32f4xx_rcc.o(.text), UNUSED)

<P><STRONG><a name="[121]"></a>RCC_ClearFlag</STRONG> (Thumb, 18 bytes, Stack size 0 bytes, stm32f4xx_rcc.o(.text), UNUSED)

<P><STRONG><a name="[122]"></a>RCC_GetITStatus</STRONG> (Thumb, 22 bytes, Stack size 0 bytes, stm32f4xx_rcc.o(.text), UNUSED)

<P><STRONG><a name="[123]"></a>RCC_ClearITPendingBit</STRONG> (Thumb, 8 bytes, Stack size 0 bytes, stm32f4xx_rcc.o(.text), UNUSED)

<P><STRONG><a name="[61]"></a>TIM_DeInit</STRONG> (Thumb, 346 bytes, Stack size 8 bytes, stm32f4xx_tim.o(.text), UNUSED)
<BR><BR>[Calls]<UL><LI><a href="#[62]">&gt;&gt;</a>&nbsp;&nbsp;&nbsp;RCC_APB2PeriphResetCmd
<LI><a href="#[63]">&gt;&gt;</a>&nbsp;&nbsp;&nbsp;RCC_APB1PeriphResetCmd
</UL>

<P><STRONG><a name="[90]"></a>TIM_TimeBaseInit</STRONG> (Thumb, 104 bytes, Stack size 0 bytes, stm32f4xx_tim.o(.text))
<BR><BR>[Called By]<UL><LI><a href="#[8e]">&gt;&gt;</a>&nbsp;&nbsp;&nbsp;TimerInit
</UL>

<P><STRONG><a name="[124]"></a>TIM_TimeBaseStructInit</STRONG> (Thumb, 18 bytes, Stack size 0 bytes, stm32f4xx_tim.o(.text), UNUSED)

<P><STRONG><a name="[125]"></a>TIM_PrescalerConfig</STRONG> (Thumb, 6 bytes, Stack size 0 bytes, stm32f4xx_tim.o(.text), UNUSED)

<P><STRONG><a name="[126]"></a>TIM_CounterModeConfig</STRONG> (Thumb, 18 bytes, Stack size 0 bytes, stm32f4xx_tim.o(.text), UNUSED)

<P><STRONG><a name="[127]"></a>TIM_SetCounter</STRONG> (Thumb, 4 bytes, Stack size 0 bytes, stm32f4xx_tim.o(.text), UNUSED)

<P><STRONG><a name="[128]"></a>TIM_SetAutoreload</STRONG> (Thumb, 4 bytes, Stack size 0 bytes, stm32f4xx_tim.o(.text), UNUSED)

<P><STRONG><a name="[129]"></a>TIM_GetCounter</STRONG> (Thumb, 6 bytes, Stack size 0 bytes, stm32f4xx_tim.o(.text), UNUSED)

<P><STRONG><a name="[12a]"></a>TIM_GetPrescaler</STRONG> (Thumb, 6 bytes, Stack size 0 bytes, stm32f4xx_tim.o(.text), UNUSED)

<P><STRONG><a name="[12b]"></a>TIM_UpdateDisableConfig</STRONG> (Thumb, 24 bytes, Stack size 0 bytes, stm32f4xx_tim.o(.text), UNUSED)

<P><STRONG><a name="[12c]"></a>TIM_UpdateRequestConfig</STRONG> (Thumb, 24 bytes, Stack size 0 bytes, stm32f4xx_tim.o(.text), UNUSED)

<P><STRONG><a name="[12d]"></a>TIM_ARRPreloadConfig</STRONG> (Thumb, 24 bytes, Stack size 0 bytes, stm32f4xx_tim.o(.text), UNUSED)

<P><STRONG><a name="[12e]"></a>TIM_SelectOnePulseMode</STRONG> (Thumb, 18 bytes, Stack size 0 bytes, stm32f4xx_tim.o(.text), UNUSED)

<P><STRONG><a name="[12f]"></a>TIM_SetClockDivision</STRONG> (Thumb, 18 bytes, Stack size 0 bytes, stm32f4xx_tim.o(.text), UNUSED)

<P><STRONG><a name="[5b]"></a>TIM_Cmd</STRONG> (Thumb, 24 bytes, Stack size 0 bytes, stm32f4xx_tim.o(.text))
<BR><BR>[Called By]<UL><LI><a href="#[ad]">&gt;&gt;</a>&nbsp;&nbsp;&nbsp;wait_us
<LI><a href="#[8e]">&gt;&gt;</a>&nbsp;&nbsp;&nbsp;TimerInit
<LI><a href="#[34]">&gt;&gt;</a>&nbsp;&nbsp;&nbsp;TIM5_IRQHandler
</UL>

<P><STRONG><a name="[130]"></a>TIM_OC1Init</STRONG> (Thumb, 114 bytes, Stack size 16 bytes, stm32f4xx_tim.o(.text), UNUSED)

<P><STRONG><a name="[131]"></a>TIM_OC2Init</STRONG> (Thumb, 154 bytes, Stack size 16 bytes, stm32f4xx_tim.o(.text), UNUSED)

<P><STRONG><a name="[132]"></a>TIM_OC3Init</STRONG> (Thumb, 204 bytes, Stack size 16 bytes, stm32f4xx_tim.o(.text), UNUSED)

<P><STRONG><a name="[133]"></a>TIM_OC4Init</STRONG> (Thumb, 112 bytes, Stack size 16 bytes, stm32f4xx_tim.o(.text), UNUSED)

<P><STRONG><a name="[134]"></a>TIM_OCStructInit</STRONG> (Thumb, 20 bytes, Stack size 0 bytes, stm32f4xx_tim.o(.text), UNUSED)

<P><STRONG><a name="[135]"></a>TIM_SelectOCxM</STRONG> (Thumb, 86 bytes, Stack size 16 bytes, stm32f4xx_tim.o(.text), UNUSED)

<P><STRONG><a name="[136]"></a>TIM_SetCompare1</STRONG> (Thumb, 4 bytes, Stack size 0 bytes, stm32f4xx_tim.o(.text), UNUSED)

<P><STRONG><a name="[137]"></a>TIM_SetCompare2</STRONG> (Thumb, 4 bytes, Stack size 0 bytes, stm32f4xx_tim.o(.text), UNUSED)

<P><STRONG><a name="[138]"></a>TIM_SetCompare3</STRONG> (Thumb, 4 bytes, Stack size 0 bytes, stm32f4xx_tim.o(.text), UNUSED)

<P><STRONG><a name="[139]"></a>TIM_SetCompare4</STRONG> (Thumb, 4 bytes, Stack size 0 bytes, stm32f4xx_tim.o(.text), UNUSED)

<P><STRONG><a name="[13a]"></a>TIM_ForcedOC1Config</STRONG> (Thumb, 18 bytes, Stack size 0 bytes, stm32f4xx_tim.o(.text), UNUSED)

<P><STRONG><a name="[13b]"></a>TIM_ForcedOC2Config</STRONG> (Thumb, 26 bytes, Stack size 0 bytes, stm32f4xx_tim.o(.text), UNUSED)

<P><STRONG><a name="[13c]"></a>TIM_ForcedOC3Config</STRONG> (Thumb, 18 bytes, Stack size 0 bytes, stm32f4xx_tim.o(.text), UNUSED)

<P><STRONG><a name="[13d]"></a>TIM_ForcedOC4Config</STRONG> (Thumb, 26 bytes, Stack size 0 bytes, stm32f4xx_tim.o(.text), UNUSED)

<P><STRONG><a name="[13e]"></a>TIM_OC1PreloadConfig</STRONG> (Thumb, 18 bytes, Stack size 0 bytes, stm32f4xx_tim.o(.text), UNUSED)

<P><STRONG><a name="[13f]"></a>TIM_OC2PreloadConfig</STRONG> (Thumb, 26 bytes, Stack size 0 bytes, stm32f4xx_tim.o(.text), UNUSED)

<P><STRONG><a name="[140]"></a>TIM_OC3PreloadConfig</STRONG> (Thumb, 18 bytes, Stack size 0 bytes, stm32f4xx_tim.o(.text), UNUSED)

<P><STRONG><a name="[141]"></a>TIM_OC4PreloadConfig</STRONG> (Thumb, 26 bytes, Stack size 0 bytes, stm32f4xx_tim.o(.text), UNUSED)

<P><STRONG><a name="[142]"></a>TIM_OC1FastConfig</STRONG> (Thumb, 18 bytes, Stack size 0 bytes, stm32f4xx_tim.o(.text), UNUSED)

<P><STRONG><a name="[143]"></a>TIM_OC2FastConfig</STRONG> (Thumb, 26 bytes, Stack size 0 bytes, stm32f4xx_tim.o(.text), UNUSED)

<P><STRONG><a name="[144]"></a>TIM_OC3FastConfig</STRONG> (Thumb, 18 bytes, Stack size 0 bytes, stm32f4xx_tim.o(.text), UNUSED)

<P><STRONG><a name="[145]"></a>TIM_OC4FastConfig</STRONG> (Thumb, 26 bytes, Stack size 0 bytes, stm32f4xx_tim.o(.text), UNUSED)

<P><STRONG><a name="[146]"></a>TIM_ClearOC1Ref</STRONG> (Thumb, 18 bytes, Stack size 0 bytes, stm32f4xx_tim.o(.text), UNUSED)

<P><STRONG><a name="[147]"></a>TIM_ClearOC2Ref</STRONG> (Thumb, 24 bytes, Stack size 0 bytes, stm32f4xx_tim.o(.text), UNUSED)

<P><STRONG><a name="[148]"></a>TIM_ClearOC3Ref</STRONG> (Thumb, 18 bytes, Stack size 0 bytes, stm32f4xx_tim.o(.text), UNUSED)

<P><STRONG><a name="[149]"></a>TIM_ClearOC4Ref</STRONG> (Thumb, 24 bytes, Stack size 0 bytes, stm32f4xx_tim.o(.text), UNUSED)

<P><STRONG><a name="[14a]"></a>TIM_OC1PolarityConfig</STRONG> (Thumb, 18 bytes, Stack size 0 bytes, stm32f4xx_tim.o(.text), UNUSED)

<P><STRONG><a name="[14b]"></a>TIM_OC1NPolarityConfig</STRONG> (Thumb, 18 bytes, Stack size 0 bytes, stm32f4xx_tim.o(.text), UNUSED)

<P><STRONG><a name="[14c]"></a>TIM_OC2PolarityConfig</STRONG> (Thumb, 26 bytes, Stack size 0 bytes, stm32f4xx_tim.o(.text), UNUSED)

<P><STRONG><a name="[14d]"></a>TIM_OC2NPolarityConfig</STRONG> (Thumb, 26 bytes, Stack size 0 bytes, stm32f4xx_tim.o(.text), UNUSED)

<P><STRONG><a name="[14e]"></a>TIM_OC3PolarityConfig</STRONG> (Thumb, 26 bytes, Stack size 0 bytes, stm32f4xx_tim.o(.text), UNUSED)

<P><STRONG><a name="[14f]"></a>TIM_OC3NPolarityConfig</STRONG> (Thumb, 26 bytes, Stack size 0 bytes, stm32f4xx_tim.o(.text), UNUSED)

<P><STRONG><a name="[150]"></a>TIM_OC4PolarityConfig</STRONG> (Thumb, 26 bytes, Stack size 0 bytes, stm32f4xx_tim.o(.text), UNUSED)

<P><STRONG><a name="[151]"></a>TIM_CCxCmd</STRONG> (Thumb, 30 bytes, Stack size 12 bytes, stm32f4xx_tim.o(.text), UNUSED)

<P><STRONG><a name="[152]"></a>TIM_CCxNCmd</STRONG> (Thumb, 30 bytes, Stack size 12 bytes, stm32f4xx_tim.o(.text), UNUSED)

<P><STRONG><a name="[6c]"></a>TIM_SetIC4Prescaler</STRONG> (Thumb, 26 bytes, Stack size 0 bytes, stm32f4xx_tim.o(.text), UNUSED)
<BR><BR>[Called By]<UL><LI><a href="#[64]">&gt;&gt;</a>&nbsp;&nbsp;&nbsp;TIM_ICInit
</UL>

<P><STRONG><a name="[6a]"></a>TIM_SetIC3Prescaler</STRONG> (Thumb, 18 bytes, Stack size 0 bytes, stm32f4xx_tim.o(.text), UNUSED)
<BR><BR>[Called By]<UL><LI><a href="#[64]">&gt;&gt;</a>&nbsp;&nbsp;&nbsp;TIM_ICInit
</UL>

<P><STRONG><a name="[68]"></a>TIM_SetIC2Prescaler</STRONG> (Thumb, 26 bytes, Stack size 0 bytes, stm32f4xx_tim.o(.text), UNUSED)
<BR><BR>[Called By]<UL><LI><a href="#[6d]">&gt;&gt;</a>&nbsp;&nbsp;&nbsp;TIM_PWMIConfig
<LI><a href="#[64]">&gt;&gt;</a>&nbsp;&nbsp;&nbsp;TIM_ICInit
</UL>

<P><STRONG><a name="[66]"></a>TIM_SetIC1Prescaler</STRONG> (Thumb, 18 bytes, Stack size 0 bytes, stm32f4xx_tim.o(.text), UNUSED)
<BR><BR>[Called By]<UL><LI><a href="#[6d]">&gt;&gt;</a>&nbsp;&nbsp;&nbsp;TIM_PWMIConfig
<LI><a href="#[64]">&gt;&gt;</a>&nbsp;&nbsp;&nbsp;TIM_ICInit
</UL>

<P><STRONG><a name="[64]"></a>TIM_ICInit</STRONG> (Thumb, 110 bytes, Stack size 16 bytes, stm32f4xx_tim.o(.text), UNUSED)
<BR><BR>[Calls]<UL><LI><a href="#[66]">&gt;&gt;</a>&nbsp;&nbsp;&nbsp;TIM_SetIC1Prescaler
<LI><a href="#[68]">&gt;&gt;</a>&nbsp;&nbsp;&nbsp;TIM_SetIC2Prescaler
<LI><a href="#[6a]">&gt;&gt;</a>&nbsp;&nbsp;&nbsp;TIM_SetIC3Prescaler
<LI><a href="#[6c]">&gt;&gt;</a>&nbsp;&nbsp;&nbsp;TIM_SetIC4Prescaler
<LI><a href="#[65]">&gt;&gt;</a>&nbsp;&nbsp;&nbsp;TI1_Config
<LI><a href="#[67]">&gt;&gt;</a>&nbsp;&nbsp;&nbsp;TI2_Config
<LI><a href="#[69]">&gt;&gt;</a>&nbsp;&nbsp;&nbsp;TI3_Config
<LI><a href="#[6b]">&gt;&gt;</a>&nbsp;&nbsp;&nbsp;TI4_Config
</UL>

<P><STRONG><a name="[153]"></a>TIM_ICStructInit</STRONG> (Thumb, 18 bytes, Stack size 0 bytes, stm32f4xx_tim.o(.text), UNUSED)

<P><STRONG><a name="[6d]"></a>TIM_PWMIConfig</STRONG> (Thumb, 124 bytes, Stack size 24 bytes, stm32f4xx_tim.o(.text), UNUSED)
<BR><BR>[Calls]<UL><LI><a href="#[66]">&gt;&gt;</a>&nbsp;&nbsp;&nbsp;TIM_SetIC1Prescaler
<LI><a href="#[68]">&gt;&gt;</a>&nbsp;&nbsp;&nbsp;TIM_SetIC2Prescaler
<LI><a href="#[65]">&gt;&gt;</a>&nbsp;&nbsp;&nbsp;TI1_Config
<LI><a href="#[67]">&gt;&gt;</a>&nbsp;&nbsp;&nbsp;TI2_Config
</UL>

<P><STRONG><a name="[154]"></a>TIM_GetCapture1</STRONG> (Thumb, 6 bytes, Stack size 0 bytes, stm32f4xx_tim.o(.text), UNUSED)

<P><STRONG><a name="[155]"></a>TIM_GetCapture2</STRONG> (Thumb, 6 bytes, Stack size 0 bytes, stm32f4xx_tim.o(.text), UNUSED)

<P><STRONG><a name="[156]"></a>TIM_GetCapture3</STRONG> (Thumb, 6 bytes, Stack size 0 bytes, stm32f4xx_tim.o(.text), UNUSED)

<P><STRONG><a name="[157]"></a>TIM_GetCapture4</STRONG> (Thumb, 6 bytes, Stack size 0 bytes, stm32f4xx_tim.o(.text), UNUSED)

<P><STRONG><a name="[158]"></a>TIM_BDTRConfig</STRONG> (Thumb, 32 bytes, Stack size 0 bytes, stm32f4xx_tim.o(.text), UNUSED)

<P><STRONG><a name="[159]"></a>TIM_BDTRStructInit</STRONG> (Thumb, 18 bytes, Stack size 0 bytes, stm32f4xx_tim.o(.text), UNUSED)

<P><STRONG><a name="[15a]"></a>TIM_CtrlPWMOutputs</STRONG> (Thumb, 30 bytes, Stack size 0 bytes, stm32f4xx_tim.o(.text), UNUSED)

<P><STRONG><a name="[15b]"></a>TIM_SelectCOM</STRONG> (Thumb, 24 bytes, Stack size 0 bytes, stm32f4xx_tim.o(.text), UNUSED)

<P><STRONG><a name="[15c]"></a>TIM_CCPreloadControl</STRONG> (Thumb, 24 bytes, Stack size 0 bytes, stm32f4xx_tim.o(.text), UNUSED)

<P><STRONG><a name="[91]"></a>TIM_ITConfig</STRONG> (Thumb, 18 bytes, Stack size 0 bytes, stm32f4xx_tim.o(.text))
<BR><BR>[Called By]<UL><LI><a href="#[8e]">&gt;&gt;</a>&nbsp;&nbsp;&nbsp;TimerInit
</UL>

<P><STRONG><a name="[15d]"></a>TIM_GenerateEvent</STRONG> (Thumb, 4 bytes, Stack size 0 bytes, stm32f4xx_tim.o(.text), UNUSED)

<P><STRONG><a name="[15e]"></a>TIM_GetFlagStatus</STRONG> (Thumb, 18 bytes, Stack size 0 bytes, stm32f4xx_tim.o(.text), UNUSED)

<P><STRONG><a name="[15f]"></a>TIM_ClearFlag</STRONG> (Thumb, 6 bytes, Stack size 0 bytes, stm32f4xx_tim.o(.text), UNUSED)

<P><STRONG><a name="[59]"></a>TIM_GetITStatus</STRONG> (Thumb, 34 bytes, Stack size 12 bytes, stm32f4xx_tim.o(.text))
<BR><BR>[Stack]<UL><LI>Max Depth = 12<LI>Call Chain = TIM_GetITStatus
</UL>
<BR>[Called By]<UL><LI><a href="#[34]">&gt;&gt;</a>&nbsp;&nbsp;&nbsp;TIM5_IRQHandler
</UL>

<P><STRONG><a name="[5a]"></a>TIM_ClearITPendingBit</STRONG> (Thumb, 6 bytes, Stack size 0 bytes, stm32f4xx_tim.o(.text))
<BR><BR>[Called By]<UL><LI><a href="#[34]">&gt;&gt;</a>&nbsp;&nbsp;&nbsp;TIM5_IRQHandler
</UL>

<P><STRONG><a name="[160]"></a>TIM_DMAConfig</STRONG> (Thumb, 10 bytes, Stack size 0 bytes, stm32f4xx_tim.o(.text), UNUSED)

<P><STRONG><a name="[161]"></a>TIM_DMACmd</STRONG> (Thumb, 18 bytes, Stack size 0 bytes, stm32f4xx_tim.o(.text), UNUSED)

<P><STRONG><a name="[162]"></a>TIM_SelectCCDMA</STRONG> (Thumb, 24 bytes, Stack size 0 bytes, stm32f4xx_tim.o(.text), UNUSED)

<P><STRONG><a name="[163]"></a>TIM_InternalClockConfig</STRONG> (Thumb, 12 bytes, Stack size 0 bytes, stm32f4xx_tim.o(.text), UNUSED)

<P><STRONG><a name="[6f]"></a>TIM_SelectInputTrigger</STRONG> (Thumb, 18 bytes, Stack size 0 bytes, stm32f4xx_tim.o(.text), UNUSED)
<BR><BR>[Called By]<UL><LI><a href="#[70]">&gt;&gt;</a>&nbsp;&nbsp;&nbsp;TIM_TIxExternalClockConfig
<LI><a href="#[6e]">&gt;&gt;</a>&nbsp;&nbsp;&nbsp;TIM_ITRxExternalClockConfig
</UL>

<P><STRONG><a name="[6e]"></a>TIM_ITRxExternalClockConfig</STRONG> (Thumb, 24 bytes, Stack size 12 bytes, stm32f4xx_tim.o(.text), UNUSED)
<BR><BR>[Calls]<UL><LI><a href="#[6f]">&gt;&gt;</a>&nbsp;&nbsp;&nbsp;TIM_SelectInputTrigger
</UL>

<P><STRONG><a name="[70]"></a>TIM_TIxExternalClockConfig</STRONG> (Thumb, 62 bytes, Stack size 24 bytes, stm32f4xx_tim.o(.text), UNUSED)
<BR><BR>[Calls]<UL><LI><a href="#[6f]">&gt;&gt;</a>&nbsp;&nbsp;&nbsp;TIM_SelectInputTrigger
<LI><a href="#[65]">&gt;&gt;</a>&nbsp;&nbsp;&nbsp;TI1_Config
<LI><a href="#[67]">&gt;&gt;</a>&nbsp;&nbsp;&nbsp;TI2_Config
</UL>

<P><STRONG><a name="[72]"></a>TIM_ETRConfig</STRONG> (Thumb, 28 bytes, Stack size 12 bytes, stm32f4xx_tim.o(.text), UNUSED)
<BR><BR>[Called By]<UL><LI><a href="#[73]">&gt;&gt;</a>&nbsp;&nbsp;&nbsp;TIM_ETRClockMode2Config
<LI><a href="#[71]">&gt;&gt;</a>&nbsp;&nbsp;&nbsp;TIM_ETRClockMode1Config
</UL>

<P><STRONG><a name="[71]"></a>TIM_ETRClockMode1Config</STRONG> (Thumb, 54 bytes, Stack size 24 bytes, stm32f4xx_tim.o(.text), UNUSED)
<BR><BR>[Calls]<UL><LI><a href="#[72]">&gt;&gt;</a>&nbsp;&nbsp;&nbsp;TIM_ETRConfig
</UL>

<P><STRONG><a name="[73]"></a>TIM_ETRClockMode2Config</STRONG> (Thumb, 32 bytes, Stack size 20 bytes, stm32f4xx_tim.o(.text), UNUSED)
<BR><BR>[Calls]<UL><LI><a href="#[72]">&gt;&gt;</a>&nbsp;&nbsp;&nbsp;TIM_ETRConfig
</UL>

<P><STRONG><a name="[164]"></a>TIM_SelectOutputTrigger</STRONG> (Thumb, 18 bytes, Stack size 0 bytes, stm32f4xx_tim.o(.text), UNUSED)

<P><STRONG><a name="[165]"></a>TIM_SelectSlaveMode</STRONG> (Thumb, 18 bytes, Stack size 0 bytes, stm32f4xx_tim.o(.text), UNUSED)

<P><STRONG><a name="[166]"></a>TIM_SelectMasterSlaveMode</STRONG> (Thumb, 18 bytes, Stack size 0 bytes, stm32f4xx_tim.o(.text), UNUSED)

<P><STRONG><a name="[167]"></a>TIM_EncoderInterfaceConfig</STRONG> (Thumb, 66 bytes, Stack size 20 bytes, stm32f4xx_tim.o(.text), UNUSED)

<P><STRONG><a name="[168]"></a>TIM_SelectHallSensor</STRONG> (Thumb, 24 bytes, Stack size 0 bytes, stm32f4xx_tim.o(.text), UNUSED)

<P><STRONG><a name="[169]"></a>TIM_RemapConfig</STRONG> (Thumb, 6 bytes, Stack size 0 bytes, stm32f4xx_tim.o(.text), UNUSED)

<P><STRONG><a name="[99]"></a>FLASH_SetLatency</STRONG> (Thumb, 6 bytes, Stack size 0 bytes, stm32f4xx_flash.o(.text))
<BR><BR>[Called By]<UL><LI><a href="#[94]">&gt;&gt;</a>&nbsp;&nbsp;&nbsp;RCCInit
</UL>

<P><STRONG><a name="[9a]"></a>FLASH_PrefetchBufferCmd</STRONG> (Thumb, 30 bytes, Stack size 0 bytes, stm32f4xx_flash.o(.text))
<BR><BR>[Called By]<UL><LI><a href="#[94]">&gt;&gt;</a>&nbsp;&nbsp;&nbsp;RCCInit
</UL>

<P><STRONG><a name="[16a]"></a>FLASH_InstructionCacheCmd</STRONG> (Thumb, 30 bytes, Stack size 0 bytes, stm32f4xx_flash.o(.text), UNUSED)

<P><STRONG><a name="[16b]"></a>FLASH_DataCacheCmd</STRONG> (Thumb, 30 bytes, Stack size 0 bytes, stm32f4xx_flash.o(.text), UNUSED)

<P><STRONG><a name="[16c]"></a>FLASH_InstructionCacheReset</STRONG> (Thumb, 14 bytes, Stack size 0 bytes, stm32f4xx_flash.o(.text), UNUSED)

<P><STRONG><a name="[16d]"></a>FLASH_DataCacheReset</STRONG> (Thumb, 14 bytes, Stack size 0 bytes, stm32f4xx_flash.o(.text), UNUSED)

<P><STRONG><a name="[16e]"></a>FLASH_Unlock</STRONG> (Thumb, 26 bytes, Stack size 0 bytes, stm32f4xx_flash.o(.text), UNUSED)

<P><STRONG><a name="[16f]"></a>FLASH_Lock</STRONG> (Thumb, 18 bytes, Stack size 0 bytes, stm32f4xx_flash.o(.text), UNUSED)

<P><STRONG><a name="[75]"></a>FLASH_GetStatus</STRONG> (Thumb, 90 bytes, Stack size 0 bytes, stm32f4xx_flash.o(.text), UNUSED)
<BR><BR>[Called By]<UL><LI><a href="#[74]">&gt;&gt;</a>&nbsp;&nbsp;&nbsp;FLASH_WaitForLastOperation
</UL>

<P><STRONG><a name="[74]"></a>FLASH_WaitForLastOperation</STRONG> (Thumb, 34 bytes, Stack size 8 bytes, stm32f4xx_flash.o(.text), UNUSED)
<BR><BR>[Calls]<UL><LI><a href="#[75]">&gt;&gt;</a>&nbsp;&nbsp;&nbsp;FLASH_GetStatus
</UL>
<BR>[Called By]<UL><LI><a href="#[84]">&gt;&gt;</a>&nbsp;&nbsp;&nbsp;FLASH_OB_Launch
<LI><a href="#[83]">&gt;&gt;</a>&nbsp;&nbsp;&nbsp;FLASH_OB_UserConfig
<LI><a href="#[82]">&gt;&gt;</a>&nbsp;&nbsp;&nbsp;FLASH_OB_RDPConfig
<LI><a href="#[81]">&gt;&gt;</a>&nbsp;&nbsp;&nbsp;FLASH_OB_PCROP1Config
<LI><a href="#[80]">&gt;&gt;</a>&nbsp;&nbsp;&nbsp;FLASH_OB_PCROPConfig
<LI><a href="#[7f]">&gt;&gt;</a>&nbsp;&nbsp;&nbsp;FLASH_OB_WRP1Config
<LI><a href="#[7e]">&gt;&gt;</a>&nbsp;&nbsp;&nbsp;FLASH_OB_WRPConfig
<LI><a href="#[7d]">&gt;&gt;</a>&nbsp;&nbsp;&nbsp;FLASH_ProgramByte
<LI><a href="#[7c]">&gt;&gt;</a>&nbsp;&nbsp;&nbsp;FLASH_ProgramHalfWord
<LI><a href="#[7b]">&gt;&gt;</a>&nbsp;&nbsp;&nbsp;FLASH_ProgramWord
<LI><a href="#[7a]">&gt;&gt;</a>&nbsp;&nbsp;&nbsp;FLASH_ProgramDoubleWord
<LI><a href="#[79]">&gt;&gt;</a>&nbsp;&nbsp;&nbsp;FLASH_EraseAllBank2Sectors
<LI><a href="#[78]">&gt;&gt;</a>&nbsp;&nbsp;&nbsp;FLASH_EraseAllBank1Sectors
<LI><a href="#[77]">&gt;&gt;</a>&nbsp;&nbsp;&nbsp;FLASH_EraseAllSectors
<LI><a href="#[76]">&gt;&gt;</a>&nbsp;&nbsp;&nbsp;FLASH_EraseSector
</UL>

<P><STRONG><a name="[76]"></a>FLASH_EraseSector</STRONG> (Thumb, 140 bytes, Stack size 16 bytes, stm32f4xx_flash.o(.text), UNUSED)
<BR><BR>[Calls]<UL><LI><a href="#[74]">&gt;&gt;</a>&nbsp;&nbsp;&nbsp;FLASH_WaitForLastOperation
</UL>

<P><STRONG><a name="[77]"></a>FLASH_EraseAllSectors</STRONG> (Thumb, 112 bytes, Stack size 12 bytes, stm32f4xx_flash.o(.text), UNUSED)
<BR><BR>[Calls]<UL><LI><a href="#[74]">&gt;&gt;</a>&nbsp;&nbsp;&nbsp;FLASH_WaitForLastOperation
</UL>

<P><STRONG><a name="[78]"></a>FLASH_EraseAllBank1Sectors</STRONG> (Thumb, 112 bytes, Stack size 12 bytes, stm32f4xx_flash.o(.text), UNUSED)
<BR><BR>[Calls]<UL><LI><a href="#[74]">&gt;&gt;</a>&nbsp;&nbsp;&nbsp;FLASH_WaitForLastOperation
</UL>

<P><STRONG><a name="[79]"></a>FLASH_EraseAllBank2Sectors</STRONG> (Thumb, 112 bytes, Stack size 12 bytes, stm32f4xx_flash.o(.text), UNUSED)
<BR><BR>[Calls]<UL><LI><a href="#[74]">&gt;&gt;</a>&nbsp;&nbsp;&nbsp;FLASH_WaitForLastOperation
</UL>

<P><STRONG><a name="[7a]"></a>FLASH_ProgramDoubleWord</STRONG> (Thumb, 86 bytes, Stack size 16 bytes, stm32f4xx_flash.o(.text), UNUSED)
<BR><BR>[Calls]<UL><LI><a href="#[74]">&gt;&gt;</a>&nbsp;&nbsp;&nbsp;FLASH_WaitForLastOperation
</UL>

<P><STRONG><a name="[7b]"></a>FLASH_ProgramWord</STRONG> (Thumb, 82 bytes, Stack size 12 bytes, stm32f4xx_flash.o(.text), UNUSED)
<BR><BR>[Calls]<UL><LI><a href="#[74]">&gt;&gt;</a>&nbsp;&nbsp;&nbsp;FLASH_WaitForLastOperation
</UL>

<P><STRONG><a name="[7c]"></a>FLASH_ProgramHalfWord</STRONG> (Thumb, 96 bytes, Stack size 12 bytes, stm32f4xx_flash.o(.text), UNUSED)
<BR><BR>[Calls]<UL><LI><a href="#[74]">&gt;&gt;</a>&nbsp;&nbsp;&nbsp;FLASH_WaitForLastOperation
</UL>

<P><STRONG><a name="[7d]"></a>FLASH_ProgramByte</STRONG> (Thumb, 70 bytes, Stack size 12 bytes, stm32f4xx_flash.o(.text), UNUSED)
<BR><BR>[Calls]<UL><LI><a href="#[74]">&gt;&gt;</a>&nbsp;&nbsp;&nbsp;FLASH_WaitForLastOperation
</UL>

<P><STRONG><a name="[170]"></a>FLASH_OB_Unlock</STRONG> (Thumb, 26 bytes, Stack size 0 bytes, stm32f4xx_flash.o(.text), UNUSED)

<P><STRONG><a name="[171]"></a>FLASH_OB_Lock</STRONG> (Thumb, 18 bytes, Stack size 0 bytes, stm32f4xx_flash.o(.text), UNUSED)

<P><STRONG><a name="[7e]"></a>FLASH_OB_WRPConfig</STRONG> (Thumb, 54 bytes, Stack size 12 bytes, stm32f4xx_flash.o(.text), UNUSED)
<BR><BR>[Calls]<UL><LI><a href="#[74]">&gt;&gt;</a>&nbsp;&nbsp;&nbsp;FLASH_WaitForLastOperation
</UL>

<P><STRONG><a name="[7f]"></a>FLASH_OB_WRP1Config</STRONG> (Thumb, 54 bytes, Stack size 12 bytes, stm32f4xx_flash.o(.text), UNUSED)
<BR><BR>[Calls]<UL><LI><a href="#[74]">&gt;&gt;</a>&nbsp;&nbsp;&nbsp;FLASH_WaitForLastOperation
</UL>

<P><STRONG><a name="[172]"></a>FLASH_OB_PCROPSelectionConfig</STRONG> (Thumb, 24 bytes, Stack size 0 bytes, stm32f4xx_flash.o(.text), UNUSED)

<P><STRONG><a name="[80]"></a>FLASH_OB_PCROPConfig</STRONG> (Thumb, 54 bytes, Stack size 12 bytes, stm32f4xx_flash.o(.text), UNUSED)
<BR><BR>[Calls]<UL><LI><a href="#[74]">&gt;&gt;</a>&nbsp;&nbsp;&nbsp;FLASH_WaitForLastOperation
</UL>

<P><STRONG><a name="[81]"></a>FLASH_OB_PCROP1Config</STRONG> (Thumb, 54 bytes, Stack size 12 bytes, stm32f4xx_flash.o(.text), UNUSED)
<BR><BR>[Calls]<UL><LI><a href="#[74]">&gt;&gt;</a>&nbsp;&nbsp;&nbsp;FLASH_WaitForLastOperation
</UL>

<P><STRONG><a name="[82]"></a>FLASH_OB_RDPConfig</STRONG> (Thumb, 24 bytes, Stack size 8 bytes, stm32f4xx_flash.o(.text), UNUSED)
<BR><BR>[Calls]<UL><LI><a href="#[74]">&gt;&gt;</a>&nbsp;&nbsp;&nbsp;FLASH_WaitForLastOperation
</UL>

<P><STRONG><a name="[83]"></a>FLASH_OB_UserConfig</STRONG> (Thumb, 46 bytes, Stack size 20 bytes, stm32f4xx_flash.o(.text), UNUSED)
<BR><BR>[Calls]<UL><LI><a href="#[74]">&gt;&gt;</a>&nbsp;&nbsp;&nbsp;FLASH_WaitForLastOperation
</UL>

<P><STRONG><a name="[173]"></a>FLASH_OB_BootConfig</STRONG> (Thumb, 26 bytes, Stack size 0 bytes, stm32f4xx_flash.o(.text), UNUSED)

<P><STRONG><a name="[174]"></a>FLASH_OB_BORConfig</STRONG> (Thumb, 26 bytes, Stack size 0 bytes, stm32f4xx_flash.o(.text), UNUSED)

<P><STRONG><a name="[84]"></a>FLASH_OB_Launch</STRONG> (Thumb, 30 bytes, Stack size 4 bytes, stm32f4xx_flash.o(.text), UNUSED)
<BR><BR>[Calls]<UL><LI><a href="#[74]">&gt;&gt;</a>&nbsp;&nbsp;&nbsp;FLASH_WaitForLastOperation
</UL>

<P><STRONG><a name="[175]"></a>FLASH_OB_GetUser</STRONG> (Thumb, 12 bytes, Stack size 0 bytes, stm32f4xx_flash.o(.text), UNUSED)

<P><STRONG><a name="[176]"></a>FLASH_OB_GetWRP</STRONG> (Thumb, 8 bytes, Stack size 0 bytes, stm32f4xx_flash.o(.text), UNUSED)

<P><STRONG><a name="[177]"></a>FLASH_OB_GetWRP1</STRONG> (Thumb, 8 bytes, Stack size 0 bytes, stm32f4xx_flash.o(.text), UNUSED)

<P><STRONG><a name="[178]"></a>FLASH_OB_GetPCROP</STRONG> (Thumb, 8 bytes, Stack size 0 bytes, stm32f4xx_flash.o(.text), UNUSED)

<P><STRONG><a name="[179]"></a>FLASH_OB_GetPCROP1</STRONG> (Thumb, 8 bytes, Stack size 0 bytes, stm32f4xx_flash.o(.text), UNUSED)

<P><STRONG><a name="[17a]"></a>FLASH_OB_GetRDP</STRONG> (Thumb, 20 bytes, Stack size 0 bytes, stm32f4xx_flash.o(.text), UNUSED)

<P><STRONG><a name="[17b]"></a>FLASH_OB_GetBOR</STRONG> (Thumb, 12 bytes, Stack size 0 bytes, stm32f4xx_flash.o(.text), UNUSED)

<P><STRONG><a name="[17c]"></a>FLASH_ITConfig</STRONG> (Thumb, 26 bytes, Stack size 0 bytes, stm32f4xx_flash.o(.text), UNUSED)

<P><STRONG><a name="[17d]"></a>FLASH_GetFlagStatus</STRONG> (Thumb, 22 bytes, Stack size 0 bytes, stm32f4xx_flash.o(.text), UNUSED)

<P><STRONG><a name="[17e]"></a>FLASH_ClearFlag</STRONG> (Thumb, 8 bytes, Stack size 0 bytes, stm32f4xx_flash.o(.text), UNUSED)

<P><STRONG><a name="[8c]"></a>NVIC_PriorityGroupConfig</STRONG> (Thumb, 10 bytes, Stack size 0 bytes, misc.o(.text))
<BR><BR>[Called By]<UL><LI><a href="#[8b]">&gt;&gt;</a>&nbsp;&nbsp;&nbsp;NVIC_Configuration
</UL>

<P><STRONG><a name="[8d]"></a>NVIC_Init</STRONG> (Thumb, 106 bytes, Stack size 16 bytes, misc.o(.text))
<BR><BR>[Stack]<UL><LI>Max Depth = 16<LI>Call Chain = NVIC_Init
</UL>
<BR>[Called By]<UL><LI><a href="#[8b]">&gt;&gt;</a>&nbsp;&nbsp;&nbsp;NVIC_Configuration
</UL>

<P><STRONG><a name="[17f]"></a>NVIC_SetVectorTable</STRONG> (Thumb, 14 bytes, Stack size 0 bytes, misc.o(.text), UNUSED)

<P><STRONG><a name="[180]"></a>NVIC_SystemLPConfig</STRONG> (Thumb, 34 bytes, Stack size 0 bytes, misc.o(.text), UNUSED)

<P><STRONG><a name="[181]"></a>SysTick_CLKSourceConfig</STRONG> (Thumb, 40 bytes, Stack size 0 bytes, misc.o(.text), UNUSED)

<P><STRONG><a name="[85]"></a>SPI_I2S_DeInit</STRONG> (Thumb, 152 bytes, Stack size 8 bytes, stm32f4xx_spi.o(.text), UNUSED)
<BR><BR>[Calls]<UL><LI><a href="#[62]">&gt;&gt;</a>&nbsp;&nbsp;&nbsp;RCC_APB2PeriphResetCmd
<LI><a href="#[63]">&gt;&gt;</a>&nbsp;&nbsp;&nbsp;RCC_APB1PeriphResetCmd
</UL>

<P><STRONG><a name="[a4]"></a>SPI_Init</STRONG> (Thumb, 60 bytes, Stack size 8 bytes, stm32f4xx_spi.o(.text))
<BR><BR>[Stack]<UL><LI>Max Depth = 8<LI>Call Chain = SPI_Init
</UL>
<BR>[Called By]<UL><LI><a href="#[a0]">&gt;&gt;</a>&nbsp;&nbsp;&nbsp;SPIInit
</UL>

<P><STRONG><a name="[182]"></a>I2S_Init</STRONG> (Thumb, 396 bytes, Stack size 36 bytes, stm32f4xx_spi.o(.text), UNUSED)

<P><STRONG><a name="[183]"></a>SPI_StructInit</STRONG> (Thumb, 24 bytes, Stack size 0 bytes, stm32f4xx_spi.o(.text), UNUSED)

<P><STRONG><a name="[184]"></a>I2S_StructInit</STRONG> (Thumb, 20 bytes, Stack size 0 bytes, stm32f4xx_spi.o(.text), UNUSED)

<P><STRONG><a name="[a5]"></a>SPI_Cmd</STRONG> (Thumb, 24 bytes, Stack size 0 bytes, stm32f4xx_spi.o(.text))
<BR><BR>[Called By]<UL><LI><a href="#[a0]">&gt;&gt;</a>&nbsp;&nbsp;&nbsp;SPIInit
</UL>

<P><STRONG><a name="[185]"></a>I2S_Cmd</STRONG> (Thumb, 24 bytes, Stack size 0 bytes, stm32f4xx_spi.o(.text), UNUSED)

<P><STRONG><a name="[186]"></a>SPI_DataSizeConfig</STRONG> (Thumb, 18 bytes, Stack size 0 bytes, stm32f4xx_spi.o(.text), UNUSED)

<P><STRONG><a name="[187]"></a>SPI_BiDirectionalLineConfig</STRONG> (Thumb, 28 bytes, Stack size 0 bytes, stm32f4xx_spi.o(.text), UNUSED)

<P><STRONG><a name="[188]"></a>SPI_NSSInternalSoftwareConfig</STRONG> (Thumb, 30 bytes, Stack size 0 bytes, stm32f4xx_spi.o(.text), UNUSED)

<P><STRONG><a name="[189]"></a>SPI_SSOutputCmd</STRONG> (Thumb, 24 bytes, Stack size 0 bytes, stm32f4xx_spi.o(.text), UNUSED)

<P><STRONG><a name="[18a]"></a>SPI_TIModeCmd</STRONG> (Thumb, 24 bytes, Stack size 0 bytes, stm32f4xx_spi.o(.text), UNUSED)

<P><STRONG><a name="[18b]"></a>I2S_FullDuplexConfig</STRONG> (Thumb, 80 bytes, Stack size 12 bytes, stm32f4xx_spi.o(.text), UNUSED)

<P><STRONG><a name="[18c]"></a>SPI_I2S_ReceiveData</STRONG> (Thumb, 6 bytes, Stack size 0 bytes, stm32f4xx_spi.o(.text), UNUSED)

<P><STRONG><a name="[18d]"></a>SPI_I2S_SendData</STRONG> (Thumb, 4 bytes, Stack size 0 bytes, stm32f4xx_spi.o(.text), UNUSED)

<P><STRONG><a name="[18e]"></a>SPI_CalculateCRC</STRONG> (Thumb, 24 bytes, Stack size 0 bytes, stm32f4xx_spi.o(.text), UNUSED)

<P><STRONG><a name="[18f]"></a>SPI_TransmitCRC</STRONG> (Thumb, 10 bytes, Stack size 0 bytes, stm32f4xx_spi.o(.text), UNUSED)

<P><STRONG><a name="[190]"></a>SPI_GetCRC</STRONG> (Thumb, 16 bytes, Stack size 0 bytes, stm32f4xx_spi.o(.text), UNUSED)

<P><STRONG><a name="[191]"></a>SPI_GetCRCPolynomial</STRONG> (Thumb, 6 bytes, Stack size 0 bytes, stm32f4xx_spi.o(.text), UNUSED)

<P><STRONG><a name="[192]"></a>SPI_I2S_DMACmd</STRONG> (Thumb, 18 bytes, Stack size 0 bytes, stm32f4xx_spi.o(.text), UNUSED)

<P><STRONG><a name="[193]"></a>SPI_I2S_ITConfig</STRONG> (Thumb, 68 bytes, Stack size 12 bytes, stm32f4xx_spi.o(.text), UNUSED)

<P><STRONG><a name="[194]"></a>SPI_I2S_GetFlagStatus</STRONG> (Thumb, 18 bytes, Stack size 0 bytes, stm32f4xx_spi.o(.text), UNUSED)

<P><STRONG><a name="[195]"></a>SPI_I2S_ClearFlag</STRONG> (Thumb, 6 bytes, Stack size 0 bytes, stm32f4xx_spi.o(.text), UNUSED)

<P><STRONG><a name="[196]"></a>SPI_I2S_GetITStatus</STRONG> (Thumb, 52 bytes, Stack size 20 bytes, stm32f4xx_spi.o(.text), UNUSED)

<P><STRONG><a name="[197]"></a>SPI_I2S_ClearITPendingBit</STRONG> (Thumb, 20 bytes, Stack size 8 bytes, stm32f4xx_spi.o(.text), UNUSED)

<P><STRONG><a name="[52]"></a>main</STRONG> (Thumb, 46 bytes, Stack size 0 bytes, main.o(.text))
<BR><BR>[Stack]<UL><LI>Max Depth = 96<LI>Call Chain = main &rArr; DW1000_Init &rArr; resetAll &rArr; writeRegister8 &rArr; writeRegister &rArr; setupTransaction &rArr; select
</UL>
<BR>[Calls]<UL><LI><a href="#[89]">&gt;&gt;</a>&nbsp;&nbsp;&nbsp;writeRegister16
<LI><a href="#[8a]">&gt;&gt;</a>&nbsp;&nbsp;&nbsp;readRegister16
<LI><a href="#[86]">&gt;&gt;</a>&nbsp;&nbsp;&nbsp;PeriphInit
<LI><a href="#[88]">&gt;&gt;</a>&nbsp;&nbsp;&nbsp;DW1000_Init
<LI><a href="#[87]">&gt;&gt;</a>&nbsp;&nbsp;&nbsp;Delay
</UL>
<BR>[Called By]<UL><LI><a href="#[51]">&gt;&gt;</a>&nbsp;&nbsp;&nbsp;__rt_entry_main
</UL>

<P><STRONG><a name="[58]"></a>TimingDelay_Decrement</STRONG> (Thumb, 18 bytes, Stack size 0 bytes, main.o(.text))
<BR><BR>[Called By]<UL><LI><a href="#[b]">&gt;&gt;</a>&nbsp;&nbsp;&nbsp;SysTick_Handler
</UL>

<P><STRONG><a name="[8b]"></a>NVIC_Configuration</STRONG> (Thumb, 64 bytes, Stack size 8 bytes, init.o(.text))
<BR><BR>[Stack]<UL><LI>Max Depth = 24<LI>Call Chain = NVIC_Configuration &rArr; NVIC_Init
</UL>
<BR>[Calls]<UL><LI><a href="#[8d]">&gt;&gt;</a>&nbsp;&nbsp;&nbsp;NVIC_Init
<LI><a href="#[8c]">&gt;&gt;</a>&nbsp;&nbsp;&nbsp;NVIC_PriorityGroupConfig
</UL>
<BR>[Called By]<UL><LI><a href="#[86]">&gt;&gt;</a>&nbsp;&nbsp;&nbsp;PeriphInit
</UL>

<P><STRONG><a name="[8e]"></a>TimerInit</STRONG> (Thumb, 108 bytes, Stack size 16 bytes, init.o(.text))
<BR><BR>[Stack]<UL><LI>Max Depth = 16<LI>Call Chain = TimerInit
</UL>
<BR>[Calls]<UL><LI><a href="#[91]">&gt;&gt;</a>&nbsp;&nbsp;&nbsp;TIM_ITConfig
<LI><a href="#[90]">&gt;&gt;</a>&nbsp;&nbsp;&nbsp;TIM_TimeBaseInit
<LI><a href="#[8f]">&gt;&gt;</a>&nbsp;&nbsp;&nbsp;RCC_APB1PeriphClockCmd
<LI><a href="#[5b]">&gt;&gt;</a>&nbsp;&nbsp;&nbsp;TIM_Cmd
</UL>
<BR>[Called By]<UL><LI><a href="#[86]">&gt;&gt;</a>&nbsp;&nbsp;&nbsp;PeriphInit
</UL>

<P><STRONG><a name="[92]"></a>GPIOInit</STRONG> (Thumb, 42 bytes, Stack size 16 bytes, init.o(.text))
<BR><BR>[Stack]<UL><LI>Max Depth = 16<LI>Call Chain = GPIOInit
</UL>
<BR>[Calls]<UL><LI><a href="#[93]">&gt;&gt;</a>&nbsp;&nbsp;&nbsp;RCC_AHB1PeriphClockCmd
</UL>
<BR>[Called By]<UL><LI><a href="#[86]">&gt;&gt;</a>&nbsp;&nbsp;&nbsp;PeriphInit
</UL>

<P><STRONG><a name="[94]"></a>RCCInit</STRONG> (Thumb, 174 bytes, Stack size 16 bytes, init.o(.text))
<BR><BR>[Stack]<UL><LI>Max Depth = 36<LI>Call Chain = RCCInit &rArr; RCC_GetClocksFreq
</UL>
<BR>[Calls]<UL><LI><a href="#[9a]">&gt;&gt;</a>&nbsp;&nbsp;&nbsp;FLASH_PrefetchBufferCmd
<LI><a href="#[99]">&gt;&gt;</a>&nbsp;&nbsp;&nbsp;FLASH_SetLatency
<LI><a href="#[9f]">&gt;&gt;</a>&nbsp;&nbsp;&nbsp;RCC_GetClocksFreq
<LI><a href="#[97]">&gt;&gt;</a>&nbsp;&nbsp;&nbsp;RCC_PCLK2Config
<LI><a href="#[98]">&gt;&gt;</a>&nbsp;&nbsp;&nbsp;RCC_PCLK1Config
<LI><a href="#[96]">&gt;&gt;</a>&nbsp;&nbsp;&nbsp;RCC_HCLKConfig
<LI><a href="#[9e]">&gt;&gt;</a>&nbsp;&nbsp;&nbsp;RCC_GetSYSCLKSource
<LI><a href="#[9d]">&gt;&gt;</a>&nbsp;&nbsp;&nbsp;RCC_SYSCLKConfig
<LI><a href="#[9c]">&gt;&gt;</a>&nbsp;&nbsp;&nbsp;RCC_PLLCmd
<LI><a href="#[9b]">&gt;&gt;</a>&nbsp;&nbsp;&nbsp;RCC_PLLConfig
<LI><a href="#[60]">&gt;&gt;</a>&nbsp;&nbsp;&nbsp;RCC_GetFlagStatus
<LI><a href="#[95]">&gt;&gt;</a>&nbsp;&nbsp;&nbsp;RCC_DeInit
</UL>
<BR>[Called By]<UL><LI><a href="#[86]">&gt;&gt;</a>&nbsp;&nbsp;&nbsp;PeriphInit
</UL>

<P><STRONG><a name="[86]"></a>PeriphInit</STRONG> (Thumb, 20 bytes, Stack size 8 bytes, init.o(.text))
<BR><BR>[Stack]<UL><LI>Max Depth = 44<LI>Call Chain = PeriphInit &rArr; RCCInit &rArr; RCC_GetClocksFreq
</UL>
<BR>[Calls]<UL><LI><a href="#[94]">&gt;&gt;</a>&nbsp;&nbsp;&nbsp;RCCInit
<LI><a href="#[92]">&gt;&gt;</a>&nbsp;&nbsp;&nbsp;GPIOInit
<LI><a href="#[8e]">&gt;&gt;</a>&nbsp;&nbsp;&nbsp;TimerInit
<LI><a href="#[8b]">&gt;&gt;</a>&nbsp;&nbsp;&nbsp;NVIC_Configuration
</UL>
<BR>[Called By]<UL><LI><a href="#[52]">&gt;&gt;</a>&nbsp;&nbsp;&nbsp;main
</UL>

<P><STRONG><a name="[a0]"></a>SPIInit</STRONG> (Thumb, 206 bytes, Stack size 32 bytes, spi.o(.text))
<BR><BR>[Stack]<UL><LI>Max Depth = 52<LI>Call Chain = SPIInit &rArr; GPIO_PinAFConfig
</UL>
<BR>[Calls]<UL><LI><a href="#[a5]">&gt;&gt;</a>&nbsp;&nbsp;&nbsp;SPI_Cmd
<LI><a href="#[a4]">&gt;&gt;</a>&nbsp;&nbsp;&nbsp;SPI_Init
<LI><a href="#[62]">&gt;&gt;</a>&nbsp;&nbsp;&nbsp;RCC_APB2PeriphResetCmd
<LI><a href="#[a1]">&gt;&gt;</a>&nbsp;&nbsp;&nbsp;RCC_APB2PeriphClockCmd
<LI><a href="#[93]">&gt;&gt;</a>&nbsp;&nbsp;&nbsp;RCC_AHB1PeriphClockCmd
<LI><a href="#[a3]">&gt;&gt;</a>&nbsp;&nbsp;&nbsp;GPIO_PinAFConfig
<LI><a href="#[a6]">&gt;&gt;</a>&nbsp;&nbsp;&nbsp;GPIO_WriteBit
<LI><a href="#[a2]">&gt;&gt;</a>&nbsp;&nbsp;&nbsp;GPIO_Init
</UL>
<BR>[Called By]<UL><LI><a href="#[88]">&gt;&gt;</a>&nbsp;&nbsp;&nbsp;DW1000_Init
</UL>

<P><STRONG><a name="[aa]"></a>SPI_RW</STRONG> (Thumb, 90 bytes, Stack size 0 bytes, spi.o(.text))
<BR><BR>[Called By]<UL><LI><a href="#[b0]">&gt;&gt;</a>&nbsp;&nbsp;&nbsp;readRegister
<LI><a href="#[ab]">&gt;&gt;</a>&nbsp;&nbsp;&nbsp;writeRegister
<LI><a href="#[a9]">&gt;&gt;</a>&nbsp;&nbsp;&nbsp;setupTransaction
</UL>

<P><STRONG><a name="[a7]"></a>select</STRONG> (Thumb, 14 bytes, Stack size 8 bytes, spi.o(.text))
<BR><BR>[Stack]<UL><LI>Max Depth = 8<LI>Call Chain = select
</UL>
<BR>[Calls]<UL><LI><a href="#[a6]">&gt;&gt;</a>&nbsp;&nbsp;&nbsp;GPIO_WriteBit
</UL>
<BR>[Called By]<UL><LI><a href="#[a9]">&gt;&gt;</a>&nbsp;&nbsp;&nbsp;setupTransaction
</UL>

<P><STRONG><a name="[a8]"></a>deselect</STRONG> (Thumb, 14 bytes, Stack size 8 bytes, spi.o(.text))
<BR><BR>[Stack]<UL><LI>Max Depth = 8<LI>Call Chain = deselect
</UL>
<BR>[Calls]<UL><LI><a href="#[a6]">&gt;&gt;</a>&nbsp;&nbsp;&nbsp;GPIO_WriteBit
</UL>
<BR>[Called By]<UL><LI><a href="#[b0]">&gt;&gt;</a>&nbsp;&nbsp;&nbsp;readRegister
<LI><a href="#[ab]">&gt;&gt;</a>&nbsp;&nbsp;&nbsp;writeRegister
<LI><a href="#[88]">&gt;&gt;</a>&nbsp;&nbsp;&nbsp;DW1000_Init
</UL>

<P><STRONG><a name="[a9]"></a>setupTransaction</STRONG> (Thumb, 72 bytes, Stack size 16 bytes, dw1000.o(.text))
<BR><BR>[Stack]<UL><LI>Max Depth = 24<LI>Call Chain = setupTransaction &rArr; select
</UL>
<BR>[Calls]<UL><LI><a href="#[a7]">&gt;&gt;</a>&nbsp;&nbsp;&nbsp;select
<LI><a href="#[aa]">&gt;&gt;</a>&nbsp;&nbsp;&nbsp;SPI_RW
</UL>
<BR>[Called By]<UL><LI><a href="#[b0]">&gt;&gt;</a>&nbsp;&nbsp;&nbsp;readRegister
<LI><a href="#[ab]">&gt;&gt;</a>&nbsp;&nbsp;&nbsp;writeRegister
</UL>

<P><STRONG><a name="[ab]"></a>writeRegister</STRONG> (Thumb, 46 bytes, Stack size 24 bytes, dw1000.o(.text))
<BR><BR>[Stack]<UL><LI>Max Depth = 48<LI>Call Chain = writeRegister &rArr; setupTransaction &rArr; select
</UL>
<BR>[Calls]<UL><LI><a href="#[a9]">&gt;&gt;</a>&nbsp;&nbsp;&nbsp;setupTransaction
<LI><a href="#[a8]">&gt;&gt;</a>&nbsp;&nbsp;&nbsp;deselect
<LI><a href="#[aa]">&gt;&gt;</a>&nbsp;&nbsp;&nbsp;SPI_RW
</UL>
<BR>[Called By]<UL><LI><a href="#[ca]">&gt;&gt;</a>&nbsp;&nbsp;&nbsp;sendDelayedFrame
<LI><a href="#[c9]">&gt;&gt;</a>&nbsp;&nbsp;&nbsp;writeRegister40
<LI><a href="#[c4]">&gt;&gt;</a>&nbsp;&nbsp;&nbsp;sendFrame
<LI><a href="#[b8]">&gt;&gt;</a>&nbsp;&nbsp;&nbsp;getVoltage
<LI><a href="#[b7]">&gt;&gt;</a>&nbsp;&nbsp;&nbsp;setEUI
<LI><a href="#[af]">&gt;&gt;</a>&nbsp;&nbsp;&nbsp;writeRegister32
<LI><a href="#[ac]">&gt;&gt;</a>&nbsp;&nbsp;&nbsp;writeRegister8
<LI><a href="#[89]">&gt;&gt;</a>&nbsp;&nbsp;&nbsp;writeRegister16
</UL>

<P><STRONG><a name="[ac]"></a>writeRegister8</STRONG> (Thumb, 20 bytes, Stack size 24 bytes, dw1000.o(.text))
<BR><BR>[Stack]<UL><LI>Max Depth = 72<LI>Call Chain = writeRegister8 &rArr; writeRegister &rArr; setupTransaction &rArr; select
</UL>
<BR>[Calls]<UL><LI><a href="#[ab]">&gt;&gt;</a>&nbsp;&nbsp;&nbsp;writeRegister
</UL>
<BR>[Called By]<UL><LI><a href="#[cc]">&gt;&gt;</a>&nbsp;&nbsp;&nbsp;ISR
<LI><a href="#[cb]">&gt;&gt;</a>&nbsp;&nbsp;&nbsp;resetRX
<LI><a href="#[ca]">&gt;&gt;</a>&nbsp;&nbsp;&nbsp;sendDelayedFrame
<LI><a href="#[c4]">&gt;&gt;</a>&nbsp;&nbsp;&nbsp;sendFrame
<LI><a href="#[c2]">&gt;&gt;</a>&nbsp;&nbsp;&nbsp;stopTRX
<LI><a href="#[c1]">&gt;&gt;</a>&nbsp;&nbsp;&nbsp;startRX
<LI><a href="#[b2]">&gt;&gt;</a>&nbsp;&nbsp;&nbsp;resetAll
<LI><a href="#[88]">&gt;&gt;</a>&nbsp;&nbsp;&nbsp;DW1000_Init
</UL>

<P><STRONG><a name="[89]"></a>writeRegister16</STRONG> (Thumb, 20 bytes, Stack size 24 bytes, dw1000.o(.text))
<BR><BR>[Stack]<UL><LI>Max Depth = 72<LI>Call Chain = writeRegister16 &rArr; writeRegister &rArr; setupTransaction &rArr; select
</UL>
<BR>[Calls]<UL><LI><a href="#[ab]">&gt;&gt;</a>&nbsp;&nbsp;&nbsp;writeRegister
</UL>
<BR>[Called By]<UL><LI><a href="#[cc]">&gt;&gt;</a>&nbsp;&nbsp;&nbsp;ISR
<LI><a href="#[ca]">&gt;&gt;</a>&nbsp;&nbsp;&nbsp;sendDelayedFrame
<LI><a href="#[c4]">&gt;&gt;</a>&nbsp;&nbsp;&nbsp;sendFrame
<LI><a href="#[b3]">&gt;&gt;</a>&nbsp;&nbsp;&nbsp;setInterrupt
<LI><a href="#[ae]">&gt;&gt;</a>&nbsp;&nbsp;&nbsp;loadLDE
<LI><a href="#[88]">&gt;&gt;</a>&nbsp;&nbsp;&nbsp;DW1000_Init
<LI><a href="#[52]">&gt;&gt;</a>&nbsp;&nbsp;&nbsp;main
</UL>

<P><STRONG><a name="[ae]"></a>loadLDE</STRONG> (Thumb, 46 bytes, Stack size 8 bytes, dw1000.o(.text))
<BR><BR>[Stack]<UL><LI>Max Depth = 80<LI>Call Chain = loadLDE &rArr; writeRegister16 &rArr; writeRegister &rArr; setupTransaction &rArr; select
</UL>
<BR>[Calls]<UL><LI><a href="#[ad]">&gt;&gt;</a>&nbsp;&nbsp;&nbsp;wait_us
<LI><a href="#[89]">&gt;&gt;</a>&nbsp;&nbsp;&nbsp;writeRegister16
</UL>
<BR>[Called By]<UL><LI><a href="#[88]">&gt;&gt;</a>&nbsp;&nbsp;&nbsp;DW1000_Init
</UL>

<P><STRONG><a name="[af]"></a>writeRegister32</STRONG> (Thumb, 20 bytes, Stack size 24 bytes, dw1000.o(.text))
<BR><BR>[Stack]<UL><LI>Max Depth = 72<LI>Call Chain = writeRegister32 &rArr; writeRegister &rArr; setupTransaction &rArr; select
</UL>
<BR>[Calls]<UL><LI><a href="#[ab]">&gt;&gt;</a>&nbsp;&nbsp;&nbsp;writeRegister
</UL>
<BR>[Called By]<UL><LI><a href="#[88]">&gt;&gt;</a>&nbsp;&nbsp;&nbsp;DW1000_Init
</UL>

<P><STRONG><a name="[b0]"></a>readRegister</STRONG> (Thumb, 48 bytes, Stack size 24 bytes, dw1000.o(.text))
<BR><BR>[Stack]<UL><LI>Max Depth = 48<LI>Call Chain = readRegister &rArr; setupTransaction &rArr; select
</UL>
<BR>[Calls]<UL><LI><a href="#[a9]">&gt;&gt;</a>&nbsp;&nbsp;&nbsp;setupTransaction
<LI><a href="#[a8]">&gt;&gt;</a>&nbsp;&nbsp;&nbsp;deselect
<LI><a href="#[aa]">&gt;&gt;</a>&nbsp;&nbsp;&nbsp;SPI_RW
</UL>
<BR>[Called By]<UL><LI><a href="#[c8]">&gt;&gt;</a>&nbsp;&nbsp;&nbsp;receiveString
<LI><a href="#[c3]">&gt;&gt;</a>&nbsp;&nbsp;&nbsp;readRegister8
<LI><a href="#[bd]">&gt;&gt;</a>&nbsp;&nbsp;&nbsp;readRegister40
<LI><a href="#[b8]">&gt;&gt;</a>&nbsp;&nbsp;&nbsp;getVoltage
<LI><a href="#[b6]">&gt;&gt;</a>&nbsp;&nbsp;&nbsp;getEUI
<LI><a href="#[b5]">&gt;&gt;</a>&nbsp;&nbsp;&nbsp;getDeviceID
<LI><a href="#[b1]">&gt;&gt;</a>&nbsp;&nbsp;&nbsp;readRegister32
<LI><a href="#[8a]">&gt;&gt;</a>&nbsp;&nbsp;&nbsp;readRegister16
</UL>

<P><STRONG><a name="[b1]"></a>readRegister32</STRONG> (Thumb, 22 bytes, Stack size 16 bytes, dw1000.o(.text))
<BR><BR>[Stack]<UL><LI>Max Depth = 64<LI>Call Chain = readRegister32 &rArr; readRegister &rArr; setupTransaction &rArr; select
</UL>
<BR>[Calls]<UL><LI><a href="#[b0]">&gt;&gt;</a>&nbsp;&nbsp;&nbsp;readRegister
</UL>
<BR>[Called By]<UL><LI><a href="#[88]">&gt;&gt;</a>&nbsp;&nbsp;&nbsp;DW1000_Init
</UL>

<P><STRONG><a name="[8a]"></a>readRegister16</STRONG> (Thumb, 24 bytes, Stack size 16 bytes, dw1000.o(.text))
<BR><BR>[Stack]<UL><LI>Max Depth = 64<LI>Call Chain = readRegister16 &rArr; readRegister &rArr; setupTransaction &rArr; select
</UL>
<BR>[Calls]<UL><LI><a href="#[b0]">&gt;&gt;</a>&nbsp;&nbsp;&nbsp;readRegister
</UL>
<BR>[Called By]<UL><LI><a href="#[c7]">&gt;&gt;</a>&nbsp;&nbsp;&nbsp;getFramelength
<LI><a href="#[88]">&gt;&gt;</a>&nbsp;&nbsp;&nbsp;DW1000_Init
<LI><a href="#[52]">&gt;&gt;</a>&nbsp;&nbsp;&nbsp;main
</UL>

<P><STRONG><a name="[b2]"></a>resetAll</STRONG> (Thumb, 40 bytes, Stack size 8 bytes, dw1000.o(.text))
<BR><BR>[Stack]<UL><LI>Max Depth = 80<LI>Call Chain = resetAll &rArr; writeRegister8 &rArr; writeRegister &rArr; setupTransaction &rArr; select
</UL>
<BR>[Calls]<UL><LI><a href="#[ac]">&gt;&gt;</a>&nbsp;&nbsp;&nbsp;writeRegister8
<LI><a href="#[ad]">&gt;&gt;</a>&nbsp;&nbsp;&nbsp;wait_us
</UL>
<BR>[Called By]<UL><LI><a href="#[88]">&gt;&gt;</a>&nbsp;&nbsp;&nbsp;DW1000_Init
</UL>

<P><STRONG><a name="[88]"></a>DW1000_Init</STRONG> (Thumb, 314 bytes, Stack size 16 bytes, dw1000.o(.text))
<BR><BR>[Stack]<UL><LI>Max Depth = 96<LI>Call Chain = DW1000_Init &rArr; resetAll &rArr; writeRegister8 &rArr; writeRegister &rArr; setupTransaction &rArr; select
</UL>
<BR>[Calls]<UL><LI><a href="#[b2]">&gt;&gt;</a>&nbsp;&nbsp;&nbsp;resetAll
<LI><a href="#[b1]">&gt;&gt;</a>&nbsp;&nbsp;&nbsp;readRegister32
<LI><a href="#[af]">&gt;&gt;</a>&nbsp;&nbsp;&nbsp;writeRegister32
<LI><a href="#[ae]">&gt;&gt;</a>&nbsp;&nbsp;&nbsp;loadLDE
<LI><a href="#[ac]">&gt;&gt;</a>&nbsp;&nbsp;&nbsp;writeRegister8
<LI><a href="#[ad]">&gt;&gt;</a>&nbsp;&nbsp;&nbsp;wait_us
<LI><a href="#[a8]">&gt;&gt;</a>&nbsp;&nbsp;&nbsp;deselect
<LI><a href="#[a0]">&gt;&gt;</a>&nbsp;&nbsp;&nbsp;SPIInit
<LI><a href="#[89]">&gt;&gt;</a>&nbsp;&nbsp;&nbsp;writeRegister16
<LI><a href="#[8a]">&gt;&gt;</a>&nbsp;&nbsp;&nbsp;readRegister16
</UL>
<BR>[Called By]<UL><LI><a href="#[52]">&gt;&gt;</a>&nbsp;&nbsp;&nbsp;main
</UL>

<P><STRONG><a name="[b3]"></a>setInterrupt</STRONG> (Thumb, 22 bytes, Stack size 16 bytes, dw1000.o(.text), UNUSED)
<BR><BR>[Calls]<UL><LI><a href="#[89]">&gt;&gt;</a>&nbsp;&nbsp;&nbsp;writeRegister16
</UL>
<BR>[Called By]<UL><LI><a href="#[b4]">&gt;&gt;</a>&nbsp;&nbsp;&nbsp;setCallbacks
</UL>

<P><STRONG><a name="[b4]"></a>setCallbacks</STRONG> (Thumb, 40 bytes, Stack size 24 bytes, dw1000.o(.text), UNUSED)
<BR><BR>[Calls]<UL><LI><a href="#[b3]">&gt;&gt;</a>&nbsp;&nbsp;&nbsp;setInterrupt
</UL>

<P><STRONG><a name="[b5]"></a>getDeviceID</STRONG> (Thumb, 18 bytes, Stack size 8 bytes, dw1000.o(.text), UNUSED)
<BR><BR>[Calls]<UL><LI><a href="#[b0]">&gt;&gt;</a>&nbsp;&nbsp;&nbsp;readRegister
</UL>

<P><STRONG><a name="[b6]"></a>getEUI</STRONG> (Thumb, 20 bytes, Stack size 16 bytes, dw1000.o(.text), UNUSED)
<BR><BR>[Calls]<UL><LI><a href="#[b0]">&gt;&gt;</a>&nbsp;&nbsp;&nbsp;readRegister
</UL>

<P><STRONG><a name="[b7]"></a>setEUI</STRONG> (Thumb, 16 bytes, Stack size 16 bytes, dw1000.o(.text), UNUSED)
<BR><BR>[Calls]<UL><LI><a href="#[ab]">&gt;&gt;</a>&nbsp;&nbsp;&nbsp;writeRegister
</UL>

<P><STRONG><a name="[b8]"></a>getVoltage</STRONG> (Thumb, 146 bytes, Stack size 48 bytes, dw1000.o(.text), UNUSED)
<BR><BR>[Calls]<UL><LI><a href="#[ba]">&gt;&gt;</a>&nbsp;&nbsp;&nbsp;__aeabi_dmul
<LI><a href="#[b9]">&gt;&gt;</a>&nbsp;&nbsp;&nbsp;__aeabi_ui2d
<LI><a href="#[bb]">&gt;&gt;</a>&nbsp;&nbsp;&nbsp;__aeabi_dadd
<LI><a href="#[bc]">&gt;&gt;</a>&nbsp;&nbsp;&nbsp;__aeabi_d2f
<LI><a href="#[b0]">&gt;&gt;</a>&nbsp;&nbsp;&nbsp;readRegister
<LI><a href="#[ab]">&gt;&gt;</a>&nbsp;&nbsp;&nbsp;writeRegister
</UL>

<P><STRONG><a name="[bd]"></a>readRegister40</STRONG> (Thumb, 34 bytes, Stack size 24 bytes, dw1000.o(.text), UNUSED)
<BR><BR>[Calls]<UL><LI><a href="#[b0]">&gt;&gt;</a>&nbsp;&nbsp;&nbsp;readRegister
</UL>
<BR>[Called By]<UL><LI><a href="#[c0]">&gt;&gt;</a>&nbsp;&nbsp;&nbsp;getTXTimestamp
<LI><a href="#[bf]">&gt;&gt;</a>&nbsp;&nbsp;&nbsp;getRXTimestamp
<LI><a href="#[be]">&gt;&gt;</a>&nbsp;&nbsp;&nbsp;getStatus
</UL>

<P><STRONG><a name="[be]"></a>getStatus</STRONG> (Thumb, 12 bytes, Stack size 8 bytes, dw1000.o(.text), UNUSED)
<BR><BR>[Calls]<UL><LI><a href="#[bd]">&gt;&gt;</a>&nbsp;&nbsp;&nbsp;readRegister40
</UL>
<BR>[Called By]<UL><LI><a href="#[cc]">&gt;&gt;</a>&nbsp;&nbsp;&nbsp;ISR
</UL>

<P><STRONG><a name="[bf]"></a>getRXTimestamp</STRONG> (Thumb, 12 bytes, Stack size 8 bytes, dw1000.o(.text), UNUSED)
<BR><BR>[Calls]<UL><LI><a href="#[bd]">&gt;&gt;</a>&nbsp;&nbsp;&nbsp;readRegister40
</UL>

<P><STRONG><a name="[c0]"></a>getTXTimestamp</STRONG> (Thumb, 12 bytes, Stack size 8 bytes, dw1000.o(.text), UNUSED)
<BR><BR>[Calls]<UL><LI><a href="#[bd]">&gt;&gt;</a>&nbsp;&nbsp;&nbsp;readRegister40
</UL>

<P><STRONG><a name="[c1]"></a>startRX</STRONG> (Thumb, 14 bytes, Stack size 8 bytes, dw1000.o(.text), UNUSED)
<BR><BR>[Calls]<UL><LI><a href="#[ac]">&gt;&gt;</a>&nbsp;&nbsp;&nbsp;writeRegister8
</UL>
<BR>[Called By]<UL><LI><a href="#[ca]">&gt;&gt;</a>&nbsp;&nbsp;&nbsp;sendDelayedFrame
<LI><a href="#[c4]">&gt;&gt;</a>&nbsp;&nbsp;&nbsp;sendFrame
</UL>

<P><STRONG><a name="[c2]"></a>stopTRX</STRONG> (Thumb, 14 bytes, Stack size 8 bytes, dw1000.o(.text), UNUSED)
<BR><BR>[Calls]<UL><LI><a href="#[ac]">&gt;&gt;</a>&nbsp;&nbsp;&nbsp;writeRegister8
</UL>
<BR>[Called By]<UL><LI><a href="#[ca]">&gt;&gt;</a>&nbsp;&nbsp;&nbsp;sendDelayedFrame
<LI><a href="#[c4]">&gt;&gt;</a>&nbsp;&nbsp;&nbsp;sendFrame
</UL>

<P><STRONG><a name="[c3]"></a>readRegister8</STRONG> (Thumb, 24 bytes, Stack size 16 bytes, dw1000.o(.text), UNUSED)
<BR><BR>[Calls]<UL><LI><a href="#[b0]">&gt;&gt;</a>&nbsp;&nbsp;&nbsp;readRegister
</UL>
<BR>[Called By]<UL><LI><a href="#[ca]">&gt;&gt;</a>&nbsp;&nbsp;&nbsp;sendDelayedFrame
<LI><a href="#[c4]">&gt;&gt;</a>&nbsp;&nbsp;&nbsp;sendFrame
</UL>

<P><STRONG><a name="[c4]"></a>sendFrame</STRONG> (Thumb, 138 bytes, Stack size 16 bytes, dw1000.o(.text), UNUSED)
<BR><BR>[Calls]<UL><LI><a href="#[c3]">&gt;&gt;</a>&nbsp;&nbsp;&nbsp;readRegister8
<LI><a href="#[c2]">&gt;&gt;</a>&nbsp;&nbsp;&nbsp;stopTRX
<LI><a href="#[c1]">&gt;&gt;</a>&nbsp;&nbsp;&nbsp;startRX
<LI><a href="#[ac]">&gt;&gt;</a>&nbsp;&nbsp;&nbsp;writeRegister8
<LI><a href="#[ab]">&gt;&gt;</a>&nbsp;&nbsp;&nbsp;writeRegister
<LI><a href="#[89]">&gt;&gt;</a>&nbsp;&nbsp;&nbsp;writeRegister16
</UL>
<BR>[Called By]<UL><LI><a href="#[c5]">&gt;&gt;</a>&nbsp;&nbsp;&nbsp;sendString
</UL>

<P><STRONG><a name="[c5]"></a>sendString</STRONG> (Thumb, 24 bytes, Stack size 16 bytes, dw1000.o(.text), UNUSED)
<BR><BR>[Calls]<UL><LI><a href="#[c6]">&gt;&gt;</a>&nbsp;&nbsp;&nbsp;strlen
<LI><a href="#[c4]">&gt;&gt;</a>&nbsp;&nbsp;&nbsp;sendFrame
</UL>

<P><STRONG><a name="[c7]"></a>getFramelength</STRONG> (Thumb, 24 bytes, Stack size 8 bytes, dw1000.o(.text), UNUSED)
<BR><BR>[Calls]<UL><LI><a href="#[8a]">&gt;&gt;</a>&nbsp;&nbsp;&nbsp;readRegister16
</UL>
<BR>[Called By]<UL><LI><a href="#[c8]">&gt;&gt;</a>&nbsp;&nbsp;&nbsp;receiveString
</UL>

<P><STRONG><a name="[c8]"></a>receiveString</STRONG> (Thumb, 24 bytes, Stack size 16 bytes, dw1000.o(.text), UNUSED)
<BR><BR>[Calls]<UL><LI><a href="#[c7]">&gt;&gt;</a>&nbsp;&nbsp;&nbsp;getFramelength
<LI><a href="#[b0]">&gt;&gt;</a>&nbsp;&nbsp;&nbsp;readRegister
</UL>

<P><STRONG><a name="[c9]"></a>writeRegister40</STRONG> (Thumb, 20 bytes, Stack size 32 bytes, dw1000.o(.text), UNUSED)
<BR><BR>[Calls]<UL><LI><a href="#[ab]">&gt;&gt;</a>&nbsp;&nbsp;&nbsp;writeRegister
</UL>
<BR>[Called By]<UL><LI><a href="#[ca]">&gt;&gt;</a>&nbsp;&nbsp;&nbsp;sendDelayedFrame
</UL>

<P><STRONG><a name="[ca]"></a>sendDelayedFrame</STRONG> (Thumb, 100 bytes, Stack size 24 bytes, dw1000.o(.text), UNUSED)
<BR><BR>[Calls]<UL><LI><a href="#[c9]">&gt;&gt;</a>&nbsp;&nbsp;&nbsp;writeRegister40
<LI><a href="#[c3]">&gt;&gt;</a>&nbsp;&nbsp;&nbsp;readRegister8
<LI><a href="#[c2]">&gt;&gt;</a>&nbsp;&nbsp;&nbsp;stopTRX
<LI><a href="#[c1]">&gt;&gt;</a>&nbsp;&nbsp;&nbsp;startRX
<LI><a href="#[ac]">&gt;&gt;</a>&nbsp;&nbsp;&nbsp;writeRegister8
<LI><a href="#[ab]">&gt;&gt;</a>&nbsp;&nbsp;&nbsp;writeRegister
<LI><a href="#[89]">&gt;&gt;</a>&nbsp;&nbsp;&nbsp;writeRegister16
</UL>

<P><STRONG><a name="[cb]"></a>resetRX</STRONG> (Thumb, 24 bytes, Stack size 8 bytes, dw1000.o(.text), UNUSED)
<BR><BR>[Calls]<UL><LI><a href="#[ac]">&gt;&gt;</a>&nbsp;&nbsp;&nbsp;writeRegister8
</UL>

<P><STRONG><a name="[cc]"></a>ISR</STRONG> (Thumb, 82 bytes, Stack size 16 bytes, dw1000.o(.text), UNUSED)
<BR><BR>[Calls]<UL><LI><a href="#[be]">&gt;&gt;</a>&nbsp;&nbsp;&nbsp;getStatus
<LI><a href="#[ac]">&gt;&gt;</a>&nbsp;&nbsp;&nbsp;writeRegister8
<LI><a href="#[89]">&gt;&gt;</a>&nbsp;&nbsp;&nbsp;writeRegister16
</UL>

<P><STRONG><a name="[c6]"></a>strlen</STRONG> (Thumb, 62 bytes, Stack size 8 bytes, strlen.o(.text), UNUSED)
<BR><BR>[Called By]<UL><LI><a href="#[c5]">&gt;&gt;</a>&nbsp;&nbsp;&nbsp;sendString
</UL>

<P><STRONG><a name="[198]"></a>__use_two_region_memory</STRONG> (Thumb, 2 bytes, Stack size 0 bytes, heapauxi.o(.text), UNUSED)

<P><STRONG><a name="[199]"></a>__rt_heap_escrow$2region</STRONG> (Thumb, 2 bytes, Stack size 0 bytes, heapauxi.o(.text), UNUSED)

<P><STRONG><a name="[19a]"></a>__rt_heap_expand$2region</STRONG> (Thumb, 2 bytes, Stack size 0 bytes, heapauxi.o(.text), UNUSED)

<P><STRONG><a name="[4e]"></a>__user_setup_stackheap</STRONG> (Thumb, 74 bytes, Stack size 8 bytes, sys_stackheap_outer.o(.text))
<BR><BR>[Stack]<UL><LI>Max Depth = 8 + Unknown Stack Size
<LI>Call Chain = __user_setup_stackheap
</UL>
<BR>[Calls]<UL><LI><a href="#[ce]">&gt;&gt;</a>&nbsp;&nbsp;&nbsp;__user_initial_stackheap
<LI><a href="#[cd]">&gt;&gt;</a>&nbsp;&nbsp;&nbsp;__user_perproc_libspace
</UL>
<BR>[Called By]<UL><LI><a href="#[4d]">&gt;&gt;</a>&nbsp;&nbsp;&nbsp;__rt_entry_sh
</UL>

<P><STRONG><a name="[53]"></a>exit</STRONG> (Thumb, 12 bytes, Stack size 0 bytes, exit.o(.text))
<BR><BR>[Calls]<UL><LI><a href="#[cf]">&gt;&gt;</a>&nbsp;&nbsp;&nbsp;__rt_exit
</UL>
<BR>[Called By]<UL><LI><a href="#[51]">&gt;&gt;</a>&nbsp;&nbsp;&nbsp;__rt_entry_main
</UL>

<P><STRONG><a name="[19b]"></a>__user_libspace</STRONG> (Thumb, 8 bytes, Stack size 0 bytes, libspace.o(.text), UNUSED)

<P><STRONG><a name="[cd]"></a>__user_perproc_libspace</STRONG> (Thumb, 0 bytes, Stack size 0 bytes, libspace.o(.text))
<BR><BR>[Called By]<UL><LI><a href="#[4e]">&gt;&gt;</a>&nbsp;&nbsp;&nbsp;__user_setup_stackheap
</UL>

<P><STRONG><a name="[19c]"></a>__user_perthread_libspace</STRONG> (Thumb, 0 bytes, Stack size 0 bytes, libspace.o(.text), UNUSED)

<P><STRONG><a name="[57]"></a>_sys_exit</STRONG> (Thumb, 8 bytes, Stack size 0 bytes, sys_exit.o(.text))
<BR><BR>[Called By]<UL><LI><a href="#[56]">&gt;&gt;</a>&nbsp;&nbsp;&nbsp;__rt_exit_exit
</UL>

<P><STRONG><a name="[19d]"></a>__I$use$semihosting</STRONG> (Thumb, 0 bytes, Stack size 0 bytes, use_no_semi.o(.text), UNUSED)

<P><STRONG><a name="[19e]"></a>__use_no_semihosting_swi</STRONG> (Thumb, 2 bytes, Stack size 0 bytes, use_no_semi.o(.text), UNUSED)

<P><STRONG><a name="[19f]"></a>__semihosting_library_function</STRONG> (Thumb, 0 bytes, Stack size unknown bytes, indicate_semi.o(.text), UNUSED)

<P><STRONG><a name="[bc]"></a>__aeabi_d2f</STRONG> (Thumb, 0 bytes, Stack size 32 bytes, d2f.o(x$fpl$d2f), UNUSED)
<BR><BR>[Called By]<UL><LI><a href="#[b8]">&gt;&gt;</a>&nbsp;&nbsp;&nbsp;getVoltage
</UL>

<P><STRONG><a name="[d0]"></a>_d2f</STRONG> (Thumb, 98 bytes, Stack size 32 bytes, d2f.o(x$fpl$d2f), UNUSED)
<BR><BR>[Calls]<UL><LI><a href="#[d1]">&gt;&gt;</a>&nbsp;&nbsp;&nbsp;__fpl_fretinf
<LI><a href="#[d2]">&gt;&gt;</a>&nbsp;&nbsp;&nbsp;__fpl_dnaninf
</UL>

<P><STRONG><a name="[bb]"></a>__aeabi_dadd</STRONG> (Thumb, 0 bytes, Stack size 16 bytes, daddsub_clz.o(x$fpl$dadd), UNUSED)
<BR><BR>[Called By]<UL><LI><a href="#[b8]">&gt;&gt;</a>&nbsp;&nbsp;&nbsp;getVoltage
</UL>

<P><STRONG><a name="[d3]"></a>_dadd</STRONG> (Thumb, 332 bytes, Stack size 16 bytes, daddsub_clz.o(x$fpl$dadd), UNUSED)
<BR><BR>[Calls]<UL><LI><a href="#[d5]">&gt;&gt;</a>&nbsp;&nbsp;&nbsp;__fpl_dretinf
<LI><a href="#[d2]">&gt;&gt;</a>&nbsp;&nbsp;&nbsp;__fpl_dnaninf
<LI><a href="#[d4]">&gt;&gt;</a>&nbsp;&nbsp;&nbsp;_dsub1
</UL>

<P><STRONG><a name="[b9]"></a>__aeabi_ui2d</STRONG> (Thumb, 0 bytes, Stack size 0 bytes, dflt_clz.o(x$fpl$dfltu), UNUSED)
<BR><BR>[Called By]<UL><LI><a href="#[b8]">&gt;&gt;</a>&nbsp;&nbsp;&nbsp;getVoltage
</UL>

<P><STRONG><a name="[1a0]"></a>_dfltu</STRONG> (Thumb, 38 bytes, Stack size 0 bytes, dflt_clz.o(x$fpl$dfltu), UNUSED)

<P><STRONG><a name="[ba]"></a>__aeabi_dmul</STRONG> (Thumb, 0 bytes, Stack size 32 bytes, dmul.o(x$fpl$dmul), UNUSED)
<BR><BR>[Called By]<UL><LI><a href="#[b8]">&gt;&gt;</a>&nbsp;&nbsp;&nbsp;getVoltage
</UL>

<P><STRONG><a name="[d6]"></a>_dmul</STRONG> (Thumb, 332 bytes, Stack size 32 bytes, dmul.o(x$fpl$dmul), UNUSED)
<BR><BR>[Calls]<UL><LI><a href="#[d5]">&gt;&gt;</a>&nbsp;&nbsp;&nbsp;__fpl_dretinf
<LI><a href="#[d2]">&gt;&gt;</a>&nbsp;&nbsp;&nbsp;__fpl_dnaninf
</UL>

<P><STRONG><a name="[d2]"></a>__fpl_dnaninf</STRONG> (Thumb, 156 bytes, Stack size 16 bytes, dnaninf.o(x$fpl$dnaninf), UNUSED)
<BR><BR>[Called By]<UL><LI><a href="#[d6]">&gt;&gt;</a>&nbsp;&nbsp;&nbsp;_dmul
<LI><a href="#[d7]">&gt;&gt;</a>&nbsp;&nbsp;&nbsp;_dsub
<LI><a href="#[d3]">&gt;&gt;</a>&nbsp;&nbsp;&nbsp;_dadd
<LI><a href="#[d0]">&gt;&gt;</a>&nbsp;&nbsp;&nbsp;_d2f
</UL>

<P><STRONG><a name="[d5]"></a>__fpl_dretinf</STRONG> (Thumb, 12 bytes, Stack size 0 bytes, dretinf.o(x$fpl$dretinf), UNUSED)
<BR><BR>[Called By]<UL><LI><a href="#[d6]">&gt;&gt;</a>&nbsp;&nbsp;&nbsp;_dmul
<LI><a href="#[d3]">&gt;&gt;</a>&nbsp;&nbsp;&nbsp;_dadd
</UL>

<P><STRONG><a name="[1a1]"></a>__aeabi_dsub</STRONG> (Thumb, 0 bytes, Stack size 32 bytes, daddsub_clz.o(x$fpl$dsub), UNUSED)

<P><STRONG><a name="[d7]"></a>_dsub</STRONG> (Thumb, 464 bytes, Stack size 32 bytes, daddsub_clz.o(x$fpl$dsub), UNUSED)
<BR><BR>[Calls]<UL><LI><a href="#[d2]">&gt;&gt;</a>&nbsp;&nbsp;&nbsp;__fpl_dnaninf
<LI><a href="#[d8]">&gt;&gt;</a>&nbsp;&nbsp;&nbsp;_dadd1
</UL>

<P><STRONG><a name="[4c]"></a>_fp_init</STRONG> (Thumb, 10 bytes, Stack size 0 bytes, fpinit.o(x$fpl$fpinit))
<BR><BR>[Called By]<UL><LI><a href="#[4b]">&gt;&gt;</a>&nbsp;&nbsp;&nbsp;__rt_lib_init_fp_1
</UL>

<P><STRONG><a name="[1a2]"></a>__fplib_config_fpu_vfp</STRONG> (Thumb, 0 bytes, Stack size unknown bytes, fpinit.o(x$fpl$fpinit), UNUSED)

<P><STRONG><a name="[1a3]"></a>__fplib_config_pureend_doubles</STRONG> (Thumb, 0 bytes, Stack size unknown bytes, fpinit.o(x$fpl$fpinit), UNUSED)

<P><STRONG><a name="[d1]"></a>__fpl_fretinf</STRONG> (Thumb, 10 bytes, Stack size 0 bytes, fretinf.o(x$fpl$fretinf), UNUSED)
<BR><BR>[Called By]<UL><LI><a href="#[d0]">&gt;&gt;</a>&nbsp;&nbsp;&nbsp;_d2f
</UL>
<P>
<H3>
Local Symbols
</H3>
<P><STRONG><a name="[5c]"></a>SetSysClock</STRONG> (Thumb, 216 bytes, Stack size 12 bytes, system_stm32f4xx.o(.text))
<BR><BR>[Stack]<UL><LI>Max Depth = 12<LI>Call Chain = SetSysClock
</UL>
<BR>[Called By]<UL><LI><a href="#[44]">&gt;&gt;</a>&nbsp;&nbsp;&nbsp;SystemInit
</UL>

<P><STRONG><a name="[6b]"></a>TI4_Config</STRONG> (Thumb, 80 bytes, Stack size 20 bytes, stm32f4xx_tim.o(.text), UNUSED)
<BR><BR>[Called By]<UL><LI><a href="#[64]">&gt;&gt;</a>&nbsp;&nbsp;&nbsp;TIM_ICInit
</UL>

<P><STRONG><a name="[69]"></a>TI3_Config</STRONG> (Thumb, 72 bytes, Stack size 20 bytes, stm32f4xx_tim.o(.text), UNUSED)
<BR><BR>[Called By]<UL><LI><a href="#[64]">&gt;&gt;</a>&nbsp;&nbsp;&nbsp;TIM_ICInit
</UL>

<P><STRONG><a name="[67]"></a>TI2_Config</STRONG> (Thumb, 90 bytes, Stack size 20 bytes, stm32f4xx_tim.o(.text), UNUSED)
<BR><BR>[Called By]<UL><LI><a href="#[70]">&gt;&gt;</a>&nbsp;&nbsp;&nbsp;TIM_TIxExternalClockConfig
<LI><a href="#[6d]">&gt;&gt;</a>&nbsp;&nbsp;&nbsp;TIM_PWMIConfig
<LI><a href="#[64]">&gt;&gt;</a>&nbsp;&nbsp;&nbsp;TIM_ICInit
</UL>

<P><STRONG><a name="[65]"></a>TI1_Config</STRONG> (Thumb, 58 bytes, Stack size 20 bytes, stm32f4xx_tim.o(.text), UNUSED)
<BR><BR>[Called By]<UL><LI><a href="#[70]">&gt;&gt;</a>&nbsp;&nbsp;&nbsp;TIM_TIxExternalClockConfig
<LI><a href="#[6d]">&gt;&gt;</a>&nbsp;&nbsp;&nbsp;TIM_PWMIConfig
<LI><a href="#[64]">&gt;&gt;</a>&nbsp;&nbsp;&nbsp;TIM_ICInit
</UL>

<P><STRONG><a name="[87]"></a>Delay</STRONG> (Thumb, 20 bytes, Stack size 8 bytes, main.o(.text))
<BR><BR>[Stack]<UL><LI>Max Depth = 8<LI>Call Chain = Delay
</UL>
<BR>[Called By]<UL><LI><a href="#[52]">&gt;&gt;</a>&nbsp;&nbsp;&nbsp;main
</UL>

<P><STRONG><a name="[ad]"></a>wait_us</STRONG> (Thumb, 30 bytes, Stack size 8 bytes, dw1000.o(.text))
<BR><BR>[Stack]<UL><LI>Max Depth = 8<LI>Call Chain = wait_us
</UL>
<BR>[Calls]<UL><LI><a href="#[5b]">&gt;&gt;</a>&nbsp;&nbsp;&nbsp;TIM_Cmd
</UL>
<BR>[Called By]<UL><LI><a href="#[b2]">&gt;&gt;</a>&nbsp;&nbsp;&nbsp;resetAll
<LI><a href="#[ae]">&gt;&gt;</a>&nbsp;&nbsp;&nbsp;loadLDE
<LI><a href="#[88]">&gt;&gt;</a>&nbsp;&nbsp;&nbsp;DW1000_Init
</UL>

<P><STRONG><a name="[d8]"></a>_dadd1</STRONG> (Thumb, 0 bytes, Stack size unknown bytes, daddsub_clz.o(x$fpl$dadd), UNUSED)
<BR><BR>[Called By]<UL><LI><a href="#[d7]">&gt;&gt;</a>&nbsp;&nbsp;&nbsp;_dsub
</UL>

<P><STRONG><a name="[d4]"></a>_dsub1</STRONG> (Thumb, 0 bytes, Stack size unknown bytes, daddsub_clz.o(x$fpl$dsub), UNUSED)
<BR><BR>[Called By]<UL><LI><a href="#[d3]">&gt;&gt;</a>&nbsp;&nbsp;&nbsp;_dadd
</UL>
<P>
<H3>
Undefined Global Symbols
</H3><HR></body></html>
