<html>
<body>
<pre>
<h1>µVision Build Log</h1>
<h2>Tool Versions:</h2>
IDE-Version: ¦ÌVision V5.14.0.0
Copyright (C) 2015 ARM Ltd and ARM Germany GmbH. All rights reserved.
License Information: Hannah Zhang, Crazy Scientist, LIC=PE72Z-JIP89-YVE1Y-IE9CX-ZQP67-ZL0R9
 
Tool Versions:
Toolchain:       MDK-ARM Standard  Version: 5.14.0.0
Toolchain Path:  D:\Keil_v5\ARM\ARMCC\Bin
C Compiler:      Armcc.exe V5.05 update 1 (build 106)
Assembler:       Armasm.exe V5.05 update 1 (build 106)
Linker/Locator:  ArmLink.exe V5.05 update 1 (build 106)
Library Manager: ArmAr.exe V5.05 update 1 (build 106)
Hex Converter:   FromElf.exe V5.05 update 1 (build 106)
CPU DLL:         SARMCM3.DLL V5.14.0.0
Dialog DLL:      DCM.DLL V1.13.1.0
Target DLL:      Segger\JL2CM3.dll V2.99.13.0
Dialog DLL:      TCM.DLL V1.14.4.0
 
<h2>Project:</h2>
D:\Save\SaveHardwareC\32Study\Challenge\Codes\DW²â¾à\Project - a\project.uvproj
Project File Date:  02/17/2016

<h2>Output:</h2>
Build target 'Target 1'
compiling stm32f4xx_it.c...
linking...
Program Size: Code=16340 RO-data=612 RW-data=100 ZI-data=1692  
".\OutPuts\project - a.axf" - 0 Error(s), 0 Warning(s).
</pre>
</body>
</html>
