<html>
<body>
<pre>
<h1>µVision Build Log</h1>
<h2>Tool Versions:</h2>
IDE-Version: ¦ÌVision V5.14.0.0
Copyright (C) 2015 ARM Ltd and ARM Germany GmbH. All rights reserved.
License Information: Hannah Zhang, Crazy Scientist, LIC=PE72Z-JIP89-YVE1Y-IE9CX-ZQP67-ZL0R9
 
Tool Versions:
Toolchain:       MDK-ARM Standard  Version: 5.14.0.0
Toolchain Path:  D:\Keil_v5\ARM\ARMCC\Bin
C Compiler:      Armcc.exe V5.05 update 1 (build 106)
Assembler:       Armasm.exe V5.05 update 1 (build 106)
Linker/Locator:  ArmLink.exe V5.05 update 1 (build 106)
Library Manager: ArmAr.exe V5.05 update 1 (build 106)
Hex Converter:   FromElf.exe V5.05 update 1 (build 106)
CPU DLL:         SARMCM3.DLL V5.14.0.0
Dialog DLL:      DCM.DLL V1.13.1.0
Target DLL:      Segger\JL2CM3.dll V2.99.13.0
Dialog DLL:      TCM.DLL V1.14.4.0
 
<h2>Project:</h2>
D:\Save\SaveHardwareC\32Study\Challenge\Ö÷¿Ø\Project\main_controller.uvproj
Project File Date:  04/08/2016

<h2>Output:</h2>
Build target 'Target 1'
assembling startup_stm32f40_41xxx.s...
compiling misc.c...
compiling stm32f4xx_rcc.c...
compiling stm32f4xx_flash.c...
compiling stm32f4xx_tim.c...
compiling stm32f4xx_usart.c...
compiling stm32f4xx_gpio.c...
compiling stm32f4xx_adc.c...
compiling stm32f4xx_dma.c...
compiling stm32f4xx_exti.c...
compiling stm32f4xx_syscfg.c...
compiling main.c...
compiling port.c...
compiling stm32f4xx_it.c...
compiling system_stm32f4xx.c...
compiling ADC.c...
compiling motor_ctr.c...
compiling PWM.C...
compiling MovementCtr.c...
compiling JY901.c...
compiling leader_nodes.c...
compiling ordinary_nodes.c...
compiling triangle_nodes.c...
compiling strategy.c...
linking...
Program Size: Code=18628 RO-data=424 RW-data=204 ZI-data=1900  
".\OutPuts\main_controller.axf" - 0 Error(s), 0 Warning(s).
</pre>
</body>
</html>
