<html>
<body>
<pre>
<h1>µVision Build Log</h1>
<h2>Tool Versions:</h2>
IDE-Version: ¦ÌVision V5.14.0.0
Copyright (C) 2015 ARM Ltd and ARM Germany GmbH. All rights reserved.
License Information: Hannah Zhang, Crazy Scientist, LIC=PE72Z-JIP89-YVE1Y-IE9CX-ZQP67-ZL0R9
 
Tool Versions:
Toolchain:       MDK-ARM Standard  Version: 5.14.0.0
Toolchain Path:  D:\Keil_v5\ARM\ARMCC\Bin
C Compiler:      Armcc.exe V5.05 update 1 (build 106)
Assembler:       Armasm.exe V5.05 update 1 (build 106)
Linker/Locator:  ArmLink.exe V5.05 update 1 (build 106)
Library Manager: ArmAr.exe V5.05 update 1 (build 106)
Hex Converter:   FromElf.exe V5.05 update 1 (build 106)
CPU DLL:         SARMCM3.DLL V5.14.0.0
Dialog DLL:      DCM.DLL V1.13.1.0
Target DLL:      STLink\ST-LINKIII-KEIL_SWO.dll V2.0.14.0_KEIL
Dialog DLL:      TCM.DLL V1.14.4.0
 
<h2>Project:</h2>
D:\Save\SaveHardwareC\32Study\Challenge\Codes\Old\Circle\Project - b\project.uvproj
Project File Date:  02/12/2016

<h2>Output:</h2>
Build target 'Target 1'
compiling main.c...
..\User - b\main.c(102): warning:  #177-D: variable "abs_value" was declared but never referenced
                uint16_t abs_value;
..\User - b\main.c(91): warning:  #550-D: variable "distance_cm" was set but never used
  static uint16_t distance_cm;
..\User - b\main.c(92): warning:  #177-D: variable "dis_compare" was declared but never referenced
  static uint16_t dis_compare;
..\User - b\main.c: 3 warnings, 0 errors
linking...
Program Size: Code=22928 RO-data=612 RW-data=176 ZI-data=1720  
".\OutPuts\project - b.axf" - 0 Error(s), 3 Warning(s).
</pre>
</body>
</html>
