<html>
<body>
<pre>
<h1>µVision Build Log</h1>
<h2>Tool Versions:</h2>
IDE-Version: ¦ÌVision V5.14.0.0
Copyright (C) 2015 ARM Ltd and ARM Germany GmbH. All rights reserved.
License Information: K K, K, LIC=D0D74-F6FGW-12PLE-55B3H-RN70C-CPAJL
 
Tool Versions:
Toolchain:       MDK-ARM Standard  Version: 5.14.0.0
Toolchain Path:  D:\MDKV5\ARM\ARMCC\Bin
C Compiler:      Armcc.exe V5.05 update 1 (build 106)
Assembler:       Armasm.exe V5.05 update 1 (build 106)
Linker/Locator:  ArmLink.exe V5.05 update 1 (build 106)
Library Manager: ArmAr.exe V5.05 update 1 (build 106)
Hex Converter:   FromElf.exe V5.05 update 1 (build 106)
CPU DLL:         SARMCM3.DLL V5.14.0.0
Dialog DLL:      DCM.DLL V1.13.1.0
Target DLL:      STLink\ST-LINKIII-KEIL_SWO.dll V2.0.14.0_KEIL
Dialog DLL:      TCM.DLL V1.14.4.0
 
<h2>Project:</h2>
C:\Users\KING\Desktop\testKeil\example.uvprojx
Project File Date:  10/19/2015

<h2>Output:</h2>
Build target 'Target 1'
compiling main.c...
linking...
Program Size: Code=7616 RO-data=424 RW-data=92 ZI-data=2212  
FromELF: creating hex file...
".\Objects\example.axf" - 0 Error(s), 0 Warning(s).

<h2>Software Packages used:</h2>

Package Vendor: ARM
                http://www.keil.com/pack/ARM.CMSIS.4.2.0.pack
                ARM::CMSIS:CORE:3.40.0
                CMSIS (Cortex Microcontroller Software Interface Standard)
   * Component: CORE Version: 3.40.0
   * Component: DSP Version: 1.4.2

Package Vendor: Keil
                http://www.keil.com/pack/Keil.STM32F3xx_DFP.1.3.0.pack
                Keil::Device:Startup:1.3.0
                STMicroelectronics STM32F3 Series Device Support and Examples
   * Component: Startup Version: 1.3.0

<h2>Collection of Component include folders:</h2>
  C:\Users\KING\Desktop\testKeil\RTE
  D:\MDKV5\ARM\PACK\ARM\CMSIS\4.2.0\CMSIS\Include
  D:\MDKV5\ARM\PACK\Keil\STM32F3xx_DFP\1.3.0\Device\Include

<h2>Collection of Component Files used:</h2>

   * Component: ARM::CMSIS:CORE:3.40.0
      Source file:   CMSIS\UserCodeTemplates\ARM\ITM_Retarget.c

   * Component: ARM::CMSIS:DSP:1.4.2
      Library file:  CMSIS\Lib\ARM\arm_cortexM4lf_math.lib
      Include file:  CMSIS\Include\arm_math.h

   * Component: Keil::Device:Startup:1.3.0
      Source file:   Device\Source\ARM\startup_stm32f303xc.s
      Source file:   Device\Source\system_stm32f3xx.c
      Source file:   Device\Source\ARM\STM32F3xx_OPT.s
</pre>
</body>
</html>
