<html>
<body>
<pre>
<h1>µVision Build Log</h1>
<h2>Tool Versions:</h2>
IDE-Version: ¦ÌVision V5.14.0.0
Copyright (C) 2015 ARM Ltd and ARM Germany GmbH. All rights reserved.
License Information: Han ZHANG, Crazy Scientist, LIC=PE730-BGSZQ-SYGVA-1PZQ4-5YISF-1JVII
 
Tool Versions:
Toolchain:       MDK-ARM Standard  Version: 5.14.0.0
Toolchain Path:  C:\Keil_v5\ARM\ARMCC\Bin
C Compiler:      Armcc.exe V5.05 update 1 (build 106)
Assembler:       Armasm.exe V5.05 update 1 (build 106)
Linker/Locator:  ArmLink.exe V5.05 update 1 (build 106)
Library Manager: ArmAr.exe V5.05 update 1 (build 106)
Hex Converter:   FromElf.exe V5.05 update 1 (build 106)
CPU DLL:         SARMCM3.DLL V5.14.0.0
Dialog DLL:      DARMSTM.DLL V1.65.0.0
Target DLL:      STLink\ST-LINKIII-KEIL_SWO.dll V2.0.14.0_KEIL
Dialog DLL:      TARMSTM.DLL V1.64.0.0
 
<h2>Project:</h2>
C:\Users\haldak\Desktop\WX_TEST_2\Project_0\project0.uvproj
Project File Date:  07/30/2016

<h2>Output:</h2>
Build target 'Target 1'
compiling FourCarsOneToOne.c...
..\Strategy\FourCarsOneToOne.c(42): warning:  #177-D: variable "i" was declared but never referenced
        static u8 i;
..\Strategy\FourCarsOneToOne.c(30): warning:  #177-D: variable "n1Axis" was declared but never referenced
  static u8 n1Axis[] = {0x0D, 0, 0, 0, 0, 0x0A}; //xH | xL | yH | yL
..\Strategy\FourCarsOneToOne.c(31): warning:  #550-D: variable "n2Axis" was set but never used
  static u8 n2Axis[] = {0x0D, 0, 0, 0, 0, 0x0A}; //xH | xL | yH | yL
..\Strategy\FourCarsOneToOne.c(32): warning:  #550-D: variable "n3Axis" was set but never used
  static u8 n3Axis[] = {0x0D, 0, 0, 0, 0, 0x0A}; //xH | xL | yH | yL
..\Strategy\FourCarsOneToOne.c(33): warning:  #550-D: variable "n4Axis" was set but never used
  static u8 n4Axis[] = {0x0D, 0, 0, 0, 0, 0x0A}; //xH | xL | yH | yL
..\Strategy\FourCarsOneToOne.c: 5 warnings, 0 errors
linking...
Program Size: Code=9652 RO-data=444 RW-data=280 ZI-data=1152  
".\Outputs\project-ini.axf" - 0 Error(s), 5 Warning(s).
</pre>
</body>
</html>
